Dataset: /home/nildaimon/gmnet/experiments/train_curl/Datasets/Sanders/twitter-sanders-apple3.csv
Dificuldade: metric=kl, mode=hardest, top_k=None
Rodada: 5
Salvar resultados em: resultados_sanders
Dispositivo de treino: cpu
Carregando e processando dataset Twitter
Carregando embeddings do cache...
Ignoring val_split as train and val datasets where given to fit function
We have two datasets: training 1092 examples. validation 100 examples.]
Using device cpu
[Twitter] Starting epoch 0...
[Twitter] Elapsed training time:4.35s
[Twitter] Starting validation...
[Twitter] Elapsed validation time:0.25s
[Twitter] [Epoch=000] Train Loss=[QuantLoss=0.09043]Val loss = [QuantLoss=0.10776][QuantReg:0.62704][saved best model in this epoch]
[Twitter] Starting epoch 1...
[Twitter] Elapsed training time:4.53s
[Twitter] Starting validation...
[Twitter] Elapsed validation time:0.26s
[Twitter] [Epoch=001] Train Loss=[QuantLoss=0.09297]Val loss = [QuantLoss=0.10000][QuantReg:0.59796][saved best model in this epoch]
[Twitter] Starting epoch 2...
[Twitter] Elapsed training time:4.49s
[Twitter] Starting validation...
[Twitter] Elapsed validation time:0.24s
[Twitter] [Epoch=002] Train Loss=[QuantLoss=0.08923]Val loss = [QuantLoss=0.15983][QuantReg:0.55630]
[Twitter] Starting epoch 3...
[Twitter] Elapsed training time:4.49s
[Twitter] Starting validation...
[Twitter] Elapsed validation time:0.24s
[Twitter] [Epoch=003] Train Loss=[QuantLoss=0.08793]Val loss = [QuantLoss=0.10064][QuantReg:0.53230]
[Twitter] Starting epoch 4...
[Twitter] Elapsed training time:4.67s
[Twitter] Starting validation...
[Twitter] Elapsed validation time:0.23s
[Twitter] [Epoch=004] Train Loss=[QuantLoss=0.08057]Val loss = [QuantLoss=0.09223][QuantReg:0.56825][saved best model in this epoch]
[Twitter] Starting epoch 5...
[Twitter] Elapsed training time:4.50s
[Twitter] Starting validation...
[Twitter] Elapsed validation time:0.25s
[Twitter] [Epoch=005] Train Loss=[QuantLoss=0.07367]Val loss = [QuantLoss=0.05875][QuantReg:0.56922][saved best model in this epoch]
[Twitter] Starting epoch 6...
[Twitter] Elapsed training time:4.38s
[Twitter] Starting validation...
[Twitter] Elapsed validation time:0.23s
[Twitter] [Epoch=006] Train Loss=[QuantLoss=0.07230]Val loss = [QuantLoss=0.01689][QuantReg:0.56349][saved best model in this epoch]
[Twitter] Starting epoch 7...
[Twitter] Elapsed training time:4.51s
[Twitter] Starting validation...
[Twitter] Elapsed validation time:0.23s
[Twitter] [Epoch=007] Train Loss=[QuantLoss=0.07203]Val loss = [QuantLoss=0.07273][QuantReg:0.57879]
[Twitter] Starting epoch 8...
[Twitter] Elapsed training time:4.37s
[Twitter] Starting validation...
[Twitter] Elapsed validation time:0.23s
[Twitter] [Epoch=008] Train Loss=[QuantLoss=0.06602]Val loss = [QuantLoss=0.18080][QuantReg:0.56043]
[Twitter] Starting epoch 9...
[Twitter] Elapsed training time:4.29s
[Twitter] Starting validation...
[Twitter] Elapsed validation time:0.23s
[Twitter] [Epoch=009] Train Loss=[QuantLoss=0.06583]Val loss = [QuantLoss=0.08748][QuantReg:0.55824]
[Twitter] Starting epoch 10...
[Twitter] Elapsed training time:4.22s
[Twitter] Starting validation...
[Twitter] Elapsed validation time:0.25s
[Twitter] [Epoch=010] Train Loss=[QuantLoss=0.06860]Val loss = [QuantLoss=0.10148][QuantReg:0.57106]
[Twitter] Starting epoch 11...
[Twitter] Elapsed training time:4.58s
[Twitter] Starting validation...
[Twitter] Elapsed validation time:0.20s
[Twitter] [Epoch=011] Train Loss=[QuantLoss=0.07122]Val loss = [QuantLoss=0.10541][QuantReg:0.56069]
[Twitter] Starting epoch 12...
[Twitter] Elapsed training time:4.35s
[Twitter] Starting validation...
[Twitter] Elapsed validation time:0.19s
[Twitter] [Epoch=012] Train Loss=[QuantLoss=0.06829]Val loss = [QuantLoss=0.07750][QuantReg:0.56398]
[Twitter] Starting epoch 13...
[Twitter] Elapsed training time:4.71s
[Twitter] Starting validation...
[Twitter] Elapsed validation time:0.25s
[Twitter] [Epoch=013] Train Loss=[QuantLoss=0.06715]Val loss = [QuantLoss=0.12011][QuantReg:0.55691]
[Twitter] Starting epoch 14...
[Twitter] Elapsed training time:4.87s
[Twitter] Starting validation...
[Twitter] Elapsed validation time:0.24s
[Twitter] [Epoch=014] Train Loss=[QuantLoss=0.06731]Val loss = [QuantLoss=0.14860][QuantReg:0.55695]
[Twitter] Starting epoch 15...
[Twitter] Elapsed training time:5.17s
[Twitter] Starting validation...
[Twitter] Elapsed validation time:0.21s
[Twitter] [Epoch=015] Train Loss=[QuantLoss=0.06686]Val loss = [QuantLoss=0.17981][QuantReg:0.52943]
[Twitter] Starting epoch 16...
[Twitter] Elapsed training time:5.15s
[Twitter] Starting validation...
[Twitter] Elapsed validation time:0.23s
[Twitter] [Epoch=016] Train Loss=[QuantLoss=0.06875]Val loss = [QuantLoss=0.26999][QuantReg:0.50960]
[Twitter] Starting epoch 17...
[Twitter] Elapsed training time:4.89s
[Twitter] Starting validation...
[Twitter] Elapsed validation time:0.22s
[Twitter] [Epoch=017] Train Loss=[QuantLoss=0.06645]Val loss = [QuantLoss=0.17810][QuantReg:0.53109]
[Twitter] Starting epoch 18...
[Twitter] Elapsed training time:4.64s
[Twitter] Starting validation...
[Twitter] Elapsed validation time:0.23s
[Twitter] [Epoch=018] Train Loss=[QuantLoss=0.06205]Val loss = [QuantLoss=0.01655][QuantReg:0.53262][saved best model in this epoch]
[Twitter] Starting epoch 19...
[Twitter] Elapsed training time:4.43s
[Twitter] Starting validation...
[Twitter] Elapsed validation time:0.27s
[Twitter] [Epoch=019] Train Loss=[QuantLoss=0.06189]Val loss = [QuantLoss=0.02450][QuantReg:0.52488]
[Twitter] Starting epoch 20...
[Twitter] Elapsed training time:4.31s
[Twitter] Starting validation...
[Twitter] Elapsed validation time:0.24s
[Twitter] [Epoch=020] Train Loss=[QuantLoss=0.05780]Val loss = [QuantLoss=0.09745][QuantReg:0.54203]
[Twitter] Starting epoch 21...
[Twitter] Elapsed training time:4.31s
[Twitter] Starting validation...
[Twitter] Elapsed validation time:0.23s
[Twitter] [Epoch=021] Train Loss=[QuantLoss=0.05866]Val loss = [QuantLoss=0.02254][QuantReg:0.53122]
[Twitter] Starting epoch 22...
[Twitter] Elapsed training time:4.22s
[Twitter] Starting validation...
[Twitter] Elapsed validation time:0.24s
[Twitter] [Epoch=022] Train Loss=[QuantLoss=0.05658]Val loss = [QuantLoss=0.08049][QuantReg:0.51757]
[Twitter] Starting epoch 23...
[Twitter] Elapsed training time:4.28s
[Twitter] Starting validation...
[Twitter] Elapsed validation time:0.24s
[Twitter] [Epoch=023] Train Loss=[QuantLoss=0.05936]Val loss = [QuantLoss=0.03734][QuantReg:0.52610]
[Twitter] Starting epoch 24...
[Twitter] Elapsed training time:4.27s
[Twitter] Starting validation...
[Twitter] Elapsed validation time:0.24s
[Twitter] [Epoch=024] Train Loss=[QuantLoss=0.06463]Val loss = [QuantLoss=0.04819][QuantReg:0.53788]
[Twitter] Starting epoch 25...
[Twitter] Elapsed training time:4.41s
[Twitter] Starting validation...
[Twitter] Elapsed validation time:0.24s
[Twitter] [Epoch=025] Train Loss=[QuantLoss=0.05409]Val loss = [QuantLoss=0.32295][QuantReg:0.54774]
[Twitter] Starting epoch 26...
[Twitter] Elapsed training time:4.42s
[Twitter] Starting validation...
[Twitter] Elapsed validation time:0.25s
[Twitter] [Epoch=026] Train Loss=[QuantLoss=0.06011]Val loss = [QuantLoss=0.04654][QuantReg:0.54215]
[Twitter] Starting epoch 27...
[Twitter] Elapsed training time:4.46s
[Twitter] Starting validation...
[Twitter] Elapsed validation time:0.35s
[Twitter] [Epoch=027] Train Loss=[QuantLoss=0.05736]Val loss = [QuantLoss=0.45254][QuantReg:0.55771]
[Twitter] Starting epoch 28...
[Twitter] Elapsed training time:4.29s
[Twitter] Starting validation...
[Twitter] Elapsed validation time:0.37s
[Twitter] [Epoch=028] Train Loss=[QuantLoss=0.05658]Val loss = [QuantLoss=0.33384][QuantReg:0.55568]
[Twitter] Starting epoch 29...
[Twitter] Elapsed training time:4.31s
[Twitter] Starting validation...
[Twitter] Elapsed validation time:0.35s
[Twitter] [Epoch=029] Train Loss=[QuantLoss=0.06620]Val loss = [QuantLoss=0.06683][QuantReg:0.53542]
[Twitter] Starting epoch 30...
[Twitter] Elapsed training time:4.36s
[Twitter] Starting validation...
[Twitter] Elapsed validation time:0.38s
[Twitter] [Epoch=030] Train Loss=[QuantLoss=0.05680]Val loss = [QuantLoss=0.25034][QuantReg:0.54099]
[Twitter] Starting epoch 31...
[Twitter] Elapsed training time:4.54s
[Twitter] Starting validation...
[Twitter] Elapsed validation time:0.36s
[Twitter] [Epoch=031] Train Loss=[QuantLoss=0.06326]Val loss = [QuantLoss=0.10324][QuantReg:0.55649]
[Twitter] Starting epoch 32...
[Twitter] Elapsed training time:4.36s
[Twitter] Starting validation...
[Twitter] Elapsed validation time:0.37s
[Twitter] [Epoch=032] Train Loss=[QuantLoss=0.06295]Val loss = [QuantLoss=0.03448][QuantReg:0.55483]
[Twitter] Starting epoch 33...
[Twitter] Elapsed training time:4.32s
[Twitter] Starting validation...
[Twitter] Elapsed validation time:0.36s
[Twitter] [Epoch=033] Train Loss=[QuantLoss=0.05916]Val loss = [QuantLoss=0.03836][QuantReg:0.54944]
[Twitter] Starting epoch 34...
[Twitter] Elapsed training time:4.55s
[Twitter] Starting validation...
[Twitter] Elapsed validation time:0.37s
[Twitter] [Epoch=034] Train Loss=[QuantLoss=0.06182]Val loss = [QuantLoss=0.03142][QuantReg:0.55606]
[Twitter] Starting epoch 35...
[Twitter] Elapsed training time:4.40s
[Twitter] Starting validation...
[Twitter] Elapsed validation time:0.34s
[Twitter] [Epoch=035] Train Loss=[QuantLoss=0.05933]Val loss = [QuantLoss=0.04337][QuantReg:0.54286]
[Twitter] Starting epoch 36...
[Twitter] Elapsed training time:4.44s
[Twitter] Starting validation...
[Twitter] Elapsed validation time:0.37s
[Twitter] [Epoch=036] Train Loss=[QuantLoss=0.06632]Val loss = [QuantLoss=0.14366][QuantReg:0.55070]
[Twitter] Starting epoch 37...
[Twitter] Elapsed training time:4.36s
[Twitter] Starting validation...
[Twitter] Elapsed validation time:0.37s
[Twitter] [Epoch=037] Train Loss=[QuantLoss=0.05877]Val loss = [QuantLoss=0.04038][QuantReg:0.54192]
[Twitter] Starting epoch 38...
[Twitter] Elapsed training time:4.39s
[Twitter] Starting validation...
[Twitter] Elapsed validation time:0.36s
[Twitter] [Epoch=038] Train Loss=[QuantLoss=0.06533]Val loss = [QuantLoss=0.04398][QuantReg:0.54449]
[Twitter] Starting epoch 39...
[Twitter] Elapsed training time:4.37s
[Twitter] Starting validation...
[Twitter] Elapsed validation time:0.35s
[Twitter] [Epoch=039] Train Loss=[QuantLoss=0.05402]Val loss = [QuantLoss=0.14476][QuantReg:0.53566]
[Twitter] Starting epoch 40...
[Twitter] Elapsed training time:4.39s
[Twitter] Starting validation...
[Twitter] Elapsed validation time:0.35s
[Twitter] [Epoch=040] Train Loss=[QuantLoss=0.06854]Val loss = [QuantLoss=0.12721][QuantReg:0.53457]
[Twitter] Starting epoch 41...
[Twitter] Elapsed training time:4.36s
[Twitter] Starting validation...
[Twitter] Elapsed validation time:0.36s
[Twitter] [Epoch=041] Train Loss=[QuantLoss=0.06155]Val loss = [QuantLoss=0.13204][QuantReg:0.53092]
[Twitter] Starting epoch 42...
[Twitter] Elapsed training time:4.48s
[Twitter] Starting validation...
[Twitter] Elapsed validation time:0.36s
[Twitter] [Epoch=042] Train Loss=[QuantLoss=0.06173]Val loss = [QuantLoss=0.11882][QuantReg:0.53018]
[Twitter] Starting epoch 43...
[Twitter] Elapsed training time:4.45s
[Twitter] Starting validation...
[Twitter] Elapsed validation time:0.35s
[Twitter] [Epoch=043] Train Loss=[QuantLoss=0.05809]Val loss = [QuantLoss=0.09641][QuantReg:0.52793]
[Twitter] Starting epoch 44...
[Twitter] Elapsed training time:4.48s
[Twitter] Starting validation...
[Twitter] Elapsed validation time:0.35s
[Twitter] [Epoch=044] Train Loss=[QuantLoss=0.05268]Val loss = [QuantLoss=0.11189][QuantReg:0.52744]
[Twitter] Starting epoch 45...
[Twitter] Elapsed training time:4.67s
[Twitter] Starting validation...
[Twitter] Elapsed validation time:0.36s
[Twitter] [Epoch=045] Train Loss=[QuantLoss=0.05013]Val loss = [QuantLoss=0.09845][QuantReg:0.52552]
[Twitter] Starting epoch 46...
[Twitter] Elapsed training time:4.43s
[Twitter] Starting validation...
[Twitter] Elapsed validation time:0.34s
[Twitter] [Epoch=046] Train Loss=[QuantLoss=0.05173]Val loss = [QuantLoss=0.09551][QuantReg:0.52504]
[Twitter] Starting epoch 47...
[Twitter] Elapsed training time:4.39s
[Twitter] Starting validation...
[Twitter] Elapsed validation time:0.37s
[Twitter] [Epoch=047] Train Loss=[QuantLoss=0.05022]Val loss = [QuantLoss=0.13058][QuantReg:0.52512]
[Twitter] Starting epoch 48...
[Twitter] Elapsed training time:4.49s
[Twitter] Starting validation...
[Twitter] Elapsed validation time:0.33s
[Twitter] [Epoch=048] Train Loss=[QuantLoss=0.04850]Val loss = [QuantLoss=0.12897][QuantReg:0.52420]
[Twitter] Starting epoch 49...
[Twitter] Elapsed training time:4.70s
[Twitter] Starting validation...
[Twitter] Elapsed validation time:0.36s
[Twitter] [Epoch=049] Train Loss=[QuantLoss=0.04753]Val loss = [QuantLoss=0.15203][QuantReg:0.52523]
[Twitter] Starting epoch 50...
[Twitter] Elapsed training time:4.59s
[Twitter] Starting validation...
[Twitter] Elapsed validation time:0.35s
[Twitter] [Epoch=050] Train Loss=[QuantLoss=0.05309]Val loss = [QuantLoss=0.14979][QuantReg:0.52598]
[Twitter] Starting epoch 51...
[Twitter] Elapsed training time:4.53s
[Twitter] Starting validation...
[Twitter] Elapsed validation time:0.35s
[Twitter] [Epoch=051] Train Loss=[QuantLoss=0.04860]Val loss = [QuantLoss=0.11763][QuantReg:0.52576]
[Twitter] Starting epoch 52...
[Twitter] Elapsed training time:4.42s
[Twitter] Starting validation...
[Twitter] Elapsed validation time:0.34s
[Twitter] [Epoch=052] Train Loss=[QuantLoss=0.04717]Val loss = [QuantLoss=0.13487][QuantReg:0.52283]
[Twitter] Starting epoch 53...
[Twitter] Elapsed training time:4.78s
[Twitter] Starting validation...
[Twitter] Elapsed validation time:0.32s
[Twitter] [Epoch=053] Train Loss=[QuantLoss=0.04680]Val loss = [QuantLoss=0.17189][QuantReg:0.52452]
[Twitter] Starting epoch 54...
[Twitter] Elapsed training time:4.88s
[Twitter] Starting validation...
[Twitter] Elapsed validation time:0.35s
[Twitter] [Epoch=054] Train Loss=[QuantLoss=0.04840]Val loss = [QuantLoss=0.13254][QuantReg:0.52293]
[Twitter] Starting epoch 55...
[Twitter] Elapsed training time:4.71s
[Twitter] Starting validation...
[Twitter] Elapsed validation time:0.33s
[Twitter] [Epoch=055] Train Loss=[QuantLoss=0.04529]Val loss = [QuantLoss=0.28140][QuantReg:0.52128]
[Twitter] Starting epoch 56...
[Twitter] Elapsed training time:4.57s
[Twitter] Starting validation...
[Twitter] Elapsed validation time:0.31s
[Twitter] [Epoch=056] Train Loss=[QuantLoss=0.05006]Val loss = [QuantLoss=0.12608][QuantReg:0.52183]
[Twitter] Starting epoch 57...
[Twitter] Elapsed training time:4.63s
[Twitter] Starting validation...
[Twitter] Elapsed validation time:0.28s
[Twitter] [Epoch=057] Train Loss=[QuantLoss=0.04775]Val loss = [QuantLoss=0.10647][QuantReg:0.51682]
[Twitter] Starting epoch 58...
[Twitter] Elapsed training time:4.67s
[Twitter] Starting validation...
[Twitter] Elapsed validation time:0.30s
[Twitter] [Epoch=058] Train Loss=[QuantLoss=0.04616]Val loss = [QuantLoss=0.15799][QuantReg:0.52110]
[Twitter] Starting epoch 59...
[Twitter] Elapsed training time:4.36s
[Twitter] Starting validation...
[Twitter] Elapsed validation time:0.35s
[Twitter] [Epoch=059] Train Loss=[QuantLoss=0.04972]Val loss = [QuantLoss=0.13063][QuantReg:0.51427]
[Twitter] Starting epoch 60...
[Twitter] Elapsed training time:4.32s
[Twitter] Starting validation...
[Twitter] Elapsed validation time:0.35s
[Twitter] [Epoch=060] Train Loss=[QuantLoss=0.04815]Val loss = [QuantLoss=0.13078][QuantReg:0.51319]
[Twitter] Starting epoch 61...
[Twitter] Elapsed training time:4.17s
[Twitter] Starting validation...
[Twitter] Elapsed validation time:0.34s
[Twitter] [Epoch=061] Train Loss=[QuantLoss=0.04681]Val loss = [QuantLoss=0.14678][QuantReg:0.51188]
[Twitter] Starting epoch 62...
[Twitter] Elapsed training time:4.26s
[Twitter] Starting validation...
[Twitter] Elapsed validation time:0.34s
[Twitter] [Epoch=062] Train Loss=[QuantLoss=0.04633]Val loss = [QuantLoss=0.12885][QuantReg:0.51204]
[Twitter] Starting epoch 63...
[Twitter] Elapsed training time:4.37s
[Twitter] Starting validation...
[Twitter] Elapsed validation time:0.24s
[Twitter] [Epoch=063] Train Loss=[QuantLoss=0.04399]Val loss = [QuantLoss=0.12858][QuantReg:0.50907]
[Twitter] Starting epoch 64...
[Twitter] Elapsed training time:4.30s
[Twitter] Starting validation...
[Twitter] Elapsed validation time:0.23s
[Twitter] [Epoch=064] Train Loss=[QuantLoss=0.04239]Val loss = [QuantLoss=0.13748][QuantReg:0.50411]
[Twitter] Starting epoch 65...
[Twitter] Elapsed training time:4.24s
[Twitter] Starting validation...
[Twitter] Elapsed validation time:0.25s
[Twitter] [Epoch=065] Train Loss=[QuantLoss=0.04173]Val loss = [QuantLoss=0.11633][QuantReg:0.50704]
[Twitter] Starting epoch 66...
[Twitter] Elapsed training time:4.27s
[Twitter] Starting validation...
[Twitter] Elapsed validation time:0.24s
[Twitter] [Epoch=066] Train Loss=[QuantLoss=0.04242]Val loss = [QuantLoss=0.12816][QuantReg:0.50313]
[Twitter] Starting epoch 67...
[Twitter] Elapsed training time:4.33s
[Twitter] Starting validation...
[Twitter] Elapsed validation time:0.23s
[Twitter] [Epoch=067] Train Loss=[QuantLoss=0.04120]Val loss = [QuantLoss=0.16915][QuantReg:0.50436]
[Twitter] Starting epoch 68...
[Twitter] Elapsed training time:4.46s
[Twitter] Starting validation...
[Twitter] Elapsed validation time:0.24s
[Twitter] [Epoch=068] Train Loss=[QuantLoss=0.04141]Val loss = [QuantLoss=0.17515][QuantReg:0.50293]
[Twitter] Starting epoch 69...
[Twitter] Elapsed training time:4.32s
[Twitter] Starting validation...
[Twitter] Elapsed validation time:0.24s
[Twitter] [Epoch=069] Train Loss=[QuantLoss=0.04139]Val loss = [QuantLoss=0.17136][QuantReg:0.50416]
[Twitter] Starting epoch 70...
[Twitter] Elapsed training time:4.35s
[Twitter] Starting validation...
[Twitter] Elapsed validation time:0.23s
[Twitter] [Epoch=070] Train Loss=[QuantLoss=0.04168]Val loss = [QuantLoss=0.21701][QuantReg:0.50197]
[Twitter] Starting epoch 71...
[Twitter] Elapsed training time:4.54s
[Twitter] Starting validation...
[Twitter] Elapsed validation time:0.27s
[Twitter] [Epoch=071] Train Loss=[QuantLoss=0.04194]Val loss = [QuantLoss=0.20071][QuantReg:0.50091]
[Twitter] Starting epoch 72...
[Twitter] Elapsed training time:4.40s
[Twitter] Starting validation...
[Twitter] Elapsed validation time:0.27s
[Twitter] [Epoch=072] Train Loss=[QuantLoss=0.04116]Val loss = [QuantLoss=0.18248][QuantReg:0.50267]
[Twitter] Starting epoch 73...
[Twitter] Elapsed training time:4.44s
[Twitter] Starting validation...
[Twitter] Elapsed validation time:0.25s
[Twitter] [Epoch=073] Train Loss=[QuantLoss=0.04349]Val loss = [QuantLoss=0.17397][QuantReg:0.50116]
[Twitter] Starting epoch 74...
[Twitter] Elapsed training time:4.37s
[Twitter] Starting validation...
[Twitter] Elapsed validation time:0.24s
[Twitter] [Epoch=074] Train Loss=[QuantLoss=0.04119]Val loss = [QuantLoss=0.32698][QuantReg:0.50056]
[Twitter] Starting epoch 75...
[Twitter] Elapsed training time:4.40s
[Twitter] Starting validation...
[Twitter] Elapsed validation time:0.25s
[Twitter] [Epoch=075] Train Loss=[QuantLoss=0.04257]Val loss = [QuantLoss=0.26190][QuantReg:0.49878]
[Twitter] Starting epoch 76...
[Twitter] Elapsed training time:4.39s
[Twitter] Starting validation...
[Twitter] Elapsed validation time:0.28s
[Twitter] [Epoch=076] Train Loss=[QuantLoss=0.04143]Val loss = [QuantLoss=0.45205][QuantReg:0.50208]
[Twitter] Starting epoch 77...
[Twitter] Elapsed training time:4.38s
[Twitter] Starting validation...
[Twitter] Elapsed validation time:0.24s
[Twitter] [Epoch=077] Train Loss=[QuantLoss=0.04111]Val loss = [QuantLoss=0.18820][QuantReg:0.49821]
[Twitter] Starting epoch 78...
[Twitter] Elapsed training time:4.62s
[Twitter] Starting validation...
[Twitter] Elapsed validation time:0.25s
[Twitter] [Epoch=078] Train Loss=[QuantLoss=0.04015]Val loss = [QuantLoss=0.13304][QuantReg:0.49756]
[Twitter] Starting epoch 79...
[Twitter] Elapsed training time:4.38s
[Twitter] Starting validation...
[Twitter] Elapsed validation time:0.24s
[Twitter] [Epoch=079] Train Loss=[QuantLoss=0.04110]Val loss = [QuantLoss=0.13347][QuantReg:0.49652]
[Twitter] Starting epoch 80...
[Twitter] Elapsed training time:4.32s
[Twitter] Starting validation...
[Twitter] Elapsed validation time:0.26s
[Twitter] [Epoch=080] Train Loss=[QuantLoss=0.04219]Val loss = [QuantLoss=0.25727][QuantReg:0.49955]
[Twitter] Starting epoch 81...
[Twitter] Elapsed training time:4.42s
[Twitter] Starting validation...
[Twitter] Elapsed validation time:0.25s
[Twitter] [Epoch=081] Train Loss=[QuantLoss=0.04022]Val loss = [QuantLoss=0.11628][QuantReg:0.49919]
[Twitter] Starting epoch 82...
[Twitter] Elapsed training time:4.42s
[Twitter] Starting validation...
[Twitter] Elapsed validation time:0.22s
[Twitter] [Epoch=082] Train Loss=[QuantLoss=0.03795]Val loss = [QuantLoss=0.12182][QuantReg:0.49610]
[Twitter] Starting epoch 83...
[Twitter] Elapsed training time:4.55s
[Twitter] Starting validation...
[Twitter] Elapsed validation time:0.21s
[Twitter] [Epoch=083] Train Loss=[QuantLoss=0.03967]Val loss = [QuantLoss=0.12744][QuantReg:0.49570]
[Twitter] Starting epoch 84...
[Twitter] Elapsed training time:4.53s
[Twitter] Starting validation...
[Twitter] Elapsed validation time:0.19s
[Twitter] [Epoch=084] Train Loss=[QuantLoss=0.03916]Val loss = [QuantLoss=0.13409][QuantReg:0.49775]
[Twitter] Starting epoch 85...
[Twitter] Elapsed training time:4.79s
[Twitter] Starting validation...
[Twitter] Elapsed validation time:0.20s
[Twitter] [Epoch=085] Train Loss=[QuantLoss=0.03893]Val loss = [QuantLoss=0.10736][QuantReg:0.49790]
[Twitter] Starting epoch 86...
[Twitter] Elapsed training time:4.86s
[Twitter] Starting validation...
[Twitter] Elapsed validation time:0.22s
[Twitter] [Epoch=086] Train Loss=[QuantLoss=0.03904]Val loss = [QuantLoss=0.11807][QuantReg:0.49975]
[Twitter] Starting epoch 87...
[Twitter] Elapsed training time:4.86s
[Twitter] Starting validation...
[Twitter] Elapsed validation time:0.21s
[Twitter] [Epoch=087] Train Loss=[QuantLoss=0.03850]Val loss = [QuantLoss=0.10943][QuantReg:0.50271]
[Twitter] Starting epoch 88...
[Twitter] Elapsed training time:5.19s
[Twitter] Starting validation...
[Twitter] Elapsed validation time:0.22s
[Twitter] [Epoch=088] Train Loss=[QuantLoss=0.03917]Val loss = [QuantLoss=0.11593][QuantReg:0.49987]
[Twitter] Starting epoch 89...
[Twitter] Elapsed training time:4.92s
[Twitter] Starting validation...
[Twitter] Elapsed validation time:0.23s
[Twitter] [Epoch=089] Train Loss=[QuantLoss=0.04001]Val loss = [QuantLoss=0.13887][QuantReg:0.50300]
[Twitter] Starting epoch 90...
[Twitter] Elapsed training time:5.03s
[Twitter] Starting validation...
[Twitter] Elapsed validation time:0.26s
[Twitter] [Epoch=090] Train Loss=[QuantLoss=0.03713]Val loss = [QuantLoss=0.22165][QuantReg:0.50420]
[Twitter] Starting epoch 91...
[Twitter] Elapsed training time:4.79s
[Twitter] Starting validation...
[Twitter] Elapsed validation time:0.22s
[Twitter] [Epoch=091] Train Loss=[QuantLoss=0.03890]Val loss = [QuantLoss=0.21806][QuantReg:0.50384]
[Twitter] Starting epoch 92...
[Twitter] Elapsed training time:5.21s
[Twitter] Starting validation...
[Twitter] Elapsed validation time:0.24s
[Twitter] [Epoch=092] Train Loss=[QuantLoss=0.03799]Val loss = [QuantLoss=0.13088][QuantReg:0.50400]
[Twitter] Starting epoch 93...
[Twitter] Elapsed training time:5.12s
[Twitter] Starting validation...
[Twitter] Elapsed validation time:0.24s
[Twitter] [Epoch=093] Train Loss=[QuantLoss=0.03872]Val loss = [QuantLoss=0.13446][QuantReg:0.50079]
[Twitter] Starting epoch 94...
[Twitter] Elapsed training time:4.87s
[Twitter] Starting validation...
[Twitter] Elapsed validation time:0.22s
[Twitter] [Epoch=094] Train Loss=[QuantLoss=0.03805]Val loss = [QuantLoss=0.13934][QuantReg:0.50196]
[Twitter] Starting epoch 95...
[Twitter] Elapsed training time:4.51s
[Twitter] Starting validation...
[Twitter] Elapsed validation time:0.24s
[Twitter] [Epoch=095] Train Loss=[QuantLoss=0.03734]Val loss = [QuantLoss=0.11071][QuantReg:0.50330]
[Twitter] Starting epoch 96...
[Twitter] Elapsed training time:4.39s
[Twitter] Starting validation...
[Twitter] Elapsed validation time:0.25s
[Twitter] [Epoch=096] Train Loss=[QuantLoss=0.03871]Val loss = [QuantLoss=0.11903][QuantReg:0.50178]
[Twitter] Starting epoch 97...
[Twitter] Elapsed training time:4.30s
[Twitter] Starting validation...
[Twitter] Elapsed validation time:0.24s
[Twitter] [Epoch=097] Train Loss=[QuantLoss=0.03777]Val loss = [QuantLoss=0.10437][QuantReg:0.50208]
[Twitter] Starting epoch 98...
[Twitter] Elapsed training time:4.25s
[Twitter] Starting validation...
[Twitter] Elapsed validation time:0.25s
[Twitter] [Epoch=098] Train Loss=[QuantLoss=0.03973]Val loss = [QuantLoss=0.10695][QuantReg:0.50249]
[Twitter] Starting epoch 99...
[Twitter] Elapsed training time:4.29s
[Twitter] Starting validation...
[Twitter] Elapsed validation time:0.33s
[Twitter] [Epoch=099] Train Loss=[QuantLoss=0.03869]Val loss = [QuantLoss=0.11097][QuantReg:0.50128]
[Twitter] Starting epoch 100...
[Twitter] Elapsed training time:4.28s
[Twitter] Starting validation...
[Twitter] Elapsed validation time:0.25s
[Twitter] [Epoch=100] Train Loss=[QuantLoss=0.03724]Val loss = [QuantLoss=0.09946][QuantReg:0.50223]
[Twitter] Starting epoch 101...
[Twitter] Elapsed training time:4.28s
[Twitter] Starting validation...
[Twitter] Elapsed validation time:0.35s
[Twitter] [Epoch=101] Train Loss=[QuantLoss=0.03674]Val loss = [QuantLoss=0.09450][QuantReg:0.49883]
[Twitter] Starting epoch 102...
[Twitter] Elapsed training time:4.27s
[Twitter] Starting validation...
[Twitter] Elapsed validation time:0.23s
[Twitter] [Epoch=102] Train Loss=[QuantLoss=0.03651]Val loss = [QuantLoss=0.10463][QuantReg:0.50138]
[Twitter] Starting epoch 103...
[Twitter] Elapsed training time:4.22s
[Twitter] Starting validation...
[Twitter] Elapsed validation time:0.36s
[Twitter] [Epoch=103] Train Loss=[QuantLoss=0.03718]Val loss = [QuantLoss=0.09459][QuantReg:0.50156]
[Twitter] Starting epoch 104...
[Twitter] Elapsed training time:4.36s
[Twitter] Starting validation...
[Twitter] Elapsed validation time:0.36s
[Twitter] [Epoch=104] Train Loss=[QuantLoss=0.03623]Val loss = [QuantLoss=0.09934][QuantReg:0.50254]
[Twitter] Starting epoch 105...
[Twitter] Elapsed training time:4.45s
[Twitter] Starting validation...
[Twitter] Elapsed validation time:0.35s
[Twitter] [Epoch=105] Train Loss=[QuantLoss=0.03666]Val loss = [QuantLoss=0.09535][QuantReg:0.50131]
[Twitter] Starting epoch 106...
[Twitter] Elapsed training time:4.52s
[Twitter] Starting validation...
[Twitter] Elapsed validation time:0.35s
[Twitter] [Epoch=106] Train Loss=[QuantLoss=0.03751]Val loss = [QuantLoss=0.10457][QuantReg:0.50138]
[Twitter] Starting epoch 107...
[Twitter] Elapsed training time:4.34s
[Twitter] Starting validation...
[Twitter] Elapsed validation time:0.36s
[Twitter] [Epoch=107] Train Loss=[QuantLoss=0.03546]Val loss = [QuantLoss=0.10387][QuantReg:0.50127]
[Twitter] Starting epoch 108...
[Twitter] Elapsed training time:4.43s
[Twitter] Starting validation...
[Twitter] Elapsed validation time:0.37s
[Twitter] [Epoch=108] Train Loss=[QuantLoss=0.03684]Val loss = [QuantLoss=0.10800][QuantReg:0.50148]
[Twitter] Starting epoch 109...
[Twitter] Elapsed training time:4.40s
[Twitter] Starting validation...
[Twitter] Elapsed validation time:0.35s
[Twitter] [Epoch=109] Train Loss=[QuantLoss=0.03686]Val loss = [QuantLoss=0.10294][QuantReg:0.50183]
[Twitter] Starting epoch 110...
[Twitter] Elapsed training time:4.40s
[Twitter] Starting validation...
[Twitter] Elapsed validation time:0.37s
[Twitter] [Epoch=110] Train Loss=[QuantLoss=0.03658]Val loss = [QuantLoss=0.10703][QuantReg:0.50236]
[Twitter] Starting epoch 111...
[Twitter] Elapsed training time:4.58s
[Twitter] Starting validation...
[Twitter] Elapsed validation time:0.36s
[Twitter] [Epoch=111] Train Loss=[QuantLoss=0.03605]Val loss = [QuantLoss=0.08701][QuantReg:0.50119]
[Twitter] Starting epoch 112...
[Twitter] Elapsed training time:4.28s
[Twitter] Starting validation...
[Twitter] Elapsed validation time:0.36s
[Twitter] [Epoch=112] Train Loss=[QuantLoss=0.03725]Val loss = [QuantLoss=0.11026][QuantReg:0.49998]
[Twitter] Starting epoch 113...
[Twitter] Elapsed training time:4.36s
[Twitter] Starting validation...
[Twitter] Elapsed validation time:0.38s
[Twitter] [Epoch=113] Train Loss=[QuantLoss=0.03711]Val loss = [QuantLoss=0.12747][QuantReg:0.50078]
[Twitter] Starting epoch 114...
[Twitter] Elapsed training time:4.24s
[Twitter] Starting validation...
[Twitter] Elapsed validation time:0.35s
[Twitter] [Epoch=114] Train Loss=[QuantLoss=0.03718]Val loss = [QuantLoss=0.14342][QuantReg:0.49969]
[Twitter] Starting epoch 115...
[Twitter] Elapsed training time:4.38s
[Twitter] Starting validation...
[Twitter] Elapsed validation time:0.36s
[Twitter] [Epoch=115] Train Loss=[QuantLoss=0.03635]Val loss = [QuantLoss=0.13559][QuantReg:0.49938]
[Twitter] Starting epoch 116...
[Twitter] Elapsed training time:4.49s
[Twitter] Starting validation...
[Twitter] Elapsed validation time:0.35s
[Twitter] [Epoch=116] Train Loss=[QuantLoss=0.03524]Val loss = [QuantLoss=0.09853][QuantReg:0.49993]
[Twitter] Starting epoch 117...
[Twitter] Elapsed training time:4.50s
[Twitter] Starting validation...
[Twitter] Elapsed validation time:0.36s
[Twitter] [Epoch=117] Train Loss=[QuantLoss=0.03482]Val loss = [QuantLoss=0.09560][QuantReg:0.50183]
[Twitter] Starting epoch 118...
[Twitter] Elapsed training time:4.34s
[Twitter] Starting validation...
[Twitter] Elapsed validation time:0.35s
[Twitter] [Epoch=118] Train Loss=[QuantLoss=0.03587]Val loss = [QuantLoss=0.10380][QuantReg:0.50075]
[Twitter] Starting epoch 119...
[Twitter] Elapsed training time:4.40s
[Twitter] Starting validation...
[Twitter] Elapsed validation time:0.34s
[Twitter] [Epoch=119] Train Loss=[QuantLoss=0.03651]Val loss = [QuantLoss=0.10011][QuantReg:0.50206]
[Twitter] Starting epoch 120...
[Twitter] Elapsed training time:4.40s
[Twitter] Starting validation...
[Twitter] Elapsed validation time:0.35s
[Twitter] [Epoch=120] Train Loss=[QuantLoss=0.03564]Val loss = [QuantLoss=0.12132][QuantReg:0.50193]
[Twitter] Starting epoch 121...
[Twitter] Elapsed training time:4.56s
[Twitter] Starting validation...
[Twitter] Elapsed validation time:0.36s
[Twitter] [Epoch=121] Train Loss=[QuantLoss=0.03482]Val loss = [QuantLoss=0.12734][QuantReg:0.50007]
[Twitter] Starting epoch 122...
[Twitter] Elapsed training time:4.60s
[Twitter] Starting validation...
[Twitter] Elapsed validation time:0.36s
[Twitter] [Epoch=122] Train Loss=[QuantLoss=0.03549]Val loss = [QuantLoss=0.10630][QuantReg:0.50171]
[Twitter] Starting epoch 123...
[Twitter] Elapsed training time:4.55s
[Twitter] Starting validation...
[Twitter] Elapsed validation time:0.38s
[Twitter] [Epoch=123] Train Loss=[QuantLoss=0.03637]Val loss = [QuantLoss=0.11540][QuantReg:0.50578]
[Twitter] Starting epoch 124...
[Twitter] Elapsed training time:4.40s
[Twitter] Starting validation...
[Twitter] Elapsed validation time:0.35s
[Twitter] [Epoch=124] Train Loss=[QuantLoss=0.03586]Val loss = [QuantLoss=0.10174][QuantReg:0.50319]
[Twitter] Starting epoch 125...
[Twitter] Elapsed training time:4.45s
[Twitter] Starting validation...
[Twitter] Elapsed validation time:0.36s
[Twitter] [Epoch=125] Train Loss=[QuantLoss=0.03491]Val loss = [QuantLoss=0.10430][QuantReg:0.50271]
[Twitter] Starting epoch 126...
[Twitter] Elapsed training time:3.55s
[Twitter] Starting validation...
[Twitter] Elapsed validation time:0.29s
[Twitter] [Epoch=126] Train Loss=[QuantLoss=0.03462]Val loss = [QuantLoss=0.09944][QuantReg:0.50146]
[Twitter] Starting epoch 127...
[Twitter] Elapsed training time:4.36s
[Twitter] Starting validation...
[Twitter] Elapsed validation time:0.36s
[Twitter] [Epoch=127] Train Loss=[QuantLoss=0.03552]Val loss = [QuantLoss=0.09950][QuantReg:0.50128]
[Twitter] Starting epoch 128...
[Twitter] Elapsed training time:4.37s
[Twitter] Starting validation...
[Twitter] Elapsed validation time:0.37s
[Twitter] [Epoch=128] Train Loss=[QuantLoss=0.03506]Val loss = [QuantLoss=0.10676][QuantReg:0.50109]
[Twitter] Starting epoch 129...
[Twitter] Elapsed training time:4.52s
[Twitter] Starting validation...
[Twitter] Elapsed validation time:0.35s
[Twitter] [Epoch=129] Train Loss=[QuantLoss=0.03383]Val loss = [QuantLoss=0.11870][QuantReg:0.50170]
[Twitter] Starting epoch 130...
[Twitter] Elapsed training time:4.69s
[Twitter] Starting validation...
[Twitter] Elapsed validation time:0.33s
[Twitter] [Epoch=130] Train Loss=[QuantLoss=0.03458]Val loss = [QuantLoss=0.11398][QuantReg:0.50227]
[Twitter] Starting epoch 131...
[Twitter] Elapsed training time:4.69s
[Twitter] Starting validation...
[Twitter] Elapsed validation time:0.31s
[Twitter] [Epoch=131] Train Loss=[QuantLoss=0.03503]Val loss = [QuantLoss=0.10923][QuantReg:0.50090]
[Twitter] Starting epoch 132...
[Twitter] Elapsed training time:4.91s
[Twitter] Starting validation...
[Twitter] Elapsed validation time:0.35s
[Twitter] [Epoch=132] Train Loss=[QuantLoss=0.03369]Val loss = [QuantLoss=0.12992][QuantReg:0.50149]
[Twitter] Starting epoch 133...
[Twitter] Elapsed training time:5.00s
[Twitter] Starting validation...
[Twitter] Elapsed validation time:0.30s
[Twitter] [Epoch=133] Train Loss=[QuantLoss=0.03548]Val loss = [QuantLoss=0.12037][QuantReg:0.50173]
[Twitter] Starting epoch 134...
[Twitter] Elapsed training time:4.52s
[Twitter] Starting validation...
[Twitter] Elapsed validation time:0.31s
[Twitter] [Epoch=134] Train Loss=[QuantLoss=0.03429]Val loss = [QuantLoss=0.12117][QuantReg:0.50080]
[Twitter] Starting epoch 135...
[Twitter] Elapsed training time:4.49s
[Twitter] Starting validation...
[Twitter] Elapsed validation time:0.30s
[Twitter] [Epoch=135] Train Loss=[QuantLoss=0.03492]Val loss = [QuantLoss=0.12109][QuantReg:0.49970]
[Twitter] Starting epoch 136...
[Twitter] Elapsed training time:4.35s
[Twitter] Starting validation...
[Twitter] Elapsed validation time:0.32s
[Twitter] [Epoch=136] Train Loss=[QuantLoss=0.03484]Val loss = [QuantLoss=0.11221][QuantReg:0.49979]
[Twitter] Starting epoch 137...
[Twitter] Elapsed training time:4.30s
[Twitter] Starting validation...
[Twitter] Elapsed validation time:0.23s
[Twitter] [Epoch=137] Train Loss=[QuantLoss=0.03494]Val loss = [QuantLoss=0.11579][QuantReg:0.49792]
[Twitter] Starting epoch 138...
[Twitter] Elapsed training time:4.29s
[Twitter] Starting validation...
[Twitter] Elapsed validation time:0.21s
[Twitter] [Epoch=138] Train Loss=[QuantLoss=0.03498]Val loss = [QuantLoss=0.10889][QuantReg:0.49934]
[Twitter] Starting epoch 139...
[Twitter] Elapsed training time:4.52s
[Twitter] Starting validation...
[Twitter] Elapsed validation time:0.20s
[Twitter] [Epoch=139] Train Loss=[QuantLoss=0.03441]Val loss = [QuantLoss=0.10810][QuantReg:0.49954]
[Twitter] Starting epoch 140...
[Twitter] Elapsed training time:4.59s
[Twitter] Starting validation...
[Twitter] Elapsed validation time:0.19s
[Twitter] [Epoch=140] Train Loss=[QuantLoss=0.03414]Val loss = [QuantLoss=0.12068][QuantReg:0.49957]
[Twitter] Starting epoch 141...
[Twitter] Elapsed training time:4.58s
[Twitter] Starting validation...
[Twitter] Elapsed validation time:0.19s
[Twitter] [Epoch=141] Train Loss=[QuantLoss=0.03468]Val loss = [QuantLoss=0.12239][QuantReg:0.49869]
[Twitter] Starting epoch 142...
[Twitter] Elapsed training time:4.31s
[Twitter] Starting validation...
[Twitter] Elapsed validation time:0.21s
[Twitter] [Epoch=142] Train Loss=[QuantLoss=0.03483]Val loss = [QuantLoss=0.12536][QuantReg:0.49916]
[Twitter] Starting epoch 143...
[Twitter] Elapsed training time:4.51s
[Twitter] Starting validation...
[Twitter] Elapsed validation time:0.22s
[Twitter] [Epoch=143] Train Loss=[QuantLoss=0.03414]Val loss = [QuantLoss=0.11908][QuantReg:0.49738]
[Twitter] Starting epoch 144...
[Twitter] Elapsed training time:4.59s
[Twitter] Starting validation...
[Twitter] Elapsed validation time:0.22s
[Twitter] [Epoch=144] Train Loss=[QuantLoss=0.03577]Val loss = [QuantLoss=0.13062][QuantReg:0.49899]
[Twitter] Early stopping in epoch 144!
[Twitter] Restoring best model...
MAE médio por bag: 0.1548 ± 0.1137
Salvo em resultados_sanders/resultados_twitter_bert_kl_hardest_5.csv
