Dataset: /home/nildaimon/gmnet/experiments/train_curl/Datasets/Sanders/twitter-sanders-apple3.csv
Dificuldade: metric=l1, mode=easiest, top_k=None
Rodada: 1
Salvar resultados em: resultados_sanders
Dispositivo de treino: cpu
Carregando e processando dataset Twitter
Carregando embeddings do cache...
Ignoring val_split as train and val datasets where given to fit function
We have two datasets: training 1092 examples. validation 100 examples.]
Using device cpu
[Twitter] Starting epoch 0...
[Twitter] Elapsed training time:4.32s
[Twitter] Starting validation...
[Twitter] Elapsed validation time:0.24s
[Twitter] [Epoch=000] Train Loss=[QuantLoss=0.07876]Val loss = [QuantLoss=0.02965][QuantReg:0.41939][saved best model in this epoch]
[Twitter] Starting epoch 1...
[Twitter] Elapsed training time:4.25s
[Twitter] Starting validation...
[Twitter] Elapsed validation time:0.23s
[Twitter] [Epoch=001] Train Loss=[QuantLoss=0.07351]Val loss = [QuantLoss=0.07176][QuantReg:0.45114]
[Twitter] Starting epoch 2...
[Twitter] Elapsed training time:4.25s
[Twitter] Starting validation...
[Twitter] Elapsed validation time:0.24s
[Twitter] [Epoch=002] Train Loss=[QuantLoss=0.07414]Val loss = [QuantLoss=0.17016][QuantReg:0.46868]
[Twitter] Starting epoch 3...
[Twitter] Elapsed training time:4.31s
[Twitter] Starting validation...
[Twitter] Elapsed validation time:0.24s
[Twitter] [Epoch=003] Train Loss=[QuantLoss=0.07129]Val loss = [QuantLoss=0.18500][QuantReg:0.49325]
[Twitter] Starting epoch 4...
[Twitter] Elapsed training time:4.34s
[Twitter] Starting validation...
[Twitter] Elapsed validation time:0.24s
[Twitter] [Epoch=004] Train Loss=[QuantLoss=0.07263]Val loss = [QuantLoss=0.18744][QuantReg:0.48369]
[Twitter] Starting epoch 5...
[Twitter] Elapsed training time:4.24s
[Twitter] Starting validation...
[Twitter] Elapsed validation time:0.24s
[Twitter] [Epoch=005] Train Loss=[QuantLoss=0.06587]Val loss = [QuantLoss=0.04145][QuantReg:0.49699]
[Twitter] Starting epoch 6...
[Twitter] Elapsed training time:4.36s
[Twitter] Starting validation...
[Twitter] Elapsed validation time:0.27s
[Twitter] [Epoch=006] Train Loss=[QuantLoss=0.06538]Val loss = [QuantLoss=0.09950][QuantReg:0.46509]
[Twitter] Starting epoch 7...
[Twitter] Elapsed training time:4.28s
[Twitter] Starting validation...
[Twitter] Elapsed validation time:0.26s
[Twitter] [Epoch=007] Train Loss=[QuantLoss=0.06279]Val loss = [QuantLoss=0.11155][QuantReg:0.47768]
[Twitter] Starting epoch 8...
[Twitter] Elapsed training time:4.37s
[Twitter] Starting validation...
[Twitter] Elapsed validation time:0.24s
[Twitter] [Epoch=008] Train Loss=[QuantLoss=0.06326]Val loss = [QuantLoss=0.15603][QuantReg:0.44561]
[Twitter] Starting epoch 9...
[Twitter] Elapsed training time:4.43s
[Twitter] Starting validation...
[Twitter] Elapsed validation time:0.19s
[Twitter] [Epoch=009] Train Loss=[QuantLoss=0.05967]Val loss = [QuantLoss=0.13254][QuantReg:0.47468]
[Twitter] Starting epoch 10...
[Twitter] Elapsed training time:4.69s
[Twitter] Starting validation...
[Twitter] Elapsed validation time:0.22s
[Twitter] [Epoch=010] Train Loss=[QuantLoss=0.06414]Val loss = [QuantLoss=0.06607][QuantReg:0.48677]
[Twitter] Starting epoch 11...
[Twitter] Elapsed training time:4.77s
[Twitter] Starting validation...
[Twitter] Elapsed validation time:0.20s
[Twitter] [Epoch=011] Train Loss=[QuantLoss=0.05816]Val loss = [QuantLoss=0.08620][QuantReg:0.48867]
[Twitter] Starting epoch 12...
[Twitter] Elapsed training time:4.63s
[Twitter] Starting validation...
[Twitter] Elapsed validation time:0.21s
[Twitter] [Epoch=012] Train Loss=[QuantLoss=0.06145]Val loss = [QuantLoss=0.09456][QuantReg:0.49559]
[Twitter] Starting epoch 13...
[Twitter] Elapsed training time:4.57s
[Twitter] Starting validation...
[Twitter] Elapsed validation time:0.22s
[Twitter] [Epoch=013] Train Loss=[QuantLoss=0.06371]Val loss = [QuantLoss=0.07018][QuantReg:0.52912]
[Twitter] Starting epoch 14...
[Twitter] Elapsed training time:4.59s
[Twitter] Starting validation...
[Twitter] Elapsed validation time:0.23s
[Twitter] [Epoch=014] Train Loss=[QuantLoss=0.05963]Val loss = [QuantLoss=0.01160][QuantReg:0.53701][saved best model in this epoch]
[Twitter] Starting epoch 15...
[Twitter] Elapsed training time:4.45s
[Twitter] Starting validation...
[Twitter] Elapsed validation time:0.24s
[Twitter] [Epoch=015] Train Loss=[QuantLoss=0.06013]Val loss = [QuantLoss=0.07649][QuantReg:0.52260]
[Twitter] Starting epoch 16...
[Twitter] Elapsed training time:4.39s
[Twitter] Starting validation...
[Twitter] Elapsed validation time:0.23s
[Twitter] [Epoch=016] Train Loss=[QuantLoss=0.06627]Val loss = [QuantLoss=0.07344][QuantReg:0.51692]
[Twitter] Starting epoch 17...
[Twitter] Elapsed training time:4.42s
[Twitter] Starting validation...
[Twitter] Elapsed validation time:0.22s
[Twitter] [Epoch=017] Train Loss=[QuantLoss=0.05566]Val loss = [QuantLoss=0.04112][QuantReg:0.48358]
[Twitter] Starting epoch 18...
[Twitter] Elapsed training time:4.27s
[Twitter] Starting validation...
[Twitter] Elapsed validation time:0.23s
[Twitter] [Epoch=018] Train Loss=[QuantLoss=0.05493]Val loss = [QuantLoss=0.04346][QuantReg:0.48263]
[Twitter] Starting epoch 19...
[Twitter] Elapsed training time:4.23s
[Twitter] Starting validation...
[Twitter] Elapsed validation time:0.25s
[Twitter] [Epoch=019] Train Loss=[QuantLoss=0.05315]Val loss = [QuantLoss=0.06441][QuantReg:0.47874]
[Twitter] Starting epoch 20...
[Twitter] Elapsed training time:4.19s
[Twitter] Starting validation...
[Twitter] Elapsed validation time:0.23s
[Twitter] [Epoch=020] Train Loss=[QuantLoss=0.05006]Val loss = [QuantLoss=0.04909][QuantReg:0.45825]
[Twitter] Starting epoch 21...
[Twitter] Elapsed training time:4.23s
[Twitter] Starting validation...
[Twitter] Elapsed validation time:0.23s
[Twitter] [Epoch=021] Train Loss=[QuantLoss=0.05294]Val loss = [QuantLoss=0.03105][QuantReg:0.46905]
[Twitter] Starting epoch 22...
[Twitter] Elapsed training time:4.11s
[Twitter] Starting validation...
[Twitter] Elapsed validation time:0.23s
[Twitter] [Epoch=022] Train Loss=[QuantLoss=0.05299]Val loss = [QuantLoss=0.05719][QuantReg:0.47875]
[Twitter] Starting epoch 23...
[Twitter] Elapsed training time:4.17s
[Twitter] Starting validation...
[Twitter] Elapsed validation time:0.24s
[Twitter] [Epoch=023] Train Loss=[QuantLoss=0.05660]Val loss = [QuantLoss=0.06456][QuantReg:0.47441]
[Twitter] Starting epoch 24...
[Twitter] Elapsed training time:4.17s
[Twitter] Starting validation...
[Twitter] Elapsed validation time:0.24s
[Twitter] [Epoch=024] Train Loss=[QuantLoss=0.06463]Val loss = [QuantLoss=0.07309][QuantReg:0.47413]
[Twitter] Starting epoch 25...
[Twitter] Elapsed training time:4.16s
[Twitter] Starting validation...
[Twitter] Elapsed validation time:0.35s
[Twitter] [Epoch=025] Train Loss=[QuantLoss=0.05423]Val loss = [QuantLoss=0.05704][QuantReg:0.45734]
[Twitter] Starting epoch 26...
[Twitter] Elapsed training time:4.17s
[Twitter] Starting validation...
[Twitter] Elapsed validation time:0.24s
[Twitter] [Epoch=026] Train Loss=[QuantLoss=0.05642]Val loss = [QuantLoss=0.01955][QuantReg:0.44877]
[Twitter] Starting epoch 27...
[Twitter] Elapsed training time:4.22s
[Twitter] Starting validation...
[Twitter] Elapsed validation time:0.35s
[Twitter] [Epoch=027] Train Loss=[QuantLoss=0.05528]Val loss = [QuantLoss=0.09277][QuantReg:0.45058]
[Twitter] Starting epoch 28...
[Twitter] Elapsed training time:4.23s
[Twitter] Starting validation...
[Twitter] Elapsed validation time:0.24s
[Twitter] [Epoch=028] Train Loss=[QuantLoss=0.05661]Val loss = [QuantLoss=0.09921][QuantReg:0.45792]
[Twitter] Starting epoch 29...
[Twitter] Elapsed training time:4.19s
[Twitter] Starting validation...
[Twitter] Elapsed validation time:0.36s
[Twitter] [Epoch=029] Train Loss=[QuantLoss=0.05387]Val loss = [QuantLoss=0.08499][QuantReg:0.45669]
[Twitter] Starting epoch 30...
[Twitter] Elapsed training time:4.23s
[Twitter] Starting validation...
[Twitter] Elapsed validation time:0.34s
[Twitter] [Epoch=030] Train Loss=[QuantLoss=0.05885]Val loss = [QuantLoss=0.09166][QuantReg:0.44140]
[Twitter] Starting epoch 31...
[Twitter] Elapsed training time:4.46s
[Twitter] Starting validation...
[Twitter] Elapsed validation time:0.36s
[Twitter] [Epoch=031] Train Loss=[QuantLoss=0.05649]Val loss = [QuantLoss=0.06643][QuantReg:0.44549]
[Twitter] Starting epoch 32...
[Twitter] Elapsed training time:4.39s
[Twitter] Starting validation...
[Twitter] Elapsed validation time:0.35s
[Twitter] [Epoch=032] Train Loss=[QuantLoss=0.05406]Val loss = [QuantLoss=0.02454][QuantReg:0.45136]
[Twitter] Starting epoch 33...
[Twitter] Elapsed training time:4.39s
[Twitter] Starting validation...
[Twitter] Elapsed validation time:0.34s
[Twitter] [Epoch=033] Train Loss=[QuantLoss=0.05183]Val loss = [QuantLoss=0.09048][QuantReg:0.44187]
[Twitter] Starting epoch 34...
[Twitter] Elapsed training time:4.47s
[Twitter] Starting validation...
[Twitter] Elapsed validation time:0.36s
[Twitter] [Epoch=034] Train Loss=[QuantLoss=0.06133]Val loss = [QuantLoss=0.03666][QuantReg:0.44619]
[Twitter] Starting epoch 35...
[Twitter] Elapsed training time:4.53s
[Twitter] Starting validation...
[Twitter] Elapsed validation time:0.37s
[Twitter] [Epoch=035] Train Loss=[QuantLoss=0.05535]Val loss = [QuantLoss=0.04267][QuantReg:0.43906]
[Twitter] Starting epoch 36...
[Twitter] Elapsed training time:4.45s
[Twitter] Starting validation...
[Twitter] Elapsed validation time:0.34s
[Twitter] [Epoch=036] Train Loss=[QuantLoss=0.05049]Val loss = [QuantLoss=0.03905][QuantReg:0.43702]
[Twitter] Starting epoch 37...
[Twitter] Elapsed training time:4.50s
[Twitter] Starting validation...
[Twitter] Elapsed validation time:0.37s
[Twitter] [Epoch=037] Train Loss=[QuantLoss=0.04954]Val loss = [QuantLoss=0.09494][QuantReg:0.43257]
[Twitter] Starting epoch 38...
[Twitter] Elapsed training time:4.44s
[Twitter] Starting validation...
[Twitter] Elapsed validation time:0.37s
[Twitter] [Epoch=038] Train Loss=[QuantLoss=0.05602]Val loss = [QuantLoss=0.08314][QuantReg:0.43516]
[Twitter] Starting epoch 39...
[Twitter] Elapsed training time:4.35s
[Twitter] Starting validation...
[Twitter] Elapsed validation time:0.34s
[Twitter] [Epoch=039] Train Loss=[QuantLoss=0.05021]Val loss = [QuantLoss=0.03789][QuantReg:0.43350]
[Twitter] Starting epoch 40...
[Twitter] Elapsed training time:4.49s
[Twitter] Starting validation...
[Twitter] Elapsed validation time:0.35s
[Twitter] [Epoch=040] Train Loss=[QuantLoss=0.04363]Val loss = [QuantLoss=0.06347][QuantReg:0.43454]
[Twitter] Starting epoch 41...
[Twitter] Elapsed training time:4.39s
[Twitter] Starting validation...
[Twitter] Elapsed validation time:0.34s
[Twitter] [Epoch=041] Train Loss=[QuantLoss=0.04573]Val loss = [QuantLoss=0.07010][QuantReg:0.43359]
[Twitter] Starting epoch 42...
[Twitter] Elapsed training time:4.47s
[Twitter] Starting validation...
[Twitter] Elapsed validation time:0.36s
[Twitter] [Epoch=042] Train Loss=[QuantLoss=0.04523]Val loss = [QuantLoss=0.03632][QuantReg:0.43460]
[Twitter] Starting epoch 43...
[Twitter] Elapsed training time:4.37s
[Twitter] Starting validation...
[Twitter] Elapsed validation time:0.35s
[Twitter] [Epoch=043] Train Loss=[QuantLoss=0.04784]Val loss = [QuantLoss=0.08383][QuantReg:0.43245]
[Twitter] Starting epoch 44...
[Twitter] Elapsed training time:4.51s
[Twitter] Starting validation...
[Twitter] Elapsed validation time:0.35s
[Twitter] [Epoch=044] Train Loss=[QuantLoss=0.04396]Val loss = [QuantLoss=0.05678][QuantReg:0.43180]
[Twitter] Starting epoch 45...
[Twitter] Elapsed training time:4.49s
[Twitter] Starting validation...
[Twitter] Elapsed validation time:0.35s
[Twitter] [Epoch=045] Train Loss=[QuantLoss=0.04629]Val loss = [QuantLoss=0.06357][QuantReg:0.43081]
[Twitter] Starting epoch 46...
[Twitter] Elapsed training time:4.45s
[Twitter] Starting validation...
[Twitter] Elapsed validation time:0.36s
[Twitter] [Epoch=046] Train Loss=[QuantLoss=0.04428]Val loss = [QuantLoss=0.05465][QuantReg:0.43080]
[Twitter] Starting epoch 47...
[Twitter] Elapsed training time:4.34s
[Twitter] Starting validation...
[Twitter] Elapsed validation time:0.36s
[Twitter] [Epoch=047] Train Loss=[QuantLoss=0.04672]Val loss = [QuantLoss=0.05644][QuantReg:0.43069]
[Twitter] Starting epoch 48...
[Twitter] Elapsed training time:4.34s
[Twitter] Starting validation...
[Twitter] Elapsed validation time:0.36s
[Twitter] [Epoch=048] Train Loss=[QuantLoss=0.04597]Val loss = [QuantLoss=0.07400][QuantReg:0.44019]
[Twitter] Starting epoch 49...
[Twitter] Elapsed training time:4.34s
[Twitter] Starting validation...
[Twitter] Elapsed validation time:0.34s
[Twitter] [Epoch=049] Train Loss=[QuantLoss=0.04863]Val loss = [QuantLoss=0.04630][QuantReg:0.43342]
[Twitter] Starting epoch 50...
[Twitter] Elapsed training time:4.32s
[Twitter] Starting validation...
[Twitter] Elapsed validation time:0.35s
[Twitter] [Epoch=050] Train Loss=[QuantLoss=0.04831]Val loss = [QuantLoss=0.05140][QuantReg:0.42382]
[Twitter] Starting epoch 51...
[Twitter] Elapsed training time:4.40s
[Twitter] Starting validation...
[Twitter] Elapsed validation time:0.37s
[Twitter] [Epoch=051] Train Loss=[QuantLoss=0.04827]Val loss = [QuantLoss=0.09196][QuantReg:0.42104]
[Twitter] Starting epoch 52...
[Twitter] Elapsed training time:4.44s
[Twitter] Starting validation...
[Twitter] Elapsed validation time:0.40s
[Twitter] [Epoch=052] Train Loss=[QuantLoss=0.04960]Val loss = [QuantLoss=0.05109][QuantReg:0.41863]
[Twitter] Starting epoch 53...
[Twitter] Elapsed training time:4.74s
[Twitter] Starting validation...
[Twitter] Elapsed validation time:0.33s
[Twitter] [Epoch=053] Train Loss=[QuantLoss=0.04722]Val loss = [QuantLoss=0.07795][QuantReg:0.42895]
[Twitter] Starting epoch 54...
[Twitter] Elapsed training time:4.91s
[Twitter] Starting validation...
[Twitter] Elapsed validation time:0.31s
[Twitter] [Epoch=054] Train Loss=[QuantLoss=0.04878]Val loss = [QuantLoss=0.08054][QuantReg:0.42902]
[Twitter] Starting epoch 55...
[Twitter] Elapsed training time:4.91s
[Twitter] Starting validation...
[Twitter] Elapsed validation time:0.35s
[Twitter] [Epoch=055] Train Loss=[QuantLoss=0.04628]Val loss = [QuantLoss=0.09061][QuantReg:0.43347]
[Twitter] Starting epoch 56...
[Twitter] Elapsed training time:5.03s
[Twitter] Starting validation...
[Twitter] Elapsed validation time:0.34s
[Twitter] [Epoch=056] Train Loss=[QuantLoss=0.04602]Val loss = [QuantLoss=0.17197][QuantReg:0.43056]
[Twitter] Starting epoch 57...
[Twitter] Elapsed training time:4.93s
[Twitter] Starting validation...
[Twitter] Elapsed validation time:0.30s
[Twitter] [Epoch=057] Train Loss=[QuantLoss=0.04984]Val loss = [QuantLoss=0.14105][QuantReg:0.42372]
[Twitter] Starting epoch 58...
[Twitter] Elapsed training time:4.50s
[Twitter] Starting validation...
[Twitter] Elapsed validation time:0.32s
[Twitter] [Epoch=058] Train Loss=[QuantLoss=0.03939]Val loss = [QuantLoss=0.10098][QuantReg:0.42348]
[Twitter] Starting epoch 59...
[Twitter] Elapsed training time:4.41s
[Twitter] Starting validation...
[Twitter] Elapsed validation time:0.35s
[Twitter] [Epoch=059] Train Loss=[QuantLoss=0.04086]Val loss = [QuantLoss=0.08383][QuantReg:0.41798]
[Twitter] Starting epoch 60...
[Twitter] Elapsed training time:4.26s
[Twitter] Starting validation...
[Twitter] Elapsed validation time:0.37s
[Twitter] [Epoch=060] Train Loss=[QuantLoss=0.03901]Val loss = [QuantLoss=0.06110][QuantReg:0.41719]
[Twitter] Starting epoch 61...
[Twitter] Elapsed training time:4.19s
[Twitter] Starting validation...
[Twitter] Elapsed validation time:0.36s
[Twitter] [Epoch=061] Train Loss=[QuantLoss=0.03838]Val loss = [QuantLoss=0.06431][QuantReg:0.41799]
[Twitter] Starting epoch 62...
[Twitter] Elapsed training time:4.26s
[Twitter] Starting validation...
[Twitter] Elapsed validation time:0.35s
[Twitter] [Epoch=062] Train Loss=[QuantLoss=0.03882]Val loss = [QuantLoss=0.07695][QuantReg:0.41769]
[Twitter] Starting epoch 63...
[Twitter] Elapsed training time:4.23s
[Twitter] Starting validation...
[Twitter] Elapsed validation time:0.36s
[Twitter] [Epoch=063] Train Loss=[QuantLoss=0.04149]Val loss = [QuantLoss=0.09202][QuantReg:0.41423]
[Twitter] Starting epoch 64...
[Twitter] Elapsed training time:4.40s
[Twitter] Starting validation...
[Twitter] Elapsed validation time:0.38s
[Twitter] [Epoch=064] Train Loss=[QuantLoss=0.03869]Val loss = [QuantLoss=0.07198][QuantReg:0.40882]
[Twitter] Starting epoch 65...
[Twitter] Elapsed training time:4.27s
[Twitter] Starting validation...
[Twitter] Elapsed validation time:0.36s
[Twitter] [Epoch=065] Train Loss=[QuantLoss=0.03818]Val loss = [QuantLoss=0.18054][QuantReg:0.41031]
[Twitter] Starting epoch 66...
[Twitter] Elapsed training time:4.21s
[Twitter] Starting validation...
[Twitter] Elapsed validation time:0.34s
[Twitter] [Epoch=066] Train Loss=[QuantLoss=0.03887]Val loss = [QuantLoss=0.05641][QuantReg:0.41242]
[Twitter] Starting epoch 67...
[Twitter] Elapsed training time:4.31s
[Twitter] Starting validation...
[Twitter] Elapsed validation time:0.35s
[Twitter] [Epoch=067] Train Loss=[QuantLoss=0.04529]Val loss = [QuantLoss=0.06669][QuantReg:0.41520]
[Twitter] Starting epoch 68...
[Twitter] Elapsed training time:4.46s
[Twitter] Starting validation...
[Twitter] Elapsed validation time:0.21s
[Twitter] [Epoch=068] Train Loss=[QuantLoss=0.03631]Val loss = [QuantLoss=0.05370][QuantReg:0.41332]
[Twitter] Starting epoch 69...
[Twitter] Elapsed training time:4.30s
[Twitter] Starting validation...
[Twitter] Elapsed validation time:0.24s
[Twitter] [Epoch=069] Train Loss=[QuantLoss=0.03891]Val loss = [QuantLoss=0.08285][QuantReg:0.41162]
[Twitter] Starting epoch 70...
[Twitter] Elapsed training time:4.40s
[Twitter] Starting validation...
[Twitter] Elapsed validation time:0.24s
[Twitter] [Epoch=070] Train Loss=[QuantLoss=0.03926]Val loss = [QuantLoss=0.07745][QuantReg:0.41161]
[Twitter] Starting epoch 71...
[Twitter] Elapsed training time:4.36s
[Twitter] Starting validation...
[Twitter] Elapsed validation time:0.25s
[Twitter] [Epoch=071] Train Loss=[QuantLoss=0.03707]Val loss = [QuantLoss=0.05744][QuantReg:0.40734]
[Twitter] Starting epoch 72...
[Twitter] Elapsed training time:4.36s
[Twitter] Starting validation...
[Twitter] Elapsed validation time:0.23s
[Twitter] [Epoch=072] Train Loss=[QuantLoss=0.03812]Val loss = [QuantLoss=0.05913][QuantReg:0.40832]
[Twitter] Starting epoch 73...
[Twitter] Elapsed training time:4.33s
[Twitter] Starting validation...
[Twitter] Elapsed validation time:0.23s
[Twitter] [Epoch=073] Train Loss=[QuantLoss=0.03992]Val loss = [QuantLoss=0.06030][QuantReg:0.40804]
[Twitter] Starting epoch 74...
[Twitter] Elapsed training time:4.58s
[Twitter] Starting validation...
[Twitter] Elapsed validation time:0.25s
[Twitter] [Epoch=074] Train Loss=[QuantLoss=0.03891]Val loss = [QuantLoss=0.07644][QuantReg:0.40834]
[Twitter] Starting epoch 75...
[Twitter] Elapsed training time:4.43s
[Twitter] Starting validation...
[Twitter] Elapsed validation time:0.24s
[Twitter] [Epoch=075] Train Loss=[QuantLoss=0.03991]Val loss = [QuantLoss=0.05485][QuantReg:0.40635]
[Twitter] Starting epoch 76...
[Twitter] Elapsed training time:4.45s
[Twitter] Starting validation...
[Twitter] Elapsed validation time:0.24s
[Twitter] [Epoch=076] Train Loss=[QuantLoss=0.03682]Val loss = [QuantLoss=0.05991][QuantReg:0.40736]
[Twitter] Starting epoch 77...
[Twitter] Elapsed training time:4.55s
[Twitter] Starting validation...
[Twitter] Elapsed validation time:0.23s
[Twitter] [Epoch=077] Train Loss=[QuantLoss=0.04285]Val loss = [QuantLoss=0.08183][QuantReg:0.40642]
[Twitter] Starting epoch 78...
[Twitter] Elapsed training time:4.38s
[Twitter] Starting validation...
[Twitter] Elapsed validation time:0.24s
[Twitter] [Epoch=078] Train Loss=[QuantLoss=0.03960]Val loss = [QuantLoss=0.07436][QuantReg:0.40474]
[Twitter] Starting epoch 79...
[Twitter] Elapsed training time:4.44s
[Twitter] Starting validation...
[Twitter] Elapsed validation time:0.25s
[Twitter] [Epoch=079] Train Loss=[QuantLoss=0.03652]Val loss = [QuantLoss=0.06514][QuantReg:0.40234]
[Twitter] Starting epoch 80...
[Twitter] Elapsed training time:4.52s
[Twitter] Starting validation...
[Twitter] Elapsed validation time:0.24s
[Twitter] [Epoch=080] Train Loss=[QuantLoss=0.03603]Val loss = [QuantLoss=0.06089][QuantReg:0.40626]
[Twitter] Starting epoch 81...
[Twitter] Elapsed training time:4.50s
[Twitter] Starting validation...
[Twitter] Elapsed validation time:0.23s
[Twitter] [Epoch=081] Train Loss=[QuantLoss=0.03464]Val loss = [QuantLoss=0.07955][QuantReg:0.40587]
[Twitter] Starting epoch 82...
[Twitter] Elapsed training time:4.36s
[Twitter] Starting validation...
[Twitter] Elapsed validation time:0.24s
[Twitter] [Epoch=082] Train Loss=[QuantLoss=0.04185]Val loss = [QuantLoss=0.08016][QuantReg:0.40609]
[Twitter] Starting epoch 83...
[Twitter] Elapsed training time:4.37s
[Twitter] Starting validation...
[Twitter] Elapsed validation time:0.23s
[Twitter] [Epoch=083] Train Loss=[QuantLoss=0.03414]Val loss = [QuantLoss=0.08305][QuantReg:0.40536]
[Twitter] Starting epoch 84...
[Twitter] Elapsed training time:4.43s
[Twitter] Starting validation...
[Twitter] Elapsed validation time:0.23s
[Twitter] [Epoch=084] Train Loss=[QuantLoss=0.03870]Val loss = [QuantLoss=0.08160][QuantReg:0.40387]
[Twitter] Starting epoch 85...
[Twitter] Elapsed training time:4.30s
[Twitter] Starting validation...
[Twitter] Elapsed validation time:0.23s
[Twitter] [Epoch=085] Train Loss=[QuantLoss=0.03541]Val loss = [QuantLoss=0.07616][QuantReg:0.40048]
[Twitter] Starting epoch 86...
[Twitter] Elapsed training time:4.33s
[Twitter] Starting validation...
[Twitter] Elapsed validation time:0.23s
[Twitter] [Epoch=086] Train Loss=[QuantLoss=0.03428]Val loss = [QuantLoss=0.05546][QuantReg:0.40333]
[Twitter] Starting epoch 87...
[Twitter] Elapsed training time:4.26s
[Twitter] Starting validation...
[Twitter] Elapsed validation time:0.24s
[Twitter] [Epoch=087] Train Loss=[QuantLoss=0.03323]Val loss = [QuantLoss=0.07300][QuantReg:0.40208]
[Twitter] Starting epoch 88...
[Twitter] Elapsed training time:4.35s
[Twitter] Starting validation...
[Twitter] Elapsed validation time:0.21s
[Twitter] [Epoch=088] Train Loss=[QuantLoss=0.03478]Val loss = [QuantLoss=0.07960][QuantReg:0.39951]
[Twitter] Starting epoch 89...
[Twitter] Elapsed training time:4.42s
[Twitter] Starting validation...
[Twitter] Elapsed validation time:0.21s
[Twitter] [Epoch=089] Train Loss=[QuantLoss=0.03496]Val loss = [QuantLoss=0.08150][QuantReg:0.40360]
[Twitter] Starting epoch 90...
[Twitter] Elapsed training time:4.50s
[Twitter] Starting validation...
[Twitter] Elapsed validation time:0.22s
[Twitter] [Epoch=090] Train Loss=[QuantLoss=0.03322]Val loss = [QuantLoss=0.07532][QuantReg:0.40466]
[Twitter] Starting epoch 91...
[Twitter] Elapsed training time:4.77s
[Twitter] Starting validation...
[Twitter] Elapsed validation time:0.23s
[Twitter] [Epoch=091] Train Loss=[QuantLoss=0.03547]Val loss = [QuantLoss=0.07204][QuantReg:0.40433]
[Twitter] Starting epoch 92...
[Twitter] Elapsed training time:4.76s
[Twitter] Starting validation...
[Twitter] Elapsed validation time:0.24s
[Twitter] [Epoch=092] Train Loss=[QuantLoss=0.03245]Val loss = [QuantLoss=0.08580][QuantReg:0.40309]
[Twitter] Starting epoch 93...
[Twitter] Elapsed training time:4.91s
[Twitter] Starting validation...
[Twitter] Elapsed validation time:0.21s
[Twitter] [Epoch=093] Train Loss=[QuantLoss=0.03347]Val loss = [QuantLoss=0.07045][QuantReg:0.40546]
[Twitter] Starting epoch 94...
[Twitter] Elapsed training time:4.92s
[Twitter] Starting validation...
[Twitter] Elapsed validation time:0.20s
[Twitter] [Epoch=094] Train Loss=[QuantLoss=0.03346]Val loss = [QuantLoss=0.08081][QuantReg:0.40410]
[Twitter] Starting epoch 95...
[Twitter] Elapsed training time:4.95s
[Twitter] Starting validation...
[Twitter] Elapsed validation time:0.23s
[Twitter] [Epoch=095] Train Loss=[QuantLoss=0.03359]Val loss = [QuantLoss=0.07579][QuantReg:0.40478]
[Twitter] Starting epoch 96...
[Twitter] Elapsed training time:4.84s
[Twitter] Starting validation...
[Twitter] Elapsed validation time:0.22s
[Twitter] [Epoch=096] Train Loss=[QuantLoss=0.04122]Val loss = [QuantLoss=0.07881][QuantReg:0.40428]
[Twitter] Starting epoch 97...
[Twitter] Elapsed training time:4.48s
[Twitter] Starting validation...
[Twitter] Elapsed validation time:0.24s
[Twitter] [Epoch=097] Train Loss=[QuantLoss=0.03716]Val loss = [QuantLoss=0.07358][QuantReg:0.40371]
[Twitter] Starting epoch 98...
[Twitter] Elapsed training time:4.45s
[Twitter] Starting validation...
[Twitter] Elapsed validation time:0.26s
[Twitter] [Epoch=098] Train Loss=[QuantLoss=0.03365]Val loss = [QuantLoss=0.06698][QuantReg:0.40198]
[Twitter] Starting epoch 99...
[Twitter] Elapsed training time:4.25s
[Twitter] Starting validation...
[Twitter] Elapsed validation time:0.24s
[Twitter] [Epoch=099] Train Loss=[QuantLoss=0.03370]Val loss = [QuantLoss=0.06512][QuantReg:0.40303]
[Twitter] Starting epoch 100...
[Twitter] Elapsed training time:4.25s
[Twitter] Starting validation...
[Twitter] Elapsed validation time:0.25s
[Twitter] [Epoch=100] Train Loss=[QuantLoss=0.03220]Val loss = [QuantLoss=0.07693][QuantReg:0.40336]
[Twitter] Starting epoch 101...
[Twitter] Elapsed training time:4.25s
[Twitter] Starting validation...
[Twitter] Elapsed validation time:0.23s
[Twitter] [Epoch=101] Train Loss=[QuantLoss=0.03064]Val loss = [QuantLoss=0.06636][QuantReg:0.40352]
[Twitter] Starting epoch 102...
[Twitter] Elapsed training time:4.23s
[Twitter] Starting validation...
[Twitter] Elapsed validation time:0.24s
[Twitter] [Epoch=102] Train Loss=[QuantLoss=0.03133]Val loss = [QuantLoss=0.06890][QuantReg:0.40139]
[Twitter] Starting epoch 103...
[Twitter] Elapsed training time:4.26s
[Twitter] Starting validation...
[Twitter] Elapsed validation time:0.23s
[Twitter] [Epoch=103] Train Loss=[QuantLoss=0.03174]Val loss = [QuantLoss=0.06401][QuantReg:0.40274]
[Twitter] Starting epoch 104...
[Twitter] Elapsed training time:4.30s
[Twitter] Starting validation...
[Twitter] Elapsed validation time:0.23s
[Twitter] [Epoch=104] Train Loss=[QuantLoss=0.03118]Val loss = [QuantLoss=0.06807][QuantReg:0.40378]
[Twitter] Starting epoch 105...
[Twitter] Elapsed training time:4.21s
[Twitter] Starting validation...
[Twitter] Elapsed validation time:0.23s
[Twitter] [Epoch=105] Train Loss=[QuantLoss=0.03295]Val loss = [QuantLoss=0.07593][QuantReg:0.40371]
[Twitter] Starting epoch 106...
[Twitter] Elapsed training time:4.32s
[Twitter] Starting validation...
[Twitter] Elapsed validation time:0.34s
[Twitter] [Epoch=106] Train Loss=[QuantLoss=0.03217]Val loss = [QuantLoss=0.06404][QuantReg:0.40207]
[Twitter] Starting epoch 107...
[Twitter] Elapsed training time:4.28s
[Twitter] Starting validation...
[Twitter] Elapsed validation time:0.35s
[Twitter] [Epoch=107] Train Loss=[QuantLoss=0.03188]Val loss = [QuantLoss=0.07754][QuantReg:0.40293]
[Twitter] Starting epoch 108...
[Twitter] Elapsed training time:4.30s
[Twitter] Starting validation...
[Twitter] Elapsed validation time:0.35s
[Twitter] [Epoch=108] Train Loss=[QuantLoss=0.03143]Val loss = [QuantLoss=0.05903][QuantReg:0.40422]
[Twitter] Starting epoch 109...
[Twitter] Elapsed training time:4.33s
[Twitter] Starting validation...
[Twitter] Elapsed validation time:0.35s
[Twitter] [Epoch=109] Train Loss=[QuantLoss=0.03241]Val loss = [QuantLoss=0.06021][QuantReg:0.40378]
[Twitter] Starting epoch 110...
[Twitter] Elapsed training time:4.39s
[Twitter] Starting validation...
[Twitter] Elapsed validation time:0.36s
[Twitter] [Epoch=110] Train Loss=[QuantLoss=0.03119]Val loss = [QuantLoss=0.06236][QuantReg:0.40119]
[Twitter] Starting epoch 111...
[Twitter] Elapsed training time:4.51s
[Twitter] Starting validation...
[Twitter] Elapsed validation time:0.37s
[Twitter] [Epoch=111] Train Loss=[QuantLoss=0.03154]Val loss = [QuantLoss=0.06170][QuantReg:0.40127]
[Twitter] Starting epoch 112...
[Twitter] Elapsed training time:4.53s
[Twitter] Starting validation...
[Twitter] Elapsed validation time:0.34s
[Twitter] [Epoch=112] Train Loss=[QuantLoss=0.03259]Val loss = [QuantLoss=0.06721][QuantReg:0.40034]
[Twitter] Starting epoch 113...
[Twitter] Elapsed training time:4.47s
[Twitter] Starting validation...
[Twitter] Elapsed validation time:0.35s
[Twitter] [Epoch=113] Train Loss=[QuantLoss=0.03140]Val loss = [QuantLoss=0.05435][QuantReg:0.40146]
[Twitter] Starting epoch 114...
[Twitter] Elapsed training time:4.48s
[Twitter] Starting validation...
[Twitter] Elapsed validation time:0.36s
[Twitter] [Epoch=114] Train Loss=[QuantLoss=0.03449]Val loss = [QuantLoss=0.06264][QuantReg:0.40230]
[Twitter] Starting epoch 115...
[Twitter] Elapsed training time:4.55s
[Twitter] Starting validation...
[Twitter] Elapsed validation time:0.35s
[Twitter] [Epoch=115] Train Loss=[QuantLoss=0.03506]Val loss = [QuantLoss=0.06888][QuantReg:0.40088]
[Twitter] Starting epoch 116...
[Twitter] Elapsed training time:4.34s
[Twitter] Starting validation...
[Twitter] Elapsed validation time:0.35s
[Twitter] [Epoch=116] Train Loss=[QuantLoss=0.03316]Val loss = [QuantLoss=0.06585][QuantReg:0.40262]
[Twitter] Starting epoch 117...
[Twitter] Elapsed training time:4.54s
[Twitter] Starting validation...
[Twitter] Elapsed validation time:0.37s
[Twitter] [Epoch=117] Train Loss=[QuantLoss=0.03240]Val loss = [QuantLoss=0.06271][QuantReg:0.40146]
[Twitter] Starting epoch 118...
[Twitter] Elapsed training time:4.44s
[Twitter] Starting validation...
[Twitter] Elapsed validation time:0.36s
[Twitter] [Epoch=118] Train Loss=[QuantLoss=0.02993]Val loss = [QuantLoss=0.06777][QuantReg:0.40345]
[Twitter] Starting epoch 119...
[Twitter] Elapsed training time:4.36s
[Twitter] Starting validation...
[Twitter] Elapsed validation time:0.37s
[Twitter] [Epoch=119] Train Loss=[QuantLoss=0.03037]Val loss = [QuantLoss=0.06016][QuantReg:0.40293]
[Twitter] Starting epoch 120...
[Twitter] Elapsed training time:4.51s
[Twitter] Starting validation...
[Twitter] Elapsed validation time:0.34s
[Twitter] [Epoch=120] Train Loss=[QuantLoss=0.02992]Val loss = [QuantLoss=0.05974][QuantReg:0.40286]
[Twitter] Starting epoch 121...
[Twitter] Elapsed training time:3.88s
[Twitter] Starting validation...
[Twitter] Elapsed validation time:0.29s
[Twitter] [Epoch=121] Train Loss=[QuantLoss=0.03067]Val loss = [QuantLoss=0.06869][QuantReg:0.40135]
[Twitter] Starting epoch 122...
[Twitter] Elapsed training time:3.78s
[Twitter] Starting validation...
[Twitter] Elapsed validation time:0.38s
[Twitter] [Epoch=122] Train Loss=[QuantLoss=0.03168]Val loss = [QuantLoss=0.06830][QuantReg:0.40035]
[Twitter] Starting epoch 123...
[Twitter] Elapsed training time:4.38s
[Twitter] Starting validation...
[Twitter] Elapsed validation time:0.35s
[Twitter] [Epoch=123] Train Loss=[QuantLoss=0.03332]Val loss = [QuantLoss=0.06466][QuantReg:0.40116]
[Twitter] Starting epoch 124...
[Twitter] Elapsed training time:4.34s
[Twitter] Starting validation...
[Twitter] Elapsed validation time:0.35s
[Twitter] [Epoch=124] Train Loss=[QuantLoss=0.03057]Val loss = [QuantLoss=0.05886][QuantReg:0.40046]
[Twitter] Starting epoch 125...
[Twitter] Elapsed training time:4.43s
[Twitter] Starting validation...
[Twitter] Elapsed validation time:0.35s
[Twitter] [Epoch=125] Train Loss=[QuantLoss=0.03165]Val loss = [QuantLoss=0.05978][QuantReg:0.40132]
[Twitter] Starting epoch 126...
[Twitter] Elapsed training time:4.35s
[Twitter] Starting validation...
[Twitter] Elapsed validation time:0.35s
[Twitter] [Epoch=126] Train Loss=[QuantLoss=0.03114]Val loss = [QuantLoss=0.06287][QuantReg:0.40072]
[Twitter] Starting epoch 127...
[Twitter] Elapsed training time:4.40s
[Twitter] Starting validation...
[Twitter] Elapsed validation time:0.35s
[Twitter] [Epoch=127] Train Loss=[QuantLoss=0.03285]Val loss = [QuantLoss=0.06999][QuantReg:0.40177]
[Twitter] Starting epoch 128...
[Twitter] Elapsed training time:4.44s
[Twitter] Starting validation...
[Twitter] Elapsed validation time:0.39s
[Twitter] [Epoch=128] Train Loss=[QuantLoss=0.02931]Val loss = [QuantLoss=0.06183][QuantReg:0.40080]
[Twitter] Starting epoch 129...
[Twitter] Elapsed training time:4.44s
[Twitter] Starting validation...
[Twitter] Elapsed validation time:0.36s
[Twitter] [Epoch=129] Train Loss=[QuantLoss=0.03107]Val loss = [QuantLoss=0.06320][QuantReg:0.40157]
[Twitter] Starting epoch 130...
[Twitter] Elapsed training time:4.50s
[Twitter] Starting validation...
[Twitter] Elapsed validation time:0.36s
[Twitter] [Epoch=130] Train Loss=[QuantLoss=0.02993]Val loss = [QuantLoss=0.06165][QuantReg:0.40071]
[Twitter] Starting epoch 131...
[Twitter] Elapsed training time:4.67s
[Twitter] Starting validation...
[Twitter] Elapsed validation time:0.33s
[Twitter] [Epoch=131] Train Loss=[QuantLoss=0.03279]Val loss = [QuantLoss=0.06767][QuantReg:0.40024]
[Twitter] Starting epoch 132...
[Twitter] Elapsed training time:4.96s
[Twitter] Starting validation...
[Twitter] Elapsed validation time:0.34s
[Twitter] [Epoch=132] Train Loss=[QuantLoss=0.02987]Val loss = [QuantLoss=0.05218][QuantReg:0.40130]
[Twitter] Starting epoch 133...
[Twitter] Elapsed training time:4.87s
[Twitter] Starting validation...
[Twitter] Elapsed validation time:0.34s
[Twitter] [Epoch=133] Train Loss=[QuantLoss=0.03332]Val loss = [QuantLoss=0.06638][QuantReg:0.40185]
[Twitter] Starting epoch 134...
[Twitter] Elapsed training time:5.00s
[Twitter] Starting validation...
[Twitter] Elapsed validation time:0.32s
[Twitter] [Epoch=134] Train Loss=[QuantLoss=0.03009]Val loss = [QuantLoss=0.04711][QuantReg:0.40250]
[Twitter] Starting epoch 135...
[Twitter] Elapsed training time:4.79s
[Twitter] Starting validation...
[Twitter] Elapsed validation time:0.31s
[Twitter] [Epoch=135] Train Loss=[QuantLoss=0.02891]Val loss = [QuantLoss=0.05316][QuantReg:0.40168]
[Twitter] Starting epoch 136...
[Twitter] Elapsed training time:4.60s
[Twitter] Starting validation...
[Twitter] Elapsed validation time:0.31s
[Twitter] [Epoch=136] Train Loss=[QuantLoss=0.03009]Val loss = [QuantLoss=0.04765][QuantReg:0.40116]
[Twitter] Starting epoch 137...
[Twitter] Elapsed training time:4.74s
[Twitter] Starting validation...
[Twitter] Elapsed validation time:0.32s
[Twitter] [Epoch=137] Train Loss=[QuantLoss=0.03311]Val loss = [QuantLoss=0.06405][QuantReg:0.40123]
[Twitter] Starting epoch 138...
[Twitter] Elapsed training time:4.41s
[Twitter] Starting validation...
[Twitter] Elapsed validation time:0.35s
[Twitter] [Epoch=138] Train Loss=[QuantLoss=0.03251]Val loss = [QuantLoss=0.04993][QuantReg:0.40320]
[Twitter] Starting epoch 139...
[Twitter] Elapsed training time:4.40s
[Twitter] Starting validation...
[Twitter] Elapsed validation time:0.25s
[Twitter] [Epoch=139] Train Loss=[QuantLoss=0.03133]Val loss = [QuantLoss=0.05078][QuantReg:0.40258]
[Twitter] Starting epoch 140...
[Twitter] Elapsed training time:4.32s
[Twitter] Starting validation...
[Twitter] Elapsed validation time:0.24s
[Twitter] [Epoch=140] Train Loss=[QuantLoss=0.03065]Val loss = [QuantLoss=0.05934][QuantReg:0.40097]
[Twitter] Early stopping in epoch 140!
[Twitter] Restoring best model...
MAE médio por bag: 0.0561 ± 0.0281
Salvo em resultados_sanders/resultados_twitter_bert_l1_easiest_1.csv
