Dataset: /home/nildaimon/gmnet/experiments/train_curl/Datasets/Sanders/twitter-sanders-apple3.csv
Dificuldade: metric=None, mode=None, top_k=None
Rodada: 4
Salvar resultados em: resultados_sanders
Dispositivo de treino: cpu
Carregando e processando dataset Twitter
Carregando embeddings do cache...
Ignoring val_split as train and val datasets where given to fit function
We have two datasets: training 1092 examples. validation 100 examples.]
Using device cpu
[Twitter] Starting epoch 0...
[Twitter] Elapsed training time:5.09s
[Twitter] Starting validation...
[Twitter] Elapsed validation time:0.24s
[Twitter] [Epoch=000] Train Loss=[QuantLoss=0.05486]Val loss = [QuantLoss=0.02195][QuantReg:0.41260][saved best model in this epoch]
[Twitter] Starting epoch 1...
[Twitter] Elapsed training time:4.85s
[Twitter] Starting validation...
[Twitter] Elapsed validation time:0.19s
[Twitter] [Epoch=001] Train Loss=[QuantLoss=0.03537]Val loss = [QuantLoss=0.00542][QuantReg:0.42989][saved best model in this epoch]
[Twitter] Starting epoch 2...
[Twitter] Elapsed training time:4.91s
[Twitter] Starting validation...
[Twitter] Elapsed validation time:0.23s
[Twitter] [Epoch=002] Train Loss=[QuantLoss=0.03003]Val loss = [QuantLoss=0.03163][QuantReg:0.38961]
[Twitter] Starting epoch 3...
[Twitter] Elapsed training time:5.01s
[Twitter] Starting validation...
[Twitter] Elapsed validation time:0.22s
[Twitter] [Epoch=003] Train Loss=[QuantLoss=0.03077]Val loss = [QuantLoss=0.04356][QuantReg:0.39902]
[Twitter] Starting epoch 4...
[Twitter] Elapsed training time:4.80s
[Twitter] Starting validation...
[Twitter] Elapsed validation time:0.22s
[Twitter] [Epoch=004] Train Loss=[QuantLoss=0.02731]Val loss = [QuantLoss=0.02231][QuantReg:0.41106]
[Twitter] Starting epoch 5...
[Twitter] Elapsed training time:4.82s
[Twitter] Starting validation...
[Twitter] Elapsed validation time:0.24s
[Twitter] [Epoch=005] Train Loss=[QuantLoss=0.02621]Val loss = [QuantLoss=0.03236][QuantReg:0.41466]
[Twitter] Starting epoch 6...
[Twitter] Elapsed training time:5.10s
[Twitter] Starting validation...
[Twitter] Elapsed validation time:0.22s
[Twitter] [Epoch=006] Train Loss=[QuantLoss=0.02611]Val loss = [QuantLoss=0.00841][QuantReg:0.42305]
[Twitter] Starting epoch 7...
[Twitter] Elapsed training time:4.87s
[Twitter] Starting validation...
[Twitter] Elapsed validation time:0.23s
[Twitter] [Epoch=007] Train Loss=[QuantLoss=0.02683]Val loss = [QuantLoss=0.02348][QuantReg:0.45210]
[Twitter] Starting epoch 8...
[Twitter] Elapsed training time:4.70s
[Twitter] Starting validation...
[Twitter] Elapsed validation time:0.25s
[Twitter] [Epoch=008] Train Loss=[QuantLoss=0.02504]Val loss = [QuantLoss=0.01782][QuantReg:0.44539]
[Twitter] Starting epoch 9...
[Twitter] Elapsed training time:4.73s
[Twitter] Starting validation...
[Twitter] Elapsed validation time:0.22s
[Twitter] [Epoch=009] Train Loss=[QuantLoss=0.02433]Val loss = [QuantLoss=0.01965][QuantReg:0.41218]
[Twitter] Starting epoch 10...
[Twitter] Elapsed training time:4.95s
[Twitter] Starting validation...
[Twitter] Elapsed validation time:0.22s
[Twitter] [Epoch=010] Train Loss=[QuantLoss=0.02382]Val loss = [QuantLoss=0.03778][QuantReg:0.41458]
[Twitter] Starting epoch 11...
[Twitter] Elapsed training time:4.82s
[Twitter] Starting validation...
[Twitter] Elapsed validation time:0.21s
[Twitter] [Epoch=011] Train Loss=[QuantLoss=0.02146]Val loss = [QuantLoss=0.00994][QuantReg:0.44092]
[Twitter] Starting epoch 12...
[Twitter] Elapsed training time:4.49s
[Twitter] Starting validation...
[Twitter] Elapsed validation time:0.28s
[Twitter] [Epoch=012] Train Loss=[QuantLoss=0.02219]Val loss = [QuantLoss=0.01258][QuantReg:0.44865]
[Twitter] Starting epoch 13...
[Twitter] Elapsed training time:4.35s
[Twitter] Starting validation...
[Twitter] Elapsed validation time:0.24s
[Twitter] [Epoch=013] Train Loss=[QuantLoss=0.02243]Val loss = [QuantLoss=0.01966][QuantReg:0.42720]
[Twitter] Starting epoch 14...
[Twitter] Elapsed training time:4.24s
[Twitter] Starting validation...
[Twitter] Elapsed validation time:0.24s
[Twitter] [Epoch=014] Train Loss=[QuantLoss=0.02090]Val loss = [QuantLoss=0.04343][QuantReg:0.41998]
[Twitter] Starting epoch 15...
[Twitter] Elapsed training time:4.23s
[Twitter] Starting validation...
[Twitter] Elapsed validation time:0.27s
[Twitter] [Epoch=015] Train Loss=[QuantLoss=0.02011]Val loss = [QuantLoss=0.05092][QuantReg:0.40589]
[Twitter] Starting epoch 16...
[Twitter] Elapsed training time:4.30s
[Twitter] Starting validation...
[Twitter] Elapsed validation time:0.26s
[Twitter] [Epoch=016] Train Loss=[QuantLoss=0.02084]Val loss = [QuantLoss=0.01939][QuantReg:0.41194]
[Twitter] Starting epoch 17...
[Twitter] Elapsed training time:4.17s
[Twitter] Starting validation...
[Twitter] Elapsed validation time:0.23s
[Twitter] [Epoch=017] Train Loss=[QuantLoss=0.02273]Val loss = [QuantLoss=0.07633][QuantReg:0.40726]
[Twitter] Starting epoch 18...
[Twitter] Elapsed training time:4.32s
[Twitter] Starting validation...
[Twitter] Elapsed validation time:0.24s
[Twitter] [Epoch=018] Train Loss=[QuantLoss=0.02074]Val loss = [QuantLoss=0.02408][QuantReg:0.38734]
[Twitter] Starting epoch 19...
[Twitter] Elapsed training time:4.30s
[Twitter] Starting validation...
[Twitter] Elapsed validation time:0.26s
[Twitter] [Epoch=019] Train Loss=[QuantLoss=0.02229]Val loss = [QuantLoss=0.05854][QuantReg:0.39188]
[Twitter] Starting epoch 20...
[Twitter] Elapsed training time:4.19s
[Twitter] Starting validation...
[Twitter] Elapsed validation time:0.24s
[Twitter] [Epoch=020] Train Loss=[QuantLoss=0.02262]Val loss = [QuantLoss=0.01008][QuantReg:0.38817]
[Twitter] Starting epoch 21...
[Twitter] Elapsed training time:4.37s
[Twitter] Starting validation...
[Twitter] Elapsed validation time:0.23s
[Twitter] [Epoch=021] Train Loss=[QuantLoss=0.01929]Val loss = [QuantLoss=0.03700][QuantReg:0.37934]
[Twitter] Starting epoch 22...
[Twitter] Elapsed training time:4.31s
[Twitter] Starting validation...
[Twitter] Elapsed validation time:0.28s
[Twitter] [Epoch=022] Train Loss=[QuantLoss=0.02019]Val loss = [QuantLoss=0.07202][QuantReg:0.38396]
[Twitter] Starting epoch 23...
[Twitter] Elapsed training time:4.38s
[Twitter] Starting validation...
[Twitter] Elapsed validation time:0.26s
[Twitter] [Epoch=023] Train Loss=[QuantLoss=0.02111]Val loss = [QuantLoss=0.03318][QuantReg:0.38791]
[Twitter] Starting epoch 24...
[Twitter] Elapsed training time:4.25s
[Twitter] Starting validation...
[Twitter] Elapsed validation time:0.25s
[Twitter] [Epoch=024] Train Loss=[QuantLoss=0.01731]Val loss = [QuantLoss=0.04152][QuantReg:0.39106]
[Twitter] Starting epoch 25...
[Twitter] Elapsed training time:4.18s
[Twitter] Starting validation...
[Twitter] Elapsed validation time:0.23s
[Twitter] [Epoch=025] Train Loss=[QuantLoss=0.01727]Val loss = [QuantLoss=0.02345][QuantReg:0.38538]
[Twitter] Starting epoch 26...
[Twitter] Elapsed training time:4.33s
[Twitter] Starting validation...
[Twitter] Elapsed validation time:0.35s
[Twitter] [Epoch=026] Train Loss=[QuantLoss=0.01707]Val loss = [QuantLoss=0.01789][QuantReg:0.38122]
[Twitter] Starting epoch 27...
[Twitter] Elapsed training time:4.17s
[Twitter] Starting validation...
[Twitter] Elapsed validation time:0.38s
[Twitter] [Epoch=027] Train Loss=[QuantLoss=0.01754]Val loss = [QuantLoss=0.01511][QuantReg:0.38291]
[Twitter] Starting epoch 28...
[Twitter] Elapsed training time:4.33s
[Twitter] Starting validation...
[Twitter] Elapsed validation time:0.35s
[Twitter] [Epoch=028] Train Loss=[QuantLoss=0.01669]Val loss = [QuantLoss=0.00914][QuantReg:0.38473]
[Twitter] Starting epoch 29...
[Twitter] Elapsed training time:4.30s
[Twitter] Starting validation...
[Twitter] Elapsed validation time:0.36s
[Twitter] [Epoch=029] Train Loss=[QuantLoss=0.01649]Val loss = [QuantLoss=0.01033][QuantReg:0.38435]
[Twitter] Starting epoch 30...
[Twitter] Elapsed training time:4.42s
[Twitter] Starting validation...
[Twitter] Elapsed validation time:0.36s
[Twitter] [Epoch=030] Train Loss=[QuantLoss=0.01729]Val loss = [QuantLoss=0.01138][QuantReg:0.37713]
[Twitter] Starting epoch 31...
[Twitter] Elapsed training time:4.33s
[Twitter] Starting validation...
[Twitter] Elapsed validation time:0.37s
[Twitter] [Epoch=031] Train Loss=[QuantLoss=0.01664]Val loss = [QuantLoss=0.02446][QuantReg:0.37849]
[Twitter] Starting epoch 32...
[Twitter] Elapsed training time:4.34s
[Twitter] Starting validation...
[Twitter] Elapsed validation time:0.36s
[Twitter] [Epoch=032] Train Loss=[QuantLoss=0.01787]Val loss = [QuantLoss=0.01637][QuantReg:0.37882]
[Twitter] Starting epoch 33...
[Twitter] Elapsed training time:4.36s
[Twitter] Starting validation...
[Twitter] Elapsed validation time:0.37s
[Twitter] [Epoch=033] Train Loss=[QuantLoss=0.01473]Val loss = [QuantLoss=0.00541][QuantReg:0.38015][saved best model in this epoch]
[Twitter] Starting epoch 34...
[Twitter] Elapsed training time:4.30s
[Twitter] Starting validation...
[Twitter] Elapsed validation time:0.36s
[Twitter] [Epoch=034] Train Loss=[QuantLoss=0.01655]Val loss = [QuantLoss=0.01113][QuantReg:0.38453]
[Twitter] Starting epoch 35...
[Twitter] Elapsed training time:4.38s
[Twitter] Starting validation...
[Twitter] Elapsed validation time:0.35s
[Twitter] [Epoch=035] Train Loss=[QuantLoss=0.01673]Val loss = [QuantLoss=0.03215][QuantReg:0.38504]
[Twitter] Starting epoch 36...
[Twitter] Elapsed training time:4.32s
[Twitter] Starting validation...
[Twitter] Elapsed validation time:0.36s
[Twitter] [Epoch=036] Train Loss=[QuantLoss=0.01618]Val loss = [QuantLoss=0.02174][QuantReg:0.39378]
[Twitter] Starting epoch 37...
[Twitter] Elapsed training time:4.46s
[Twitter] Starting validation...
[Twitter] Elapsed validation time:0.36s
[Twitter] [Epoch=037] Train Loss=[QuantLoss=0.01634]Val loss = [QuantLoss=0.03677][QuantReg:0.38608]
[Twitter] Starting epoch 38...
[Twitter] Elapsed training time:4.39s
[Twitter] Starting validation...
[Twitter] Elapsed validation time:0.36s
[Twitter] [Epoch=038] Train Loss=[QuantLoss=0.01563]Val loss = [QuantLoss=0.01038][QuantReg:0.38343]
[Twitter] Starting epoch 39...
[Twitter] Elapsed training time:4.36s
[Twitter] Starting validation...
[Twitter] Elapsed validation time:0.38s
[Twitter] [Epoch=039] Train Loss=[QuantLoss=0.01495]Val loss = [QuantLoss=0.01976][QuantReg:0.38406]
[Twitter] Starting epoch 40...
[Twitter] Elapsed training time:4.43s
[Twitter] Starting validation...
[Twitter] Elapsed validation time:0.37s
[Twitter] [Epoch=040] Train Loss=[QuantLoss=0.01602]Val loss = [QuantLoss=0.02416][QuantReg:0.39820]
[Twitter] Starting epoch 41...
[Twitter] Elapsed training time:4.60s
[Twitter] Starting validation...
[Twitter] Elapsed validation time:0.35s
[Twitter] [Epoch=041] Train Loss=[QuantLoss=0.01709]Val loss = [QuantLoss=0.02681][QuantReg:0.39665]
[Twitter] Starting epoch 42...
[Twitter] Elapsed training time:4.62s
[Twitter] Starting validation...
[Twitter] Elapsed validation time:0.36s
[Twitter] [Epoch=042] Train Loss=[QuantLoss=0.01524]Val loss = [QuantLoss=0.01770][QuantReg:0.39037]
[Twitter] Starting epoch 43...
[Twitter] Elapsed training time:4.52s
[Twitter] Starting validation...
[Twitter] Elapsed validation time:0.34s
[Twitter] [Epoch=043] Train Loss=[QuantLoss=0.01441]Val loss = [QuantLoss=0.01441][QuantReg:0.39105]
[Twitter] Starting epoch 44...
[Twitter] Elapsed training time:4.65s
[Twitter] Starting validation...
[Twitter] Elapsed validation time:0.34s
[Twitter] [Epoch=044] Train Loss=[QuantLoss=0.01741]Val loss = [QuantLoss=0.01659][QuantReg:0.39881]
[Twitter] Starting epoch 45...
[Twitter] Elapsed training time:4.42s
[Twitter] Starting validation...
[Twitter] Elapsed validation time:0.35s
[Twitter] [Epoch=045] Train Loss=[QuantLoss=0.01560]Val loss = [QuantLoss=0.02204][QuantReg:0.39049]
[Twitter] Starting epoch 46...
[Twitter] Elapsed training time:4.38s
[Twitter] Starting validation...
[Twitter] Elapsed validation time:0.36s
[Twitter] [Epoch=046] Train Loss=[QuantLoss=0.01555]Val loss = [QuantLoss=0.01883][QuantReg:0.38899]
[Twitter] Starting epoch 47...
[Twitter] Elapsed training time:4.45s
[Twitter] Starting validation...
[Twitter] Elapsed validation time:0.35s
[Twitter] [Epoch=047] Train Loss=[QuantLoss=0.01646]Val loss = [QuantLoss=0.02617][QuantReg:0.38679]
[Twitter] Starting epoch 48...
[Twitter] Elapsed training time:4.47s
[Twitter] Starting validation...
[Twitter] Elapsed validation time:0.37s
[Twitter] [Epoch=048] Train Loss=[QuantLoss=0.01684]Val loss = [QuantLoss=0.01811][QuantReg:0.39413]
[Twitter] Starting epoch 49...
[Twitter] Elapsed training time:4.40s
[Twitter] Starting validation...
[Twitter] Elapsed validation time:0.38s
[Twitter] [Epoch=049] Train Loss=[QuantLoss=0.01524]Val loss = [QuantLoss=0.01402][QuantReg:0.40107]
[Twitter] Starting epoch 50...
[Twitter] Elapsed training time:4.51s
[Twitter] Starting validation...
[Twitter] Elapsed validation time:0.34s
[Twitter] [Epoch=050] Train Loss=[QuantLoss=0.01592]Val loss = [QuantLoss=0.02243][QuantReg:0.39599]
[Twitter] Starting epoch 51...
[Twitter] Elapsed training time:4.87s
[Twitter] Starting validation...
[Twitter] Elapsed validation time:0.33s
[Twitter] [Epoch=051] Train Loss=[QuantLoss=0.01499]Val loss = [QuantLoss=0.02228][QuantReg:0.39896]
[Twitter] Starting epoch 52...
[Twitter] Elapsed training time:4.70s
[Twitter] Starting validation...
[Twitter] Elapsed validation time:0.33s
[Twitter] [Epoch=052] Train Loss=[QuantLoss=0.01540]Val loss = [QuantLoss=0.02992][QuantReg:0.39699]
[Twitter] Starting epoch 53...
[Twitter] Elapsed training time:5.01s
[Twitter] Starting validation...
[Twitter] Elapsed validation time:0.34s
[Twitter] [Epoch=053] Train Loss=[QuantLoss=0.01614]Val loss = [QuantLoss=0.02702][QuantReg:0.39025]
[Twitter] Starting epoch 54...
[Twitter] Elapsed training time:4.78s
[Twitter] Starting validation...
[Twitter] Elapsed validation time:0.30s
[Twitter] [Epoch=054] Train Loss=[QuantLoss=0.01762]Val loss = [QuantLoss=0.01445][QuantReg:0.39323]
[Twitter] Starting epoch 55...
[Twitter] Elapsed training time:4.66s
[Twitter] Starting validation...
[Twitter] Elapsed validation time:0.31s
[Twitter] [Epoch=055] Train Loss=[QuantLoss=0.01485]Val loss = [QuantLoss=0.01760][QuantReg:0.39456]
[Twitter] Starting epoch 56...
[Twitter] Elapsed training time:4.56s
[Twitter] Starting validation...
[Twitter] Elapsed validation time:0.29s
[Twitter] [Epoch=056] Train Loss=[QuantLoss=0.01370]Val loss = [QuantLoss=0.01679][QuantReg:0.39210]
[Twitter] Starting epoch 57...
[Twitter] Elapsed training time:4.53s
[Twitter] Starting validation...
[Twitter] Elapsed validation time:0.35s
[Twitter] [Epoch=057] Train Loss=[QuantLoss=0.01503]Val loss = [QuantLoss=0.01457][QuantReg:0.39360]
[Twitter] Starting epoch 58...
[Twitter] Elapsed training time:4.34s
[Twitter] Starting validation...
[Twitter] Elapsed validation time:0.37s
[Twitter] [Epoch=058] Train Loss=[QuantLoss=0.01474]Val loss = [QuantLoss=0.02073][QuantReg:0.39526]
[Twitter] Starting epoch 59...
[Twitter] Elapsed training time:4.33s
[Twitter] Starting validation...
[Twitter] Elapsed validation time:0.36s
[Twitter] [Epoch=059] Train Loss=[QuantLoss=0.01373]Val loss = [QuantLoss=0.02046][QuantReg:0.39000]
[Twitter] Starting epoch 60...
[Twitter] Elapsed training time:4.50s
[Twitter] Starting validation...
[Twitter] Elapsed validation time:0.36s
[Twitter] [Epoch=060] Train Loss=[QuantLoss=0.01468]Val loss = [QuantLoss=0.01912][QuantReg:0.39281]
[Twitter] Starting epoch 61...
[Twitter] Elapsed training time:4.54s
[Twitter] Starting validation...
[Twitter] Elapsed validation time:0.25s
[Twitter] [Epoch=061] Train Loss=[QuantLoss=0.01475]Val loss = [QuantLoss=0.02422][QuantReg:0.39459]
[Twitter] Starting epoch 62...
[Twitter] Elapsed training time:4.34s
[Twitter] Starting validation...
[Twitter] Elapsed validation time:0.25s
[Twitter] [Epoch=062] Train Loss=[QuantLoss=0.01494]Val loss = [QuantLoss=0.02689][QuantReg:0.39356]
[Twitter] Starting epoch 63...
[Twitter] Elapsed training time:4.29s
[Twitter] Starting validation...
[Twitter] Elapsed validation time:0.23s
[Twitter] [Epoch=063] Train Loss=[QuantLoss=0.01415]Val loss = [QuantLoss=0.03318][QuantReg:0.39598]
[Twitter] Starting epoch 64...
[Twitter] Elapsed training time:4.40s
[Twitter] Starting validation...
[Twitter] Elapsed validation time:0.25s
[Twitter] [Epoch=064] Train Loss=[QuantLoss=0.01293]Val loss = [QuantLoss=0.02331][QuantReg:0.39468]
[Twitter] Starting epoch 65...
[Twitter] Elapsed training time:4.39s
[Twitter] Starting validation...
[Twitter] Elapsed validation time:0.23s
[Twitter] [Epoch=065] Train Loss=[QuantLoss=0.01462]Val loss = [QuantLoss=0.02731][QuantReg:0.39316]
[Twitter] Starting epoch 66...
[Twitter] Elapsed training time:4.47s
[Twitter] Starting validation...
[Twitter] Elapsed validation time:0.24s
[Twitter] [Epoch=066] Train Loss=[QuantLoss=0.01462]Val loss = [QuantLoss=0.02496][QuantReg:0.39825]
[Twitter] Starting epoch 67...
[Twitter] Elapsed training time:4.35s
[Twitter] Starting validation...
[Twitter] Elapsed validation time:0.24s
[Twitter] [Epoch=067] Train Loss=[QuantLoss=0.01424]Val loss = [QuantLoss=0.01792][QuantReg:0.39797]
[Twitter] Starting epoch 68...
[Twitter] Elapsed training time:4.60s
[Twitter] Starting validation...
[Twitter] Elapsed validation time:0.26s
[Twitter] [Epoch=068] Train Loss=[QuantLoss=0.01327]Val loss = [QuantLoss=0.02213][QuantReg:0.39619]
[Twitter] Starting epoch 69...
[Twitter] Elapsed training time:4.46s
[Twitter] Starting validation...
[Twitter] Elapsed validation time:0.26s
[Twitter] [Epoch=069] Train Loss=[QuantLoss=0.01391]Val loss = [QuantLoss=0.01721][QuantReg:0.39799]
[Twitter] Starting epoch 70...
[Twitter] Elapsed training time:4.42s
[Twitter] Starting validation...
[Twitter] Elapsed validation time:0.24s
[Twitter] [Epoch=070] Train Loss=[QuantLoss=0.01425]Val loss = [QuantLoss=0.02331][QuantReg:0.39853]
[Twitter] Starting epoch 71...
[Twitter] Elapsed training time:4.22s
[Twitter] Starting validation...
[Twitter] Elapsed validation time:0.24s
[Twitter] [Epoch=071] Train Loss=[QuantLoss=0.01356]Val loss = [QuantLoss=0.02396][QuantReg:0.39676]
[Twitter] Starting epoch 72...
[Twitter] Elapsed training time:4.27s
[Twitter] Starting validation...
[Twitter] Elapsed validation time:0.23s
[Twitter] [Epoch=072] Train Loss=[QuantLoss=0.01387]Val loss = [QuantLoss=0.02751][QuantReg:0.39886]
[Twitter] Starting epoch 73...
[Twitter] Elapsed training time:4.35s
[Twitter] Starting validation...
[Twitter] Elapsed validation time:0.23s
[Twitter] [Epoch=073] Train Loss=[QuantLoss=0.01441]Val loss = [QuantLoss=0.03118][QuantReg:0.39552]
[Twitter] Starting epoch 74...
[Twitter] Elapsed training time:4.36s
[Twitter] Starting validation...
[Twitter] Elapsed validation time:0.24s
[Twitter] [Epoch=074] Train Loss=[QuantLoss=0.01494]Val loss = [QuantLoss=0.02467][QuantReg:0.40202]
[Twitter] Starting epoch 75...
[Twitter] Elapsed training time:4.40s
[Twitter] Starting validation...
[Twitter] Elapsed validation time:0.26s
[Twitter] [Epoch=075] Train Loss=[QuantLoss=0.01404]Val loss = [QuantLoss=0.02309][QuantReg:0.40451]
[Twitter] Starting epoch 76...
[Twitter] Elapsed training time:4.50s
[Twitter] Starting validation...
[Twitter] Elapsed validation time:0.22s
[Twitter] [Epoch=076] Train Loss=[QuantLoss=0.01471]Val loss = [QuantLoss=0.02482][QuantReg:0.40315]
[Twitter] Starting epoch 77...
[Twitter] Elapsed training time:4.38s
[Twitter] Starting validation...
[Twitter] Elapsed validation time:0.23s
[Twitter] [Epoch=077] Train Loss=[QuantLoss=0.01352]Val loss = [QuantLoss=0.02219][QuantReg:0.39688]
[Twitter] Starting epoch 78...
[Twitter] Elapsed training time:4.50s
[Twitter] Starting validation...
[Twitter] Elapsed validation time:0.24s
[Twitter] [Epoch=078] Train Loss=[QuantLoss=0.01380]Val loss = [QuantLoss=0.02344][QuantReg:0.40041]
[Twitter] Starting epoch 79...
[Twitter] Elapsed training time:4.34s
[Twitter] Starting validation...
[Twitter] Elapsed validation time:0.25s
[Twitter] [Epoch=079] Train Loss=[QuantLoss=0.01497]Val loss = [QuantLoss=0.02675][QuantReg:0.40160]
[Twitter] Starting epoch 80...
[Twitter] Elapsed training time:4.46s
[Twitter] Starting validation...
[Twitter] Elapsed validation time:0.23s
[Twitter] [Epoch=080] Train Loss=[QuantLoss=0.01436]Val loss = [QuantLoss=0.01453][QuantReg:0.39936]
[Twitter] Starting epoch 81...
[Twitter] Elapsed training time:4.59s
[Twitter] Starting validation...
[Twitter] Elapsed validation time:0.25s
[Twitter] [Epoch=081] Train Loss=[QuantLoss=0.01304]Val loss = [QuantLoss=0.02621][QuantReg:0.39601]
[Twitter] Starting epoch 82...
[Twitter] Elapsed training time:4.24s
[Twitter] Starting validation...
[Twitter] Elapsed validation time:0.24s
[Twitter] [Epoch=082] Train Loss=[QuantLoss=0.01224]Val loss = [QuantLoss=0.02295][QuantReg:0.39487]
[Twitter] Starting epoch 83...
[Twitter] Elapsed training time:4.55s
[Twitter] Starting validation...
[Twitter] Elapsed validation time:0.23s
[Twitter] [Epoch=083] Train Loss=[QuantLoss=0.01418]Val loss = [QuantLoss=0.01805][QuantReg:0.39914]
[Twitter] Starting epoch 84...
[Twitter] Elapsed training time:4.36s
[Twitter] Starting validation...
[Twitter] Elapsed validation time:0.19s
[Twitter] [Epoch=084] Train Loss=[QuantLoss=0.01279]Val loss = [QuantLoss=0.01298][QuantReg:0.40250]
[Twitter] Starting epoch 85...
[Twitter] Elapsed training time:4.49s
[Twitter] Starting validation...
[Twitter] Elapsed validation time:0.20s
[Twitter] [Epoch=085] Train Loss=[QuantLoss=0.01331]Val loss = [QuantLoss=0.02568][QuantReg:0.39827]
[Twitter] Starting epoch 86...
[Twitter] Elapsed training time:4.53s
[Twitter] Starting validation...
[Twitter] Elapsed validation time:0.21s
[Twitter] [Epoch=086] Train Loss=[QuantLoss=0.01204]Val loss = [QuantLoss=0.03366][QuantReg:0.39892]
[Twitter] Starting epoch 87...
[Twitter] Elapsed training time:4.72s
[Twitter] Starting validation...
[Twitter] Elapsed validation time:0.23s
[Twitter] [Epoch=087] Train Loss=[QuantLoss=0.01237]Val loss = [QuantLoss=0.02981][QuantReg:0.40070]
[Twitter] Starting epoch 88...
[Twitter] Elapsed training time:5.04s
[Twitter] Starting validation...
[Twitter] Elapsed validation time:0.21s
[Twitter] [Epoch=088] Train Loss=[QuantLoss=0.01288]Val loss = [QuantLoss=0.03559][QuantReg:0.39684]
[Twitter] Starting epoch 89...
[Twitter] Elapsed training time:5.06s
[Twitter] Starting validation...
[Twitter] Elapsed validation time:0.21s
[Twitter] [Epoch=089] Train Loss=[QuantLoss=0.01294]Val loss = [QuantLoss=0.02578][QuantReg:0.39689]
[Twitter] Starting epoch 90...
[Twitter] Elapsed training time:4.77s
[Twitter] Starting validation...
[Twitter] Elapsed validation time:0.21s
[Twitter] [Epoch=090] Train Loss=[QuantLoss=0.01316]Val loss = [QuantLoss=0.01652][QuantReg:0.39662]
[Twitter] Starting epoch 91...
[Twitter] Elapsed training time:4.61s
[Twitter] Starting validation...
[Twitter] Elapsed validation time:0.23s
[Twitter] [Epoch=091] Train Loss=[QuantLoss=0.01198]Val loss = [QuantLoss=0.01831][QuantReg:0.39920]
[Twitter] Starting epoch 92...
[Twitter] Elapsed training time:4.76s
[Twitter] Starting validation...
[Twitter] Elapsed validation time:0.26s
[Twitter] [Epoch=092] Train Loss=[QuantLoss=0.01303]Val loss = [QuantLoss=0.02713][QuantReg:0.39987]
[Twitter] Starting epoch 93...
[Twitter] Elapsed training time:4.24s
[Twitter] Starting validation...
[Twitter] Elapsed validation time:0.24s
[Twitter] [Epoch=093] Train Loss=[QuantLoss=0.01328]Val loss = [QuantLoss=0.02315][QuantReg:0.40033]
[Twitter] Starting epoch 94...
[Twitter] Elapsed training time:4.24s
[Twitter] Starting validation...
[Twitter] Elapsed validation time:0.26s
[Twitter] [Epoch=094] Train Loss=[QuantLoss=0.01269]Val loss = [QuantLoss=0.02476][QuantReg:0.40462]
[Twitter] Starting epoch 95...
[Twitter] Elapsed training time:4.25s
[Twitter] Starting validation...
[Twitter] Elapsed validation time:0.27s
[Twitter] [Epoch=095] Train Loss=[QuantLoss=0.01296]Val loss = [QuantLoss=0.02384][QuantReg:0.40694]
[Twitter] Starting epoch 96...
[Twitter] Elapsed training time:4.25s
[Twitter] Starting validation...
[Twitter] Elapsed validation time:0.25s
[Twitter] [Epoch=096] Train Loss=[QuantLoss=0.01221]Val loss = [QuantLoss=0.02764][QuantReg:0.40325]
[Twitter] Starting epoch 97...
[Twitter] Elapsed training time:4.32s
[Twitter] Starting validation...
[Twitter] Elapsed validation time:0.25s
[Twitter] [Epoch=097] Train Loss=[QuantLoss=0.01275]Val loss = [QuantLoss=0.03591][QuantReg:0.39988]
[Twitter] Starting epoch 98...
[Twitter] Elapsed training time:4.22s
[Twitter] Starting validation...
[Twitter] Elapsed validation time:0.37s
[Twitter] [Epoch=098] Train Loss=[QuantLoss=0.01192]Val loss = [QuantLoss=0.03123][QuantReg:0.39812]
[Twitter] Starting epoch 99...
[Twitter] Elapsed training time:4.31s
[Twitter] Starting validation...
[Twitter] Elapsed validation time:0.25s
[Twitter] [Epoch=099] Train Loss=[QuantLoss=0.01225]Val loss = [QuantLoss=0.02835][QuantReg:0.39797]
[Twitter] Starting epoch 100...
[Twitter] Elapsed training time:4.31s
[Twitter] Starting validation...
[Twitter] Elapsed validation time:0.35s
[Twitter] [Epoch=100] Train Loss=[QuantLoss=0.01297]Val loss = [QuantLoss=0.02099][QuantReg:0.39795]
[Twitter] Starting epoch 101...
[Twitter] Elapsed training time:4.43s
[Twitter] Starting validation...
[Twitter] Elapsed validation time:0.25s
[Twitter] [Epoch=101] Train Loss=[QuantLoss=0.01254]Val loss = [QuantLoss=0.02185][QuantReg:0.39414]
[Twitter] Starting epoch 102...
[Twitter] Elapsed training time:4.33s
[Twitter] Starting validation...
[Twitter] Elapsed validation time:0.35s
[Twitter] [Epoch=102] Train Loss=[QuantLoss=0.01222]Val loss = [QuantLoss=0.02241][QuantReg:0.39357]
[Twitter] Starting epoch 103...
[Twitter] Elapsed training time:4.25s
[Twitter] Starting validation...
[Twitter] Elapsed validation time:0.37s
[Twitter] [Epoch=103] Train Loss=[QuantLoss=0.01200]Val loss = [QuantLoss=0.02246][QuantReg:0.39433]
[Twitter] Starting epoch 104...
[Twitter] Elapsed training time:4.48s
[Twitter] Starting validation...
[Twitter] Elapsed validation time:0.35s
[Twitter] [Epoch=104] Train Loss=[QuantLoss=0.01260]Val loss = [QuantLoss=0.02894][QuantReg:0.39572]
[Twitter] Starting epoch 105...
[Twitter] Elapsed training time:4.30s
[Twitter] Starting validation...
[Twitter] Elapsed validation time:0.36s
[Twitter] [Epoch=105] Train Loss=[QuantLoss=0.01208]Val loss = [QuantLoss=0.02134][QuantReg:0.39539]
[Twitter] Starting epoch 106...
[Twitter] Elapsed training time:4.40s
[Twitter] Starting validation...
[Twitter] Elapsed validation time:0.36s
[Twitter] [Epoch=106] Train Loss=[QuantLoss=0.01249]Val loss = [QuantLoss=0.02542][QuantReg:0.39613]
[Twitter] Starting epoch 107...
[Twitter] Elapsed training time:4.42s
[Twitter] Starting validation...
[Twitter] Elapsed validation time:0.36s
[Twitter] [Epoch=107] Train Loss=[QuantLoss=0.01203]Val loss = [QuantLoss=0.01986][QuantReg:0.39545]
[Twitter] Starting epoch 108...
[Twitter] Elapsed training time:4.35s
[Twitter] Starting validation...
[Twitter] Elapsed validation time:0.35s
[Twitter] [Epoch=108] Train Loss=[QuantLoss=0.01269]Val loss = [QuantLoss=0.02440][QuantReg:0.40011]
[Twitter] Starting epoch 109...
[Twitter] Elapsed training time:4.38s
[Twitter] Starting validation...
[Twitter] Elapsed validation time:0.36s
[Twitter] [Epoch=109] Train Loss=[QuantLoss=0.01188]Val loss = [QuantLoss=0.02495][QuantReg:0.39830]
[Twitter] Starting epoch 110...
[Twitter] Elapsed training time:4.55s
[Twitter] Starting validation...
[Twitter] Elapsed validation time:0.35s
[Twitter] [Epoch=110] Train Loss=[QuantLoss=0.01244]Val loss = [QuantLoss=0.02028][QuantReg:0.39860]
[Twitter] Starting epoch 111...
[Twitter] Elapsed training time:4.43s
[Twitter] Starting validation...
[Twitter] Elapsed validation time:0.36s
[Twitter] [Epoch=111] Train Loss=[QuantLoss=0.01195]Val loss = [QuantLoss=0.03093][QuantReg:0.39645]
[Twitter] Starting epoch 112...
[Twitter] Elapsed training time:4.51s
[Twitter] Starting validation...
[Twitter] Elapsed validation time:0.36s
[Twitter] [Epoch=112] Train Loss=[QuantLoss=0.01269]Val loss = [QuantLoss=0.02389][QuantReg:0.39447]
[Twitter] Starting epoch 113...
[Twitter] Elapsed training time:4.50s
[Twitter] Starting validation...
[Twitter] Elapsed validation time:0.34s
[Twitter] [Epoch=113] Train Loss=[QuantLoss=0.01211]Val loss = [QuantLoss=0.02910][QuantReg:0.39539]
[Twitter] Starting epoch 114...
[Twitter] Elapsed training time:4.18s
[Twitter] Starting validation...
[Twitter] Elapsed validation time:0.36s
[Twitter] [Epoch=114] Train Loss=[QuantLoss=0.01232]Val loss = [QuantLoss=0.02280][QuantReg:0.39171]
[Twitter] Starting epoch 115...
[Twitter] Elapsed training time:4.27s
[Twitter] Starting validation...
[Twitter] Elapsed validation time:0.35s
[Twitter] [Epoch=115] Train Loss=[QuantLoss=0.01214]Val loss = [QuantLoss=0.03157][QuantReg:0.39006]
[Twitter] Starting epoch 116...
[Twitter] Elapsed training time:4.29s
[Twitter] Starting validation...
[Twitter] Elapsed validation time:0.37s
[Twitter] [Epoch=116] Train Loss=[QuantLoss=0.01256]Val loss = [QuantLoss=0.02823][QuantReg:0.39149]
[Twitter] Starting epoch 117...
[Twitter] Elapsed training time:4.45s
[Twitter] Starting validation...
[Twitter] Elapsed validation time:0.36s
[Twitter] [Epoch=117] Train Loss=[QuantLoss=0.01232]Val loss = [QuantLoss=0.02125][QuantReg:0.39459]
[Twitter] Starting epoch 118...
[Twitter] Elapsed training time:4.39s
[Twitter] Starting validation...
[Twitter] Elapsed validation time:0.35s
[Twitter] [Epoch=118] Train Loss=[QuantLoss=0.01213]Val loss = [QuantLoss=0.01501][QuantReg:0.39382]
[Twitter] Starting epoch 119...
[Twitter] Elapsed training time:4.03s
[Twitter] Starting validation...
[Twitter] Elapsed validation time:0.28s
[Twitter] [Epoch=119] Train Loss=[QuantLoss=0.01218]Val loss = [QuantLoss=0.02016][QuantReg:0.39286]
[Twitter] Starting epoch 120...
[Twitter] Elapsed training time:3.97s
[Twitter] Starting validation...
[Twitter] Elapsed validation time:0.36s
[Twitter] [Epoch=120] Train Loss=[QuantLoss=0.01213]Val loss = [QuantLoss=0.01700][QuantReg:0.39388]
[Twitter] Starting epoch 121...
[Twitter] Elapsed training time:4.47s
[Twitter] Starting validation...
[Twitter] Elapsed validation time:0.35s
[Twitter] [Epoch=121] Train Loss=[QuantLoss=0.01153]Val loss = [QuantLoss=0.01720][QuantReg:0.39316]
[Twitter] Starting epoch 122...
[Twitter] Elapsed training time:4.34s
[Twitter] Starting validation...
[Twitter] Elapsed validation time:0.35s
[Twitter] [Epoch=122] Train Loss=[QuantLoss=0.01110]Val loss = [QuantLoss=0.01867][QuantReg:0.39360]
[Twitter] Starting epoch 123...
[Twitter] Elapsed training time:4.29s
[Twitter] Starting validation...
[Twitter] Elapsed validation time:0.36s
[Twitter] [Epoch=123] Train Loss=[QuantLoss=0.01211]Val loss = [QuantLoss=0.01585][QuantReg:0.39487]
[Twitter] Starting epoch 124...
[Twitter] Elapsed training time:4.36s
[Twitter] Starting validation...
[Twitter] Elapsed validation time:0.35s
[Twitter] [Epoch=124] Train Loss=[QuantLoss=0.01162]Val loss = [QuantLoss=0.01393][QuantReg:0.39289]
[Twitter] Starting epoch 125...
[Twitter] Elapsed training time:4.34s
[Twitter] Starting validation...
[Twitter] Elapsed validation time:0.37s
[Twitter] [Epoch=125] Train Loss=[QuantLoss=0.01084]Val loss = [QuantLoss=0.02137][QuantReg:0.39268]
[Twitter] Starting epoch 126...
[Twitter] Elapsed training time:4.48s
[Twitter] Starting validation...
[Twitter] Elapsed validation time:0.38s
[Twitter] [Epoch=126] Train Loss=[QuantLoss=0.01233]Val loss = [QuantLoss=0.02704][QuantReg:0.39146]
[Twitter] Starting epoch 127...
[Twitter] Elapsed training time:4.58s
[Twitter] Starting validation...
[Twitter] Elapsed validation time:0.37s
[Twitter] [Epoch=127] Train Loss=[QuantLoss=0.01179]Val loss = [QuantLoss=0.01890][QuantReg:0.39216]
[Twitter] Starting epoch 128...
[Twitter] Elapsed training time:4.85s
[Twitter] Starting validation...
[Twitter] Elapsed validation time:0.34s
[Twitter] [Epoch=128] Train Loss=[QuantLoss=0.01214]Val loss = [QuantLoss=0.01969][QuantReg:0.39328]
[Twitter] Starting epoch 129...
[Twitter] Elapsed training time:4.79s
[Twitter] Starting validation...
[Twitter] Elapsed validation time:0.34s
[Twitter] [Epoch=129] Train Loss=[QuantLoss=0.01155]Val loss = [QuantLoss=0.01829][QuantReg:0.39484]
[Twitter] Starting epoch 130...
[Twitter] Elapsed training time:5.03s
[Twitter] Starting validation...
[Twitter] Elapsed validation time:0.35s
[Twitter] [Epoch=130] Train Loss=[QuantLoss=0.01158]Val loss = [QuantLoss=0.02042][QuantReg:0.39414]
[Twitter] Starting epoch 131...
[Twitter] Elapsed training time:4.82s
[Twitter] Starting validation...
[Twitter] Elapsed validation time:0.31s
[Twitter] [Epoch=131] Train Loss=[QuantLoss=0.01088]Val loss = [QuantLoss=0.01706][QuantReg:0.39514]
[Twitter] Starting epoch 132...
[Twitter] Elapsed training time:4.85s
[Twitter] Starting validation...
[Twitter] Elapsed validation time:0.32s
[Twitter] [Epoch=132] Train Loss=[QuantLoss=0.01124]Val loss = [QuantLoss=0.01572][QuantReg:0.39727]
[Twitter] Starting epoch 133...
[Twitter] Elapsed training time:4.52s
[Twitter] Starting validation...
[Twitter] Elapsed validation time:0.34s
[Twitter] [Epoch=133] Train Loss=[QuantLoss=0.01184]Val loss = [QuantLoss=0.01440][QuantReg:0.39578]
[Twitter] Starting epoch 134...
[Twitter] Elapsed training time:4.28s
[Twitter] Starting validation...
[Twitter] Elapsed validation time:0.37s
[Twitter] [Epoch=134] Train Loss=[QuantLoss=0.01149]Val loss = [QuantLoss=0.01347][QuantReg:0.39479]
[Twitter] Starting epoch 135...
[Twitter] Elapsed training time:4.37s
[Twitter] Starting validation...
[Twitter] Elapsed validation time:0.25s
[Twitter] [Epoch=135] Train Loss=[QuantLoss=0.01113]Val loss = [QuantLoss=0.02030][QuantReg:0.39523]
[Twitter] Starting epoch 136...
[Twitter] Elapsed training time:4.15s
[Twitter] Starting validation...
[Twitter] Elapsed validation time:0.25s
[Twitter] [Epoch=136] Train Loss=[QuantLoss=0.01184]Val loss = [QuantLoss=0.01423][QuantReg:0.39477]
[Twitter] Starting epoch 137...
[Twitter] Elapsed training time:4.28s
[Twitter] Starting validation...
[Twitter] Elapsed validation time:0.23s
[Twitter] [Epoch=137] Train Loss=[QuantLoss=0.01227]Val loss = [QuantLoss=0.01593][QuantReg:0.39333]
[Twitter] Starting epoch 138...
[Twitter] Elapsed training time:4.43s
[Twitter] Starting validation...
[Twitter] Elapsed validation time:0.20s
[Twitter] [Epoch=138] Train Loss=[QuantLoss=0.01177]Val loss = [QuantLoss=0.01105][QuantReg:0.39293]
[Twitter] Early stopping in epoch 138!
[Twitter] Restoring best model...
MAE médio por bag: 0.0349 ± 0.0198
Salvo em resultados_sanders/resultados_twitter_bert_4.csv
