Dataset: /home/nildaimon/gmnet/experiments/train_curl/Datasets/Sanders/twitter-sanders-apple3.csv
Dificuldade: metric=kl, mode=easiest, top_k=None
Rodada: 5
Salvar resultados em: resultados_sanders
Dispositivo de treino: cpu
Carregando e processando dataset Twitter
Carregando embeddings do cache...
Ignoring val_split as train and val datasets where given to fit function
We have two datasets: training 1092 examples. validation 100 examples.]
Using device cpu
[Twitter] Starting epoch 0...
[Twitter] Elapsed training time:4.70s
[Twitter] Starting validation...
[Twitter] Elapsed validation time:0.24s
[Twitter] [Epoch=000] Train Loss=[QuantLoss=0.08508]Val loss = [QuantLoss=0.04216][QuantReg:0.50565][saved best model in this epoch]
[Twitter] Starting epoch 1...
[Twitter] Elapsed training time:4.66s
[Twitter] Starting validation...
[Twitter] Elapsed validation time:0.25s
[Twitter] [Epoch=001] Train Loss=[QuantLoss=0.09166]Val loss = [QuantLoss=0.11713][QuantReg:0.46812]
[Twitter] Starting epoch 2...
[Twitter] Elapsed training time:5.02s
[Twitter] Starting validation...
[Twitter] Elapsed validation time:0.23s
[Twitter] [Epoch=002] Train Loss=[QuantLoss=0.09542]Val loss = [QuantLoss=0.03015][QuantReg:0.45653][saved best model in this epoch]
[Twitter] Starting epoch 3...
[Twitter] Elapsed training time:4.86s
[Twitter] Starting validation...
[Twitter] Elapsed validation time:0.22s
[Twitter] [Epoch=003] Train Loss=[QuantLoss=0.07516]Val loss = [QuantLoss=0.04021][QuantReg:0.48609]
[Twitter] Starting epoch 4...
[Twitter] Elapsed training time:4.91s
[Twitter] Starting validation...
[Twitter] Elapsed validation time:0.23s
[Twitter] [Epoch=004] Train Loss=[QuantLoss=0.07170]Val loss = [QuantLoss=0.02633][QuantReg:0.46812][saved best model in this epoch]
[Twitter] Starting epoch 5...
[Twitter] Elapsed training time:4.74s
[Twitter] Starting validation...
[Twitter] Elapsed validation time:0.23s
[Twitter] [Epoch=005] Train Loss=[QuantLoss=0.06306]Val loss = [QuantLoss=0.08765][QuantReg:0.43758]
[Twitter] Starting epoch 6...
[Twitter] Elapsed training time:4.95s
[Twitter] Starting validation...
[Twitter] Elapsed validation time:0.21s
[Twitter] [Epoch=006] Train Loss=[QuantLoss=0.06879]Val loss = [QuantLoss=0.12653][QuantReg:0.44452]
[Twitter] Starting epoch 7...
[Twitter] Elapsed training time:4.83s
[Twitter] Starting validation...
[Twitter] Elapsed validation time:0.20s
[Twitter] [Epoch=007] Train Loss=[QuantLoss=0.06280]Val loss = [QuantLoss=0.09373][QuantReg:0.45888]
[Twitter] Starting epoch 8...
[Twitter] Elapsed training time:4.80s
[Twitter] Starting validation...
[Twitter] Elapsed validation time:0.23s
[Twitter] [Epoch=008] Train Loss=[QuantLoss=0.06273]Val loss = [QuantLoss=0.10530][QuantReg:0.44377]
[Twitter] Starting epoch 9...
[Twitter] Elapsed training time:4.64s
[Twitter] Starting validation...
[Twitter] Elapsed validation time:0.19s
[Twitter] [Epoch=009] Train Loss=[QuantLoss=0.06750]Val loss = [QuantLoss=0.11037][QuantReg:0.44422]
[Twitter] Starting epoch 10...
[Twitter] Elapsed training time:4.62s
[Twitter] Starting validation...
[Twitter] Elapsed validation time:0.24s
[Twitter] [Epoch=010] Train Loss=[QuantLoss=0.05832]Val loss = [QuantLoss=0.13728][QuantReg:0.41763]
[Twitter] Starting epoch 11...
[Twitter] Elapsed training time:4.56s
[Twitter] Starting validation...
[Twitter] Elapsed validation time:0.25s
[Twitter] [Epoch=011] Train Loss=[QuantLoss=0.06806]Val loss = [QuantLoss=0.10985][QuantReg:0.40607]
[Twitter] Starting epoch 12...
[Twitter] Elapsed training time:4.40s
[Twitter] Starting validation...
[Twitter] Elapsed validation time:0.25s
[Twitter] [Epoch=012] Train Loss=[QuantLoss=0.06614]Val loss = [QuantLoss=0.10690][QuantReg:0.41258]
[Twitter] Starting epoch 13...
[Twitter] Elapsed training time:4.43s
[Twitter] Starting validation...
[Twitter] Elapsed validation time:0.23s
[Twitter] [Epoch=013] Train Loss=[QuantLoss=0.06974]Val loss = [QuantLoss=0.12748][QuantReg:0.41667]
[Twitter] Starting epoch 14...
[Twitter] Elapsed training time:4.33s
[Twitter] Starting validation...
[Twitter] Elapsed validation time:0.24s
[Twitter] [Epoch=014] Train Loss=[QuantLoss=0.06487]Val loss = [QuantLoss=0.10112][QuantReg:0.40529]
[Twitter] Starting epoch 15...
[Twitter] Elapsed training time:4.27s
[Twitter] Starting validation...
[Twitter] Elapsed validation time:0.24s
[Twitter] [Epoch=015] Train Loss=[QuantLoss=0.06771]Val loss = [QuantLoss=0.11823][QuantReg:0.40430]
[Twitter] Starting epoch 16...
[Twitter] Elapsed training time:4.36s
[Twitter] Starting validation...
[Twitter] Elapsed validation time:0.25s
[Twitter] [Epoch=016] Train Loss=[QuantLoss=0.07338]Val loss = [QuantLoss=0.13843][QuantReg:0.41704]
[Twitter] Starting epoch 17...
[Twitter] Elapsed training time:4.29s
[Twitter] Starting validation...
[Twitter] Elapsed validation time:0.23s
[Twitter] [Epoch=017] Train Loss=[QuantLoss=0.06518]Val loss = [QuantLoss=0.15896][QuantReg:0.40206]
[Twitter] Starting epoch 18...
[Twitter] Elapsed training time:4.23s
[Twitter] Starting validation...
[Twitter] Elapsed validation time:0.24s
[Twitter] [Epoch=018] Train Loss=[QuantLoss=0.06781]Val loss = [QuantLoss=0.06625][QuantReg:0.40100]
[Twitter] Starting epoch 19...
[Twitter] Elapsed training time:4.25s
[Twitter] Starting validation...
[Twitter] Elapsed validation time:0.26s
[Twitter] [Epoch=019] Train Loss=[QuantLoss=0.05885]Val loss = [QuantLoss=0.14275][QuantReg:0.39245]
[Twitter] Starting epoch 20...
[Twitter] Elapsed training time:4.31s
[Twitter] Starting validation...
[Twitter] Elapsed validation time:0.23s
[Twitter] [Epoch=020] Train Loss=[QuantLoss=0.06345]Val loss = [QuantLoss=0.07380][QuantReg:0.40200]
[Twitter] Starting epoch 21...
[Twitter] Elapsed training time:4.24s
[Twitter] Starting validation...
[Twitter] Elapsed validation time:0.24s
[Twitter] [Epoch=021] Train Loss=[QuantLoss=0.06105]Val loss = [QuantLoss=0.09811][QuantReg:0.39533]
[Twitter] Starting epoch 22...
[Twitter] Elapsed training time:4.24s
[Twitter] Starting validation...
[Twitter] Elapsed validation time:0.25s
[Twitter] [Epoch=022] Train Loss=[QuantLoss=0.05638]Val loss = [QuantLoss=0.09385][QuantReg:0.38480]
[Twitter] Starting epoch 23...
[Twitter] Elapsed training time:4.39s
[Twitter] Starting validation...
[Twitter] Elapsed validation time:0.22s
[Twitter] [Epoch=023] Train Loss=[QuantLoss=0.06417]Val loss = [QuantLoss=0.08547][QuantReg:0.38874]
[Twitter] Starting epoch 24...
[Twitter] Elapsed training time:4.26s
[Twitter] Starting validation...
[Twitter] Elapsed validation time:0.23s
[Twitter] [Epoch=024] Train Loss=[QuantLoss=0.07110]Val loss = [QuantLoss=0.11148][QuantReg:0.38800]
[Twitter] Starting epoch 25...
[Twitter] Elapsed training time:4.35s
[Twitter] Starting validation...
[Twitter] Elapsed validation time:0.39s
[Twitter] [Epoch=025] Train Loss=[QuantLoss=0.05888]Val loss = [QuantLoss=0.11231][QuantReg:0.38626]
[Twitter] Starting epoch 26...
[Twitter] Elapsed training time:4.37s
[Twitter] Starting validation...
[Twitter] Elapsed validation time:0.25s
[Twitter] [Epoch=026] Train Loss=[QuantLoss=0.05642]Val loss = [QuantLoss=0.05851][QuantReg:0.38138]
[Twitter] Starting epoch 27...
[Twitter] Elapsed training time:4.34s
[Twitter] Starting validation...
[Twitter] Elapsed validation time:0.37s
[Twitter] [Epoch=027] Train Loss=[QuantLoss=0.05631]Val loss = [QuantLoss=0.07684][QuantReg:0.38037]
[Twitter] Starting epoch 28...
[Twitter] Elapsed training time:4.30s
[Twitter] Starting validation...
[Twitter] Elapsed validation time:0.34s
[Twitter] [Epoch=028] Train Loss=[QuantLoss=0.05286]Val loss = [QuantLoss=0.08736][QuantReg:0.39300]
[Twitter] Starting epoch 29...
[Twitter] Elapsed training time:4.44s
[Twitter] Starting validation...
[Twitter] Elapsed validation time:0.37s
[Twitter] [Epoch=029] Train Loss=[QuantLoss=0.05417]Val loss = [QuantLoss=0.12512][QuantReg:0.39671]
[Twitter] Starting epoch 30...
[Twitter] Elapsed training time:4.34s
[Twitter] Starting validation...
[Twitter] Elapsed validation time:0.35s
[Twitter] [Epoch=030] Train Loss=[QuantLoss=0.05234]Val loss = [QuantLoss=0.09686][QuantReg:0.38825]
[Twitter] Starting epoch 31...
[Twitter] Elapsed training time:4.45s
[Twitter] Starting validation...
[Twitter] Elapsed validation time:0.35s
[Twitter] [Epoch=031] Train Loss=[QuantLoss=0.04917]Val loss = [QuantLoss=0.12835][QuantReg:0.38590]
[Twitter] Starting epoch 32...
[Twitter] Elapsed training time:4.33s
[Twitter] Starting validation...
[Twitter] Elapsed validation time:0.34s
[Twitter] [Epoch=032] Train Loss=[QuantLoss=0.04909]Val loss = [QuantLoss=0.09159][QuantReg:0.38809]
[Twitter] Starting epoch 33...
[Twitter] Elapsed training time:4.40s
[Twitter] Starting validation...
[Twitter] Elapsed validation time:0.34s
[Twitter] [Epoch=033] Train Loss=[QuantLoss=0.05031]Val loss = [QuantLoss=0.08189][QuantReg:0.39160]
[Twitter] Starting epoch 34...
[Twitter] Elapsed training time:4.49s
[Twitter] Starting validation...
[Twitter] Elapsed validation time:0.37s
[Twitter] [Epoch=034] Train Loss=[QuantLoss=0.05788]Val loss = [QuantLoss=0.06431][QuantReg:0.39498]
[Twitter] Starting epoch 35...
[Twitter] Elapsed training time:4.41s
[Twitter] Starting validation...
[Twitter] Elapsed validation time:0.35s
[Twitter] [Epoch=035] Train Loss=[QuantLoss=0.04848]Val loss = [QuantLoss=0.07127][QuantReg:0.39468]
[Twitter] Starting epoch 36...
[Twitter] Elapsed training time:4.41s
[Twitter] Starting validation...
[Twitter] Elapsed validation time:0.35s
[Twitter] [Epoch=036] Train Loss=[QuantLoss=0.05082]Val loss = [QuantLoss=0.03355][QuantReg:0.39347]
[Twitter] Starting epoch 37...
[Twitter] Elapsed training time:4.48s
[Twitter] Starting validation...
[Twitter] Elapsed validation time:0.37s
[Twitter] [Epoch=037] Train Loss=[QuantLoss=0.04531]Val loss = [QuantLoss=0.09934][QuantReg:0.39552]
[Twitter] Starting epoch 38...
[Twitter] Elapsed training time:4.35s
[Twitter] Starting validation...
[Twitter] Elapsed validation time:0.36s
[Twitter] [Epoch=038] Train Loss=[QuantLoss=0.05468]Val loss = [QuantLoss=0.12283][QuantReg:0.39622]
[Twitter] Starting epoch 39...
[Twitter] Elapsed training time:4.24s
[Twitter] Starting validation...
[Twitter] Elapsed validation time:0.36s
[Twitter] [Epoch=039] Train Loss=[QuantLoss=0.04975]Val loss = [QuantLoss=0.08134][QuantReg:0.39677]
[Twitter] Starting epoch 40...
[Twitter] Elapsed training time:4.42s
[Twitter] Starting validation...
[Twitter] Elapsed validation time:0.35s
[Twitter] [Epoch=040] Train Loss=[QuantLoss=0.04700]Val loss = [QuantLoss=0.07128][QuantReg:0.39997]
[Twitter] Starting epoch 41...
[Twitter] Elapsed training time:4.45s
[Twitter] Starting validation...
[Twitter] Elapsed validation time:0.36s
[Twitter] [Epoch=041] Train Loss=[QuantLoss=0.04611]Val loss = [QuantLoss=0.08345][QuantReg:0.39565]
[Twitter] Starting epoch 42...
[Twitter] Elapsed training time:4.30s
[Twitter] Starting validation...
[Twitter] Elapsed validation time:0.34s
[Twitter] [Epoch=042] Train Loss=[QuantLoss=0.04460]Val loss = [QuantLoss=0.07159][QuantReg:0.38979]
[Twitter] Starting epoch 43...
[Twitter] Elapsed training time:4.34s
[Twitter] Starting validation...
[Twitter] Elapsed validation time:0.40s
[Twitter] [Epoch=043] Train Loss=[QuantLoss=0.04914]Val loss = [QuantLoss=0.12083][QuantReg:0.39389]
[Twitter] Starting epoch 44...
[Twitter] Elapsed training time:4.40s
[Twitter] Starting validation...
[Twitter] Elapsed validation time:0.35s
[Twitter] [Epoch=044] Train Loss=[QuantLoss=0.04691]Val loss = [QuantLoss=0.11794][QuantReg:0.39168]
[Twitter] Starting epoch 45...
[Twitter] Elapsed training time:4.34s
[Twitter] Starting validation...
[Twitter] Elapsed validation time:0.36s
[Twitter] [Epoch=045] Train Loss=[QuantLoss=0.05036]Val loss = [QuantLoss=0.11054][QuantReg:0.38996]
[Twitter] Starting epoch 46...
[Twitter] Elapsed training time:4.31s
[Twitter] Starting validation...
[Twitter] Elapsed validation time:0.36s
[Twitter] [Epoch=046] Train Loss=[QuantLoss=0.05045]Val loss = [QuantLoss=0.13345][QuantReg:0.39110]
[Twitter] Starting epoch 47...
[Twitter] Elapsed training time:4.35s
[Twitter] Starting validation...
[Twitter] Elapsed validation time:0.36s
[Twitter] [Epoch=047] Train Loss=[QuantLoss=0.05199]Val loss = [QuantLoss=0.05790][QuantReg:0.39121]
[Twitter] Starting epoch 48...
[Twitter] Elapsed training time:4.24s
[Twitter] Starting validation...
[Twitter] Elapsed validation time:0.38s
[Twitter] [Epoch=048] Train Loss=[QuantLoss=0.04677]Val loss = [QuantLoss=0.06633][QuantReg:0.39051]
[Twitter] Starting epoch 49...
[Twitter] Elapsed training time:4.37s
[Twitter] Starting validation...
[Twitter] Elapsed validation time:0.35s
[Twitter] [Epoch=049] Train Loss=[QuantLoss=0.04427]Val loss = [QuantLoss=0.06029][QuantReg:0.39065]
[Twitter] Starting epoch 50...
[Twitter] Elapsed training time:4.56s
[Twitter] Starting validation...
[Twitter] Elapsed validation time:0.36s
[Twitter] [Epoch=050] Train Loss=[QuantLoss=0.05198]Val loss = [QuantLoss=0.05314][QuantReg:0.38954]
[Twitter] Starting epoch 51...
[Twitter] Elapsed training time:4.50s
[Twitter] Starting validation...
[Twitter] Elapsed validation time:0.36s
[Twitter] [Epoch=051] Train Loss=[QuantLoss=0.04227]Val loss = [QuantLoss=0.05558][QuantReg:0.39117]
[Twitter] Starting epoch 52...
[Twitter] Elapsed training time:4.57s
[Twitter] Starting validation...
[Twitter] Elapsed validation time:0.36s
[Twitter] [Epoch=052] Train Loss=[QuantLoss=0.04394]Val loss = [QuantLoss=0.03432][QuantReg:0.39052]
[Twitter] Starting epoch 53...
[Twitter] Elapsed training time:4.30s
[Twitter] Starting validation...
[Twitter] Elapsed validation time:0.36s
[Twitter] [Epoch=053] Train Loss=[QuantLoss=0.04397]Val loss = [QuantLoss=0.05899][QuantReg:0.39047]
[Twitter] Starting epoch 54...
[Twitter] Elapsed training time:4.39s
[Twitter] Starting validation...
[Twitter] Elapsed validation time:0.38s
[Twitter] [Epoch=054] Train Loss=[QuantLoss=0.04481]Val loss = [QuantLoss=0.04647][QuantReg:0.39591]
[Twitter] Starting epoch 55...
[Twitter] Elapsed training time:4.51s
[Twitter] Starting validation...
[Twitter] Elapsed validation time:0.35s
[Twitter] [Epoch=055] Train Loss=[QuantLoss=0.04396]Val loss = [QuantLoss=0.05347][QuantReg:0.39952]
[Twitter] Starting epoch 56...
[Twitter] Elapsed training time:4.34s
[Twitter] Starting validation...
[Twitter] Elapsed validation time:0.35s
[Twitter] [Epoch=056] Train Loss=[QuantLoss=0.04104]Val loss = [QuantLoss=0.06657][QuantReg:0.39991]
[Twitter] Starting epoch 57...
[Twitter] Elapsed training time:4.43s
[Twitter] Starting validation...
[Twitter] Elapsed validation time:0.37s
[Twitter] [Epoch=057] Train Loss=[QuantLoss=0.04424]Val loss = [QuantLoss=0.08363][QuantReg:0.40028]
[Twitter] Starting epoch 58...
[Twitter] Elapsed training time:4.65s
[Twitter] Starting validation...
[Twitter] Elapsed validation time:0.37s
[Twitter] [Epoch=058] Train Loss=[QuantLoss=0.04193]Val loss = [QuantLoss=0.07417][QuantReg:0.39659]
[Twitter] Starting epoch 59...
[Twitter] Elapsed training time:4.54s
[Twitter] Starting validation...
[Twitter] Elapsed validation time:0.35s
[Twitter] [Epoch=059] Train Loss=[QuantLoss=0.04144]Val loss = [QuantLoss=0.07747][QuantReg:0.39810]
[Twitter] Starting epoch 60...
[Twitter] Elapsed training time:4.54s
[Twitter] Starting validation...
[Twitter] Elapsed validation time:0.35s
[Twitter] [Epoch=060] Train Loss=[QuantLoss=0.04059]Val loss = [QuantLoss=0.06375][QuantReg:0.40124]
[Twitter] Starting epoch 61...
[Twitter] Elapsed training time:4.41s
[Twitter] Starting validation...
[Twitter] Elapsed validation time:0.37s
[Twitter] [Epoch=061] Train Loss=[QuantLoss=0.04144]Val loss = [QuantLoss=0.02894][QuantReg:0.40090]
[Twitter] Starting epoch 62...
[Twitter] Elapsed training time:4.61s
[Twitter] Starting validation...
[Twitter] Elapsed validation time:0.35s
[Twitter] [Epoch=062] Train Loss=[QuantLoss=0.04171]Val loss = [QuantLoss=0.04181][QuantReg:0.40013]
[Twitter] Starting epoch 63...
[Twitter] Elapsed training time:4.49s
[Twitter] Starting validation...
[Twitter] Elapsed validation time:0.38s
[Twitter] [Epoch=063] Train Loss=[QuantLoss=0.04153]Val loss = [QuantLoss=0.07230][QuantReg:0.40027]
[Twitter] Starting epoch 64...
[Twitter] Elapsed training time:4.35s
[Twitter] Starting validation...
[Twitter] Elapsed validation time:0.37s
[Twitter] [Epoch=064] Train Loss=[QuantLoss=0.04000]Val loss = [QuantLoss=0.03331][QuantReg:0.39928]
[Twitter] Starting epoch 65...
[Twitter] Elapsed training time:4.48s
[Twitter] Starting validation...
[Twitter] Elapsed validation time:0.39s
[Twitter] [Epoch=065] Train Loss=[QuantLoss=0.03877]Val loss = [QuantLoss=0.09667][QuantReg:0.39920]
[Twitter] Starting epoch 66...
[Twitter] Elapsed training time:4.88s
[Twitter] Starting validation...
[Twitter] Elapsed validation time:0.26s
[Twitter] [Epoch=066] Train Loss=[QuantLoss=0.04103]Val loss = [QuantLoss=0.05721][QuantReg:0.39597]
[Twitter] Starting epoch 67...
[Twitter] Elapsed training time:4.55s
[Twitter] Starting validation...
[Twitter] Elapsed validation time:0.24s
[Twitter] [Epoch=067] Train Loss=[QuantLoss=0.04083]Val loss = [QuantLoss=0.09851][QuantReg:0.39328]
[Twitter] Starting epoch 68...
[Twitter] Elapsed training time:4.20s
[Twitter] Starting validation...
[Twitter] Elapsed validation time:0.24s
[Twitter] [Epoch=068] Train Loss=[QuantLoss=0.03911]Val loss = [QuantLoss=0.09118][QuantReg:0.39057]
[Twitter] Starting epoch 69...
[Twitter] Elapsed training time:4.24s
[Twitter] Starting validation...
[Twitter] Elapsed validation time:0.28s
[Twitter] [Epoch=069] Train Loss=[QuantLoss=0.03940]Val loss = [QuantLoss=0.10631][QuantReg:0.39050]
[Twitter] Starting epoch 70...
[Twitter] Elapsed training time:4.31s
[Twitter] Starting validation...
[Twitter] Elapsed validation time:0.26s
[Twitter] [Epoch=070] Train Loss=[QuantLoss=0.03801]Val loss = [QuantLoss=0.11289][QuantReg:0.39145]
[Twitter] Starting epoch 71...
[Twitter] Elapsed training time:4.33s
[Twitter] Starting validation...
[Twitter] Elapsed validation time:0.24s
[Twitter] [Epoch=071] Train Loss=[QuantLoss=0.03716]Val loss = [QuantLoss=0.09841][QuantReg:0.39331]
[Twitter] Starting epoch 72...
[Twitter] Elapsed training time:4.38s
[Twitter] Starting validation...
[Twitter] Elapsed validation time:0.23s
[Twitter] [Epoch=072] Train Loss=[QuantLoss=0.03940]Val loss = [QuantLoss=0.08174][QuantReg:0.39339]
[Twitter] Starting epoch 73...
[Twitter] Elapsed training time:4.38s
[Twitter] Starting validation...
[Twitter] Elapsed validation time:0.25s
[Twitter] [Epoch=073] Train Loss=[QuantLoss=0.04048]Val loss = [QuantLoss=0.08911][QuantReg:0.39407]
[Twitter] Starting epoch 74...
[Twitter] Elapsed training time:4.30s
[Twitter] Starting validation...
[Twitter] Elapsed validation time:0.24s
[Twitter] [Epoch=074] Train Loss=[QuantLoss=0.03882]Val loss = [QuantLoss=0.07775][QuantReg:0.39514]
[Twitter] Starting epoch 75...
[Twitter] Elapsed training time:4.35s
[Twitter] Starting validation...
[Twitter] Elapsed validation time:0.25s
[Twitter] [Epoch=075] Train Loss=[QuantLoss=0.03788]Val loss = [QuantLoss=0.07023][QuantReg:0.39585]
[Twitter] Starting epoch 76...
[Twitter] Elapsed training time:4.35s
[Twitter] Starting validation...
[Twitter] Elapsed validation time:0.23s
[Twitter] [Epoch=076] Train Loss=[QuantLoss=0.03760]Val loss = [QuantLoss=0.06564][QuantReg:0.39565]
[Twitter] Starting epoch 77...
[Twitter] Elapsed training time:4.32s
[Twitter] Starting validation...
[Twitter] Elapsed validation time:0.23s
[Twitter] [Epoch=077] Train Loss=[QuantLoss=0.04193]Val loss = [QuantLoss=0.08858][QuantReg:0.39339]
[Twitter] Starting epoch 78...
[Twitter] Elapsed training time:4.42s
[Twitter] Starting validation...
[Twitter] Elapsed validation time:0.26s
[Twitter] [Epoch=078] Train Loss=[QuantLoss=0.03686]Val loss = [QuantLoss=0.08738][QuantReg:0.39638]
[Twitter] Starting epoch 79...
[Twitter] Elapsed training time:4.26s
[Twitter] Starting validation...
[Twitter] Elapsed validation time:0.25s
[Twitter] [Epoch=079] Train Loss=[QuantLoss=0.03985]Val loss = [QuantLoss=0.08440][QuantReg:0.39442]
[Twitter] Starting epoch 80...
[Twitter] Elapsed training time:4.37s
[Twitter] Starting validation...
[Twitter] Elapsed validation time:0.23s
[Twitter] [Epoch=080] Train Loss=[QuantLoss=0.03714]Val loss = [QuantLoss=0.08525][QuantReg:0.39430]
[Twitter] Starting epoch 81...
[Twitter] Elapsed training time:4.33s
[Twitter] Starting validation...
[Twitter] Elapsed validation time:0.27s
[Twitter] [Epoch=081] Train Loss=[QuantLoss=0.03799]Val loss = [QuantLoss=0.08285][QuantReg:0.39450]
[Twitter] Starting epoch 82...
[Twitter] Elapsed training time:4.41s
[Twitter] Starting validation...
[Twitter] Elapsed validation time:0.27s
[Twitter] [Epoch=082] Train Loss=[QuantLoss=0.04417]Val loss = [QuantLoss=0.08298][QuantReg:0.39123]
[Twitter] Starting epoch 83...
[Twitter] Elapsed training time:4.37s
[Twitter] Starting validation...
[Twitter] Elapsed validation time:0.26s
[Twitter] [Epoch=083] Train Loss=[QuantLoss=0.03704]Val loss = [QuantLoss=0.09038][QuantReg:0.39027]
[Twitter] Starting epoch 84...
[Twitter] Elapsed training time:4.32s
[Twitter] Starting validation...
[Twitter] Elapsed validation time:0.25s
[Twitter] [Epoch=084] Train Loss=[QuantLoss=0.03913]Val loss = [QuantLoss=0.09712][QuantReg:0.39128]
[Twitter] Starting epoch 85...
[Twitter] Elapsed training time:4.43s
[Twitter] Starting validation...
[Twitter] Elapsed validation time:0.24s
[Twitter] [Epoch=085] Train Loss=[QuantLoss=0.03744]Val loss = [QuantLoss=0.07944][QuantReg:0.39087]
[Twitter] Starting epoch 86...
[Twitter] Elapsed training time:4.50s
[Twitter] Starting validation...
[Twitter] Elapsed validation time:0.24s
[Twitter] [Epoch=086] Train Loss=[QuantLoss=0.03553]Val loss = [QuantLoss=0.07924][QuantReg:0.39138]
[Twitter] Starting epoch 87...
[Twitter] Elapsed training time:4.29s
[Twitter] Starting validation...
[Twitter] Elapsed validation time:0.24s
[Twitter] [Epoch=087] Train Loss=[QuantLoss=0.03578]Val loss = [QuantLoss=0.06399][QuantReg:0.39268]
[Twitter] Starting epoch 88...
[Twitter] Elapsed training time:4.39s
[Twitter] Starting validation...
[Twitter] Elapsed validation time:0.24s
[Twitter] [Epoch=088] Train Loss=[QuantLoss=0.03651]Val loss = [QuantLoss=0.07684][QuantReg:0.39167]
[Twitter] Starting epoch 89...
[Twitter] Elapsed training time:4.38s
[Twitter] Starting validation...
[Twitter] Elapsed validation time:0.23s
[Twitter] [Epoch=089] Train Loss=[QuantLoss=0.03629]Val loss = [QuantLoss=0.05731][QuantReg:0.39260]
[Twitter] Starting epoch 90...
[Twitter] Elapsed training time:4.13s
[Twitter] Starting validation...
[Twitter] Elapsed validation time:0.24s
[Twitter] [Epoch=090] Train Loss=[QuantLoss=0.03306]Val loss = [QuantLoss=0.06568][QuantReg:0.39401]
[Twitter] Starting epoch 91...
[Twitter] Elapsed training time:4.16s
[Twitter] Starting validation...
[Twitter] Elapsed validation time:0.23s
[Twitter] [Epoch=091] Train Loss=[QuantLoss=0.03525]Val loss = [QuantLoss=0.05663][QuantReg:0.39553]
[Twitter] Starting epoch 92...
[Twitter] Elapsed training time:4.27s
[Twitter] Starting validation...
[Twitter] Elapsed validation time:0.23s
[Twitter] [Epoch=092] Train Loss=[QuantLoss=0.03593]Val loss = [QuantLoss=0.07087][QuantReg:0.39564]
[Twitter] Starting epoch 93...
[Twitter] Elapsed training time:4.23s
[Twitter] Starting validation...
[Twitter] Elapsed validation time:0.24s
[Twitter] [Epoch=093] Train Loss=[QuantLoss=0.03909]Val loss = [QuantLoss=0.05647][QuantReg:0.39494]
[Twitter] Starting epoch 94...
[Twitter] Elapsed training time:4.15s
[Twitter] Starting validation...
[Twitter] Elapsed validation time:0.23s
[Twitter] [Epoch=094] Train Loss=[QuantLoss=0.03553]Val loss = [QuantLoss=0.06989][QuantReg:0.39359]
[Twitter] Starting epoch 95...
[Twitter] Elapsed training time:4.20s
[Twitter] Starting validation...
[Twitter] Elapsed validation time:0.23s
[Twitter] [Epoch=095] Train Loss=[QuantLoss=0.03508]Val loss = [QuantLoss=0.07158][QuantReg:0.39475]
[Twitter] Starting epoch 96...
[Twitter] Elapsed training time:4.12s
[Twitter] Starting validation...
[Twitter] Elapsed validation time:0.24s
[Twitter] [Epoch=096] Train Loss=[QuantLoss=0.04167]Val loss = [QuantLoss=0.07390][QuantReg:0.39358]
[Twitter] Starting epoch 97...
[Twitter] Elapsed training time:4.17s
[Twitter] Starting validation...
[Twitter] Elapsed validation time:0.23s
[Twitter] [Epoch=097] Train Loss=[QuantLoss=0.04067]Val loss = [QuantLoss=0.06596][QuantReg:0.39241]
[Twitter] Starting epoch 98...
[Twitter] Elapsed training time:4.25s
[Twitter] Starting validation...
[Twitter] Elapsed validation time:0.23s
[Twitter] [Epoch=098] Train Loss=[QuantLoss=0.03624]Val loss = [QuantLoss=0.06490][QuantReg:0.39183]
[Twitter] Starting epoch 99...
[Twitter] Elapsed training time:4.19s
[Twitter] Starting validation...
[Twitter] Elapsed validation time:0.25s
[Twitter] [Epoch=099] Train Loss=[QuantLoss=0.03526]Val loss = [QuantLoss=0.05952][QuantReg:0.39400]
[Twitter] Starting epoch 100...
[Twitter] Elapsed training time:4.22s
[Twitter] Starting validation...
[Twitter] Elapsed validation time:0.37s
[Twitter] [Epoch=100] Train Loss=[QuantLoss=0.03418]Val loss = [QuantLoss=0.06358][QuantReg:0.39451]
[Twitter] Starting epoch 101...
[Twitter] Elapsed training time:4.25s
[Twitter] Starting validation...
[Twitter] Elapsed validation time:0.34s
[Twitter] [Epoch=101] Train Loss=[QuantLoss=0.03372]Val loss = [QuantLoss=0.05824][QuantReg:0.39421]
[Twitter] Starting epoch 102...
[Twitter] Elapsed training time:4.26s
[Twitter] Starting validation...
[Twitter] Elapsed validation time:0.30s
[Twitter] [Epoch=102] Train Loss=[QuantLoss=0.03515]Val loss = [QuantLoss=0.05809][QuantReg:0.39324]
[Twitter] Starting epoch 103...
[Twitter] Elapsed training time:4.27s
[Twitter] Starting validation...
[Twitter] Elapsed validation time:0.32s
[Twitter] [Epoch=103] Train Loss=[QuantLoss=0.03423]Val loss = [QuantLoss=0.06582][QuantReg:0.39264]
[Twitter] Starting epoch 104...
[Twitter] Elapsed training time:4.37s
[Twitter] Starting validation...
[Twitter] Elapsed validation time:0.30s
[Twitter] [Epoch=104] Train Loss=[QuantLoss=0.03425]Val loss = [QuantLoss=0.06440][QuantReg:0.39379]
[Twitter] Starting epoch 105...
[Twitter] Elapsed training time:4.48s
[Twitter] Starting validation...
[Twitter] Elapsed validation time:0.29s
[Twitter] [Epoch=105] Train Loss=[QuantLoss=0.03535]Val loss = [QuantLoss=0.07871][QuantReg:0.39192]
[Twitter] Starting epoch 106...
[Twitter] Elapsed training time:4.40s
[Twitter] Starting validation...
[Twitter] Elapsed validation time:0.30s
[Twitter] [Epoch=106] Train Loss=[QuantLoss=0.03570]Val loss = [QuantLoss=0.06752][QuantReg:0.39149]
[Twitter] Starting epoch 107...
[Twitter] Elapsed training time:4.54s
[Twitter] Starting validation...
[Twitter] Elapsed validation time:0.32s
[Twitter] [Epoch=107] Train Loss=[QuantLoss=0.03338]Val loss = [QuantLoss=0.07356][QuantReg:0.39064]
[Twitter] Starting epoch 108...
[Twitter] Elapsed training time:4.59s
[Twitter] Starting validation...
[Twitter] Elapsed validation time:0.33s
[Twitter] [Epoch=108] Train Loss=[QuantLoss=0.03477]Val loss = [QuantLoss=0.05745][QuantReg:0.39306]
[Twitter] Starting epoch 109...
[Twitter] Elapsed training time:4.71s
[Twitter] Starting validation...
[Twitter] Elapsed validation time:0.34s
[Twitter] [Epoch=109] Train Loss=[QuantLoss=0.03510]Val loss = [QuantLoss=0.06258][QuantReg:0.39160]
[Twitter] Starting epoch 110...
[Twitter] Elapsed training time:4.99s
[Twitter] Starting validation...
[Twitter] Elapsed validation time:0.35s
[Twitter] [Epoch=110] Train Loss=[QuantLoss=0.03309]Val loss = [QuantLoss=0.07164][QuantReg:0.39079]
[Twitter] Starting epoch 111...
[Twitter] Elapsed training time:4.98s
[Twitter] Starting validation...
[Twitter] Elapsed validation time:0.35s
[Twitter] [Epoch=111] Train Loss=[QuantLoss=0.03299]Val loss = [QuantLoss=0.06344][QuantReg:0.39096]
[Twitter] Starting epoch 112...
[Twitter] Elapsed training time:4.74s
[Twitter] Starting validation...
[Twitter] Elapsed validation time:0.35s
[Twitter] [Epoch=112] Train Loss=[QuantLoss=0.03399]Val loss = [QuantLoss=0.07220][QuantReg:0.38999]
[Twitter] Starting epoch 113...
[Twitter] Elapsed training time:3.14s
[Twitter] Starting validation...
[Twitter] Elapsed validation time:0.29s
[Twitter] [Epoch=113] Train Loss=[QuantLoss=0.03518]Val loss = [QuantLoss=0.06650][QuantReg:0.39136]
[Twitter] Starting epoch 114...
[Twitter] Elapsed training time:4.76s
[Twitter] Starting validation...
[Twitter] Elapsed validation time:0.31s
[Twitter] [Epoch=114] Train Loss=[QuantLoss=0.03470]Val loss = [QuantLoss=0.07072][QuantReg:0.39193]
[Twitter] Starting epoch 115...
[Twitter] Elapsed training time:4.44s
[Twitter] Starting validation...
[Twitter] Elapsed validation time:0.35s
[Twitter] [Epoch=115] Train Loss=[QuantLoss=0.03823]Val loss = [QuantLoss=0.08442][QuantReg:0.39127]
[Twitter] Starting epoch 116...
[Twitter] Elapsed training time:4.32s
[Twitter] Starting validation...
[Twitter] Elapsed validation time:0.38s
[Twitter] [Epoch=116] Train Loss=[QuantLoss=0.03966]Val loss = [QuantLoss=0.06602][QuantReg:0.39226]
[Twitter] Starting epoch 117...
[Twitter] Elapsed training time:4.35s
[Twitter] Starting validation...
[Twitter] Elapsed validation time:0.35s
[Twitter] [Epoch=117] Train Loss=[QuantLoss=0.03331]Val loss = [QuantLoss=0.07075][QuantReg:0.39299]
[Twitter] Starting epoch 118...
[Twitter] Elapsed training time:4.40s
[Twitter] Starting validation...
[Twitter] Elapsed validation time:0.35s
[Twitter] [Epoch=118] Train Loss=[QuantLoss=0.03328]Val loss = [QuantLoss=0.07041][QuantReg:0.39297]
[Twitter] Starting epoch 119...
[Twitter] Elapsed training time:4.33s
[Twitter] Starting validation...
[Twitter] Elapsed validation time:0.36s
[Twitter] [Epoch=119] Train Loss=[QuantLoss=0.03295]Val loss = [QuantLoss=0.06309][QuantReg:0.39203]
[Twitter] Starting epoch 120...
[Twitter] Elapsed training time:4.48s
[Twitter] Starting validation...
[Twitter] Elapsed validation time:0.45s
[Twitter] [Epoch=120] Train Loss=[QuantLoss=0.03281]Val loss = [QuantLoss=0.05900][QuantReg:0.39201]
[Twitter] Starting epoch 121...
[Twitter] Elapsed training time:4.44s
[Twitter] Starting validation...
[Twitter] Elapsed validation time:0.37s
[Twitter] [Epoch=121] Train Loss=[QuantLoss=0.03339]Val loss = [QuantLoss=0.05834][QuantReg:0.39143]
[Twitter] Starting epoch 122...
[Twitter] Elapsed training time:4.49s
[Twitter] Starting validation...
[Twitter] Elapsed validation time:0.34s
[Twitter] [Epoch=122] Train Loss=[QuantLoss=0.03297]Val loss = [QuantLoss=0.06841][QuantReg:0.39192]
[Twitter] Starting epoch 123...
[Twitter] Elapsed training time:4.60s
[Twitter] Starting validation...
[Twitter] Elapsed validation time:0.38s
[Twitter] [Epoch=123] Train Loss=[QuantLoss=0.03403]Val loss = [QuantLoss=0.06731][QuantReg:0.39358]
[Twitter] Starting epoch 124...
[Twitter] Elapsed training time:4.62s
[Twitter] Starting validation...
[Twitter] Elapsed validation time:0.36s
[Twitter] [Epoch=124] Train Loss=[QuantLoss=0.03331]Val loss = [QuantLoss=0.07601][QuantReg:0.39185]
[Twitter] Starting epoch 125...
[Twitter] Elapsed training time:4.50s
[Twitter] Starting validation...
[Twitter] Elapsed validation time:0.35s
[Twitter] [Epoch=125] Train Loss=[QuantLoss=0.03304]Val loss = [QuantLoss=0.06574][QuantReg:0.39090]
[Twitter] Starting epoch 126...
[Twitter] Elapsed training time:4.41s
[Twitter] Starting validation...
[Twitter] Elapsed validation time:0.35s
[Twitter] [Epoch=126] Train Loss=[QuantLoss=0.03280]Val loss = [QuantLoss=0.08411][QuantReg:0.39077]
[Twitter] Starting epoch 127...
[Twitter] Elapsed training time:4.41s
[Twitter] Starting validation...
[Twitter] Elapsed validation time:0.37s
[Twitter] [Epoch=127] Train Loss=[QuantLoss=0.03523]Val loss = [QuantLoss=0.08467][QuantReg:0.39173]
[Twitter] Starting epoch 128...
[Twitter] Elapsed training time:4.54s
[Twitter] Starting validation...
[Twitter] Elapsed validation time:0.37s
[Twitter] [Epoch=128] Train Loss=[QuantLoss=0.03356]Val loss = [QuantLoss=0.07946][QuantReg:0.39307]
[Twitter] Starting epoch 129...
[Twitter] Elapsed training time:4.32s
[Twitter] Starting validation...
[Twitter] Elapsed validation time:0.35s
[Twitter] [Epoch=129] Train Loss=[QuantLoss=0.03881]Val loss = [QuantLoss=0.07830][QuantReg:0.39328]
[Twitter] Starting epoch 130...
[Twitter] Elapsed training time:4.61s
[Twitter] Starting validation...
[Twitter] Elapsed validation time:0.38s
[Twitter] [Epoch=130] Train Loss=[QuantLoss=0.03250]Val loss = [QuantLoss=0.08403][QuantReg:0.39202]
[Twitter] Early stopping in epoch 130!
[Twitter] Restoring best model...
MAE médio por bag: 0.1091 ± 0.0810
Salvo em resultados_sanders/resultados_twitter_bert_kl_easiest_5.csv
