Dataset: /home/nildaimon/gmnet/experiments/train_curl/Datasets/Sanders/twitter-sanders-apple3.csv
Dificuldade: metric=l1, mode=hardest, top_k=None
Rodada: 5
Salvar resultados em: resultados_sanders
Dispositivo de treino: cpu
Carregando e processando dataset Twitter
Carregando embeddings do cache...
Ignoring val_split as train and val datasets where given to fit function
We have two datasets: training 1092 examples. validation 100 examples.]
Using device cpu
[Twitter] Starting epoch 0...
[Twitter] Elapsed training time:4.23s
[Twitter] Starting validation...
[Twitter] Elapsed validation time:0.26s
[Twitter] [Epoch=000] Train Loss=[QuantLoss=0.09185]Val loss = [QuantLoss=0.08095][QuantReg:0.62000][saved best model in this epoch]
[Twitter] Starting epoch 1...
[Twitter] Elapsed training time:4.31s
[Twitter] Starting validation...
[Twitter] Elapsed validation time:0.24s
[Twitter] [Epoch=001] Train Loss=[QuantLoss=0.08282]Val loss = [QuantLoss=0.16642][QuantReg:0.54713]
[Twitter] Starting epoch 2...
[Twitter] Elapsed training time:4.49s
[Twitter] Starting validation...
[Twitter] Elapsed validation time:0.24s
[Twitter] [Epoch=002] Train Loss=[QuantLoss=0.08553]Val loss = [QuantLoss=0.13110][QuantReg:0.53057]
[Twitter] Starting epoch 3...
[Twitter] Elapsed training time:4.67s
[Twitter] Starting validation...
[Twitter] Elapsed validation time:0.24s
[Twitter] [Epoch=003] Train Loss=[QuantLoss=0.08923]Val loss = [QuantLoss=0.07001][QuantReg:0.54441][saved best model in this epoch]
[Twitter] Starting epoch 4...
[Twitter] Elapsed training time:4.48s
[Twitter] Starting validation...
[Twitter] Elapsed validation time:0.24s
[Twitter] [Epoch=004] Train Loss=[QuantLoss=0.08825]Val loss = [QuantLoss=0.08444][QuantReg:0.52625]
[Twitter] Starting epoch 5...
[Twitter] Elapsed training time:4.56s
[Twitter] Starting validation...
[Twitter] Elapsed validation time:0.23s
[Twitter] [Epoch=005] Train Loss=[QuantLoss=0.07843]Val loss = [QuantLoss=0.06583][QuantReg:0.53781][saved best model in this epoch]
[Twitter] Starting epoch 6...
[Twitter] Elapsed training time:4.53s
[Twitter] Starting validation...
[Twitter] Elapsed validation time:0.24s
[Twitter] [Epoch=006] Train Loss=[QuantLoss=0.07466]Val loss = [QuantLoss=0.07478][QuantReg:0.51029]
[Twitter] Starting epoch 7...
[Twitter] Elapsed training time:4.52s
[Twitter] Starting validation...
[Twitter] Elapsed validation time:0.26s
[Twitter] [Epoch=007] Train Loss=[QuantLoss=0.08236]Val loss = [QuantLoss=0.05612][QuantReg:0.49776][saved best model in this epoch]
[Twitter] Starting epoch 8...
[Twitter] Elapsed training time:4.40s
[Twitter] Starting validation...
[Twitter] Elapsed validation time:0.23s
[Twitter] [Epoch=008] Train Loss=[QuantLoss=0.07004]Val loss = [QuantLoss=0.05823][QuantReg:0.47265]
[Twitter] Starting epoch 9...
[Twitter] Elapsed training time:4.60s
[Twitter] Starting validation...
[Twitter] Elapsed validation time:0.26s
[Twitter] [Epoch=009] Train Loss=[QuantLoss=0.07958]Val loss = [QuantLoss=0.03283][QuantReg:0.44471][saved best model in this epoch]
[Twitter] Starting epoch 10...
[Twitter] Elapsed training time:4.64s
[Twitter] Starting validation...
[Twitter] Elapsed validation time:0.24s
[Twitter] [Epoch=010] Train Loss=[QuantLoss=0.06950]Val loss = [QuantLoss=0.03152][QuantReg:0.46431][saved best model in this epoch]
[Twitter] Starting epoch 11...
[Twitter] Elapsed training time:4.70s
[Twitter] Starting validation...
[Twitter] Elapsed validation time:0.22s
[Twitter] [Epoch=011] Train Loss=[QuantLoss=0.06349]Val loss = [QuantLoss=0.01818][QuantReg:0.47584][saved best model in this epoch]
[Twitter] Starting epoch 12...
[Twitter] Elapsed training time:4.68s
[Twitter] Starting validation...
[Twitter] Elapsed validation time:0.23s
[Twitter] [Epoch=012] Train Loss=[QuantLoss=0.06136]Val loss = [QuantLoss=0.02422][QuantReg:0.45178]
[Twitter] Starting epoch 13...
[Twitter] Elapsed training time:4.53s
[Twitter] Starting validation...
[Twitter] Elapsed validation time:0.24s
[Twitter] [Epoch=013] Train Loss=[QuantLoss=0.05964]Val loss = [QuantLoss=0.03001][QuantReg:0.44858]
[Twitter] Starting epoch 14...
[Twitter] Elapsed training time:4.42s
[Twitter] Starting validation...
[Twitter] Elapsed validation time:0.24s
[Twitter] [Epoch=014] Train Loss=[QuantLoss=0.05817]Val loss = [QuantLoss=0.10338][QuantReg:0.44139]
[Twitter] Starting epoch 15...
[Twitter] Elapsed training time:4.50s
[Twitter] Starting validation...
[Twitter] Elapsed validation time:0.25s
[Twitter] [Epoch=015] Train Loss=[QuantLoss=0.05461]Val loss = [QuantLoss=0.03186][QuantReg:0.44382]
[Twitter] Starting epoch 16...
[Twitter] Elapsed training time:4.37s
[Twitter] Starting validation...
[Twitter] Elapsed validation time:0.23s
[Twitter] [Epoch=016] Train Loss=[QuantLoss=0.05236]Val loss = [QuantLoss=0.01356][QuantReg:0.43208][saved best model in this epoch]
[Twitter] Starting epoch 17...
[Twitter] Elapsed training time:4.38s
[Twitter] Starting validation...
[Twitter] Elapsed validation time:0.23s
[Twitter] [Epoch=017] Train Loss=[QuantLoss=0.04940]Val loss = [QuantLoss=0.07760][QuantReg:0.43465]
[Twitter] Starting epoch 18...
[Twitter] Elapsed training time:4.48s
[Twitter] Starting validation...
[Twitter] Elapsed validation time:0.27s
[Twitter] [Epoch=018] Train Loss=[QuantLoss=0.04992]Val loss = [QuantLoss=0.02707][QuantReg:0.44031]
[Twitter] Starting epoch 19...
[Twitter] Elapsed training time:4.39s
[Twitter] Starting validation...
[Twitter] Elapsed validation time:0.25s
[Twitter] [Epoch=019] Train Loss=[QuantLoss=0.05328]Val loss = [QuantLoss=0.02911][QuantReg:0.43641]
[Twitter] Starting epoch 20...
[Twitter] Elapsed training time:4.29s
[Twitter] Starting validation...
[Twitter] Elapsed validation time:0.23s
[Twitter] [Epoch=020] Train Loss=[QuantLoss=0.05049]Val loss = [QuantLoss=0.01871][QuantReg:0.43758]
[Twitter] Starting epoch 21...
[Twitter] Elapsed training time:4.25s
[Twitter] Starting validation...
[Twitter] Elapsed validation time:0.22s
[Twitter] [Epoch=021] Train Loss=[QuantLoss=0.05209]Val loss = [QuantLoss=0.09065][QuantReg:0.44748]
[Twitter] Starting epoch 22...
[Twitter] Elapsed training time:4.40s
[Twitter] Starting validation...
[Twitter] Elapsed validation time:0.24s
[Twitter] [Epoch=022] Train Loss=[QuantLoss=0.05713]Val loss = [QuantLoss=0.09993][QuantReg:0.42781]
[Twitter] Starting epoch 23...
[Twitter] Elapsed training time:4.33s
[Twitter] Starting validation...
[Twitter] Elapsed validation time:0.22s
[Twitter] [Epoch=023] Train Loss=[QuantLoss=0.05642]Val loss = [QuantLoss=0.05380][QuantReg:0.41001]
[Twitter] Starting epoch 24...
[Twitter] Elapsed training time:4.50s
[Twitter] Starting validation...
[Twitter] Elapsed validation time:0.25s
[Twitter] [Epoch=024] Train Loss=[QuantLoss=0.06283]Val loss = [QuantLoss=0.01570][QuantReg:0.41841]
[Twitter] Starting epoch 25...
[Twitter] Elapsed training time:4.43s
[Twitter] Starting validation...
[Twitter] Elapsed validation time:0.36s
[Twitter] [Epoch=025] Train Loss=[QuantLoss=0.05143]Val loss = [QuantLoss=0.04778][QuantReg:0.42186]
[Twitter] Starting epoch 26...
[Twitter] Elapsed training time:4.34s
[Twitter] Starting validation...
[Twitter] Elapsed validation time:0.36s
[Twitter] [Epoch=026] Train Loss=[QuantLoss=0.06544]Val loss = [QuantLoss=0.08605][QuantReg:0.40842]
[Twitter] Starting epoch 27...
[Twitter] Elapsed training time:4.37s
[Twitter] Starting validation...
[Twitter] Elapsed validation time:0.35s
[Twitter] [Epoch=027] Train Loss=[QuantLoss=0.05957]Val loss = [QuantLoss=0.12157][QuantReg:0.43827]
[Twitter] Starting epoch 28...
[Twitter] Elapsed training time:4.33s
[Twitter] Starting validation...
[Twitter] Elapsed validation time:0.35s
[Twitter] [Epoch=028] Train Loss=[QuantLoss=0.06580]Val loss = [QuantLoss=0.08630][QuantReg:0.45391]
[Twitter] Starting epoch 29...
[Twitter] Elapsed training time:4.20s
[Twitter] Starting validation...
[Twitter] Elapsed validation time:0.36s
[Twitter] [Epoch=029] Train Loss=[QuantLoss=0.06780]Val loss = [QuantLoss=0.13283][QuantReg:0.46222]
[Twitter] Starting epoch 30...
[Twitter] Elapsed training time:4.30s
[Twitter] Starting validation...
[Twitter] Elapsed validation time:0.34s
[Twitter] [Epoch=030] Train Loss=[QuantLoss=0.05835]Val loss = [QuantLoss=0.02381][QuantReg:0.45799]
[Twitter] Starting epoch 31...
[Twitter] Elapsed training time:4.25s
[Twitter] Starting validation...
[Twitter] Elapsed validation time:0.35s
[Twitter] [Epoch=031] Train Loss=[QuantLoss=0.05912]Val loss = [QuantLoss=0.06716][QuantReg:0.43417]
[Twitter] Starting epoch 32...
[Twitter] Elapsed training time:4.41s
[Twitter] Starting validation...
[Twitter] Elapsed validation time:0.35s
[Twitter] [Epoch=032] Train Loss=[QuantLoss=0.06252]Val loss = [QuantLoss=0.08977][QuantReg:0.43325]
[Twitter] Starting epoch 33...
[Twitter] Elapsed training time:4.39s
[Twitter] Starting validation...
[Twitter] Elapsed validation time:0.39s
[Twitter] [Epoch=033] Train Loss=[QuantLoss=0.06582]Val loss = [QuantLoss=0.02143][QuantReg:0.43566]
[Twitter] Starting epoch 34...
[Twitter] Elapsed training time:4.61s
[Twitter] Starting validation...
[Twitter] Elapsed validation time:0.36s
[Twitter] [Epoch=034] Train Loss=[QuantLoss=0.06126]Val loss = [QuantLoss=0.01528][QuantReg:0.43180]
[Twitter] Starting epoch 35...
[Twitter] Elapsed training time:4.31s
[Twitter] Starting validation...
[Twitter] Elapsed validation time:0.38s
[Twitter] [Epoch=035] Train Loss=[QuantLoss=0.05516]Val loss = [QuantLoss=0.01475][QuantReg:0.42337]
[Twitter] Starting epoch 36...
[Twitter] Elapsed training time:4.38s
[Twitter] Starting validation...
[Twitter] Elapsed validation time:0.36s
[Twitter] [Epoch=036] Train Loss=[QuantLoss=0.05644]Val loss = [QuantLoss=0.04093][QuantReg:0.42006]
[Twitter] Starting epoch 37...
[Twitter] Elapsed training time:4.27s
[Twitter] Starting validation...
[Twitter] Elapsed validation time:0.35s
[Twitter] [Epoch=037] Train Loss=[QuantLoss=0.05510]Val loss = [QuantLoss=0.06893][QuantReg:0.42099]
[Twitter] Starting epoch 38...
[Twitter] Elapsed training time:4.32s
[Twitter] Starting validation...
[Twitter] Elapsed validation time:0.34s
[Twitter] [Epoch=038] Train Loss=[QuantLoss=0.05344]Val loss = [QuantLoss=0.03683][QuantReg:0.41965]
[Twitter] Starting epoch 39...
[Twitter] Elapsed training time:4.34s
[Twitter] Starting validation...
[Twitter] Elapsed validation time:0.35s
[Twitter] [Epoch=039] Train Loss=[QuantLoss=0.05192]Val loss = [QuantLoss=0.02461][QuantReg:0.42024]
[Twitter] Starting epoch 40...
[Twitter] Elapsed training time:4.41s
[Twitter] Starting validation...
[Twitter] Elapsed validation time:0.37s
[Twitter] [Epoch=040] Train Loss=[QuantLoss=0.04744]Val loss = [QuantLoss=0.04028][QuantReg:0.41457]
[Twitter] Starting epoch 41...
[Twitter] Elapsed training time:4.35s
[Twitter] Starting validation...
[Twitter] Elapsed validation time:0.36s
[Twitter] [Epoch=041] Train Loss=[QuantLoss=0.04637]Val loss = [QuantLoss=0.02918][QuantReg:0.41811]
[Twitter] Starting epoch 42...
[Twitter] Elapsed training time:4.56s
[Twitter] Starting validation...
[Twitter] Elapsed validation time:0.34s
[Twitter] [Epoch=042] Train Loss=[QuantLoss=0.04587]Val loss = [QuantLoss=0.04102][QuantReg:0.41339]
[Twitter] Starting epoch 43...
[Twitter] Elapsed training time:4.29s
[Twitter] Starting validation...
[Twitter] Elapsed validation time:0.35s
[Twitter] [Epoch=043] Train Loss=[QuantLoss=0.04584]Val loss = [QuantLoss=0.04145][QuantReg:0.41187]
[Twitter] Starting epoch 44...
[Twitter] Elapsed training time:4.28s
[Twitter] Starting validation...
[Twitter] Elapsed validation time:0.35s
[Twitter] [Epoch=044] Train Loss=[QuantLoss=0.04604]Val loss = [QuantLoss=0.04135][QuantReg:0.41768]
[Twitter] Starting epoch 45...
[Twitter] Elapsed training time:4.34s
[Twitter] Starting validation...
[Twitter] Elapsed validation time:0.34s
[Twitter] [Epoch=045] Train Loss=[QuantLoss=0.04401]Val loss = [QuantLoss=0.06132][QuantReg:0.42420]
[Twitter] Starting epoch 46...
[Twitter] Elapsed training time:4.29s
[Twitter] Starting validation...
[Twitter] Elapsed validation time:0.35s
[Twitter] [Epoch=046] Train Loss=[QuantLoss=0.04609]Val loss = [QuantLoss=0.03078][QuantReg:0.42104]
[Twitter] Starting epoch 47...
[Twitter] Elapsed training time:4.38s
[Twitter] Starting validation...
[Twitter] Elapsed validation time:0.34s
[Twitter] [Epoch=047] Train Loss=[QuantLoss=0.04465]Val loss = [QuantLoss=0.04434][QuantReg:0.40679]
[Twitter] Starting epoch 48...
[Twitter] Elapsed training time:4.47s
[Twitter] Starting validation...
[Twitter] Elapsed validation time:0.35s
[Twitter] [Epoch=048] Train Loss=[QuantLoss=0.04437]Val loss = [QuantLoss=0.04511][QuantReg:0.40007]
[Twitter] Starting epoch 49...
[Twitter] Elapsed training time:4.64s
[Twitter] Starting validation...
[Twitter] Elapsed validation time:0.36s
[Twitter] [Epoch=049] Train Loss=[QuantLoss=0.04537]Val loss = [QuantLoss=0.03831][QuantReg:0.39824]
[Twitter] Starting epoch 50...
[Twitter] Elapsed training time:4.58s
[Twitter] Starting validation...
[Twitter] Elapsed validation time:0.36s
[Twitter] [Epoch=050] Train Loss=[QuantLoss=0.04592]Val loss = [QuantLoss=0.04525][QuantReg:0.39304]
[Twitter] Starting epoch 51...
[Twitter] Elapsed training time:4.32s
[Twitter] Starting validation...
[Twitter] Elapsed validation time:0.35s
[Twitter] [Epoch=051] Train Loss=[QuantLoss=0.04312]Val loss = [QuantLoss=0.05715][QuantReg:0.40245]
[Twitter] Starting epoch 52...
[Twitter] Elapsed training time:4.26s
[Twitter] Starting validation...
[Twitter] Elapsed validation time:0.36s
[Twitter] [Epoch=052] Train Loss=[QuantLoss=0.04216]Val loss = [QuantLoss=0.05314][QuantReg:0.40944]
[Twitter] Starting epoch 53...
[Twitter] Elapsed training time:4.35s
[Twitter] Starting validation...
[Twitter] Elapsed validation time:0.34s
[Twitter] [Epoch=053] Train Loss=[QuantLoss=0.04251]Val loss = [QuantLoss=0.06126][QuantReg:0.40110]
[Twitter] Starting epoch 54...
[Twitter] Elapsed training time:4.39s
[Twitter] Starting validation...
[Twitter] Elapsed validation time:0.36s
[Twitter] [Epoch=054] Train Loss=[QuantLoss=0.04371]Val loss = [QuantLoss=0.06409][QuantReg:0.39752]
[Twitter] Starting epoch 55...
[Twitter] Elapsed training time:4.50s
[Twitter] Starting validation...
[Twitter] Elapsed validation time:0.37s
[Twitter] [Epoch=055] Train Loss=[QuantLoss=0.04099]Val loss = [QuantLoss=0.03427][QuantReg:0.39474]
[Twitter] Starting epoch 56...
[Twitter] Elapsed training time:4.54s
[Twitter] Starting validation...
[Twitter] Elapsed validation time:0.34s
[Twitter] [Epoch=056] Train Loss=[QuantLoss=0.04338]Val loss = [QuantLoss=0.07662][QuantReg:0.39977]
[Twitter] Starting epoch 57...
[Twitter] Elapsed training time:4.37s
[Twitter] Starting validation...
[Twitter] Elapsed validation time:0.36s
[Twitter] [Epoch=057] Train Loss=[QuantLoss=0.04215]Val loss = [QuantLoss=0.06498][QuantReg:0.39905]
[Twitter] Starting epoch 58...
[Twitter] Elapsed training time:4.35s
[Twitter] Starting validation...
[Twitter] Elapsed validation time:0.37s
[Twitter] [Epoch=058] Train Loss=[QuantLoss=0.04244]Val loss = [QuantLoss=0.02965][QuantReg:0.39936]
[Twitter] Starting epoch 59...
[Twitter] Elapsed training time:4.40s
[Twitter] Starting validation...
[Twitter] Elapsed validation time:0.36s
[Twitter] [Epoch=059] Train Loss=[QuantLoss=0.04252]Val loss = [QuantLoss=0.07426][QuantReg:0.39662]
[Twitter] Starting epoch 60...
[Twitter] Elapsed training time:4.41s
[Twitter] Starting validation...
[Twitter] Elapsed validation time:0.35s
[Twitter] [Epoch=060] Train Loss=[QuantLoss=0.03954]Val loss = [QuantLoss=0.03780][QuantReg:0.39429]
[Twitter] Starting epoch 61...
[Twitter] Elapsed training time:4.44s
[Twitter] Starting validation...
[Twitter] Elapsed validation time:0.26s
[Twitter] [Epoch=061] Train Loss=[QuantLoss=0.03954]Val loss = [QuantLoss=0.06713][QuantReg:0.39441]
[Twitter] Starting epoch 62...
[Twitter] Elapsed training time:4.28s
[Twitter] Starting validation...
[Twitter] Elapsed validation time:0.24s
[Twitter] [Epoch=062] Train Loss=[QuantLoss=0.03968]Val loss = [QuantLoss=0.05174][QuantReg:0.39552]
[Twitter] Starting epoch 63...
[Twitter] Elapsed training time:4.24s
[Twitter] Starting validation...
[Twitter] Elapsed validation time:0.23s
[Twitter] [Epoch=063] Train Loss=[QuantLoss=0.03864]Val loss = [QuantLoss=0.08320][QuantReg:0.39753]
[Twitter] Starting epoch 64...
[Twitter] Elapsed training time:4.24s
[Twitter] Starting validation...
[Twitter] Elapsed validation time:0.25s
[Twitter] [Epoch=064] Train Loss=[QuantLoss=0.03686]Val loss = [QuantLoss=0.05406][QuantReg:0.39573]
[Twitter] Starting epoch 65...
[Twitter] Elapsed training time:4.17s
[Twitter] Starting validation...
[Twitter] Elapsed validation time:0.23s
[Twitter] [Epoch=065] Train Loss=[QuantLoss=0.03707]Val loss = [QuantLoss=0.06111][QuantReg:0.39800]
[Twitter] Starting epoch 66...
[Twitter] Elapsed training time:4.25s
[Twitter] Starting validation...
[Twitter] Elapsed validation time:0.25s
[Twitter] [Epoch=066] Train Loss=[QuantLoss=0.03666]Val loss = [QuantLoss=0.06641][QuantReg:0.39518]
[Twitter] Starting epoch 67...
[Twitter] Elapsed training time:4.28s
[Twitter] Starting validation...
[Twitter] Elapsed validation time:0.24s
[Twitter] [Epoch=067] Train Loss=[QuantLoss=0.03780]Val loss = [QuantLoss=0.06032][QuantReg:0.39677]
[Twitter] Starting epoch 68...
[Twitter] Elapsed training time:4.23s
[Twitter] Starting validation...
[Twitter] Elapsed validation time:0.24s
[Twitter] [Epoch=068] Train Loss=[QuantLoss=0.03755]Val loss = [QuantLoss=0.04332][QuantReg:0.39830]
[Twitter] Starting epoch 69...
[Twitter] Elapsed training time:4.32s
[Twitter] Starting validation...
[Twitter] Elapsed validation time:0.26s
[Twitter] [Epoch=069] Train Loss=[QuantLoss=0.03634]Val loss = [QuantLoss=0.04966][QuantReg:0.39503]
[Twitter] Starting epoch 70...
[Twitter] Elapsed training time:4.37s
[Twitter] Starting validation...
[Twitter] Elapsed validation time:0.26s
[Twitter] [Epoch=070] Train Loss=[QuantLoss=0.03756]Val loss = [QuantLoss=0.03276][QuantReg:0.39214]
[Twitter] Starting epoch 71...
[Twitter] Elapsed training time:4.33s
[Twitter] Starting validation...
[Twitter] Elapsed validation time:0.27s
[Twitter] [Epoch=071] Train Loss=[QuantLoss=0.03899]Val loss = [QuantLoss=0.05468][QuantReg:0.39160]
[Twitter] Starting epoch 72...
[Twitter] Elapsed training time:4.38s
[Twitter] Starting validation...
[Twitter] Elapsed validation time:0.23s
[Twitter] [Epoch=072] Train Loss=[QuantLoss=0.03745]Val loss = [QuantLoss=0.05210][QuantReg:0.39427]
[Twitter] Starting epoch 73...
[Twitter] Elapsed training time:4.32s
[Twitter] Starting validation...
[Twitter] Elapsed validation time:0.25s
[Twitter] [Epoch=073] Train Loss=[QuantLoss=0.03788]Val loss = [QuantLoss=0.05624][QuantReg:0.39217]
[Twitter] Starting epoch 74...
[Twitter] Elapsed training time:4.30s
[Twitter] Starting validation...
[Twitter] Elapsed validation time:0.24s
[Twitter] [Epoch=074] Train Loss=[QuantLoss=0.03813]Val loss = [QuantLoss=0.05048][QuantReg:0.39724]
[Twitter] Starting epoch 75...
[Twitter] Elapsed training time:4.32s
[Twitter] Starting validation...
[Twitter] Elapsed validation time:0.24s
[Twitter] [Epoch=075] Train Loss=[QuantLoss=0.03840]Val loss = [QuantLoss=0.05062][QuantReg:0.39862]
[Twitter] Starting epoch 76...
[Twitter] Elapsed training time:4.42s
[Twitter] Starting validation...
[Twitter] Elapsed validation time:0.23s
[Twitter] [Epoch=076] Train Loss=[QuantLoss=0.03724]Val loss = [QuantLoss=0.06036][QuantReg:0.39507]
[Twitter] Starting epoch 77...
[Twitter] Elapsed training time:4.40s
[Twitter] Starting validation...
[Twitter] Elapsed validation time:0.23s
[Twitter] [Epoch=077] Train Loss=[QuantLoss=0.03735]Val loss = [QuantLoss=0.05501][QuantReg:0.39480]
[Twitter] Starting epoch 78...
[Twitter] Elapsed training time:4.33s
[Twitter] Starting validation...
[Twitter] Elapsed validation time:0.25s
[Twitter] [Epoch=078] Train Loss=[QuantLoss=0.03747]Val loss = [QuantLoss=0.05971][QuantReg:0.39453]
[Twitter] Starting epoch 79...
[Twitter] Elapsed training time:4.39s
[Twitter] Starting validation...
[Twitter] Elapsed validation time:0.23s
[Twitter] [Epoch=079] Train Loss=[QuantLoss=0.03732]Val loss = [QuantLoss=0.05945][QuantReg:0.39420]
[Twitter] Starting epoch 80...
[Twitter] Elapsed training time:4.40s
[Twitter] Starting validation...
[Twitter] Elapsed validation time:0.24s
[Twitter] [Epoch=080] Train Loss=[QuantLoss=0.03856]Val loss = [QuantLoss=0.06166][QuantReg:0.39832]
[Twitter] Starting epoch 81...
[Twitter] Elapsed training time:4.28s
[Twitter] Starting validation...
[Twitter] Elapsed validation time:0.28s
[Twitter] [Epoch=081] Train Loss=[QuantLoss=0.03582]Val loss = [QuantLoss=0.04489][QuantReg:0.39808]
[Twitter] Starting epoch 82...
[Twitter] Elapsed training time:4.43s
[Twitter] Starting validation...
[Twitter] Elapsed validation time:0.24s
[Twitter] [Epoch=082] Train Loss=[QuantLoss=0.03426]Val loss = [QuantLoss=0.04710][QuantReg:0.39672]
[Twitter] Starting epoch 83...
[Twitter] Elapsed training time:4.23s
[Twitter] Starting validation...
[Twitter] Elapsed validation time:0.25s
[Twitter] [Epoch=083] Train Loss=[QuantLoss=0.03307]Val loss = [QuantLoss=0.04523][QuantReg:0.39737]
[Twitter] Starting epoch 84...
[Twitter] Elapsed training time:4.17s
[Twitter] Starting validation...
[Twitter] Elapsed validation time:0.25s
[Twitter] [Epoch=084] Train Loss=[QuantLoss=0.03501]Val loss = [QuantLoss=0.04378][QuantReg:0.39669]
[Twitter] Starting epoch 85...
[Twitter] Elapsed training time:4.27s
[Twitter] Starting validation...
[Twitter] Elapsed validation time:0.25s
[Twitter] [Epoch=085] Train Loss=[QuantLoss=0.03496]Val loss = [QuantLoss=0.04889][QuantReg:0.39678]
[Twitter] Starting epoch 86...
[Twitter] Elapsed training time:4.30s
[Twitter] Starting validation...
[Twitter] Elapsed validation time:0.23s
[Twitter] [Epoch=086] Train Loss=[QuantLoss=0.03506]Val loss = [QuantLoss=0.06355][QuantReg:0.39938]
[Twitter] Starting epoch 87...
[Twitter] Elapsed training time:4.23s
[Twitter] Starting validation...
[Twitter] Elapsed validation time:0.24s
[Twitter] [Epoch=087] Train Loss=[QuantLoss=0.03269]Val loss = [QuantLoss=0.07484][QuantReg:0.39718]
[Twitter] Starting epoch 88...
[Twitter] Elapsed training time:4.32s
[Twitter] Starting validation...
[Twitter] Elapsed validation time:0.24s
[Twitter] [Epoch=088] Train Loss=[QuantLoss=0.03401]Val loss = [QuantLoss=0.06432][QuantReg:0.39573]
[Twitter] Starting epoch 89...
[Twitter] Elapsed training time:4.35s
[Twitter] Starting validation...
[Twitter] Elapsed validation time:0.24s
[Twitter] [Epoch=089] Train Loss=[QuantLoss=0.03402]Val loss = [QuantLoss=0.06088][QuantReg:0.39665]
[Twitter] Starting epoch 90...
[Twitter] Elapsed training time:4.32s
[Twitter] Starting validation...
[Twitter] Elapsed validation time:0.27s
[Twitter] [Epoch=090] Train Loss=[QuantLoss=0.03459]Val loss = [QuantLoss=0.05204][QuantReg:0.39792]
[Twitter] Starting epoch 91...
[Twitter] Elapsed training time:4.30s
[Twitter] Starting validation...
[Twitter] Elapsed validation time:0.25s
[Twitter] [Epoch=091] Train Loss=[QuantLoss=0.03430]Val loss = [QuantLoss=0.05887][QuantReg:0.39628]
[Twitter] Starting epoch 92...
[Twitter] Elapsed training time:4.37s
[Twitter] Starting validation...
[Twitter] Elapsed validation time:0.22s
[Twitter] [Epoch=092] Train Loss=[QuantLoss=0.03356]Val loss = [QuantLoss=0.05169][QuantReg:0.39318]
[Twitter] Starting epoch 93...
[Twitter] Elapsed training time:4.35s
[Twitter] Starting validation...
[Twitter] Elapsed validation time:0.24s
[Twitter] [Epoch=093] Train Loss=[QuantLoss=0.03378]Val loss = [QuantLoss=0.04164][QuantReg:0.39423]
[Twitter] Starting epoch 94...
[Twitter] Elapsed training time:4.41s
[Twitter] Starting validation...
[Twitter] Elapsed validation time:0.26s
[Twitter] [Epoch=094] Train Loss=[QuantLoss=0.03361]Val loss = [QuantLoss=0.03265][QuantReg:0.39436]
[Twitter] Starting epoch 95...
[Twitter] Elapsed training time:4.39s
[Twitter] Starting validation...
[Twitter] Elapsed validation time:0.26s
[Twitter] [Epoch=095] Train Loss=[QuantLoss=0.03432]Val loss = [QuantLoss=0.03771][QuantReg:0.39460]
[Twitter] Starting epoch 96...
[Twitter] Elapsed training time:4.39s
[Twitter] Starting validation...
[Twitter] Elapsed validation time:0.25s
[Twitter] [Epoch=096] Train Loss=[QuantLoss=0.03454]Val loss = [QuantLoss=0.03719][QuantReg:0.39300]
[Twitter] Starting epoch 97...
[Twitter] Elapsed training time:4.48s
[Twitter] Starting validation...
[Twitter] Elapsed validation time:0.24s
[Twitter] [Epoch=097] Train Loss=[QuantLoss=0.03376]Val loss = [QuantLoss=0.03967][QuantReg:0.39113]
[Twitter] Starting epoch 98...
[Twitter] Elapsed training time:4.43s
[Twitter] Starting validation...
[Twitter] Elapsed validation time:0.24s
[Twitter] [Epoch=098] Train Loss=[QuantLoss=0.03346]Val loss = [QuantLoss=0.05337][QuantReg:0.39225]
[Twitter] Starting epoch 99...
[Twitter] Elapsed training time:4.60s
[Twitter] Starting validation...
[Twitter] Elapsed validation time:0.24s
[Twitter] [Epoch=099] Train Loss=[QuantLoss=0.03419]Val loss = [QuantLoss=0.04608][QuantReg:0.39565]
[Twitter] Starting epoch 100...
[Twitter] Elapsed training time:4.38s
[Twitter] Starting validation...
[Twitter] Elapsed validation time:0.28s
[Twitter] [Epoch=100] Train Loss=[QuantLoss=0.03436]Val loss = [QuantLoss=0.04316][QuantReg:0.39212]
[Twitter] Starting epoch 101...
[Twitter] Elapsed training time:4.36s
[Twitter] Starting validation...
[Twitter] Elapsed validation time:0.35s
[Twitter] [Epoch=101] Train Loss=[QuantLoss=0.03184]Val loss = [QuantLoss=0.03815][QuantReg:0.39007]
[Twitter] Starting epoch 102...
[Twitter] Elapsed training time:4.30s
[Twitter] Starting validation...
[Twitter] Elapsed validation time:0.25s
[Twitter] [Epoch=102] Train Loss=[QuantLoss=0.03232]Val loss = [QuantLoss=0.04263][QuantReg:0.38925]
[Twitter] Starting epoch 103...
[Twitter] Elapsed training time:4.26s
[Twitter] Starting validation...
[Twitter] Elapsed validation time:0.34s
[Twitter] [Epoch=103] Train Loss=[QuantLoss=0.03291]Val loss = [QuantLoss=0.04099][QuantReg:0.38885]
[Twitter] Starting epoch 104...
[Twitter] Elapsed training time:4.18s
[Twitter] Starting validation...
[Twitter] Elapsed validation time:0.35s
[Twitter] [Epoch=104] Train Loss=[QuantLoss=0.03127]Val loss = [QuantLoss=0.03899][QuantReg:0.39027]
[Twitter] Starting epoch 105...
[Twitter] Elapsed training time:4.18s
[Twitter] Starting validation...
[Twitter] Elapsed validation time:0.38s
[Twitter] [Epoch=105] Train Loss=[QuantLoss=0.03248]Val loss = [QuantLoss=0.04032][QuantReg:0.39120]
[Twitter] Starting epoch 106...
[Twitter] Elapsed training time:4.21s
[Twitter] Starting validation...
[Twitter] Elapsed validation time:0.36s
[Twitter] [Epoch=106] Train Loss=[QuantLoss=0.03224]Val loss = [QuantLoss=0.03509][QuantReg:0.39113]
[Twitter] Starting epoch 107...
[Twitter] Elapsed training time:4.26s
[Twitter] Starting validation...
[Twitter] Elapsed validation time:0.37s
[Twitter] [Epoch=107] Train Loss=[QuantLoss=0.03203]Val loss = [QuantLoss=0.04212][QuantReg:0.39196]
[Twitter] Starting epoch 108...
[Twitter] Elapsed training time:4.28s
[Twitter] Starting validation...
[Twitter] Elapsed validation time:0.39s
[Twitter] [Epoch=108] Train Loss=[QuantLoss=0.03298]Val loss = [QuantLoss=0.04194][QuantReg:0.39234]
[Twitter] Starting epoch 109...
[Twitter] Elapsed training time:4.32s
[Twitter] Starting validation...
[Twitter] Elapsed validation time:0.35s
[Twitter] [Epoch=109] Train Loss=[QuantLoss=0.03305]Val loss = [QuantLoss=0.04487][QuantReg:0.39131]
[Twitter] Starting epoch 110...
[Twitter] Elapsed training time:4.35s
[Twitter] Starting validation...
[Twitter] Elapsed validation time:0.34s
[Twitter] [Epoch=110] Train Loss=[QuantLoss=0.03169]Val loss = [QuantLoss=0.04614][QuantReg:0.39161]
[Twitter] Starting epoch 111...
[Twitter] Elapsed training time:4.52s
[Twitter] Starting validation...
[Twitter] Elapsed validation time:0.30s
[Twitter] [Epoch=111] Train Loss=[QuantLoss=0.03282]Val loss = [QuantLoss=0.04542][QuantReg:0.39178]
[Twitter] Starting epoch 112...
[Twitter] Elapsed training time:4.72s
[Twitter] Starting validation...
[Twitter] Elapsed validation time:0.33s
[Twitter] [Epoch=112] Train Loss=[QuantLoss=0.03260]Val loss = [QuantLoss=0.04300][QuantReg:0.39107]
[Twitter] Starting epoch 113...
[Twitter] Elapsed training time:4.71s
[Twitter] Starting validation...
[Twitter] Elapsed validation time:0.32s
[Twitter] [Epoch=113] Train Loss=[QuantLoss=0.03121]Val loss = [QuantLoss=0.04400][QuantReg:0.39287]
[Twitter] Starting epoch 114...
[Twitter] Elapsed training time:4.67s
[Twitter] Starting validation...
[Twitter] Elapsed validation time:0.30s
[Twitter] [Epoch=114] Train Loss=[QuantLoss=0.03317]Val loss = [QuantLoss=0.04543][QuantReg:0.39157]
[Twitter] Starting epoch 115...
[Twitter] Elapsed training time:4.60s
[Twitter] Starting validation...
[Twitter] Elapsed validation time:0.29s
[Twitter] [Epoch=115] Train Loss=[QuantLoss=0.03146]Val loss = [QuantLoss=0.04761][QuantReg:0.39094]
[Twitter] Starting epoch 116...
[Twitter] Elapsed training time:4.70s
[Twitter] Starting validation...
[Twitter] Elapsed validation time:0.29s
[Twitter] [Epoch=116] Train Loss=[QuantLoss=0.03118]Val loss = [QuantLoss=0.05610][QuantReg:0.38959]
[Twitter] Starting epoch 117...
[Twitter] Elapsed training time:4.72s
[Twitter] Starting validation...
[Twitter] Elapsed validation time:0.31s
[Twitter] [Epoch=117] Train Loss=[QuantLoss=0.03126]Val loss = [QuantLoss=0.05241][QuantReg:0.39032]
[Twitter] Starting epoch 118...
[Twitter] Elapsed training time:4.76s
[Twitter] Starting validation...
[Twitter] Elapsed validation time:0.31s
[Twitter] [Epoch=118] Train Loss=[QuantLoss=0.03024]Val loss = [QuantLoss=0.06446][QuantReg:0.39034]
[Twitter] Starting epoch 119...
[Twitter] Elapsed training time:5.03s
[Twitter] Starting validation...
[Twitter] Elapsed validation time:0.33s
[Twitter] [Epoch=119] Train Loss=[QuantLoss=0.03218]Val loss = [QuantLoss=0.05892][QuantReg:0.39013]
[Twitter] Starting epoch 120...
[Twitter] Elapsed training time:4.75s
[Twitter] Starting validation...
[Twitter] Elapsed validation time:0.34s
[Twitter] [Epoch=120] Train Loss=[QuantLoss=0.03172]Val loss = [QuantLoss=0.05629][QuantReg:0.38937]
[Twitter] Starting epoch 121...
[Twitter] Elapsed training time:4.48s
[Twitter] Starting validation...
[Twitter] Elapsed validation time:0.37s
[Twitter] [Epoch=121] Train Loss=[QuantLoss=0.03105]Val loss = [QuantLoss=0.04621][QuantReg:0.38988]
[Twitter] Starting epoch 122...
[Twitter] Elapsed training time:4.29s
[Twitter] Starting validation...
[Twitter] Elapsed validation time:0.33s
[Twitter] [Epoch=122] Train Loss=[QuantLoss=0.03180]Val loss = [QuantLoss=0.03977][QuantReg:0.39019]
[Twitter] Starting epoch 123...
[Twitter] Elapsed training time:4.29s
[Twitter] Starting validation...
[Twitter] Elapsed validation time:0.34s
[Twitter] [Epoch=123] Train Loss=[QuantLoss=0.03224]Val loss = [QuantLoss=0.04500][QuantReg:0.39147]
[Twitter] Starting epoch 124...
[Twitter] Elapsed training time:4.35s
[Twitter] Starting validation...
[Twitter] Elapsed validation time:0.29s
[Twitter] [Epoch=124] Train Loss=[QuantLoss=0.03058]Val loss = [QuantLoss=0.04210][QuantReg:0.39072]
[Twitter] Starting epoch 125...
[Twitter] Elapsed training time:3.44s
[Twitter] Starting validation...
[Twitter] Elapsed validation time:0.36s
[Twitter] [Epoch=125] Train Loss=[QuantLoss=0.03050]Val loss = [QuantLoss=0.04469][QuantReg:0.39005]
[Twitter] Starting epoch 126...
[Twitter] Elapsed training time:4.58s
[Twitter] Starting validation...
[Twitter] Elapsed validation time:0.36s
[Twitter] [Epoch=126] Train Loss=[QuantLoss=0.02948]Val loss = [QuantLoss=0.04318][QuantReg:0.38986]
[Twitter] Starting epoch 127...
[Twitter] Elapsed training time:4.68s
[Twitter] Starting validation...
[Twitter] Elapsed validation time:0.35s
[Twitter] [Epoch=127] Train Loss=[QuantLoss=0.03049]Val loss = [QuantLoss=0.04956][QuantReg:0.39073]
[Twitter] Starting epoch 128...
[Twitter] Elapsed training time:4.35s
[Twitter] Starting validation...
[Twitter] Elapsed validation time:0.35s
[Twitter] [Epoch=128] Train Loss=[QuantLoss=0.02963]Val loss = [QuantLoss=0.05157][QuantReg:0.39102]
[Twitter] Starting epoch 129...
[Twitter] Elapsed training time:4.56s
[Twitter] Starting validation...
[Twitter] Elapsed validation time:0.35s
[Twitter] [Epoch=129] Train Loss=[QuantLoss=0.02994]Val loss = [QuantLoss=0.04663][QuantReg:0.39211]
[Twitter] Starting epoch 130...
[Twitter] Elapsed training time:4.67s
[Twitter] Starting validation...
[Twitter] Elapsed validation time:0.34s
[Twitter] [Epoch=130] Train Loss=[QuantLoss=0.03062]Val loss = [QuantLoss=0.04642][QuantReg:0.39195]
[Twitter] Starting epoch 131...
[Twitter] Elapsed training time:4.39s
[Twitter] Starting validation...
[Twitter] Elapsed validation time:0.35s
[Twitter] [Epoch=131] Train Loss=[QuantLoss=0.02998]Val loss = [QuantLoss=0.04875][QuantReg:0.39146]
[Twitter] Starting epoch 132...
[Twitter] Elapsed training time:4.36s
[Twitter] Starting validation...
[Twitter] Elapsed validation time:0.36s
[Twitter] [Epoch=132] Train Loss=[QuantLoss=0.03058]Val loss = [QuantLoss=0.05290][QuantReg:0.39208]
[Twitter] Starting epoch 133...
[Twitter] Elapsed training time:4.52s
[Twitter] Starting validation...
[Twitter] Elapsed validation time:0.35s
[Twitter] [Epoch=133] Train Loss=[QuantLoss=0.03096]Val loss = [QuantLoss=0.05072][QuantReg:0.39267]
[Twitter] Starting epoch 134...
[Twitter] Elapsed training time:4.39s
[Twitter] Starting validation...
[Twitter] Elapsed validation time:0.36s
[Twitter] [Epoch=134] Train Loss=[QuantLoss=0.03075]Val loss = [QuantLoss=0.04847][QuantReg:0.39190]
[Twitter] Starting epoch 135...
[Twitter] Elapsed training time:4.50s
[Twitter] Starting validation...
[Twitter] Elapsed validation time:0.37s
[Twitter] [Epoch=135] Train Loss=[QuantLoss=0.02930]Val loss = [QuantLoss=0.04945][QuantReg:0.39211]
[Twitter] Starting epoch 136...
[Twitter] Elapsed training time:4.94s
[Twitter] Starting validation...
[Twitter] Elapsed validation time:0.33s
[Twitter] [Epoch=136] Train Loss=[QuantLoss=0.02962]Val loss = [QuantLoss=0.04973][QuantReg:0.39200]
[Twitter] Starting epoch 137...
[Twitter] Elapsed training time:4.82s
[Twitter] Starting validation...
[Twitter] Elapsed validation time:0.33s
[Twitter] [Epoch=137] Train Loss=[QuantLoss=0.03115]Val loss = [QuantLoss=0.05618][QuantReg:0.39041]
[Twitter] Starting epoch 138...
[Twitter] Elapsed training time:4.91s
[Twitter] Starting validation...
[Twitter] Elapsed validation time:0.34s
[Twitter] [Epoch=138] Train Loss=[QuantLoss=0.03171]Val loss = [QuantLoss=0.05235][QuantReg:0.39084]
[Twitter] Starting epoch 139...
[Twitter] Elapsed training time:4.94s
[Twitter] Starting validation...
[Twitter] Elapsed validation time:0.22s
[Twitter] [Epoch=139] Train Loss=[QuantLoss=0.03110]Val loss = [QuantLoss=0.05048][QuantReg:0.38999]
[Twitter] Starting epoch 140...
[Twitter] Elapsed training time:4.85s
[Twitter] Starting validation...
[Twitter] Elapsed validation time:0.24s
[Twitter] [Epoch=140] Train Loss=[QuantLoss=0.03162]Val loss = [QuantLoss=0.05243][QuantReg:0.38904]
[Twitter] Starting epoch 141...
[Twitter] Elapsed training time:4.78s
[Twitter] Starting validation...
[Twitter] Elapsed validation time:0.26s
[Twitter] [Epoch=141] Train Loss=[QuantLoss=0.03131]Val loss = [QuantLoss=0.05221][QuantReg:0.38937]
[Twitter] Starting epoch 142...
[Twitter] Elapsed training time:4.89s
[Twitter] Starting validation...
[Twitter] Elapsed validation time:0.26s
[Twitter] [Epoch=142] Train Loss=[QuantLoss=0.02981]Val loss = [QuantLoss=0.05652][QuantReg:0.39057]
[Twitter] Early stopping in epoch 142!
[Twitter] Restoring best model...
MAE médio por bag: 0.0468 ± 0.0223
Salvo em resultados_sanders/resultados_twitter_bert_l1_hardest_5.csv
