Dataset: blog
Dificuldade: metric=None, mode=None, top_k=None
Rodada: 1
Salvar resultados em: resultados_blog
Dispositivo de treino: cpu
Baixando e preparando o dataset BlogFeedback...
Dataset BlogFeedback pronto.
Número de features após pré-processamento: 276
Ignoring val_split as train and val datasets where given to fit function
We have two datasets: training 62837 examples. validation 10400 examples.]
Using device cpu
[BlogFeedback] Starting epoch 0...
[BlogFeedback] Elapsed training time:2.70s
[BlogFeedback] Starting validation...
[BlogFeedback] Elapsed validation time:0.26s
[BlogFeedback] [Epoch=000] Train Loss=[QuantLoss=0.08348]Val loss = [QuantLoss=0.04307][QuantReg:0.47222][saved best model in this epoch]
[BlogFeedback] Starting epoch 1...
[BlogFeedback] Elapsed training time:2.57s
[BlogFeedback] Starting validation...
[BlogFeedback] Elapsed validation time:0.26s
[BlogFeedback] [Epoch=001] Train Loss=[QuantLoss=0.06525]Val loss = [QuantLoss=0.04016][QuantReg:0.55244][saved best model in this epoch]
[BlogFeedback] Starting epoch 2...
[BlogFeedback] Elapsed training time:2.61s
[BlogFeedback] Starting validation...
[BlogFeedback] Elapsed validation time:0.26s
[BlogFeedback] [Epoch=002] Train Loss=[QuantLoss=0.06224]Val loss = [QuantLoss=0.04905][QuantReg:0.55614]
[BlogFeedback] Starting epoch 3...
[BlogFeedback] Elapsed training time:2.69s
[BlogFeedback] Starting validation...
[BlogFeedback] Elapsed validation time:0.25s
[BlogFeedback] [Epoch=003] Train Loss=[QuantLoss=0.05683]Val loss = [QuantLoss=0.03556][QuantReg:0.56488][saved best model in this epoch]
[BlogFeedback] Starting epoch 4...
[BlogFeedback] Elapsed training time:2.70s
[BlogFeedback] Starting validation...
[BlogFeedback] Elapsed validation time:0.16s
[BlogFeedback] [Epoch=004] Train Loss=[QuantLoss=0.05659]Val loss = [QuantLoss=0.04343][QuantReg:0.54458]
[BlogFeedback] Starting epoch 5...
[BlogFeedback] Elapsed training time:2.60s
[BlogFeedback] Starting validation...
[BlogFeedback] Elapsed validation time:0.17s
[BlogFeedback] [Epoch=005] Train Loss=[QuantLoss=0.05421]Val loss = [QuantLoss=0.03303][QuantReg:0.59506][saved best model in this epoch]
[BlogFeedback] Starting epoch 6...
[BlogFeedback] Elapsed training time:2.60s
[BlogFeedback] Starting validation...
[BlogFeedback] Elapsed validation time:0.17s
[BlogFeedback] [Epoch=006] Train Loss=[QuantLoss=0.05580]Val loss = [QuantLoss=0.03797][QuantReg:0.58819]
[BlogFeedback] Starting epoch 7...
[BlogFeedback] Elapsed training time:2.64s
[BlogFeedback] Starting validation...
[BlogFeedback] Elapsed validation time:0.17s
[BlogFeedback] [Epoch=007] Train Loss=[QuantLoss=0.05179]Val loss = [QuantLoss=0.03184][QuantReg:0.61769][saved best model in this epoch]
[BlogFeedback] Starting epoch 8...
[BlogFeedback] Elapsed training time:2.66s
[BlogFeedback] Starting validation...
[BlogFeedback] Elapsed validation time:0.18s
[BlogFeedback] [Epoch=008] Train Loss=[QuantLoss=0.05132]Val loss = [QuantLoss=0.02954][QuantReg:0.58660][saved best model in this epoch]
[BlogFeedback] Starting epoch 9...
[BlogFeedback] Elapsed training time:2.61s
[BlogFeedback] Starting validation...
[BlogFeedback] Elapsed validation time:0.17s
[BlogFeedback] [Epoch=009] Train Loss=[QuantLoss=0.05048]Val loss = [QuantLoss=0.03669][QuantReg:0.57355]
[BlogFeedback] Starting epoch 10...
[BlogFeedback] Elapsed training time:2.64s
[BlogFeedback] Starting validation...
[BlogFeedback] Elapsed validation time:0.18s
[BlogFeedback] [Epoch=010] Train Loss=[QuantLoss=0.04947]Val loss = [QuantLoss=0.03163][QuantReg:0.56504]
[BlogFeedback] Starting epoch 11...
[BlogFeedback] Elapsed training time:2.58s
[BlogFeedback] Starting validation...
[BlogFeedback] Elapsed validation time:0.16s
[BlogFeedback] [Epoch=011] Train Loss=[QuantLoss=0.05045]Val loss = [QuantLoss=0.02908][QuantReg:0.58208][saved best model in this epoch]
[BlogFeedback] Starting epoch 12...
[BlogFeedback] Elapsed training time:2.61s
[BlogFeedback] Starting validation...
[BlogFeedback] Elapsed validation time:0.17s
[BlogFeedback] [Epoch=012] Train Loss=[QuantLoss=0.04666]Val loss = [QuantLoss=0.02710][QuantReg:0.61111][saved best model in this epoch]
[BlogFeedback] Starting epoch 13...
[BlogFeedback] Elapsed training time:2.62s
[BlogFeedback] Starting validation...
[BlogFeedback] Elapsed validation time:0.17s
[BlogFeedback] [Epoch=013] Train Loss=[QuantLoss=0.04876]Val loss = [QuantLoss=0.03180][QuantReg:0.58246]
[BlogFeedback] Starting epoch 14...
[BlogFeedback] Elapsed training time:2.62s
[BlogFeedback] Starting validation...
[BlogFeedback] Elapsed validation time:0.17s
[BlogFeedback] [Epoch=014] Train Loss=[QuantLoss=0.04535]Val loss = [QuantLoss=0.02823][QuantReg:0.57263]
[BlogFeedback] Starting epoch 15...
[BlogFeedback] Elapsed training time:2.66s
[BlogFeedback] Starting validation...
[BlogFeedback] Elapsed validation time:0.16s
[BlogFeedback] [Epoch=015] Train Loss=[QuantLoss=0.04592]Val loss = [QuantLoss=0.03271][QuantReg:0.56982]
[BlogFeedback] Starting epoch 16...
[BlogFeedback] Elapsed training time:2.63s
[BlogFeedback] Starting validation...
[BlogFeedback] Elapsed validation time:0.17s
[BlogFeedback] [Epoch=016] Train Loss=[QuantLoss=0.04689]Val loss = [QuantLoss=0.02679][QuantReg:0.57971][saved best model in this epoch]
[BlogFeedback] Starting epoch 17...
[BlogFeedback] Elapsed training time:2.59s
[BlogFeedback] Starting validation...
[BlogFeedback] Elapsed validation time:0.18s
[BlogFeedback] [Epoch=017] Train Loss=[QuantLoss=0.04591]Val loss = [QuantLoss=0.02856][QuantReg:0.56878]
[BlogFeedback] Starting epoch 18...
[BlogFeedback] Elapsed training time:2.65s
[BlogFeedback] Starting validation...
[BlogFeedback] Elapsed validation time:0.17s
[BlogFeedback] [Epoch=018] Train Loss=[QuantLoss=0.04525]Val loss = [QuantLoss=0.03041][QuantReg:0.57390]
[BlogFeedback] Starting epoch 19...
[BlogFeedback] Elapsed training time:2.61s
[BlogFeedback] Starting validation...
[BlogFeedback] Elapsed validation time:0.17s
[BlogFeedback] [Epoch=019] Train Loss=[QuantLoss=0.04530]Val loss = [QuantLoss=0.04408][QuantReg:0.58639]
[BlogFeedback] Starting epoch 20...
[BlogFeedback] Elapsed training time:2.60s
[BlogFeedback] Starting validation...
[BlogFeedback] Elapsed validation time:0.18s
[BlogFeedback] [Epoch=020] Train Loss=[QuantLoss=0.04575]Val loss = [QuantLoss=0.02523][QuantReg:0.58807][saved best model in this epoch]
[BlogFeedback] Starting epoch 21...
[BlogFeedback] Elapsed training time:2.65s
[BlogFeedback] Starting validation...
[BlogFeedback] Elapsed validation time:0.18s
[BlogFeedback] [Epoch=021] Train Loss=[QuantLoss=0.04363]Val loss = [QuantLoss=0.03197][QuantReg:0.59217]
[BlogFeedback] Starting epoch 22...
[BlogFeedback] Elapsed training time:2.60s
[BlogFeedback] Starting validation...
[BlogFeedback] Elapsed validation time:0.16s
[BlogFeedback] [Epoch=022] Train Loss=[QuantLoss=0.04606]Val loss = [QuantLoss=0.02901][QuantReg:0.58561]
[BlogFeedback] Starting epoch 23...
[BlogFeedback] Elapsed training time:2.62s
[BlogFeedback] Starting validation...
[BlogFeedback] Elapsed validation time:0.17s
[BlogFeedback] [Epoch=023] Train Loss=[QuantLoss=0.04343]Val loss = [QuantLoss=0.02556][QuantReg:0.58728]
[BlogFeedback] Starting epoch 24...
[BlogFeedback] Elapsed training time:2.61s
[BlogFeedback] Starting validation...
[BlogFeedback] Elapsed validation time:0.18s
[BlogFeedback] [Epoch=024] Train Loss=[QuantLoss=0.04390]Val loss = [QuantLoss=0.02843][QuantReg:0.58183]
[BlogFeedback] Starting epoch 25...
[BlogFeedback] Elapsed training time:2.65s
[BlogFeedback] Starting validation...
[BlogFeedback] Elapsed validation time:0.17s
[BlogFeedback] [Epoch=025] Train Loss=[QuantLoss=0.04353]Val loss = [QuantLoss=0.02612][QuantReg:0.58327]
[BlogFeedback] Starting epoch 26...
[BlogFeedback] Elapsed training time:2.60s
[BlogFeedback] Starting validation...
[BlogFeedback] Elapsed validation time:0.18s
[BlogFeedback] [Epoch=026] Train Loss=[QuantLoss=0.04338]Val loss = [QuantLoss=0.02657][QuantReg:0.58239]
[BlogFeedback] Starting epoch 27...
[BlogFeedback] Elapsed training time:2.59s
[BlogFeedback] Starting validation...
[BlogFeedback] Elapsed validation time:0.19s
[BlogFeedback] [Epoch=027] Train Loss=[QuantLoss=0.04222]Val loss = [QuantLoss=0.02490][QuantReg:0.57831][saved best model in this epoch]
[BlogFeedback] Starting epoch 28...
[BlogFeedback] Elapsed training time:2.59s
[BlogFeedback] Starting validation...
[BlogFeedback] Elapsed validation time:0.17s
[BlogFeedback] [Epoch=028] Train Loss=[QuantLoss=0.04345]Val loss = [QuantLoss=0.03047][QuantReg:0.58761]
[BlogFeedback] Starting epoch 29...
[BlogFeedback] Elapsed training time:2.66s
[BlogFeedback] Starting validation...
[BlogFeedback] Elapsed validation time:0.18s
[BlogFeedback] [Epoch=029] Train Loss=[QuantLoss=0.04181]Val loss = [QuantLoss=0.02698][QuantReg:0.59017]
[BlogFeedback] Starting epoch 30...
[BlogFeedback] Elapsed training time:2.54s
[BlogFeedback] Starting validation...
[BlogFeedback] Elapsed validation time:0.18s
[BlogFeedback] [Epoch=030] Train Loss=[QuantLoss=0.04247]Val loss = [QuantLoss=0.04094][QuantReg:0.57969]
[BlogFeedback] Starting epoch 31...
[BlogFeedback] Elapsed training time:2.60s
[BlogFeedback] Starting validation...
[BlogFeedback] Elapsed validation time:0.19s
[BlogFeedback] [Epoch=031] Train Loss=[QuantLoss=0.04278]Val loss = [QuantLoss=0.02812][QuantReg:0.58000]
[BlogFeedback] Starting epoch 32...
[BlogFeedback] Elapsed training time:2.64s
[BlogFeedback] Starting validation...
[BlogFeedback] Elapsed validation time:0.16s
[BlogFeedback] [Epoch=032] Train Loss=[QuantLoss=0.04426]Val loss = [QuantLoss=0.02729][QuantReg:0.60110]
[BlogFeedback] Starting epoch 33...
[BlogFeedback] Elapsed training time:2.63s
[BlogFeedback] Starting validation...
[BlogFeedback] Elapsed validation time:0.17s
[BlogFeedback] [Epoch=033] Train Loss=[QuantLoss=0.04317]Val loss = [QuantLoss=0.02948][QuantReg:0.60230]
[BlogFeedback] Starting epoch 34...
[BlogFeedback] Elapsed training time:2.59s
[BlogFeedback] Starting validation...
[BlogFeedback] Elapsed validation time:0.26s
[BlogFeedback] [Epoch=034] Train Loss=[QuantLoss=0.04211]Val loss = [QuantLoss=0.02860][QuantReg:0.59433]
[BlogFeedback] Starting epoch 35...
[BlogFeedback] Elapsed training time:2.61s
[BlogFeedback] Starting validation...
[BlogFeedback] Elapsed validation time:0.16s
[BlogFeedback] [Epoch=035] Train Loss=[QuantLoss=0.04283]Val loss = [QuantLoss=0.02843][QuantReg:0.58507]
[BlogFeedback] Starting epoch 36...
[BlogFeedback] Elapsed training time:2.62s
[BlogFeedback] Starting validation...
[BlogFeedback] Elapsed validation time:0.25s
[BlogFeedback] [Epoch=036] Train Loss=[QuantLoss=0.04128]Val loss = [QuantLoss=0.03355][QuantReg:0.61452]
[BlogFeedback] Starting epoch 37...
[BlogFeedback] Elapsed training time:2.61s
[BlogFeedback] Starting validation...
[BlogFeedback] Elapsed validation time:0.16s
[BlogFeedback] [Epoch=037] Train Loss=[QuantLoss=0.04389]Val loss = [QuantLoss=0.02587][QuantReg:0.58769]
[BlogFeedback] Starting epoch 38...
[BlogFeedback] Elapsed training time:2.59s
[BlogFeedback] Starting validation...
[BlogFeedback] Elapsed validation time:0.25s
[BlogFeedback] [Epoch=038] Train Loss=[QuantLoss=0.04193]Val loss = [QuantLoss=0.03626][QuantReg:0.60055]
[BlogFeedback] Starting epoch 39...
[BlogFeedback] Elapsed training time:2.61s
[BlogFeedback] Starting validation...
[BlogFeedback] Elapsed validation time:0.26s
[BlogFeedback] [Epoch=039] Train Loss=[QuantLoss=0.04086]Val loss = [QuantLoss=0.02754][QuantReg:0.60392]
[BlogFeedback] Starting epoch 40...
[BlogFeedback] Elapsed training time:2.59s
[BlogFeedback] Starting validation...
[BlogFeedback] Elapsed validation time:0.25s
[BlogFeedback] [Epoch=040] Train Loss=[QuantLoss=0.04029]Val loss = [QuantLoss=0.02735][QuantReg:0.58574]
[BlogFeedback] Starting epoch 41...
[BlogFeedback] Elapsed training time:2.66s
[BlogFeedback] Starting validation...
[BlogFeedback] Elapsed validation time:0.25s
[BlogFeedback] [Epoch=041] Train Loss=[QuantLoss=0.04123]Val loss = [QuantLoss=0.03051][QuantReg:0.61426]
[BlogFeedback] Starting epoch 42...
[BlogFeedback] Elapsed training time:2.59s
[BlogFeedback] Starting validation...
[BlogFeedback] Elapsed validation time:0.24s
[BlogFeedback] [Epoch=042] Train Loss=[QuantLoss=0.04148]Val loss = [QuantLoss=0.03224][QuantReg:0.61455]
[BlogFeedback] Starting epoch 43...
[BlogFeedback] Elapsed training time:2.60s
[BlogFeedback] Starting validation...
[BlogFeedback] Elapsed validation time:0.26s
[BlogFeedback] [Epoch=043] Train Loss=[QuantLoss=0.04252]Val loss = [QuantLoss=0.02676][QuantReg:0.60733]
[BlogFeedback] Starting epoch 44...
[BlogFeedback] Elapsed training time:2.60s
[BlogFeedback] Starting validation...
[BlogFeedback] Elapsed validation time:0.24s
[BlogFeedback] [Epoch=044] Train Loss=[QuantLoss=0.04120]Val loss = [QuantLoss=0.02680][QuantReg:0.60988]
[BlogFeedback] Starting epoch 45...
[BlogFeedback] Elapsed training time:2.65s
[BlogFeedback] Starting validation...
[BlogFeedback] Elapsed validation time:0.26s
[BlogFeedback] [Epoch=045] Train Loss=[QuantLoss=0.04150]Val loss = [QuantLoss=0.02856][QuantReg:0.62846]
[BlogFeedback] Starting epoch 46...
[BlogFeedback] Elapsed training time:2.65s
[BlogFeedback] Starting validation...
[BlogFeedback] Elapsed validation time:0.27s
[BlogFeedback] [Epoch=046] Train Loss=[QuantLoss=0.04163]Val loss = [QuantLoss=0.02761][QuantReg:0.60604]
[BlogFeedback] Starting epoch 47...
[BlogFeedback] Elapsed training time:2.62s
[BlogFeedback] Starting validation...
[BlogFeedback] Elapsed validation time:0.25s
[BlogFeedback] [Epoch=047] Train Loss=[QuantLoss=0.04159]Val loss = [QuantLoss=0.02710][QuantReg:0.60571]
[BlogFeedback] Starting epoch 48...
[BlogFeedback] Elapsed training time:2.67s
[BlogFeedback] Starting validation...
[BlogFeedback] Elapsed validation time:0.25s
[BlogFeedback] [Epoch=048] Train Loss=[QuantLoss=0.04068]Val loss = [QuantLoss=0.03344][QuantReg:0.61980]
[BlogFeedback] Starting epoch 49...
[BlogFeedback] Elapsed training time:2.62s
[BlogFeedback] Starting validation...
[BlogFeedback] Elapsed validation time:0.24s
[BlogFeedback] [Epoch=049] Train Loss=[QuantLoss=0.03954]Val loss = [QuantLoss=0.02686][QuantReg:0.61171]
[BlogFeedback] Starting epoch 50...
[BlogFeedback] Elapsed training time:2.68s
[BlogFeedback] Starting validation...
[BlogFeedback] Elapsed validation time:0.25s
[BlogFeedback] [Epoch=050] Train Loss=[QuantLoss=0.03768]Val loss = [QuantLoss=0.02829][QuantReg:0.62686]
[BlogFeedback] Starting epoch 51...
[BlogFeedback] Elapsed training time:2.65s
[BlogFeedback] Starting validation...
[BlogFeedback] Elapsed validation time:0.26s
[BlogFeedback] [Epoch=051] Train Loss=[QuantLoss=0.03744]Val loss = [QuantLoss=0.02819][QuantReg:0.60217]
[BlogFeedback] Starting epoch 52...
[BlogFeedback] Elapsed training time:2.68s
[BlogFeedback] Starting validation...
[BlogFeedback] Elapsed validation time:0.25s
[BlogFeedback] [Epoch=052] Train Loss=[QuantLoss=0.03663]Val loss = [QuantLoss=0.02863][QuantReg:0.61881]
[BlogFeedback] Starting epoch 53...
[BlogFeedback] Elapsed training time:2.66s
[BlogFeedback] Starting validation...
[BlogFeedback] Elapsed validation time:0.25s
[BlogFeedback] [Epoch=053] Train Loss=[QuantLoss=0.03752]Val loss = [QuantLoss=0.02770][QuantReg:0.60973]
[BlogFeedback] Starting epoch 54...
[BlogFeedback] Elapsed training time:2.66s
[BlogFeedback] Starting validation...
[BlogFeedback] Elapsed validation time:0.24s
[BlogFeedback] [Epoch=054] Train Loss=[QuantLoss=0.03824]Val loss = [QuantLoss=0.02792][QuantReg:0.62735]
[BlogFeedback] Starting epoch 55...
[BlogFeedback] Elapsed training time:2.61s
[BlogFeedback] Starting validation...
[BlogFeedback] Elapsed validation time:0.26s
[BlogFeedback] [Epoch=055] Train Loss=[QuantLoss=0.03763]Val loss = [QuantLoss=0.02603][QuantReg:0.61294]
[BlogFeedback] Starting epoch 56...
[BlogFeedback] Elapsed training time:2.61s
[BlogFeedback] Starting validation...
[BlogFeedback] Elapsed validation time:0.27s
[BlogFeedback] [Epoch=056] Train Loss=[QuantLoss=0.03625]Val loss = [QuantLoss=0.02726][QuantReg:0.61849]
[BlogFeedback] Starting epoch 57...
[BlogFeedback] Elapsed training time:2.66s
[BlogFeedback] Starting validation...
[BlogFeedback] Elapsed validation time:0.25s
[BlogFeedback] [Epoch=057] Train Loss=[QuantLoss=0.03725]Val loss = [QuantLoss=0.02585][QuantReg:0.63009]
[BlogFeedback] Starting epoch 58...
[BlogFeedback] Elapsed training time:2.66s
[BlogFeedback] Starting validation...
[BlogFeedback] Elapsed validation time:0.24s
[BlogFeedback] [Epoch=058] Train Loss=[QuantLoss=0.03656]Val loss = [QuantLoss=0.02762][QuantReg:0.62963]
[BlogFeedback] Starting epoch 59...
[BlogFeedback] Elapsed training time:2.66s
[BlogFeedback] Starting validation...
[BlogFeedback] Elapsed validation time:0.25s
[BlogFeedback] [Epoch=059] Train Loss=[QuantLoss=0.03655]Val loss = [QuantLoss=0.02537][QuantReg:0.63318]
[BlogFeedback] Starting epoch 60...
[BlogFeedback] Elapsed training time:2.61s
[BlogFeedback] Starting validation...
[BlogFeedback] Elapsed validation time:0.25s
[BlogFeedback] [Epoch=060] Train Loss=[QuantLoss=0.03668]Val loss = [QuantLoss=0.02650][QuantReg:0.63629]
[BlogFeedback] Starting epoch 61...
[BlogFeedback] Elapsed training time:2.70s
[BlogFeedback] Starting validation...
[BlogFeedback] Elapsed validation time:0.28s
[BlogFeedback] [Epoch=061] Train Loss=[QuantLoss=0.03624]Val loss = [QuantLoss=0.02719][QuantReg:0.63879]
[BlogFeedback] Starting epoch 62...
[BlogFeedback] Elapsed training time:2.62s
[BlogFeedback] Starting validation...
[BlogFeedback] Elapsed validation time:0.25s
[BlogFeedback] [Epoch=062] Train Loss=[QuantLoss=0.03669]Val loss = [QuantLoss=0.02785][QuantReg:0.60686]
[BlogFeedback] Starting epoch 63...
[BlogFeedback] Elapsed training time:2.59s
[BlogFeedback] Starting validation...
[BlogFeedback] Elapsed validation time:0.27s
[BlogFeedback] [Epoch=063] Train Loss=[QuantLoss=0.03656]Val loss = [QuantLoss=0.02774][QuantReg:0.63398]
[BlogFeedback] Starting epoch 64...
[BlogFeedback] Elapsed training time:2.63s
[BlogFeedback] Starting validation...
[BlogFeedback] Elapsed validation time:0.25s
[BlogFeedback] [Epoch=064] Train Loss=[QuantLoss=0.03605]Val loss = [QuantLoss=0.02656][QuantReg:0.62841]
[BlogFeedback] Starting epoch 65...
[BlogFeedback] Elapsed training time:2.61s
[BlogFeedback] Starting validation...
[BlogFeedback] Elapsed validation time:0.26s
[BlogFeedback] [Epoch=065] Train Loss=[QuantLoss=0.03642]Val loss = [QuantLoss=0.02742][QuantReg:0.62191]
[BlogFeedback] Starting epoch 66...
[BlogFeedback] Elapsed training time:2.63s
[BlogFeedback] Starting validation...
[BlogFeedback] Elapsed validation time:0.32s
[BlogFeedback] [Epoch=066] Train Loss=[QuantLoss=0.03674]Val loss = [QuantLoss=0.02589][QuantReg:0.61820]
[BlogFeedback] Starting epoch 67...
[BlogFeedback] Elapsed training time:2.57s
[BlogFeedback] Starting validation...
[BlogFeedback] Elapsed validation time:0.19s
[BlogFeedback] [Epoch=067] Train Loss=[QuantLoss=0.03622]Val loss = [QuantLoss=0.02485][QuantReg:0.62653][saved best model in this epoch]
[BlogFeedback] Starting epoch 68...
[BlogFeedback] Elapsed training time:2.56s
[BlogFeedback] Starting validation...
[BlogFeedback] Elapsed validation time:0.18s
[BlogFeedback] [Epoch=068] Train Loss=[QuantLoss=0.03649]Val loss = [QuantLoss=0.02571][QuantReg:0.62728]
[BlogFeedback] Starting epoch 69...
[BlogFeedback] Elapsed training time:2.60s
[BlogFeedback] Starting validation...
[BlogFeedback] Elapsed validation time:0.18s
[BlogFeedback] [Epoch=069] Train Loss=[QuantLoss=0.03691]Val loss = [QuantLoss=0.02618][QuantReg:0.63247]
[BlogFeedback] Starting epoch 70...
[BlogFeedback] Elapsed training time:2.67s
[BlogFeedback] Starting validation...
[BlogFeedback] Elapsed validation time:0.17s
[BlogFeedback] [Epoch=070] Train Loss=[QuantLoss=0.03676]Val loss = [QuantLoss=0.02738][QuantReg:0.64401]
[BlogFeedback] Starting epoch 71...
[BlogFeedback] Elapsed training time:2.62s
[BlogFeedback] Starting validation...
[BlogFeedback] Elapsed validation time:0.16s
[BlogFeedback] [Epoch=071] Train Loss=[QuantLoss=0.03663]Val loss = [QuantLoss=0.02675][QuantReg:0.63203]
[BlogFeedback] Starting epoch 72...
[BlogFeedback] Elapsed training time:2.56s
[BlogFeedback] Starting validation...
[BlogFeedback] Elapsed validation time:0.16s
[BlogFeedback] [Epoch=072] Train Loss=[QuantLoss=0.03580]Val loss = [QuantLoss=0.02721][QuantReg:0.61605]
[BlogFeedback] Starting epoch 73...
[BlogFeedback] Elapsed training time:2.63s
[BlogFeedback] Starting validation...
[BlogFeedback] Elapsed validation time:0.17s
[BlogFeedback] [Epoch=073] Train Loss=[QuantLoss=0.03609]Val loss = [QuantLoss=0.02758][QuantReg:0.62677]
[BlogFeedback] Starting epoch 74...
[BlogFeedback] Elapsed training time:2.60s
[BlogFeedback] Starting validation...
[BlogFeedback] Elapsed validation time:0.17s
[BlogFeedback] [Epoch=074] Train Loss=[QuantLoss=0.03615]Val loss = [QuantLoss=0.02616][QuantReg:0.63400]
[BlogFeedback] Starting epoch 75...
[BlogFeedback] Elapsed training time:2.59s
[BlogFeedback] Starting validation...
[BlogFeedback] Elapsed validation time:0.18s
[BlogFeedback] [Epoch=075] Train Loss=[QuantLoss=0.03535]Val loss = [QuantLoss=0.02905][QuantReg:0.64358]
[BlogFeedback] Starting epoch 76...
[BlogFeedback] Elapsed training time:2.64s
[BlogFeedback] Starting validation...
[BlogFeedback] Elapsed validation time:0.18s
[BlogFeedback] [Epoch=076] Train Loss=[QuantLoss=0.03644]Val loss = [QuantLoss=0.02712][QuantReg:0.64387]
[BlogFeedback] Starting epoch 77...
[BlogFeedback] Elapsed training time:2.58s
[BlogFeedback] Starting validation...
[BlogFeedback] Elapsed validation time:0.17s
[BlogFeedback] [Epoch=077] Train Loss=[QuantLoss=0.03627]Val loss = [QuantLoss=0.03153][QuantReg:0.64960]
[BlogFeedback] Starting epoch 78...
[BlogFeedback] Elapsed training time:2.58s
[BlogFeedback] Starting validation...
[BlogFeedback] Elapsed validation time:0.17s
[BlogFeedback] [Epoch=078] Train Loss=[QuantLoss=0.03760]Val loss = [QuantLoss=0.02581][QuantReg:0.62768]
[BlogFeedback] Starting epoch 79...
[BlogFeedback] Elapsed training time:2.55s
[BlogFeedback] Starting validation...
[BlogFeedback] Elapsed validation time:0.21s
[BlogFeedback] [Epoch=079] Train Loss=[QuantLoss=0.03673]Val loss = [QuantLoss=0.02850][QuantReg:0.63406]
[BlogFeedback] Starting epoch 80...
[BlogFeedback] Elapsed training time:2.62s
[BlogFeedback] Starting validation...
[BlogFeedback] Elapsed validation time:0.17s
[BlogFeedback] [Epoch=080] Train Loss=[QuantLoss=0.03623]Val loss = [QuantLoss=0.02656][QuantReg:0.61485]
[BlogFeedback] Starting epoch 81...
[BlogFeedback] Elapsed training time:2.65s
[BlogFeedback] Starting validation...
[BlogFeedback] Elapsed validation time:0.17s
[BlogFeedback] [Epoch=081] Train Loss=[QuantLoss=0.03558]Val loss = [QuantLoss=0.02503][QuantReg:0.62943]
[BlogFeedback] Starting epoch 82...
[BlogFeedback] Elapsed training time:2.64s
[BlogFeedback] Starting validation...
[BlogFeedback] Elapsed validation time:0.16s
[BlogFeedback] [Epoch=082] Train Loss=[QuantLoss=0.03578]Val loss = [QuantLoss=0.02574][QuantReg:0.61400]
[BlogFeedback] Starting epoch 83...
[BlogFeedback] Elapsed training time:2.68s
[BlogFeedback] Starting validation...
[BlogFeedback] Elapsed validation time:0.16s
[BlogFeedback] [Epoch=083] Train Loss=[QuantLoss=0.03557]Val loss = [QuantLoss=0.02881][QuantReg:0.63762]
[BlogFeedback] Starting epoch 84...
[BlogFeedback] Elapsed training time:2.65s
[BlogFeedback] Starting validation...
[BlogFeedback] Elapsed validation time:0.18s
[BlogFeedback] [Epoch=084] Train Loss=[QuantLoss=0.03502]Val loss = [QuantLoss=0.02719][QuantReg:0.63595]
[BlogFeedback] Starting epoch 85...
[BlogFeedback] Elapsed training time:2.56s
[BlogFeedback] Starting validation...
[BlogFeedback] Elapsed validation time:0.17s
[BlogFeedback] [Epoch=085] Train Loss=[QuantLoss=0.03512]Val loss = [QuantLoss=0.02855][QuantReg:0.62284]
[BlogFeedback] Starting epoch 86...
[BlogFeedback] Elapsed training time:2.60s
[BlogFeedback] Starting validation...
[BlogFeedback] Elapsed validation time:0.17s
[BlogFeedback] [Epoch=086] Train Loss=[QuantLoss=0.03648]Val loss = [QuantLoss=0.02603][QuantReg:0.62853]
[BlogFeedback] Starting epoch 87...
[BlogFeedback] Elapsed training time:2.62s
[BlogFeedback] Starting validation...
[BlogFeedback] Elapsed validation time:0.16s
[BlogFeedback] [Epoch=087] Train Loss=[QuantLoss=0.03544]Val loss = [QuantLoss=0.02515][QuantReg:0.62272]
[BlogFeedback] Starting epoch 88...
[BlogFeedback] Elapsed training time:2.61s
[BlogFeedback] Starting validation...
[BlogFeedback] Elapsed validation time:0.17s
[BlogFeedback] [Epoch=088] Train Loss=[QuantLoss=0.03506]Val loss = [QuantLoss=0.02878][QuantReg:0.63524]
[BlogFeedback] Starting epoch 89...
[BlogFeedback] Elapsed training time:2.58s
[BlogFeedback] Starting validation...
[BlogFeedback] Elapsed validation time:0.17s
[BlogFeedback] [Epoch=089] Train Loss=[QuantLoss=0.03480]Val loss = [QuantLoss=0.02685][QuantReg:0.61949]
[BlogFeedback] Starting epoch 90...
[BlogFeedback] Elapsed training time:2.60s
[BlogFeedback] Starting validation...
[BlogFeedback] Elapsed validation time:0.17s
[BlogFeedback] [Epoch=090] Train Loss=[QuantLoss=0.03406]Val loss = [QuantLoss=0.02767][QuantReg:0.62389]
[BlogFeedback] Starting epoch 91...
[BlogFeedback] Elapsed training time:2.62s
[BlogFeedback] Starting validation...
[BlogFeedback] Elapsed validation time:0.17s
[BlogFeedback] [Epoch=091] Train Loss=[QuantLoss=0.03534]Val loss = [QuantLoss=0.02747][QuantReg:0.63656]
[BlogFeedback] Starting epoch 92...
[BlogFeedback] Elapsed training time:2.66s
[BlogFeedback] Starting validation...
[BlogFeedback] Elapsed validation time:0.16s
[BlogFeedback] [Epoch=092] Train Loss=[QuantLoss=0.03383]Val loss = [QuantLoss=0.02656][QuantReg:0.63453]
[BlogFeedback] Starting epoch 93...
[BlogFeedback] Elapsed training time:2.62s
[BlogFeedback] Starting validation...
[BlogFeedback] Elapsed validation time:0.17s
[BlogFeedback] [Epoch=093] Train Loss=[QuantLoss=0.03275]Val loss = [QuantLoss=0.02774][QuantReg:0.66055]
[BlogFeedback] Starting epoch 94...
[BlogFeedback] Elapsed training time:2.72s
[BlogFeedback] Starting validation...
[BlogFeedback] Elapsed validation time:0.16s
[BlogFeedback] [Epoch=094] Train Loss=[QuantLoss=0.03366]Val loss = [QuantLoss=0.02837][QuantReg:0.63304]
[BlogFeedback] Starting epoch 95...
[BlogFeedback] Elapsed training time:2.66s
[BlogFeedback] Starting validation...
[BlogFeedback] Elapsed validation time:0.22s
[BlogFeedback] [Epoch=095] Train Loss=[QuantLoss=0.03364]Val loss = [QuantLoss=0.02626][QuantReg:0.65833]
[BlogFeedback] Starting epoch 96...
[BlogFeedback] Elapsed training time:2.59s
[BlogFeedback] Starting validation...
[BlogFeedback] Elapsed validation time:0.19s
[BlogFeedback] [Epoch=096] Train Loss=[QuantLoss=0.03392]Val loss = [QuantLoss=0.02558][QuantReg:0.64313]
[BlogFeedback] Starting epoch 97...
[BlogFeedback] Elapsed training time:2.58s
[BlogFeedback] Starting validation...
[BlogFeedback] Elapsed validation time:0.17s
[BlogFeedback] [Epoch=097] Train Loss=[QuantLoss=0.03434]Val loss = [QuantLoss=0.02765][QuantReg:0.62906]
[BlogFeedback] Starting epoch 98...
[BlogFeedback] Elapsed training time:2.65s
[BlogFeedback] Starting validation...
[BlogFeedback] Elapsed validation time:0.17s
[BlogFeedback] [Epoch=098] Train Loss=[QuantLoss=0.03301]Val loss = [QuantLoss=0.02729][QuantReg:0.63624]
[BlogFeedback] Starting epoch 99...
[BlogFeedback] Elapsed training time:2.63s
[BlogFeedback] Starting validation...
[BlogFeedback] Elapsed validation time:0.25s
[BlogFeedback] [Epoch=099] Train Loss=[QuantLoss=0.03402]Val loss = [QuantLoss=0.02635][QuantReg:0.62173]
[BlogFeedback] Starting epoch 100...
[BlogFeedback] Elapsed training time:2.64s
[BlogFeedback] Starting validation...
[BlogFeedback] Elapsed validation time:0.25s
[BlogFeedback] [Epoch=100] Train Loss=[QuantLoss=0.03312]Val loss = [QuantLoss=0.02645][QuantReg:0.62646]
[BlogFeedback] Starting epoch 101...
[BlogFeedback] Elapsed training time:2.56s
[BlogFeedback] Starting validation...
[BlogFeedback] Elapsed validation time:0.24s
[BlogFeedback] [Epoch=101] Train Loss=[QuantLoss=0.03332]Val loss = [QuantLoss=0.02597][QuantReg:0.62147]
[BlogFeedback] Starting epoch 102...
[BlogFeedback] Elapsed training time:2.59s
[BlogFeedback] Starting validation...
[BlogFeedback] Elapsed validation time:0.27s
[BlogFeedback] [Epoch=102] Train Loss=[QuantLoss=0.03226]Val loss = [QuantLoss=0.02732][QuantReg:0.62146]
[BlogFeedback] Starting epoch 103...
[BlogFeedback] Elapsed training time:2.62s
[BlogFeedback] Starting validation...
[BlogFeedback] Elapsed validation time:0.27s
[BlogFeedback] [Epoch=103] Train Loss=[QuantLoss=0.03311]Val loss = [QuantLoss=0.02737][QuantReg:0.62289]
[BlogFeedback] Starting epoch 104...
[BlogFeedback] Elapsed training time:2.64s
[BlogFeedback] Starting validation...
[BlogFeedback] Elapsed validation time:0.25s
[BlogFeedback] [Epoch=104] Train Loss=[QuantLoss=0.03334]Val loss = [QuantLoss=0.02647][QuantReg:0.65019]
[BlogFeedback] Starting epoch 105...
[BlogFeedback] Elapsed training time:2.60s
[BlogFeedback] Starting validation...
[BlogFeedback] Elapsed validation time:0.26s
[BlogFeedback] [Epoch=105] Train Loss=[QuantLoss=0.03356]Val loss = [QuantLoss=0.02705][QuantReg:0.63211]
[BlogFeedback] Starting epoch 106...
[BlogFeedback] Elapsed training time:2.62s
[BlogFeedback] Starting validation...
[BlogFeedback] Elapsed validation time:0.25s
[BlogFeedback] [Epoch=106] Train Loss=[QuantLoss=0.03238]Val loss = [QuantLoss=0.02754][QuantReg:0.63488]
[BlogFeedback] Starting epoch 107...
[BlogFeedback] Elapsed training time:2.63s
[BlogFeedback] Starting validation...
[BlogFeedback] Elapsed validation time:0.25s
[BlogFeedback] [Epoch=107] Train Loss=[QuantLoss=0.03245]Val loss = [QuantLoss=0.02660][QuantReg:0.62104]
[BlogFeedback] Starting epoch 108...
[BlogFeedback] Elapsed training time:2.60s
[BlogFeedback] Starting validation...
[BlogFeedback] Elapsed validation time:0.25s
[BlogFeedback] [Epoch=108] Train Loss=[QuantLoss=0.03321]Val loss = [QuantLoss=0.02738][QuantReg:0.61771]
[BlogFeedback] Starting epoch 109...
[BlogFeedback] Elapsed training time:2.60s
[BlogFeedback] Starting validation...
[BlogFeedback] Elapsed validation time:0.25s
[BlogFeedback] [Epoch=109] Train Loss=[QuantLoss=0.03252]Val loss = [QuantLoss=0.02726][QuantReg:0.61483]
[BlogFeedback] Starting epoch 110...
[BlogFeedback] Elapsed training time:2.63s
[BlogFeedback] Starting validation...
[BlogFeedback] Elapsed validation time:0.25s
[BlogFeedback] [Epoch=110] Train Loss=[QuantLoss=0.03273]Val loss = [QuantLoss=0.02532][QuantReg:0.62485]
[BlogFeedback] Starting epoch 111...
[BlogFeedback] Elapsed training time:2.63s
[BlogFeedback] Starting validation...
[BlogFeedback] Elapsed validation time:0.27s
[BlogFeedback] [Epoch=111] Train Loss=[QuantLoss=0.03259]Val loss = [QuantLoss=0.02678][QuantReg:0.60414]
[BlogFeedback] Starting epoch 112...
[BlogFeedback] Elapsed training time:2.64s
[BlogFeedback] Starting validation...
[BlogFeedback] Elapsed validation time:0.24s
[BlogFeedback] [Epoch=112] Train Loss=[QuantLoss=0.03199]Val loss = [QuantLoss=0.02745][QuantReg:0.61866]
[BlogFeedback] Starting epoch 113...
[BlogFeedback] Elapsed training time:2.63s
[BlogFeedback] Starting validation...
[BlogFeedback] Elapsed validation time:0.25s
[BlogFeedback] [Epoch=113] Train Loss=[QuantLoss=0.03198]Val loss = [QuantLoss=0.02681][QuantReg:0.61466]
[BlogFeedback] Starting epoch 114...
[BlogFeedback] Elapsed training time:2.66s
[BlogFeedback] Starting validation...
[BlogFeedback] Elapsed validation time:0.25s
[BlogFeedback] [Epoch=114] Train Loss=[QuantLoss=0.03238]Val loss = [QuantLoss=0.02779][QuantReg:0.61585]
[BlogFeedback] Starting epoch 115...
[BlogFeedback] Elapsed training time:2.66s
[BlogFeedback] Starting validation...
[BlogFeedback] Elapsed validation time:0.26s
[BlogFeedback] [Epoch=115] Train Loss=[QuantLoss=0.03225]Val loss = [QuantLoss=0.02659][QuantReg:0.63399]
[BlogFeedback] Starting epoch 116...
[BlogFeedback] Elapsed training time:2.63s
[BlogFeedback] Starting validation...
[BlogFeedback] Elapsed validation time:0.25s
[BlogFeedback] [Epoch=116] Train Loss=[QuantLoss=0.03176]Val loss = [QuantLoss=0.02643][QuantReg:0.63641]
[BlogFeedback] Starting epoch 117...
[BlogFeedback] Elapsed training time:2.64s
[BlogFeedback] Starting validation...
[BlogFeedback] Elapsed validation time:0.24s
[BlogFeedback] [Epoch=117] Train Loss=[QuantLoss=0.03252]Val loss = [QuantLoss=0.02718][QuantReg:0.63267]
[BlogFeedback] Starting epoch 118...
[BlogFeedback] Elapsed training time:2.67s
[BlogFeedback] Starting validation...
[BlogFeedback] Elapsed validation time:0.25s
[BlogFeedback] [Epoch=118] Train Loss=[QuantLoss=0.03232]Val loss = [QuantLoss=0.02584][QuantReg:0.65151]
[BlogFeedback] Starting epoch 119...
[BlogFeedback] Elapsed training time:2.67s
[BlogFeedback] Starting validation...
[BlogFeedback] Elapsed validation time:0.26s
[BlogFeedback] [Epoch=119] Train Loss=[QuantLoss=0.03200]Val loss = [QuantLoss=0.02645][QuantReg:0.62469]
[BlogFeedback] Starting epoch 120...
[BlogFeedback] Elapsed training time:2.64s
[BlogFeedback] Starting validation...
[BlogFeedback] Elapsed validation time:0.25s
[BlogFeedback] [Epoch=120] Train Loss=[QuantLoss=0.03159]Val loss = [QuantLoss=0.02684][QuantReg:0.66117]
[BlogFeedback] Starting epoch 121...
[BlogFeedback] Elapsed training time:2.66s
[BlogFeedback] Starting validation...
[BlogFeedback] Elapsed validation time:0.26s
[BlogFeedback] [Epoch=121] Train Loss=[QuantLoss=0.03197]Val loss = [QuantLoss=0.02679][QuantReg:0.63322]
[BlogFeedback] Starting epoch 122...
[BlogFeedback] Elapsed training time:2.60s
[BlogFeedback] Starting validation...
[BlogFeedback] Elapsed validation time:0.25s
[BlogFeedback] [Epoch=122] Train Loss=[QuantLoss=0.03210]Val loss = [QuantLoss=0.02615][QuantReg:0.62581]
[BlogFeedback] Starting epoch 123...
[BlogFeedback] Elapsed training time:2.68s
[BlogFeedback] Starting validation...
[BlogFeedback] Elapsed validation time:0.26s
[BlogFeedback] [Epoch=123] Train Loss=[QuantLoss=0.03160]Val loss = [QuantLoss=0.02704][QuantReg:0.63049]
[BlogFeedback] Starting epoch 124...
[BlogFeedback] Elapsed training time:2.67s
[BlogFeedback] Starting validation...
[BlogFeedback] Elapsed validation time:0.26s
[BlogFeedback] [Epoch=124] Train Loss=[QuantLoss=0.03150]Val loss = [QuantLoss=0.02665][QuantReg:0.65029]
[BlogFeedback] Starting epoch 125...
[BlogFeedback] Elapsed training time:2.65s
[BlogFeedback] Starting validation...
[BlogFeedback] Elapsed validation time:0.25s
[BlogFeedback] [Epoch=125] Train Loss=[QuantLoss=0.03222]Val loss = [QuantLoss=0.02744][QuantReg:0.61910]
[BlogFeedback] Starting epoch 126...
[BlogFeedback] Elapsed training time:2.70s
[BlogFeedback] Starting validation...
[BlogFeedback] Elapsed validation time:0.26s
[BlogFeedback] [Epoch=126] Train Loss=[QuantLoss=0.03203]Val loss = [QuantLoss=0.02792][QuantReg:0.60420]
[BlogFeedback] Starting epoch 127...
[BlogFeedback] Elapsed training time:2.66s
[BlogFeedback] Starting validation...
[BlogFeedback] Elapsed validation time:0.27s
[BlogFeedback] [Epoch=127] Train Loss=[QuantLoss=0.03225]Val loss = [QuantLoss=0.02484][QuantReg:0.62697][saved best model in this epoch]
[BlogFeedback] Starting epoch 128...
[BlogFeedback] Elapsed training time:2.71s
[BlogFeedback] Starting validation...
[BlogFeedback] Elapsed validation time:0.17s
[BlogFeedback] [Epoch=128] Train Loss=[QuantLoss=0.03125]Val loss = [QuantLoss=0.02666][QuantReg:0.63789]
[BlogFeedback] Starting epoch 129...
[BlogFeedback] Elapsed training time:2.65s
[BlogFeedback] Starting validation...
[BlogFeedback] Elapsed validation time:0.17s
[BlogFeedback] [Epoch=129] Train Loss=[QuantLoss=0.03080]Val loss = [QuantLoss=0.02762][QuantReg:0.62262]
[BlogFeedback] Starting epoch 130...
[BlogFeedback] Elapsed training time:2.62s
[BlogFeedback] Starting validation...
[BlogFeedback] Elapsed validation time:0.17s
[BlogFeedback] [Epoch=130] Train Loss=[QuantLoss=0.03134]Val loss = [QuantLoss=0.02707][QuantReg:0.63186]
[BlogFeedback] Starting epoch 131...
[BlogFeedback] Elapsed training time:2.60s
[BlogFeedback] Starting validation...
[BlogFeedback] Elapsed validation time:0.16s
[BlogFeedback] [Epoch=131] Train Loss=[QuantLoss=0.03193]Val loss = [QuantLoss=0.02785][QuantReg:0.63412]
[BlogFeedback] Starting epoch 132...
[BlogFeedback] Elapsed training time:2.65s
[BlogFeedback] Starting validation...
[BlogFeedback] Elapsed validation time:0.17s
[BlogFeedback] [Epoch=132] Train Loss=[QuantLoss=0.03154]Val loss = [QuantLoss=0.02639][QuantReg:0.62129]
[BlogFeedback] Starting epoch 133...
[BlogFeedback] Elapsed training time:2.61s
[BlogFeedback] Starting validation...
[BlogFeedback] Elapsed validation time:0.17s
[BlogFeedback] [Epoch=133] Train Loss=[QuantLoss=0.03185]Val loss = [QuantLoss=0.02774][QuantReg:0.62282]
[BlogFeedback] Starting epoch 134...
[BlogFeedback] Elapsed training time:2.60s
[BlogFeedback] Starting validation...
[BlogFeedback] Elapsed validation time:0.18s
[BlogFeedback] [Epoch=134] Train Loss=[QuantLoss=0.03143]Val loss = [QuantLoss=0.02495][QuantReg:0.62636]
[BlogFeedback] Starting epoch 135...
[BlogFeedback] Elapsed training time:2.54s
[BlogFeedback] Starting validation...
[BlogFeedback] Elapsed validation time:0.17s
[BlogFeedback] [Epoch=135] Train Loss=[QuantLoss=0.03225]Val loss = [QuantLoss=0.02595][QuantReg:0.61922]
[BlogFeedback] Starting epoch 136...
[BlogFeedback] Elapsed training time:2.64s
[BlogFeedback] Starting validation...
[BlogFeedback] Elapsed validation time:0.18s
[BlogFeedback] [Epoch=136] Train Loss=[QuantLoss=0.03188]Val loss = [QuantLoss=0.02779][QuantReg:0.63401]
[BlogFeedback] Starting epoch 137...
[BlogFeedback] Elapsed training time:2.58s
[BlogFeedback] Starting validation...
[BlogFeedback] Elapsed validation time:0.17s
[BlogFeedback] [Epoch=137] Train Loss=[QuantLoss=0.03147]Val loss = [QuantLoss=0.02909][QuantReg:0.62614]
[BlogFeedback] Starting epoch 138...
[BlogFeedback] Elapsed training time:2.62s
[BlogFeedback] Starting validation...
[BlogFeedback] Elapsed validation time:0.17s
[BlogFeedback] [Epoch=138] Train Loss=[QuantLoss=0.03227]Val loss = [QuantLoss=0.02665][QuantReg:0.64905]
[BlogFeedback] Starting epoch 139...
[BlogFeedback] Elapsed training time:2.64s
[BlogFeedback] Starting validation...
[BlogFeedback] Elapsed validation time:0.17s
[BlogFeedback] [Epoch=139] Train Loss=[QuantLoss=0.03134]Val loss = [QuantLoss=0.02735][QuantReg:0.63178]
[BlogFeedback] Starting epoch 140...
[BlogFeedback] Elapsed training time:2.61s
[BlogFeedback] Starting validation...
[BlogFeedback] Elapsed validation time:0.16s
[BlogFeedback] [Epoch=140] Train Loss=[QuantLoss=0.03150]Val loss = [QuantLoss=0.02587][QuantReg:0.63257]
[BlogFeedback] Starting epoch 141...
[BlogFeedback] Elapsed training time:2.65s
[BlogFeedback] Starting validation...
[BlogFeedback] Elapsed validation time:0.18s
[BlogFeedback] [Epoch=141] Train Loss=[QuantLoss=0.03165]Val loss = [QuantLoss=0.02471][QuantReg:0.63151][saved best model in this epoch]
[BlogFeedback] Starting epoch 142...
[BlogFeedback] Elapsed training time:2.65s
[BlogFeedback] Starting validation...
[BlogFeedback] Elapsed validation time:0.17s
[BlogFeedback] [Epoch=142] Train Loss=[QuantLoss=0.03073]Val loss = [QuantLoss=0.02748][QuantReg:0.63168]
[BlogFeedback] Starting epoch 143...
[BlogFeedback] Elapsed training time:2.66s
[BlogFeedback] Starting validation...
[BlogFeedback] Elapsed validation time:0.16s
[BlogFeedback] [Epoch=143] Train Loss=[QuantLoss=0.03190]Val loss = [QuantLoss=0.02895][QuantReg:0.62181]
[BlogFeedback] Starting epoch 144...
[BlogFeedback] Elapsed training time:2.62s
[BlogFeedback] Starting validation...
[BlogFeedback] Elapsed validation time:0.16s
[BlogFeedback] [Epoch=144] Train Loss=[QuantLoss=0.03108]Val loss = [QuantLoss=0.02668][QuantReg:0.63444]
[BlogFeedback] Starting epoch 145...
[BlogFeedback] Elapsed training time:2.66s
[BlogFeedback] Starting validation...
[BlogFeedback] Elapsed validation time:0.17s
[BlogFeedback] [Epoch=145] Train Loss=[QuantLoss=0.03193]Val loss = [QuantLoss=0.02789][QuantReg:0.62684]
[BlogFeedback] Starting epoch 146...
[BlogFeedback] Elapsed training time:2.61s
[BlogFeedback] Starting validation...
[BlogFeedback] Elapsed validation time:0.17s
[BlogFeedback] [Epoch=146] Train Loss=[QuantLoss=0.03195]Val loss = [QuantLoss=0.02643][QuantReg:0.65219]
[BlogFeedback] Starting epoch 147...
[BlogFeedback] Elapsed training time:2.65s
[BlogFeedback] Starting validation...
[BlogFeedback] Elapsed validation time:0.17s
[BlogFeedback] [Epoch=147] Train Loss=[QuantLoss=0.03121]Val loss = [QuantLoss=0.02714][QuantReg:0.63904]
[BlogFeedback] Starting epoch 148...
[BlogFeedback] Elapsed training time:2.63s
[BlogFeedback] Starting validation...
[BlogFeedback] Elapsed validation time:0.16s
[BlogFeedback] [Epoch=148] Train Loss=[QuantLoss=0.03134]Val loss = [QuantLoss=0.02612][QuantReg:0.62419]
[BlogFeedback] Starting epoch 149...
[BlogFeedback] Elapsed training time:2.62s
[BlogFeedback] Starting validation...
[BlogFeedback] Elapsed validation time:0.25s
[BlogFeedback] [Epoch=149] Train Loss=[QuantLoss=0.03165]Val loss = [QuantLoss=0.02822][QuantReg:0.62800]
[BlogFeedback] Starting epoch 150...
[BlogFeedback] Elapsed training time:2.63s
[BlogFeedback] Starting validation...
[BlogFeedback] Elapsed validation time:0.17s
[BlogFeedback] [Epoch=150] Train Loss=[QuantLoss=0.03105]Val loss = [QuantLoss=0.02598][QuantReg:0.66053]
[BlogFeedback] Starting epoch 151...
[BlogFeedback] Elapsed training time:2.63s
[BlogFeedback] Starting validation...
[BlogFeedback] Elapsed validation time:0.24s
[BlogFeedback] [Epoch=151] Train Loss=[QuantLoss=0.03124]Val loss = [QuantLoss=0.02618][QuantReg:0.65409]
[BlogFeedback] Starting epoch 152...
[BlogFeedback] Elapsed training time:2.65s
[BlogFeedback] Starting validation...
[BlogFeedback] Elapsed validation time:0.26s
[BlogFeedback] [Epoch=152] Train Loss=[QuantLoss=0.03178]Val loss = [QuantLoss=0.02705][QuantReg:0.64360]
[BlogFeedback] Starting epoch 153...
[BlogFeedback] Elapsed training time:2.62s
[BlogFeedback] Starting validation...
[BlogFeedback] Elapsed validation time:0.25s
[BlogFeedback] [Epoch=153] Train Loss=[QuantLoss=0.03117]Val loss = [QuantLoss=0.02699][QuantReg:0.66150]
[BlogFeedback] Starting epoch 154...
[BlogFeedback] Elapsed training time:2.61s
[BlogFeedback] Starting validation...
[BlogFeedback] Elapsed validation time:0.25s
[BlogFeedback] [Epoch=154] Train Loss=[QuantLoss=0.03100]Val loss = [QuantLoss=0.02660][QuantReg:0.65996]
[BlogFeedback] Starting epoch 155...
[BlogFeedback] Elapsed training time:2.61s
[BlogFeedback] Starting validation...
[BlogFeedback] Elapsed validation time:0.25s
[BlogFeedback] [Epoch=155] Train Loss=[QuantLoss=0.03126]Val loss = [QuantLoss=0.02539][QuantReg:0.61997]
[BlogFeedback] Starting epoch 156...
[BlogFeedback] Elapsed training time:2.64s
[BlogFeedback] Starting validation...
[BlogFeedback] Elapsed validation time:0.26s
[BlogFeedback] [Epoch=156] Train Loss=[QuantLoss=0.03120]Val loss = [QuantLoss=0.02560][QuantReg:0.63772]
[BlogFeedback] Starting epoch 157...
[BlogFeedback] Elapsed training time:2.64s
[BlogFeedback] Starting validation...
[BlogFeedback] Elapsed validation time:0.26s
[BlogFeedback] [Epoch=157] Train Loss=[QuantLoss=0.03131]Val loss = [QuantLoss=0.02792][QuantReg:0.62682]
[BlogFeedback] Starting epoch 158...
[BlogFeedback] Elapsed training time:2.65s
[BlogFeedback] Starting validation...
[BlogFeedback] Elapsed validation time:0.24s
[BlogFeedback] [Epoch=158] Train Loss=[QuantLoss=0.03095]Val loss = [QuantLoss=0.02803][QuantReg:0.62720]
[BlogFeedback] Starting epoch 159...
[BlogFeedback] Elapsed training time:2.69s
[BlogFeedback] Starting validation...
[BlogFeedback] Elapsed validation time:0.26s
[BlogFeedback] [Epoch=159] Train Loss=[QuantLoss=0.03161]Val loss = [QuantLoss=0.02726][QuantReg:0.64687]
[BlogFeedback] Starting epoch 160...
[BlogFeedback] Elapsed training time:2.64s
[BlogFeedback] Starting validation...
[BlogFeedback] Elapsed validation time:0.25s
[BlogFeedback] [Epoch=160] Train Loss=[QuantLoss=0.03109]Val loss = [QuantLoss=0.02689][QuantReg:0.62447]
[BlogFeedback] Starting epoch 161...
[BlogFeedback] Elapsed training time:2.65s
[BlogFeedback] Starting validation...
[BlogFeedback] Elapsed validation time:0.25s
[BlogFeedback] [Epoch=161] Train Loss=[QuantLoss=0.03143]Val loss = [QuantLoss=0.02708][QuantReg:0.66148]
[BlogFeedback] Starting epoch 162...
[BlogFeedback] Elapsed training time:2.68s
[BlogFeedback] Starting validation...
[BlogFeedback] Elapsed validation time:0.25s
[BlogFeedback] [Epoch=162] Train Loss=[QuantLoss=0.03169]Val loss = [QuantLoss=0.02675][QuantReg:0.64526]
[BlogFeedback] Starting epoch 163...
[BlogFeedback] Elapsed training time:2.70s
[BlogFeedback] Starting validation...
[BlogFeedback] Elapsed validation time:0.24s
[BlogFeedback] [Epoch=163] Train Loss=[QuantLoss=0.03102]Val loss = [QuantLoss=0.02684][QuantReg:0.62207]
[BlogFeedback] Starting epoch 164...
[BlogFeedback] Elapsed training time:2.66s
[BlogFeedback] Starting validation...
[BlogFeedback] Elapsed validation time:0.25s
[BlogFeedback] [Epoch=164] Train Loss=[QuantLoss=0.03166]Val loss = [QuantLoss=0.02617][QuantReg:0.64288]
[BlogFeedback] Starting epoch 165...
[BlogFeedback] Elapsed training time:2.65s
[BlogFeedback] Starting validation...
[BlogFeedback] Elapsed validation time:0.26s
[BlogFeedback] [Epoch=165] Train Loss=[QuantLoss=0.03054]Val loss = [QuantLoss=0.02893][QuantReg:0.65793]
[BlogFeedback] Starting epoch 166...
[BlogFeedback] Elapsed training time:2.63s
[BlogFeedback] Starting validation...
[BlogFeedback] Elapsed validation time:0.25s
[BlogFeedback] [Epoch=166] Train Loss=[QuantLoss=0.03058]Val loss = [QuantLoss=0.02603][QuantReg:0.63271]
[BlogFeedback] Starting epoch 167...
[BlogFeedback] Elapsed training time:2.65s
[BlogFeedback] Starting validation...
[BlogFeedback] Elapsed validation time:0.24s
[BlogFeedback] [Epoch=167] Train Loss=[QuantLoss=0.03105]Val loss = [QuantLoss=0.02549][QuantReg:0.67306]
[BlogFeedback] Starting epoch 168...
[BlogFeedback] Elapsed training time:2.58s
[BlogFeedback] Starting validation...
[BlogFeedback] Elapsed validation time:0.25s
[BlogFeedback] [Epoch=168] Train Loss=[QuantLoss=0.03095]Val loss = [QuantLoss=0.02786][QuantReg:0.62921]
[BlogFeedback] Starting epoch 169...
[BlogFeedback] Elapsed training time:2.64s
[BlogFeedback] Starting validation...
[BlogFeedback] Elapsed validation time:0.25s
[BlogFeedback] [Epoch=169] Train Loss=[QuantLoss=0.03087]Val loss = [QuantLoss=0.02622][QuantReg:0.62005]
[BlogFeedback] Starting epoch 170...
[BlogFeedback] Elapsed training time:2.65s
[BlogFeedback] Starting validation...
[BlogFeedback] Elapsed validation time:0.25s
[BlogFeedback] [Epoch=170] Train Loss=[QuantLoss=0.03115]Val loss = [QuantLoss=0.02670][QuantReg:0.63559]
[BlogFeedback] Starting epoch 171...
[BlogFeedback] Elapsed training time:2.63s
[BlogFeedback] Starting validation...
[BlogFeedback] Elapsed validation time:0.27s
[BlogFeedback] [Epoch=171] Train Loss=[QuantLoss=0.03038]Val loss = [QuantLoss=0.02604][QuantReg:0.63554]
[BlogFeedback] Starting epoch 172...
[BlogFeedback] Elapsed training time:2.64s
[BlogFeedback] Starting validation...
[BlogFeedback] Elapsed validation time:0.26s
[BlogFeedback] [Epoch=172] Train Loss=[QuantLoss=0.03005]Val loss = [QuantLoss=0.02643][QuantReg:0.64727]
[BlogFeedback] Starting epoch 173...
[BlogFeedback] Elapsed training time:2.69s
[BlogFeedback] Starting validation...
[BlogFeedback] Elapsed validation time:0.26s
[BlogFeedback] [Epoch=173] Train Loss=[QuantLoss=0.03161]Val loss = [QuantLoss=0.02708][QuantReg:0.64593]
[BlogFeedback] Starting epoch 174...
[BlogFeedback] Elapsed training time:2.66s
[BlogFeedback] Starting validation...
[BlogFeedback] Elapsed validation time:0.26s
[BlogFeedback] [Epoch=174] Train Loss=[QuantLoss=0.03105]Val loss = [QuantLoss=0.02635][QuantReg:0.65952]
[BlogFeedback] Starting epoch 175...
[BlogFeedback] Elapsed training time:2.66s
[BlogFeedback] Starting validation...
[BlogFeedback] Elapsed validation time:0.26s
[BlogFeedback] [Epoch=175] Train Loss=[QuantLoss=0.03050]Val loss = [QuantLoss=0.02837][QuantReg:0.63739]
[BlogFeedback] Starting epoch 176...
[BlogFeedback] Elapsed training time:2.61s
[BlogFeedback] Starting validation...
[BlogFeedback] Elapsed validation time:0.25s
[BlogFeedback] [Epoch=176] Train Loss=[QuantLoss=0.03011]Val loss = [QuantLoss=0.02779][QuantReg:0.63323]
[BlogFeedback] Starting epoch 177...
[BlogFeedback] Elapsed training time:2.66s
[BlogFeedback] Starting validation...
[BlogFeedback] Elapsed validation time:0.25s
[BlogFeedback] [Epoch=177] Train Loss=[QuantLoss=0.03034]Val loss = [QuantLoss=0.02799][QuantReg:0.65891]
[BlogFeedback] Starting epoch 178...
[BlogFeedback] Elapsed training time:2.63s
[BlogFeedback] Starting validation...
[BlogFeedback] Elapsed validation time:0.26s
[BlogFeedback] [Epoch=178] Train Loss=[QuantLoss=0.03096]Val loss = [QuantLoss=0.02611][QuantReg:0.62862]
[BlogFeedback] Starting epoch 179...
[BlogFeedback] Elapsed training time:2.66s
[BlogFeedback] Starting validation...
[BlogFeedback] Elapsed validation time:0.27s
[BlogFeedback] [Epoch=179] Train Loss=[QuantLoss=0.03077]Val loss = [QuantLoss=0.02570][QuantReg:0.62396]
[BlogFeedback] Starting epoch 180...
[BlogFeedback] Elapsed training time:2.76s
[BlogFeedback] Starting validation...
[BlogFeedback] Elapsed validation time:0.17s
[BlogFeedback] [Epoch=180] Train Loss=[QuantLoss=0.03012]Val loss = [QuantLoss=0.02585][QuantReg:0.64109]
[BlogFeedback] Starting epoch 181...
[BlogFeedback] Elapsed training time:2.58s
[BlogFeedback] Starting validation...
[BlogFeedback] Elapsed validation time:0.17s
[BlogFeedback] [Epoch=181] Train Loss=[QuantLoss=0.03054]Val loss = [QuantLoss=0.02579][QuantReg:0.63521]
[BlogFeedback] Starting epoch 182...
[BlogFeedback] Elapsed training time:2.63s
[BlogFeedback] Starting validation...
[BlogFeedback] Elapsed validation time:0.20s
[BlogFeedback] [Epoch=182] Train Loss=[QuantLoss=0.03042]Val loss = [QuantLoss=0.02768][QuantReg:0.62648]
[BlogFeedback] Starting epoch 183...
[BlogFeedback] Elapsed training time:2.68s
[BlogFeedback] Starting validation...
[BlogFeedback] Elapsed validation time:0.17s
[BlogFeedback] [Epoch=183] Train Loss=[QuantLoss=0.03099]Val loss = [QuantLoss=0.02621][QuantReg:0.62780]
[BlogFeedback] Starting epoch 184...
[BlogFeedback] Elapsed training time:2.62s
[BlogFeedback] Starting validation...
[BlogFeedback] Elapsed validation time:0.17s
[BlogFeedback] [Epoch=184] Train Loss=[QuantLoss=0.03103]Val loss = [QuantLoss=0.02611][QuantReg:0.66069]
[BlogFeedback] Starting epoch 185...
[BlogFeedback] Elapsed training time:2.65s
[BlogFeedback] Starting validation...
[BlogFeedback] Elapsed validation time:0.17s
[BlogFeedback] [Epoch=185] Train Loss=[QuantLoss=0.03002]Val loss = [QuantLoss=0.02752][QuantReg:0.62969]
[BlogFeedback] Starting epoch 186...
[BlogFeedback] Elapsed training time:2.53s
[BlogFeedback] Starting validation...
[BlogFeedback] Elapsed validation time:0.17s
[BlogFeedback] [Epoch=186] Train Loss=[QuantLoss=0.03041]Val loss = [QuantLoss=0.02609][QuantReg:0.63256]
[BlogFeedback] Starting epoch 187...
[BlogFeedback] Elapsed training time:2.59s
[BlogFeedback] Starting validation...
[BlogFeedback] Elapsed validation time:0.18s
[BlogFeedback] [Epoch=187] Train Loss=[QuantLoss=0.03018]Val loss = [QuantLoss=0.02697][QuantReg:0.64139]
[BlogFeedback] Starting epoch 188...
[BlogFeedback] Elapsed training time:2.63s
[BlogFeedback] Starting validation...
[BlogFeedback] Elapsed validation time:0.18s
[BlogFeedback] [Epoch=188] Train Loss=[QuantLoss=0.02970]Val loss = [QuantLoss=0.02682][QuantReg:0.63954]
[BlogFeedback] Starting epoch 189...
[BlogFeedback] Elapsed training time:2.64s
[BlogFeedback] Starting validation...
[BlogFeedback] Elapsed validation time:0.17s
[BlogFeedback] [Epoch=189] Train Loss=[QuantLoss=0.02966]Val loss = [QuantLoss=0.02787][QuantReg:0.63391]
[BlogFeedback] Starting epoch 190...
[BlogFeedback] Elapsed training time:2.64s
[BlogFeedback] Starting validation...
[BlogFeedback] Elapsed validation time:0.16s
[BlogFeedback] [Epoch=190] Train Loss=[QuantLoss=0.03028]Val loss = [QuantLoss=0.02723][QuantReg:0.63552]
[BlogFeedback] Starting epoch 191...
[BlogFeedback] Elapsed training time:2.65s
[BlogFeedback] Starting validation...
[BlogFeedback] Elapsed validation time:0.20s
[BlogFeedback] [Epoch=191] Train Loss=[QuantLoss=0.03026]Val loss = [QuantLoss=0.02573][QuantReg:0.64878]
[BlogFeedback] Starting epoch 192...
[BlogFeedback] Elapsed training time:2.61s
[BlogFeedback] Starting validation...
[BlogFeedback] Elapsed validation time:0.17s
[BlogFeedback] [Epoch=192] Train Loss=[QuantLoss=0.03062]Val loss = [QuantLoss=0.02625][QuantReg:0.65710]
[BlogFeedback] Starting epoch 193...
[BlogFeedback] Elapsed training time:2.55s
[BlogFeedback] Starting validation...
[BlogFeedback] Elapsed validation time:0.17s
[BlogFeedback] [Epoch=193] Train Loss=[QuantLoss=0.03097]Val loss = [QuantLoss=0.02522][QuantReg:0.65880]
[BlogFeedback] Starting epoch 194...
[BlogFeedback] Elapsed training time:2.66s
[BlogFeedback] Starting validation...
[BlogFeedback] Elapsed validation time:0.17s
[BlogFeedback] [Epoch=194] Train Loss=[QuantLoss=0.03036]Val loss = [QuantLoss=0.02582][QuantReg:0.60711]
[BlogFeedback] Starting epoch 195...
[BlogFeedback] Elapsed training time:2.64s
[BlogFeedback] Starting validation...
[BlogFeedback] Elapsed validation time:0.17s
[BlogFeedback] [Epoch=195] Train Loss=[QuantLoss=0.03082]Val loss = [QuantLoss=0.02697][QuantReg:0.64324]
[BlogFeedback] Starting epoch 196...
[BlogFeedback] Elapsed training time:2.63s
[BlogFeedback] Starting validation...
[BlogFeedback] Elapsed validation time:0.16s
[BlogFeedback] [Epoch=196] Train Loss=[QuantLoss=0.03050]Val loss = [QuantLoss=0.02803][QuantReg:0.61380]
[BlogFeedback] Starting epoch 197...
[BlogFeedback] Elapsed training time:2.61s
[BlogFeedback] Starting validation...
[BlogFeedback] Elapsed validation time:0.16s
[BlogFeedback] [Epoch=197] Train Loss=[QuantLoss=0.03023]Val loss = [QuantLoss=0.02568][QuantReg:0.63941]
[BlogFeedback] Starting epoch 198...
[BlogFeedback] Elapsed training time:2.63s
[BlogFeedback] Starting validation...
[BlogFeedback] Elapsed validation time:0.17s
[BlogFeedback] [Epoch=198] Train Loss=[QuantLoss=0.02972]Val loss = [QuantLoss=0.02794][QuantReg:0.61078]
[BlogFeedback] Starting epoch 199...
[BlogFeedback] Elapsed training time:2.64s
[BlogFeedback] Starting validation...
[BlogFeedback] Elapsed validation time:0.16s
[BlogFeedback] [Epoch=199] Train Loss=[QuantLoss=0.02946]Val loss = [QuantLoss=0.02513][QuantReg:0.64387]
[BlogFeedback] Starting epoch 200...
[BlogFeedback] Elapsed training time:2.60s
[BlogFeedback] Starting validation...
[BlogFeedback] Elapsed validation time:0.17s
[BlogFeedback] [Epoch=200] Train Loss=[QuantLoss=0.02966]Val loss = [QuantLoss=0.02717][QuantReg:0.65655]
[BlogFeedback] Starting epoch 201...
[BlogFeedback] Elapsed training time:2.67s
[BlogFeedback] Starting validation...
[BlogFeedback] Elapsed validation time:0.17s
[BlogFeedback] [Epoch=201] Train Loss=[QuantLoss=0.03017]Val loss = [QuantLoss=0.02813][QuantReg:0.63850]
[BlogFeedback] Starting epoch 202...
[BlogFeedback] Elapsed training time:2.59s
[BlogFeedback] Starting validation...
[BlogFeedback] Elapsed validation time:0.18s
[BlogFeedback] [Epoch=202] Train Loss=[QuantLoss=0.02979]Val loss = [QuantLoss=0.02730][QuantReg:0.62245]
[BlogFeedback] Starting epoch 203...
[BlogFeedback] Elapsed training time:2.67s
[BlogFeedback] Starting validation...
[BlogFeedback] Elapsed validation time:0.16s
[BlogFeedback] [Epoch=203] Train Loss=[QuantLoss=0.03105]Val loss = [QuantLoss=0.02556][QuantReg:0.64013]
[BlogFeedback] Starting epoch 204...
[BlogFeedback] Elapsed training time:2.70s
[BlogFeedback] Starting validation...
[BlogFeedback] Elapsed validation time:0.17s
[BlogFeedback] [Epoch=204] Train Loss=[QuantLoss=0.03020]Val loss = [QuantLoss=0.02736][QuantReg:0.63909]
[BlogFeedback] Early stopping in epoch 204!
[BlogFeedback] Restoring best model...
MAE médio por bag: 0.0229 ± 0.0127
Resultados salvos em: resultados_blog/resultados_blog_1.csv
