Dataset: blog
Dificuldade: metric=l1, mode=easiest, top_k=None
Rodada: 4
Salvar resultados em: resultados_blog
Dispositivo de treino: cpu
Baixando e preparando o dataset BlogFeedback...
Dataset BlogFeedback pronto.
Número de features após pré-processamento: 276
Ignoring val_split as train and val datasets where given to fit function
We have two datasets: training 62837 examples. validation 10400 examples.]
Using device cpu
[BlogFeedback] Starting epoch 0...
[BlogFeedback] Elapsed training time:2.65s
[BlogFeedback] Starting validation...
[BlogFeedback] Elapsed validation time:0.26s
[BlogFeedback] [Epoch=000] Train Loss=[QuantLoss=0.07950]Val loss = [QuantLoss=0.05854][QuantReg:0.50489][saved best model in this epoch]
[BlogFeedback] Starting epoch 1...
[BlogFeedback] Elapsed training time:2.65s
[BlogFeedback] Starting validation...
[BlogFeedback] Elapsed validation time:0.26s
[BlogFeedback] [Epoch=001] Train Loss=[QuantLoss=0.10355]Val loss = [QuantLoss=0.04470][QuantReg:0.59224][saved best model in this epoch]
[BlogFeedback] Starting epoch 2...
[BlogFeedback] Elapsed training time:2.65s
[BlogFeedback] Starting validation...
[BlogFeedback] Elapsed validation time:0.26s
[BlogFeedback] [Epoch=002] Train Loss=[QuantLoss=0.10340]Val loss = [QuantLoss=0.06498][QuantReg:0.59704]
[BlogFeedback] Starting epoch 3...
[BlogFeedback] Elapsed training time:2.62s
[BlogFeedback] Starting validation...
[BlogFeedback] Elapsed validation time:0.25s
[BlogFeedback] [Epoch=003] Train Loss=[QuantLoss=0.09966]Val loss = [QuantLoss=0.04101][QuantReg:0.62644][saved best model in this epoch]
[BlogFeedback] Starting epoch 4...
[BlogFeedback] Elapsed training time:2.71s
[BlogFeedback] Starting validation...
[BlogFeedback] Elapsed validation time:0.18s
[BlogFeedback] [Epoch=004] Train Loss=[QuantLoss=0.10027]Val loss = [QuantLoss=0.07324][QuantReg:0.61762]
[BlogFeedback] Starting epoch 5...
[BlogFeedback] Elapsed training time:2.59s
[BlogFeedback] Starting validation...
[BlogFeedback] Elapsed validation time:0.16s
[BlogFeedback] [Epoch=005] Train Loss=[QuantLoss=0.09867]Val loss = [QuantLoss=0.07284][QuantReg:0.62880]
[BlogFeedback] Starting epoch 6...
[BlogFeedback] Elapsed training time:2.60s
[BlogFeedback] Starting validation...
[BlogFeedback] Elapsed validation time:0.17s
[BlogFeedback] [Epoch=006] Train Loss=[QuantLoss=0.10284]Val loss = [QuantLoss=0.05107][QuantReg:0.62168]
[BlogFeedback] Starting epoch 7...
[BlogFeedback] Elapsed training time:2.58s
[BlogFeedback] Starting validation...
[BlogFeedback] Elapsed validation time:0.16s
[BlogFeedback] [Epoch=007] Train Loss=[QuantLoss=0.09714]Val loss = [QuantLoss=0.03654][QuantReg:0.60358][saved best model in this epoch]
[BlogFeedback] Starting epoch 8...
[BlogFeedback] Elapsed training time:2.67s
[BlogFeedback] Starting validation...
[BlogFeedback] Elapsed validation time:0.17s
[BlogFeedback] [Epoch=008] Train Loss=[QuantLoss=0.09668]Val loss = [QuantLoss=0.03930][QuantReg:0.58600]
[BlogFeedback] Starting epoch 9...
[BlogFeedback] Elapsed training time:2.56s
[BlogFeedback] Starting validation...
[BlogFeedback] Elapsed validation time:0.18s
[BlogFeedback] [Epoch=009] Train Loss=[QuantLoss=0.09950]Val loss = [QuantLoss=0.02930][QuantReg:0.60616][saved best model in this epoch]
[BlogFeedback] Starting epoch 10...
[BlogFeedback] Elapsed training time:2.58s
[BlogFeedback] Starting validation...
[BlogFeedback] Elapsed validation time:0.17s
[BlogFeedback] [Epoch=010] Train Loss=[QuantLoss=0.09157]Val loss = [QuantLoss=0.04107][QuantReg:0.54654]
[BlogFeedback] Starting epoch 11...
[BlogFeedback] Elapsed training time:2.64s
[BlogFeedback] Starting validation...
[BlogFeedback] Elapsed validation time:0.17s
[BlogFeedback] [Epoch=011] Train Loss=[QuantLoss=0.09777]Val loss = [QuantLoss=0.03351][QuantReg:0.55526]
[BlogFeedback] Starting epoch 12...
[BlogFeedback] Elapsed training time:2.63s
[BlogFeedback] Starting validation...
[BlogFeedback] Elapsed validation time:0.17s
[BlogFeedback] [Epoch=012] Train Loss=[QuantLoss=0.08656]Val loss = [QuantLoss=0.04655][QuantReg:0.58006]
[BlogFeedback] Starting epoch 13...
[BlogFeedback] Elapsed training time:2.63s
[BlogFeedback] Starting validation...
[BlogFeedback] Elapsed validation time:0.16s
[BlogFeedback] [Epoch=013] Train Loss=[QuantLoss=0.09157]Val loss = [QuantLoss=0.03140][QuantReg:0.58348]
[BlogFeedback] Starting epoch 14...
[BlogFeedback] Elapsed training time:2.61s
[BlogFeedback] Starting validation...
[BlogFeedback] Elapsed validation time:0.18s
[BlogFeedback] [Epoch=014] Train Loss=[QuantLoss=0.08422]Val loss = [QuantLoss=0.03987][QuantReg:0.61627]
[BlogFeedback] Starting epoch 15...
[BlogFeedback] Elapsed training time:2.63s
[BlogFeedback] Starting validation...
[BlogFeedback] Elapsed validation time:0.17s
[BlogFeedback] [Epoch=015] Train Loss=[QuantLoss=0.09348]Val loss = [QuantLoss=0.03405][QuantReg:0.58332]
[BlogFeedback] Starting epoch 16...
[BlogFeedback] Elapsed training time:2.60s
[BlogFeedback] Starting validation...
[BlogFeedback] Elapsed validation time:0.16s
[BlogFeedback] [Epoch=016] Train Loss=[QuantLoss=0.09344]Val loss = [QuantLoss=0.03334][QuantReg:0.58156]
[BlogFeedback] Starting epoch 17...
[BlogFeedback] Elapsed training time:2.60s
[BlogFeedback] Starting validation...
[BlogFeedback] Elapsed validation time:0.16s
[BlogFeedback] [Epoch=017] Train Loss=[QuantLoss=0.09178]Val loss = [QuantLoss=0.03514][QuantReg:0.57448]
[BlogFeedback] Starting epoch 18...
[BlogFeedback] Elapsed training time:2.64s
[BlogFeedback] Starting validation...
[BlogFeedback] Elapsed validation time:0.20s
[BlogFeedback] [Epoch=018] Train Loss=[QuantLoss=0.08766]Val loss = [QuantLoss=0.03968][QuantReg:0.55048]
[BlogFeedback] Starting epoch 19...
[BlogFeedback] Elapsed training time:2.60s
[BlogFeedback] Starting validation...
[BlogFeedback] Elapsed validation time:0.17s
[BlogFeedback] [Epoch=019] Train Loss=[QuantLoss=0.08538]Val loss = [QuantLoss=0.05810][QuantReg:0.57551]
[BlogFeedback] Starting epoch 20...
[BlogFeedback] Elapsed training time:2.67s
[BlogFeedback] Starting validation...
[BlogFeedback] Elapsed validation time:0.18s
[BlogFeedback] [Epoch=020] Train Loss=[QuantLoss=0.07951]Val loss = [QuantLoss=0.03896][QuantReg:0.59600]
[BlogFeedback] Starting epoch 21...
[BlogFeedback] Elapsed training time:2.63s
[BlogFeedback] Starting validation...
[BlogFeedback] Elapsed validation time:0.18s
[BlogFeedback] [Epoch=021] Train Loss=[QuantLoss=0.08074]Val loss = [QuantLoss=0.03771][QuantReg:0.56753]
[BlogFeedback] Starting epoch 22...
[BlogFeedback] Elapsed training time:2.60s
[BlogFeedback] Starting validation...
[BlogFeedback] Elapsed validation time:0.16s
[BlogFeedback] [Epoch=022] Train Loss=[QuantLoss=0.08700]Val loss = [QuantLoss=0.04270][QuantReg:0.60514]
[BlogFeedback] Starting epoch 23...
[BlogFeedback] Elapsed training time:2.64s
[BlogFeedback] Starting validation...
[BlogFeedback] Elapsed validation time:0.17s
[BlogFeedback] [Epoch=023] Train Loss=[QuantLoss=0.09013]Val loss = [QuantLoss=0.04262][QuantReg:0.58250]
[BlogFeedback] Starting epoch 24...
[BlogFeedback] Elapsed training time:2.67s
[BlogFeedback] Starting validation...
[BlogFeedback] Elapsed validation time:0.21s
[BlogFeedback] [Epoch=024] Train Loss=[QuantLoss=0.08849]Val loss = [QuantLoss=0.05853][QuantReg:0.54391]
[BlogFeedback] Starting epoch 25...
[BlogFeedback] Elapsed training time:2.62s
[BlogFeedback] Starting validation...
[BlogFeedback] Elapsed validation time:0.16s
[BlogFeedback] [Epoch=025] Train Loss=[QuantLoss=0.08978]Val loss = [QuantLoss=0.04445][QuantReg:0.55988]
[BlogFeedback] Starting epoch 26...
[BlogFeedback] Elapsed training time:2.67s
[BlogFeedback] Starting validation...
[BlogFeedback] Elapsed validation time:0.17s
[BlogFeedback] [Epoch=026] Train Loss=[QuantLoss=0.08796]Val loss = [QuantLoss=0.03952][QuantReg:0.54606]
[BlogFeedback] Starting epoch 27...
[BlogFeedback] Elapsed training time:2.54s
[BlogFeedback] Starting validation...
[BlogFeedback] Elapsed validation time:0.17s
[BlogFeedback] [Epoch=027] Train Loss=[QuantLoss=0.09405]Val loss = [QuantLoss=0.03382][QuantReg:0.54666]
[BlogFeedback] Starting epoch 28...
[BlogFeedback] Elapsed training time:2.54s
[BlogFeedback] Starting validation...
[BlogFeedback] Elapsed validation time:0.16s
[BlogFeedback] [Epoch=028] Train Loss=[QuantLoss=0.08085]Val loss = [QuantLoss=0.04129][QuantReg:0.53629]
[BlogFeedback] Starting epoch 29...
[BlogFeedback] Elapsed training time:2.63s
[BlogFeedback] Starting validation...
[BlogFeedback] Elapsed validation time:0.18s
[BlogFeedback] [Epoch=029] Train Loss=[QuantLoss=0.07699]Val loss = [QuantLoss=0.03685][QuantReg:0.57001]
[BlogFeedback] Starting epoch 30...
[BlogFeedback] Elapsed training time:2.63s
[BlogFeedback] Starting validation...
[BlogFeedback] Elapsed validation time:0.18s
[BlogFeedback] [Epoch=030] Train Loss=[QuantLoss=0.08885]Val loss = [QuantLoss=0.05078][QuantReg:0.57671]
[BlogFeedback] Starting epoch 31...
[BlogFeedback] Elapsed training time:2.62s
[BlogFeedback] Starting validation...
[BlogFeedback] Elapsed validation time:0.17s
[BlogFeedback] [Epoch=031] Train Loss=[QuantLoss=0.09432]Val loss = [QuantLoss=0.03231][QuantReg:0.57109]
[BlogFeedback] Starting epoch 32...
[BlogFeedback] Elapsed training time:2.60s
[BlogFeedback] Starting validation...
[BlogFeedback] Elapsed validation time:0.16s
[BlogFeedback] [Epoch=032] Train Loss=[QuantLoss=0.08611]Val loss = [QuantLoss=0.03203][QuantReg:0.59211]
[BlogFeedback] Starting epoch 33...
[BlogFeedback] Elapsed training time:2.63s
[BlogFeedback] Starting validation...
[BlogFeedback] Elapsed validation time:0.16s
[BlogFeedback] [Epoch=033] Train Loss=[QuantLoss=0.08221]Val loss = [QuantLoss=0.04290][QuantReg:0.58385]
[BlogFeedback] Starting epoch 34...
[BlogFeedback] Elapsed training time:2.61s
[BlogFeedback] Starting validation...
[BlogFeedback] Elapsed validation time:0.25s
[BlogFeedback] [Epoch=034] Train Loss=[QuantLoss=0.08371]Val loss = [QuantLoss=0.03827][QuantReg:0.56600]
[BlogFeedback] Starting epoch 35...
[BlogFeedback] Elapsed training time:2.61s
[BlogFeedback] Starting validation...
[BlogFeedback] Elapsed validation time:0.17s
[BlogFeedback] [Epoch=035] Train Loss=[QuantLoss=0.08297]Val loss = [QuantLoss=0.03771][QuantReg:0.54864]
[BlogFeedback] Starting epoch 36...
[BlogFeedback] Elapsed training time:2.62s
[BlogFeedback] Starting validation...
[BlogFeedback] Elapsed validation time:0.26s
[BlogFeedback] [Epoch=036] Train Loss=[QuantLoss=0.08486]Val loss = [QuantLoss=0.04114][QuantReg:0.59475]
[BlogFeedback] Starting epoch 37...
[BlogFeedback] Elapsed training time:2.65s
[BlogFeedback] Starting validation...
[BlogFeedback] Elapsed validation time:0.26s
[BlogFeedback] [Epoch=037] Train Loss=[QuantLoss=0.08052]Val loss = [QuantLoss=0.03734][QuantReg:0.54455]
[BlogFeedback] Starting epoch 38...
[BlogFeedback] Elapsed training time:2.64s
[BlogFeedback] Starting validation...
[BlogFeedback] Elapsed validation time:0.26s
[BlogFeedback] [Epoch=038] Train Loss=[QuantLoss=0.08293]Val loss = [QuantLoss=0.04207][QuantReg:0.56644]
[BlogFeedback] Starting epoch 39...
[BlogFeedback] Elapsed training time:2.66s
[BlogFeedback] Starting validation...
[BlogFeedback] Elapsed validation time:0.25s
[BlogFeedback] [Epoch=039] Train Loss=[QuantLoss=0.07867]Val loss = [QuantLoss=0.03887][QuantReg:0.56898]
[BlogFeedback] Starting epoch 40...
[BlogFeedback] Elapsed training time:2.60s
[BlogFeedback] Starting validation...
[BlogFeedback] Elapsed validation time:0.25s
[BlogFeedback] [Epoch=040] Train Loss=[QuantLoss=0.08167]Val loss = [QuantLoss=0.04319][QuantReg:0.55294]
[BlogFeedback] Starting epoch 41...
[BlogFeedback] Elapsed training time:2.65s
[BlogFeedback] Starting validation...
[BlogFeedback] Elapsed validation time:0.25s
[BlogFeedback] [Epoch=041] Train Loss=[QuantLoss=0.08098]Val loss = [QuantLoss=0.03917][QuantReg:0.57244]
[BlogFeedback] Starting epoch 42...
[BlogFeedback] Elapsed training time:2.62s
[BlogFeedback] Starting validation...
[BlogFeedback] Elapsed validation time:0.24s
[BlogFeedback] [Epoch=042] Train Loss=[QuantLoss=0.07999]Val loss = [QuantLoss=0.03988][QuantReg:0.56501]
[BlogFeedback] Starting epoch 43...
[BlogFeedback] Elapsed training time:2.61s
[BlogFeedback] Starting validation...
[BlogFeedback] Elapsed validation time:0.25s
[BlogFeedback] [Epoch=043] Train Loss=[QuantLoss=0.08160]Val loss = [QuantLoss=0.04265][QuantReg:0.57743]
[BlogFeedback] Starting epoch 44...
[BlogFeedback] Elapsed training time:2.67s
[BlogFeedback] Starting validation...
[BlogFeedback] Elapsed validation time:0.27s
[BlogFeedback] [Epoch=044] Train Loss=[QuantLoss=0.07998]Val loss = [QuantLoss=0.04267][QuantReg:0.55208]
[BlogFeedback] Starting epoch 45...
[BlogFeedback] Elapsed training time:2.69s
[BlogFeedback] Starting validation...
[BlogFeedback] Elapsed validation time:0.26s
[BlogFeedback] [Epoch=045] Train Loss=[QuantLoss=0.07832]Val loss = [QuantLoss=0.04032][QuantReg:0.56713]
[BlogFeedback] Starting epoch 46...
[BlogFeedback] Elapsed training time:2.66s
[BlogFeedback] Starting validation...
[BlogFeedback] Elapsed validation time:0.27s
[BlogFeedback] [Epoch=046] Train Loss=[QuantLoss=0.07781]Val loss = [QuantLoss=0.04170][QuantReg:0.53915]
[BlogFeedback] Starting epoch 47...
[BlogFeedback] Elapsed training time:2.61s
[BlogFeedback] Starting validation...
[BlogFeedback] Elapsed validation time:0.25s
[BlogFeedback] [Epoch=047] Train Loss=[QuantLoss=0.07905]Val loss = [QuantLoss=0.03551][QuantReg:0.57144]
[BlogFeedback] Starting epoch 48...
[BlogFeedback] Elapsed training time:2.65s
[BlogFeedback] Starting validation...
[BlogFeedback] Elapsed validation time:0.26s
[BlogFeedback] [Epoch=048] Train Loss=[QuantLoss=0.07847]Val loss = [QuantLoss=0.03992][QuantReg:0.56727]
[BlogFeedback] Starting epoch 49...
[BlogFeedback] Elapsed training time:2.67s
[BlogFeedback] Starting validation...
[BlogFeedback] Elapsed validation time:0.25s
[BlogFeedback] [Epoch=049] Train Loss=[QuantLoss=0.07674]Val loss = [QuantLoss=0.03617][QuantReg:0.56148]
[BlogFeedback] Starting epoch 50...
[BlogFeedback] Elapsed training time:2.66s
[BlogFeedback] Starting validation...
[BlogFeedback] Elapsed validation time:0.25s
[BlogFeedback] [Epoch=050] Train Loss=[QuantLoss=0.07745]Val loss = [QuantLoss=0.04710][QuantReg:0.57228]
[BlogFeedback] Starting epoch 51...
[BlogFeedback] Elapsed training time:2.63s
[BlogFeedback] Starting validation...
[BlogFeedback] Elapsed validation time:0.25s
[BlogFeedback] [Epoch=051] Train Loss=[QuantLoss=0.07857]Val loss = [QuantLoss=0.04010][QuantReg:0.55947]
[BlogFeedback] Starting epoch 52...
[BlogFeedback] Elapsed training time:2.65s
[BlogFeedback] Starting validation...
[BlogFeedback] Elapsed validation time:0.26s
[BlogFeedback] [Epoch=052] Train Loss=[QuantLoss=0.07994]Val loss = [QuantLoss=0.02675][QuantReg:0.57497][saved best model in this epoch]
[BlogFeedback] Starting epoch 53...
[BlogFeedback] Elapsed training time:2.65s
[BlogFeedback] Starting validation...
[BlogFeedback] Elapsed validation time:0.24s
[BlogFeedback] [Epoch=053] Train Loss=[QuantLoss=0.07445]Val loss = [QuantLoss=0.02843][QuantReg:0.56066]
[BlogFeedback] Starting epoch 54...
[BlogFeedback] Elapsed training time:2.63s
[BlogFeedback] Starting validation...
[BlogFeedback] Elapsed validation time:0.26s
[BlogFeedback] [Epoch=054] Train Loss=[QuantLoss=0.07154]Val loss = [QuantLoss=0.02698][QuantReg:0.57601]
[BlogFeedback] Starting epoch 55...
[BlogFeedback] Elapsed training time:2.68s
[BlogFeedback] Starting validation...
[BlogFeedback] Elapsed validation time:0.26s
[BlogFeedback] [Epoch=055] Train Loss=[QuantLoss=0.07222]Val loss = [QuantLoss=0.02794][QuantReg:0.55558]
[BlogFeedback] Starting epoch 56...
[BlogFeedback] Elapsed training time:2.62s
[BlogFeedback] Starting validation...
[BlogFeedback] Elapsed validation time:0.25s
[BlogFeedback] [Epoch=056] Train Loss=[QuantLoss=0.07212]Val loss = [QuantLoss=0.02794][QuantReg:0.56890]
[BlogFeedback] Starting epoch 57...
[BlogFeedback] Elapsed training time:2.67s
[BlogFeedback] Starting validation...
[BlogFeedback] Elapsed validation time:0.24s
[BlogFeedback] [Epoch=057] Train Loss=[QuantLoss=0.07063]Val loss = [QuantLoss=0.03016][QuantReg:0.57372]
[BlogFeedback] Starting epoch 58...
[BlogFeedback] Elapsed training time:2.65s
[BlogFeedback] Starting validation...
[BlogFeedback] Elapsed validation time:0.25s
[BlogFeedback] [Epoch=058] Train Loss=[QuantLoss=0.07077]Val loss = [QuantLoss=0.03298][QuantReg:0.55764]
[BlogFeedback] Starting epoch 59...
[BlogFeedback] Elapsed training time:2.69s
[BlogFeedback] Starting validation...
[BlogFeedback] Elapsed validation time:0.26s
[BlogFeedback] [Epoch=059] Train Loss=[QuantLoss=0.07051]Val loss = [QuantLoss=0.02782][QuantReg:0.56598]
[BlogFeedback] Starting epoch 60...
[BlogFeedback] Elapsed training time:2.65s
[BlogFeedback] Starting validation...
[BlogFeedback] Elapsed validation time:0.25s
[BlogFeedback] [Epoch=060] Train Loss=[QuantLoss=0.06893]Val loss = [QuantLoss=0.02879][QuantReg:0.57081]
[BlogFeedback] Starting epoch 61...
[BlogFeedback] Elapsed training time:2.63s
[BlogFeedback] Starting validation...
[BlogFeedback] Elapsed validation time:0.25s
[BlogFeedback] [Epoch=061] Train Loss=[QuantLoss=0.07002]Val loss = [QuantLoss=0.02917][QuantReg:0.58711]
[BlogFeedback] Starting epoch 62...
[BlogFeedback] Elapsed training time:2.61s
[BlogFeedback] Starting validation...
[BlogFeedback] Elapsed validation time:0.25s
[BlogFeedback] [Epoch=062] Train Loss=[QuantLoss=0.06924]Val loss = [QuantLoss=0.02880][QuantReg:0.54326]
[BlogFeedback] Starting epoch 63...
[BlogFeedback] Elapsed training time:2.67s
[BlogFeedback] Starting validation...
[BlogFeedback] Elapsed validation time:0.26s
[BlogFeedback] [Epoch=063] Train Loss=[QuantLoss=0.06750]Val loss = [QuantLoss=0.03240][QuantReg:0.56789]
[BlogFeedback] Starting epoch 64...
[BlogFeedback] Elapsed training time:2.77s
[BlogFeedback] Starting validation...
[BlogFeedback] Elapsed validation time:0.18s
[BlogFeedback] [Epoch=064] Train Loss=[QuantLoss=0.07337]Val loss = [QuantLoss=0.03222][QuantReg:0.58391]
[BlogFeedback] Starting epoch 65...
[BlogFeedback] Elapsed training time:2.60s
[BlogFeedback] Starting validation...
[BlogFeedback] Elapsed validation time:0.18s
[BlogFeedback] [Epoch=065] Train Loss=[QuantLoss=0.07055]Val loss = [QuantLoss=0.03175][QuantReg:0.55570]
[BlogFeedback] Starting epoch 66...
[BlogFeedback] Elapsed training time:2.61s
[BlogFeedback] Starting validation...
[BlogFeedback] Elapsed validation time:0.16s
[BlogFeedback] [Epoch=066] Train Loss=[QuantLoss=0.06945]Val loss = [QuantLoss=0.02810][QuantReg:0.56388]
[BlogFeedback] Starting epoch 67...
[BlogFeedback] Elapsed training time:2.62s
[BlogFeedback] Starting validation...
[BlogFeedback] Elapsed validation time:0.16s
[BlogFeedback] [Epoch=067] Train Loss=[QuantLoss=0.06879]Val loss = [QuantLoss=0.03221][QuantReg:0.56973]
[BlogFeedback] Starting epoch 68...
[BlogFeedback] Elapsed training time:2.64s
[BlogFeedback] Starting validation...
[BlogFeedback] Elapsed validation time:0.16s
[BlogFeedback] [Epoch=068] Train Loss=[QuantLoss=0.06849]Val loss = [QuantLoss=0.02904][QuantReg:0.57403]
[BlogFeedback] Starting epoch 69...
[BlogFeedback] Elapsed training time:2.65s
[BlogFeedback] Starting validation...
[BlogFeedback] Elapsed validation time:0.16s
[BlogFeedback] [Epoch=069] Train Loss=[QuantLoss=0.06891]Val loss = [QuantLoss=0.03086][QuantReg:0.55053]
[BlogFeedback] Starting epoch 70...
[BlogFeedback] Elapsed training time:2.65s
[BlogFeedback] Starting validation...
[BlogFeedback] Elapsed validation time:0.16s
[BlogFeedback] [Epoch=070] Train Loss=[QuantLoss=0.06854]Val loss = [QuantLoss=0.02873][QuantReg:0.57458]
[BlogFeedback] Starting epoch 71...
[BlogFeedback] Elapsed training time:2.66s
[BlogFeedback] Starting validation...
[BlogFeedback] Elapsed validation time:0.16s
[BlogFeedback] [Epoch=071] Train Loss=[QuantLoss=0.06765]Val loss = [QuantLoss=0.03037][QuantReg:0.57536]
[BlogFeedback] Starting epoch 72...
[BlogFeedback] Elapsed training time:2.61s
[BlogFeedback] Starting validation...
[BlogFeedback] Elapsed validation time:0.16s
[BlogFeedback] [Epoch=072] Train Loss=[QuantLoss=0.06788]Val loss = [QuantLoss=0.02961][QuantReg:0.57135]
[BlogFeedback] Starting epoch 73...
[BlogFeedback] Elapsed training time:2.62s
[BlogFeedback] Starting validation...
[BlogFeedback] Elapsed validation time:0.17s
[BlogFeedback] [Epoch=073] Train Loss=[QuantLoss=0.06824]Val loss = [QuantLoss=0.03274][QuantReg:0.58234]
[BlogFeedback] Starting epoch 74...
[BlogFeedback] Elapsed training time:2.61s
[BlogFeedback] Starting validation...
[BlogFeedback] Elapsed validation time:0.16s
[BlogFeedback] [Epoch=074] Train Loss=[QuantLoss=0.06378]Val loss = [QuantLoss=0.03058][QuantReg:0.58849]
[BlogFeedback] Starting epoch 75...
[BlogFeedback] Elapsed training time:2.65s
[BlogFeedback] Starting validation...
[BlogFeedback] Elapsed validation time:0.18s
[BlogFeedback] [Epoch=075] Train Loss=[QuantLoss=0.06284]Val loss = [QuantLoss=0.03244][QuantReg:0.59085]
[BlogFeedback] Starting epoch 76...
[BlogFeedback] Elapsed training time:2.64s
[BlogFeedback] Starting validation...
[BlogFeedback] Elapsed validation time:0.18s
[BlogFeedback] [Epoch=076] Train Loss=[QuantLoss=0.06431]Val loss = [QuantLoss=0.02958][QuantReg:0.56943]
[BlogFeedback] Starting epoch 77...
[BlogFeedback] Elapsed training time:2.65s
[BlogFeedback] Starting validation...
[BlogFeedback] Elapsed validation time:0.17s
[BlogFeedback] [Epoch=077] Train Loss=[QuantLoss=0.06372]Val loss = [QuantLoss=0.02996][QuantReg:0.57820]
[BlogFeedback] Starting epoch 78...
[BlogFeedback] Elapsed training time:2.63s
[BlogFeedback] Starting validation...
[BlogFeedback] Elapsed validation time:0.16s
[BlogFeedback] [Epoch=078] Train Loss=[QuantLoss=0.06241]Val loss = [QuantLoss=0.03134][QuantReg:0.57159]
[BlogFeedback] Starting epoch 79...
[BlogFeedback] Elapsed training time:2.62s
[BlogFeedback] Starting validation...
[BlogFeedback] Elapsed validation time:0.17s
[BlogFeedback] [Epoch=079] Train Loss=[QuantLoss=0.06129]Val loss = [QuantLoss=0.03176][QuantReg:0.57828]
[BlogFeedback] Starting epoch 80...
[BlogFeedback] Elapsed training time:2.65s
[BlogFeedback] Starting validation...
[BlogFeedback] Elapsed validation time:0.16s
[BlogFeedback] [Epoch=080] Train Loss=[QuantLoss=0.06201]Val loss = [QuantLoss=0.03045][QuantReg:0.56309]
[BlogFeedback] Starting epoch 81...
[BlogFeedback] Elapsed training time:2.63s
[BlogFeedback] Starting validation...
[BlogFeedback] Elapsed validation time:0.16s
[BlogFeedback] [Epoch=081] Train Loss=[QuantLoss=0.06176]Val loss = [QuantLoss=0.03185][QuantReg:0.57080]
[BlogFeedback] Starting epoch 82...
[BlogFeedback] Elapsed training time:2.63s
[BlogFeedback] Starting validation...
[BlogFeedback] Elapsed validation time:0.17s
[BlogFeedback] [Epoch=082] Train Loss=[QuantLoss=0.06223]Val loss = [QuantLoss=0.03069][QuantReg:0.55776]
[BlogFeedback] Starting epoch 83...
[BlogFeedback] Elapsed training time:2.66s
[BlogFeedback] Starting validation...
[BlogFeedback] Elapsed validation time:0.17s
[BlogFeedback] [Epoch=083] Train Loss=[QuantLoss=0.06222]Val loss = [QuantLoss=0.02896][QuantReg:0.57920]
[BlogFeedback] Starting epoch 84...
[BlogFeedback] Elapsed training time:2.66s
[BlogFeedback] Starting validation...
[BlogFeedback] Elapsed validation time:0.18s
[BlogFeedback] [Epoch=084] Train Loss=[QuantLoss=0.06324]Val loss = [QuantLoss=0.02896][QuantReg:0.58852]
[BlogFeedback] Starting epoch 85...
[BlogFeedback] Elapsed training time:2.58s
[BlogFeedback] Starting validation...
[BlogFeedback] Elapsed validation time:0.16s
[BlogFeedback] [Epoch=085] Train Loss=[QuantLoss=0.06378]Val loss = [QuantLoss=0.03348][QuantReg:0.57270]
[BlogFeedback] Starting epoch 86...
[BlogFeedback] Elapsed training time:2.52s
[BlogFeedback] Starting validation...
[BlogFeedback] Elapsed validation time:0.16s
[BlogFeedback] [Epoch=086] Train Loss=[QuantLoss=0.06357]Val loss = [QuantLoss=0.02865][QuantReg:0.58074]
[BlogFeedback] Starting epoch 87...
[BlogFeedback] Elapsed training time:2.62s
[BlogFeedback] Starting validation...
[BlogFeedback] Elapsed validation time:0.17s
[BlogFeedback] [Epoch=087] Train Loss=[QuantLoss=0.06165]Val loss = [QuantLoss=0.03123][QuantReg:0.55946]
[BlogFeedback] Starting epoch 88...
[BlogFeedback] Elapsed training time:2.62s
[BlogFeedback] Starting validation...
[BlogFeedback] Elapsed validation time:0.16s
[BlogFeedback] [Epoch=088] Train Loss=[QuantLoss=0.06179]Val loss = [QuantLoss=0.02855][QuantReg:0.57606]
[BlogFeedback] Starting epoch 89...
[BlogFeedback] Elapsed training time:2.64s
[BlogFeedback] Starting validation...
[BlogFeedback] Elapsed validation time:0.16s
[BlogFeedback] [Epoch=089] Train Loss=[QuantLoss=0.06375]Val loss = [QuantLoss=0.03777][QuantReg:0.57081]
[BlogFeedback] Starting epoch 90...
[BlogFeedback] Elapsed training time:2.61s
[BlogFeedback] Starting validation...
[BlogFeedback] Elapsed validation time:0.17s
[BlogFeedback] [Epoch=090] Train Loss=[QuantLoss=0.06085]Val loss = [QuantLoss=0.03262][QuantReg:0.57666]
[BlogFeedback] Starting epoch 91...
[BlogFeedback] Elapsed training time:2.61s
[BlogFeedback] Starting validation...
[BlogFeedback] Elapsed validation time:0.17s
[BlogFeedback] [Epoch=091] Train Loss=[QuantLoss=0.06121]Val loss = [QuantLoss=0.03172][QuantReg:0.57300]
[BlogFeedback] Starting epoch 92...
[BlogFeedback] Elapsed training time:2.65s
[BlogFeedback] Starting validation...
[BlogFeedback] Elapsed validation time:0.18s
[BlogFeedback] [Epoch=092] Train Loss=[QuantLoss=0.06224]Val loss = [QuantLoss=0.03186][QuantReg:0.57545]
[BlogFeedback] Starting epoch 93...
[BlogFeedback] Elapsed training time:2.62s
[BlogFeedback] Starting validation...
[BlogFeedback] Elapsed validation time:0.17s
[BlogFeedback] [Epoch=093] Train Loss=[QuantLoss=0.06004]Val loss = [QuantLoss=0.03040][QuantReg:0.61656]
[BlogFeedback] Starting epoch 94...
[BlogFeedback] Elapsed training time:2.62s
[BlogFeedback] Starting validation...
[BlogFeedback] Elapsed validation time:0.26s
[BlogFeedback] [Epoch=094] Train Loss=[QuantLoss=0.06243]Val loss = [QuantLoss=0.03599][QuantReg:0.58587]
[BlogFeedback] Starting epoch 95...
[BlogFeedback] Elapsed training time:2.62s
[BlogFeedback] Starting validation...
[BlogFeedback] Elapsed validation time:0.26s
[BlogFeedback] [Epoch=095] Train Loss=[QuantLoss=0.05941]Val loss = [QuantLoss=0.03261][QuantReg:0.59961]
[BlogFeedback] Starting epoch 96...
[BlogFeedback] Elapsed training time:2.66s
[BlogFeedback] Starting validation...
[BlogFeedback] Elapsed validation time:0.27s
[BlogFeedback] [Epoch=096] Train Loss=[QuantLoss=0.05816]Val loss = [QuantLoss=0.02970][QuantReg:0.58675]
[BlogFeedback] Starting epoch 97...
[BlogFeedback] Elapsed training time:2.66s
[BlogFeedback] Starting validation...
[BlogFeedback] Elapsed validation time:0.25s
[BlogFeedback] [Epoch=097] Train Loss=[QuantLoss=0.06009]Val loss = [QuantLoss=0.03384][QuantReg:0.56140]
[BlogFeedback] Starting epoch 98...
[BlogFeedback] Elapsed training time:2.64s
[BlogFeedback] Starting validation...
[BlogFeedback] Elapsed validation time:0.25s
[BlogFeedback] [Epoch=098] Train Loss=[QuantLoss=0.05891]Val loss = [QuantLoss=0.03247][QuantReg:0.59105]
[BlogFeedback] Starting epoch 99...
[BlogFeedback] Elapsed training time:2.65s
[BlogFeedback] Starting validation...
[BlogFeedback] Elapsed validation time:0.25s
[BlogFeedback] [Epoch=099] Train Loss=[QuantLoss=0.06044]Val loss = [QuantLoss=0.03624][QuantReg:0.58120]
[BlogFeedback] Starting epoch 100...
[BlogFeedback] Elapsed training time:2.63s
[BlogFeedback] Starting validation...
[BlogFeedback] Elapsed validation time:0.25s
[BlogFeedback] [Epoch=100] Train Loss=[QuantLoss=0.05846]Val loss = [QuantLoss=0.03083][QuantReg:0.58206]
[BlogFeedback] Starting epoch 101...
[BlogFeedback] Elapsed training time:2.61s
[BlogFeedback] Starting validation...
[BlogFeedback] Elapsed validation time:0.25s
[BlogFeedback] [Epoch=101] Train Loss=[QuantLoss=0.05834]Val loss = [QuantLoss=0.03448][QuantReg:0.57786]
[BlogFeedback] Starting epoch 102...
[BlogFeedback] Elapsed training time:2.63s
[BlogFeedback] Starting validation...
[BlogFeedback] Elapsed validation time:0.25s
[BlogFeedback] [Epoch=102] Train Loss=[QuantLoss=0.05938]Val loss = [QuantLoss=0.03424][QuantReg:0.57271]
[BlogFeedback] Starting epoch 103...
[BlogFeedback] Elapsed training time:2.61s
[BlogFeedback] Starting validation...
[BlogFeedback] Elapsed validation time:0.26s
[BlogFeedback] [Epoch=103] Train Loss=[QuantLoss=0.05743]Val loss = [QuantLoss=0.03314][QuantReg:0.58511]
[BlogFeedback] Starting epoch 104...
[BlogFeedback] Elapsed training time:2.59s
[BlogFeedback] Starting validation...
[BlogFeedback] Elapsed validation time:0.25s
[BlogFeedback] [Epoch=104] Train Loss=[QuantLoss=0.05813]Val loss = [QuantLoss=0.03294][QuantReg:0.59047]
[BlogFeedback] Starting epoch 105...
[BlogFeedback] Elapsed training time:2.62s
[BlogFeedback] Starting validation...
[BlogFeedback] Elapsed validation time:0.26s
[BlogFeedback] [Epoch=105] Train Loss=[QuantLoss=0.05728]Val loss = [QuantLoss=0.03525][QuantReg:0.59284]
[BlogFeedback] Starting epoch 106...
[BlogFeedback] Elapsed training time:2.60s
[BlogFeedback] Starting validation...
[BlogFeedback] Elapsed validation time:0.25s
[BlogFeedback] [Epoch=106] Train Loss=[QuantLoss=0.06040]Val loss = [QuantLoss=0.03448][QuantReg:0.57846]
[BlogFeedback] Starting epoch 107...
[BlogFeedback] Elapsed training time:2.71s
[BlogFeedback] Starting validation...
[BlogFeedback] Elapsed validation time:0.26s
[BlogFeedback] [Epoch=107] Train Loss=[QuantLoss=0.06030]Val loss = [QuantLoss=0.02984][QuantReg:0.56960]
[BlogFeedback] Starting epoch 108...
[BlogFeedback] Elapsed training time:2.64s
[BlogFeedback] Starting validation...
[BlogFeedback] Elapsed validation time:0.25s
[BlogFeedback] [Epoch=108] Train Loss=[QuantLoss=0.06048]Val loss = [QuantLoss=0.03532][QuantReg:0.57495]
[BlogFeedback] Starting epoch 109...
[BlogFeedback] Elapsed training time:2.58s
[BlogFeedback] Starting validation...
[BlogFeedback] Elapsed validation time:0.26s
[BlogFeedback] [Epoch=109] Train Loss=[QuantLoss=0.05906]Val loss = [QuantLoss=0.03541][QuantReg:0.57459]
[BlogFeedback] Starting epoch 110...
[BlogFeedback] Elapsed training time:2.64s
[BlogFeedback] Starting validation...
[BlogFeedback] Elapsed validation time:0.25s
[BlogFeedback] [Epoch=110] Train Loss=[QuantLoss=0.05962]Val loss = [QuantLoss=0.03006][QuantReg:0.56798]
[BlogFeedback] Starting epoch 111...
[BlogFeedback] Elapsed training time:2.68s
[BlogFeedback] Starting validation...
[BlogFeedback] Elapsed validation time:0.26s
[BlogFeedback] [Epoch=111] Train Loss=[QuantLoss=0.06089]Val loss = [QuantLoss=0.03425][QuantReg:0.56080]
[BlogFeedback] Starting epoch 112...
[BlogFeedback] Elapsed training time:2.60s
[BlogFeedback] Starting validation...
[BlogFeedback] Elapsed validation time:0.25s
[BlogFeedback] [Epoch=112] Train Loss=[QuantLoss=0.05955]Val loss = [QuantLoss=0.03130][QuantReg:0.57319]
[BlogFeedback] Starting epoch 113...
[BlogFeedback] Elapsed training time:2.67s
[BlogFeedback] Starting validation...
[BlogFeedback] Elapsed validation time:0.25s
[BlogFeedback] [Epoch=113] Train Loss=[QuantLoss=0.05848]Val loss = [QuantLoss=0.03339][QuantReg:0.56391]
[BlogFeedback] Starting epoch 114...
[BlogFeedback] Elapsed training time:2.67s
[BlogFeedback] Starting validation...
[BlogFeedback] Elapsed validation time:0.25s
[BlogFeedback] [Epoch=114] Train Loss=[QuantLoss=0.05914]Val loss = [QuantLoss=0.03437][QuantReg:0.56712]
[BlogFeedback] Starting epoch 115...
[BlogFeedback] Elapsed training time:2.64s
[BlogFeedback] Starting validation...
[BlogFeedback] Elapsed validation time:0.26s
[BlogFeedback] [Epoch=115] Train Loss=[QuantLoss=0.05869]Val loss = [QuantLoss=0.03451][QuantReg:0.57578]
[BlogFeedback] Starting epoch 116...
[BlogFeedback] Elapsed training time:2.61s
[BlogFeedback] Starting validation...
[BlogFeedback] Elapsed validation time:0.25s
[BlogFeedback] [Epoch=116] Train Loss=[QuantLoss=0.05647]Val loss = [QuantLoss=0.03150][QuantReg:0.59378]
[BlogFeedback] Starting epoch 117...
[BlogFeedback] Elapsed training time:2.65s
[BlogFeedback] Starting validation...
[BlogFeedback] Elapsed validation time:0.28s
[BlogFeedback] [Epoch=117] Train Loss=[QuantLoss=0.05735]Val loss = [QuantLoss=0.03213][QuantReg:0.58201]
[BlogFeedback] Starting epoch 118...
[BlogFeedback] Elapsed training time:2.66s
[BlogFeedback] Starting validation...
[BlogFeedback] Elapsed validation time:0.25s
[BlogFeedback] [Epoch=118] Train Loss=[QuantLoss=0.05872]Val loss = [QuantLoss=0.03486][QuantReg:0.60913]
[BlogFeedback] Starting epoch 119...
[BlogFeedback] Elapsed training time:2.67s
[BlogFeedback] Starting validation...
[BlogFeedback] Elapsed validation time:0.25s
[BlogFeedback] [Epoch=119] Train Loss=[QuantLoss=0.05690]Val loss = [QuantLoss=0.03732][QuantReg:0.58561]
[BlogFeedback] Starting epoch 120...
[BlogFeedback] Elapsed training time:2.61s
[BlogFeedback] Starting validation...
[BlogFeedback] Elapsed validation time:0.25s
[BlogFeedback] [Epoch=120] Train Loss=[QuantLoss=0.05641]Val loss = [QuantLoss=0.03281][QuantReg:0.61172]
[BlogFeedback] Starting epoch 121...
[BlogFeedback] Elapsed training time:2.65s
[BlogFeedback] Starting validation...
[BlogFeedback] Elapsed validation time:0.25s
[BlogFeedback] [Epoch=121] Train Loss=[QuantLoss=0.05752]Val loss = [QuantLoss=0.03765][QuantReg:0.58514]
[BlogFeedback] Starting epoch 122...
[BlogFeedback] Elapsed training time:2.68s
[BlogFeedback] Starting validation...
[BlogFeedback] Elapsed validation time:0.26s
[BlogFeedback] [Epoch=122] Train Loss=[QuantLoss=0.05819]Val loss = [QuantLoss=0.03543][QuantReg:0.58215]
[BlogFeedback] Starting epoch 123...
[BlogFeedback] Elapsed training time:2.60s
[BlogFeedback] Starting validation...
[BlogFeedback] Elapsed validation time:0.25s
[BlogFeedback] [Epoch=123] Train Loss=[QuantLoss=0.05721]Val loss = [QuantLoss=0.03574][QuantReg:0.58057]
[BlogFeedback] Starting epoch 124...
[BlogFeedback] Elapsed training time:2.64s
[BlogFeedback] Starting validation...
[BlogFeedback] Elapsed validation time:0.25s
[BlogFeedback] [Epoch=124] Train Loss=[QuantLoss=0.05775]Val loss = [QuantLoss=0.03528][QuantReg:0.60535]
[BlogFeedback] Starting epoch 125...
[BlogFeedback] Elapsed training time:2.70s
[BlogFeedback] Starting validation...
[BlogFeedback] Elapsed validation time:0.26s
[BlogFeedback] [Epoch=125] Train Loss=[QuantLoss=0.05667]Val loss = [QuantLoss=0.03468][QuantReg:0.58137]
[BlogFeedback] Starting epoch 126...
[BlogFeedback] Elapsed training time:2.67s
[BlogFeedback] Starting validation...
[BlogFeedback] Elapsed validation time:0.25s
[BlogFeedback] [Epoch=126] Train Loss=[QuantLoss=0.05636]Val loss = [QuantLoss=0.03529][QuantReg:0.56869]
[BlogFeedback] Starting epoch 127...
[BlogFeedback] Elapsed training time:2.63s
[BlogFeedback] Starting validation...
[BlogFeedback] Elapsed validation time:0.26s
[BlogFeedback] [Epoch=127] Train Loss=[QuantLoss=0.05803]Val loss = [QuantLoss=0.03477][QuantReg:0.59350]
[BlogFeedback] Starting epoch 128...
[BlogFeedback] Elapsed training time:2.69s
[BlogFeedback] Starting validation...
[BlogFeedback] Elapsed validation time:0.25s
[BlogFeedback] [Epoch=128] Train Loss=[QuantLoss=0.05774]Val loss = [QuantLoss=0.03607][QuantReg:0.59259]
[BlogFeedback] Starting epoch 129...
[BlogFeedback] Elapsed training time:2.74s
[BlogFeedback] Starting validation...
[BlogFeedback] Elapsed validation time:0.17s
[BlogFeedback] [Epoch=129] Train Loss=[QuantLoss=0.05895]Val loss = [QuantLoss=0.03968][QuantReg:0.56729]
[BlogFeedback] Starting epoch 130...
[BlogFeedback] Elapsed training time:2.62s
[BlogFeedback] Starting validation...
[BlogFeedback] Elapsed validation time:0.19s
[BlogFeedback] [Epoch=130] Train Loss=[QuantLoss=0.05819]Val loss = [QuantLoss=0.03644][QuantReg:0.57584]
[BlogFeedback] Starting epoch 131...
[BlogFeedback] Elapsed training time:2.62s
[BlogFeedback] Starting validation...
[BlogFeedback] Elapsed validation time:0.18s
[BlogFeedback] [Epoch=131] Train Loss=[QuantLoss=0.05629]Val loss = [QuantLoss=0.03645][QuantReg:0.58923]
[BlogFeedback] Starting epoch 132...
[BlogFeedback] Elapsed training time:2.65s
[BlogFeedback] Starting validation...
[BlogFeedback] Elapsed validation time:0.17s
[BlogFeedback] [Epoch=132] Train Loss=[QuantLoss=0.05627]Val loss = [QuantLoss=0.03329][QuantReg:0.57611]
[BlogFeedback] Starting epoch 133...
[BlogFeedback] Elapsed training time:2.59s
[BlogFeedback] Starting validation...
[BlogFeedback] Elapsed validation time:0.17s
[BlogFeedback] [Epoch=133] Train Loss=[QuantLoss=0.05556]Val loss = [QuantLoss=0.03560][QuantReg:0.57720]
[BlogFeedback] Starting epoch 134...
[BlogFeedback] Elapsed training time:2.64s
[BlogFeedback] Starting validation...
[BlogFeedback] Elapsed validation time:0.17s
[BlogFeedback] [Epoch=134] Train Loss=[QuantLoss=0.05591]Val loss = [QuantLoss=0.03391][QuantReg:0.57323]
[BlogFeedback] Starting epoch 135...
[BlogFeedback] Elapsed training time:2.59s
[BlogFeedback] Starting validation...
[BlogFeedback] Elapsed validation time:0.16s
[BlogFeedback] [Epoch=135] Train Loss=[QuantLoss=0.05679]Val loss = [QuantLoss=0.03320][QuantReg:0.56651]
[BlogFeedback] Starting epoch 136...
[BlogFeedback] Elapsed training time:2.60s
[BlogFeedback] Starting validation...
[BlogFeedback] Elapsed validation time:0.18s
[BlogFeedback] [Epoch=136] Train Loss=[QuantLoss=0.05702]Val loss = [QuantLoss=0.03359][QuantReg:0.58833]
[BlogFeedback] Early stopping in epoch 136!
[BlogFeedback] Restoring best model...
MAE médio por bag: 0.0234 ± 0.0145
Resultados salvos em: resultados_blog/resultados_blog_l1_easiest_4.csv
