Dataset: blog
Dificuldade: metric=kl, mode=easiest, top_k=None
Rodada: 5
Salvar resultados em: resultados_blog
Dispositivo de treino: cpu
Baixando e preparando o dataset BlogFeedback...
Dataset BlogFeedback pronto.
Número de features após pré-processamento: 276
Ignoring val_split as train and val datasets where given to fit function
We have two datasets: training 62837 examples. validation 10400 examples.]
Using device cpu
[BlogFeedback] Starting epoch 0...
[BlogFeedback] Elapsed training time:2.65s
[BlogFeedback] Starting validation...
[BlogFeedback] Elapsed validation time:0.25s
[BlogFeedback] [Epoch=000] Train Loss=[QuantLoss=0.07791]Val loss = [QuantLoss=0.06029][QuantReg:0.51285][saved best model in this epoch]
[BlogFeedback] Starting epoch 1...
[BlogFeedback] Elapsed training time:2.61s
[BlogFeedback] Starting validation...
[BlogFeedback] Elapsed validation time:0.26s
[BlogFeedback] [Epoch=001] Train Loss=[QuantLoss=0.09433]Val loss = [QuantLoss=0.05214][QuantReg:0.60291][saved best model in this epoch]
[BlogFeedback] Starting epoch 2...
[BlogFeedback] Elapsed training time:2.66s
[BlogFeedback] Starting validation...
[BlogFeedback] Elapsed validation time:0.26s
[BlogFeedback] [Epoch=002] Train Loss=[QuantLoss=0.10159]Val loss = [QuantLoss=0.03848][QuantReg:0.65119][saved best model in this epoch]
[BlogFeedback] Starting epoch 3...
[BlogFeedback] Elapsed training time:2.61s
[BlogFeedback] Starting validation...
[BlogFeedback] Elapsed validation time:0.27s
[BlogFeedback] [Epoch=003] Train Loss=[QuantLoss=0.08880]Val loss = [QuantLoss=0.02928][QuantReg:0.66714][saved best model in this epoch]
[BlogFeedback] Starting epoch 4...
[BlogFeedback] Elapsed training time:2.71s
[BlogFeedback] Starting validation...
[BlogFeedback] Elapsed validation time:0.17s
[BlogFeedback] [Epoch=004] Train Loss=[QuantLoss=0.08733]Val loss = [QuantLoss=0.04694][QuantReg:0.63605]
[BlogFeedback] Starting epoch 5...
[BlogFeedback] Elapsed training time:2.60s
[BlogFeedback] Starting validation...
[BlogFeedback] Elapsed validation time:0.19s
[BlogFeedback] [Epoch=005] Train Loss=[QuantLoss=0.09692]Val loss = [QuantLoss=0.03219][QuantReg:0.67175]
[BlogFeedback] Starting epoch 6...
[BlogFeedback] Elapsed training time:2.63s
[BlogFeedback] Starting validation...
[BlogFeedback] Elapsed validation time:0.17s
[BlogFeedback] [Epoch=006] Train Loss=[QuantLoss=0.09405]Val loss = [QuantLoss=0.05072][QuantReg:0.69772]
[BlogFeedback] Starting epoch 7...
[BlogFeedback] Elapsed training time:2.68s
[BlogFeedback] Starting validation...
[BlogFeedback] Elapsed validation time:0.17s
[BlogFeedback] [Epoch=007] Train Loss=[QuantLoss=0.08689]Val loss = [QuantLoss=0.02674][QuantReg:0.68855][saved best model in this epoch]
[BlogFeedback] Starting epoch 8...
[BlogFeedback] Elapsed training time:2.67s
[BlogFeedback] Starting validation...
[BlogFeedback] Elapsed validation time:0.17s
[BlogFeedback] [Epoch=008] Train Loss=[QuantLoss=0.09234]Val loss = [QuantLoss=0.03400][QuantReg:0.70860]
[BlogFeedback] Starting epoch 9...
[BlogFeedback] Elapsed training time:2.63s
[BlogFeedback] Starting validation...
[BlogFeedback] Elapsed validation time:0.17s
[BlogFeedback] [Epoch=009] Train Loss=[QuantLoss=0.09100]Val loss = [QuantLoss=0.04143][QuantReg:0.69997]
[BlogFeedback] Starting epoch 10...
[BlogFeedback] Elapsed training time:2.64s
[BlogFeedback] Starting validation...
[BlogFeedback] Elapsed validation time:0.20s
[BlogFeedback] [Epoch=010] Train Loss=[QuantLoss=0.09515]Val loss = [QuantLoss=0.02814][QuantReg:0.69430]
[BlogFeedback] Starting epoch 11...
[BlogFeedback] Elapsed training time:2.67s
[BlogFeedback] Starting validation...
[BlogFeedback] Elapsed validation time:0.17s
[BlogFeedback] [Epoch=011] Train Loss=[QuantLoss=0.09391]Val loss = [QuantLoss=0.03891][QuantReg:0.67750]
[BlogFeedback] Starting epoch 12...
[BlogFeedback] Elapsed training time:2.62s
[BlogFeedback] Starting validation...
[BlogFeedback] Elapsed validation time:0.18s
[BlogFeedback] [Epoch=012] Train Loss=[QuantLoss=0.08713]Val loss = [QuantLoss=0.03501][QuantReg:0.70478]
[BlogFeedback] Starting epoch 13...
[BlogFeedback] Elapsed training time:2.65s
[BlogFeedback] Starting validation...
[BlogFeedback] Elapsed validation time:0.17s
[BlogFeedback] [Epoch=013] Train Loss=[QuantLoss=0.08245]Val loss = [QuantLoss=0.03041][QuantReg:0.68333]
[BlogFeedback] Starting epoch 14...
[BlogFeedback] Elapsed training time:2.58s
[BlogFeedback] Starting validation...
[BlogFeedback] Elapsed validation time:0.18s
[BlogFeedback] [Epoch=014] Train Loss=[QuantLoss=0.08997]Val loss = [QuantLoss=0.03384][QuantReg:0.66074]
[BlogFeedback] Starting epoch 15...
[BlogFeedback] Elapsed training time:2.66s
[BlogFeedback] Starting validation...
[BlogFeedback] Elapsed validation time:0.18s
[BlogFeedback] [Epoch=015] Train Loss=[QuantLoss=0.08538]Val loss = [QuantLoss=0.03432][QuantReg:0.69859]
[BlogFeedback] Starting epoch 16...
[BlogFeedback] Elapsed training time:2.64s
[BlogFeedback] Starting validation...
[BlogFeedback] Elapsed validation time:0.17s
[BlogFeedback] [Epoch=016] Train Loss=[QuantLoss=0.08191]Val loss = [QuantLoss=0.02643][QuantReg:0.67292][saved best model in this epoch]
[BlogFeedback] Starting epoch 17...
[BlogFeedback] Elapsed training time:2.66s
[BlogFeedback] Starting validation...
[BlogFeedback] Elapsed validation time:0.19s
[BlogFeedback] [Epoch=017] Train Loss=[QuantLoss=0.08993]Val loss = [QuantLoss=0.03163][QuantReg:0.66836]
[BlogFeedback] Starting epoch 18...
[BlogFeedback] Elapsed training time:2.57s
[BlogFeedback] Starting validation...
[BlogFeedback] Elapsed validation time:0.18s
[BlogFeedback] [Epoch=018] Train Loss=[QuantLoss=0.08698]Val loss = [QuantLoss=0.03661][QuantReg:0.67058]
[BlogFeedback] Starting epoch 19...
[BlogFeedback] Elapsed training time:2.63s
[BlogFeedback] Starting validation...
[BlogFeedback] Elapsed validation time:0.17s
[BlogFeedback] [Epoch=019] Train Loss=[QuantLoss=0.08204]Val loss = [QuantLoss=0.03459][QuantReg:0.68598]
[BlogFeedback] Starting epoch 20...
[BlogFeedback] Elapsed training time:2.63s
[BlogFeedback] Starting validation...
[BlogFeedback] Elapsed validation time:0.18s
[BlogFeedback] [Epoch=020] Train Loss=[QuantLoss=0.07861]Val loss = [QuantLoss=0.03679][QuantReg:0.68965]
[BlogFeedback] Starting epoch 21...
[BlogFeedback] Elapsed training time:2.53s
[BlogFeedback] Starting validation...
[BlogFeedback] Elapsed validation time:0.16s
[BlogFeedback] [Epoch=021] Train Loss=[QuantLoss=0.08464]Val loss = [QuantLoss=0.03196][QuantReg:0.66912]
[BlogFeedback] Starting epoch 22...
[BlogFeedback] Elapsed training time:2.64s
[BlogFeedback] Starting validation...
[BlogFeedback] Elapsed validation time:0.17s
[BlogFeedback] [Epoch=022] Train Loss=[QuantLoss=0.08152]Val loss = [QuantLoss=0.03285][QuantReg:0.67211]
[BlogFeedback] Starting epoch 23...
[BlogFeedback] Elapsed training time:2.72s
[BlogFeedback] Starting validation...
[BlogFeedback] Elapsed validation time:0.19s
[BlogFeedback] [Epoch=023] Train Loss=[QuantLoss=0.08323]Val loss = [QuantLoss=0.03284][QuantReg:0.66198]
[BlogFeedback] Starting epoch 24...
[BlogFeedback] Elapsed training time:2.67s
[BlogFeedback] Starting validation...
[BlogFeedback] Elapsed validation time:0.17s
[BlogFeedback] [Epoch=024] Train Loss=[QuantLoss=0.07669]Val loss = [QuantLoss=0.04338][QuantReg:0.62777]
[BlogFeedback] Starting epoch 25...
[BlogFeedback] Elapsed training time:2.61s
[BlogFeedback] Starting validation...
[BlogFeedback] Elapsed validation time:0.16s
[BlogFeedback] [Epoch=025] Train Loss=[QuantLoss=0.08436]Val loss = [QuantLoss=0.03115][QuantReg:0.61334]
[BlogFeedback] Starting epoch 26...
[BlogFeedback] Elapsed training time:2.54s
[BlogFeedback] Starting validation...
[BlogFeedback] Elapsed validation time:0.19s
[BlogFeedback] [Epoch=026] Train Loss=[QuantLoss=0.08039]Val loss = [QuantLoss=0.04274][QuantReg:0.63443]
[BlogFeedback] Starting epoch 27...
[BlogFeedback] Elapsed training time:2.65s
[BlogFeedback] Starting validation...
[BlogFeedback] Elapsed validation time:0.17s
[BlogFeedback] [Epoch=027] Train Loss=[QuantLoss=0.08716]Val loss = [QuantLoss=0.02766][QuantReg:0.63379]
[BlogFeedback] Starting epoch 28...
[BlogFeedback] Elapsed training time:2.62s
[BlogFeedback] Starting validation...
[BlogFeedback] Elapsed validation time:0.17s
[BlogFeedback] [Epoch=028] Train Loss=[QuantLoss=0.08263]Val loss = [QuantLoss=0.03696][QuantReg:0.63707]
[BlogFeedback] Starting epoch 29...
[BlogFeedback] Elapsed training time:2.63s
[BlogFeedback] Starting validation...
[BlogFeedback] Elapsed validation time:0.20s
[BlogFeedback] [Epoch=029] Train Loss=[QuantLoss=0.07523]Val loss = [QuantLoss=0.03446][QuantReg:0.62133]
[BlogFeedback] Starting epoch 30...
[BlogFeedback] Elapsed training time:2.63s
[BlogFeedback] Starting validation...
[BlogFeedback] Elapsed validation time:0.25s
[BlogFeedback] [Epoch=030] Train Loss=[QuantLoss=0.08334]Val loss = [QuantLoss=0.03325][QuantReg:0.63854]
[BlogFeedback] Starting epoch 31...
[BlogFeedback] Elapsed training time:2.63s
[BlogFeedback] Starting validation...
[BlogFeedback] Elapsed validation time:0.17s
[BlogFeedback] [Epoch=031] Train Loss=[QuantLoss=0.08841]Val loss = [QuantLoss=0.02752][QuantReg:0.61876]
[BlogFeedback] Starting epoch 32...
[BlogFeedback] Elapsed training time:2.63s
[BlogFeedback] Starting validation...
[BlogFeedback] Elapsed validation time:0.25s
[BlogFeedback] [Epoch=032] Train Loss=[QuantLoss=0.08283]Val loss = [QuantLoss=0.03506][QuantReg:0.63384]
[BlogFeedback] Starting epoch 33...
[BlogFeedback] Elapsed training time:2.58s
[BlogFeedback] Starting validation...
[BlogFeedback] Elapsed validation time:0.17s
[BlogFeedback] [Epoch=033] Train Loss=[QuantLoss=0.08155]Val loss = [QuantLoss=0.03912][QuantReg:0.61786]
[BlogFeedback] Starting epoch 34...
[BlogFeedback] Elapsed training time:2.55s
[BlogFeedback] Starting validation...
[BlogFeedback] Elapsed validation time:0.28s
[BlogFeedback] [Epoch=034] Train Loss=[QuantLoss=0.08040]Val loss = [QuantLoss=0.03247][QuantReg:0.63046]
[BlogFeedback] Starting epoch 35...
[BlogFeedback] Elapsed training time:2.65s
[BlogFeedback] Starting validation...
[BlogFeedback] Elapsed validation time:0.26s
[BlogFeedback] [Epoch=035] Train Loss=[QuantLoss=0.07222]Val loss = [QuantLoss=0.03891][QuantReg:0.60821]
[BlogFeedback] Starting epoch 36...
[BlogFeedback] Elapsed training time:2.61s
[BlogFeedback] Starting validation...
[BlogFeedback] Elapsed validation time:0.26s
[BlogFeedback] [Epoch=036] Train Loss=[QuantLoss=0.08164]Val loss = [QuantLoss=0.02865][QuantReg:0.64469]
[BlogFeedback] Starting epoch 37...
[BlogFeedback] Elapsed training time:2.65s
[BlogFeedback] Starting validation...
[BlogFeedback] Elapsed validation time:0.25s
[BlogFeedback] [Epoch=037] Train Loss=[QuantLoss=0.07020]Val loss = [QuantLoss=0.03919][QuantReg:0.60018]
[BlogFeedback] Starting epoch 38...
[BlogFeedback] Elapsed training time:2.62s
[BlogFeedback] Starting validation...
[BlogFeedback] Elapsed validation time:0.25s
[BlogFeedback] [Epoch=038] Train Loss=[QuantLoss=0.08078]Val loss = [QuantLoss=0.03231][QuantReg:0.63023]
[BlogFeedback] Starting epoch 39...
[BlogFeedback] Elapsed training time:2.58s
[BlogFeedback] Starting validation...
[BlogFeedback] Elapsed validation time:0.25s
[BlogFeedback] [Epoch=039] Train Loss=[QuantLoss=0.08365]Val loss = [QuantLoss=0.03258][QuantReg:0.65212]
[BlogFeedback] Starting epoch 40...
[BlogFeedback] Elapsed training time:2.64s
[BlogFeedback] Starting validation...
[BlogFeedback] Elapsed validation time:0.25s
[BlogFeedback] [Epoch=040] Train Loss=[QuantLoss=0.07828]Val loss = [QuantLoss=0.03799][QuantReg:0.61548]
[BlogFeedback] Starting epoch 41...
[BlogFeedback] Elapsed training time:2.59s
[BlogFeedback] Starting validation...
[BlogFeedback] Elapsed validation time:0.25s
[BlogFeedback] [Epoch=041] Train Loss=[QuantLoss=0.07704]Val loss = [QuantLoss=0.03600][QuantReg:0.62841]
[BlogFeedback] Starting epoch 42...
[BlogFeedback] Elapsed training time:2.68s
[BlogFeedback] Starting validation...
[BlogFeedback] Elapsed validation time:0.26s
[BlogFeedback] [Epoch=042] Train Loss=[QuantLoss=0.07604]Val loss = [QuantLoss=0.04302][QuantReg:0.62975]
[BlogFeedback] Starting epoch 43...
[BlogFeedback] Elapsed training time:2.64s
[BlogFeedback] Starting validation...
[BlogFeedback] Elapsed validation time:0.25s
[BlogFeedback] [Epoch=043] Train Loss=[QuantLoss=0.07904]Val loss = [QuantLoss=0.03946][QuantReg:0.63121]
[BlogFeedback] Starting epoch 44...
[BlogFeedback] Elapsed training time:2.61s
[BlogFeedback] Starting validation...
[BlogFeedback] Elapsed validation time:0.24s
[BlogFeedback] [Epoch=044] Train Loss=[QuantLoss=0.07845]Val loss = [QuantLoss=0.03844][QuantReg:0.59703]
[BlogFeedback] Starting epoch 45...
[BlogFeedback] Elapsed training time:2.67s
[BlogFeedback] Starting validation...
[BlogFeedback] Elapsed validation time:0.27s
[BlogFeedback] [Epoch=045] Train Loss=[QuantLoss=0.07937]Val loss = [QuantLoss=0.04671][QuantReg:0.60702]
[BlogFeedback] Starting epoch 46...
[BlogFeedback] Elapsed training time:2.66s
[BlogFeedback] Starting validation...
[BlogFeedback] Elapsed validation time:0.26s
[BlogFeedback] [Epoch=046] Train Loss=[QuantLoss=0.07915]Val loss = [QuantLoss=0.03782][QuantReg:0.60742]
[BlogFeedback] Starting epoch 47...
[BlogFeedback] Elapsed training time:2.72s
[BlogFeedback] Starting validation...
[BlogFeedback] Elapsed validation time:0.25s
[BlogFeedback] [Epoch=047] Train Loss=[QuantLoss=0.07678]Val loss = [QuantLoss=0.03919][QuantReg:0.62138]
[BlogFeedback] Starting epoch 48...
[BlogFeedback] Elapsed training time:2.61s
[BlogFeedback] Starting validation...
[BlogFeedback] Elapsed validation time:0.26s
[BlogFeedback] [Epoch=048] Train Loss=[QuantLoss=0.07889]Val loss = [QuantLoss=0.04616][QuantReg:0.62029]
[BlogFeedback] Starting epoch 49...
[BlogFeedback] Elapsed training time:2.63s
[BlogFeedback] Starting validation...
[BlogFeedback] Elapsed validation time:0.25s
[BlogFeedback] [Epoch=049] Train Loss=[QuantLoss=0.07744]Val loss = [QuantLoss=0.04225][QuantReg:0.61642]
[BlogFeedback] Starting epoch 50...
[BlogFeedback] Elapsed training time:2.67s
[BlogFeedback] Starting validation...
[BlogFeedback] Elapsed validation time:0.26s
[BlogFeedback] [Epoch=050] Train Loss=[QuantLoss=0.07941]Val loss = [QuantLoss=0.03874][QuantReg:0.62856]
[BlogFeedback] Starting epoch 51...
[BlogFeedback] Elapsed training time:2.60s
[BlogFeedback] Starting validation...
[BlogFeedback] Elapsed validation time:0.25s
[BlogFeedback] [Epoch=051] Train Loss=[QuantLoss=0.07523]Val loss = [QuantLoss=0.03942][QuantReg:0.60408]
[BlogFeedback] Starting epoch 52...
[BlogFeedback] Elapsed training time:2.62s
[BlogFeedback] Starting validation...
[BlogFeedback] Elapsed validation time:0.26s
[BlogFeedback] [Epoch=052] Train Loss=[QuantLoss=0.07502]Val loss = [QuantLoss=0.03716][QuantReg:0.61832]
[BlogFeedback] Starting epoch 53...
[BlogFeedback] Elapsed training time:2.60s
[BlogFeedback] Starting validation...
[BlogFeedback] Elapsed validation time:0.25s
[BlogFeedback] [Epoch=053] Train Loss=[QuantLoss=0.08044]Val loss = [QuantLoss=0.04088][QuantReg:0.60587]
[BlogFeedback] Starting epoch 54...
[BlogFeedback] Elapsed training time:2.70s
[BlogFeedback] Starting validation...
[BlogFeedback] Elapsed validation time:0.26s
[BlogFeedback] [Epoch=054] Train Loss=[QuantLoss=0.07488]Val loss = [QuantLoss=0.03739][QuantReg:0.62321]
[BlogFeedback] Starting epoch 55...
[BlogFeedback] Elapsed training time:2.66s
[BlogFeedback] Starting validation...
[BlogFeedback] Elapsed validation time:0.27s
[BlogFeedback] [Epoch=055] Train Loss=[QuantLoss=0.07731]Val loss = [QuantLoss=0.03763][QuantReg:0.61537]
[BlogFeedback] Starting epoch 56...
[BlogFeedback] Elapsed training time:2.66s
[BlogFeedback] Starting validation...
[BlogFeedback] Elapsed validation time:0.25s
[BlogFeedback] [Epoch=056] Train Loss=[QuantLoss=0.07454]Val loss = [QuantLoss=0.03595][QuantReg:0.61787]
[BlogFeedback] Starting epoch 57...
[BlogFeedback] Elapsed training time:2.61s
[BlogFeedback] Starting validation...
[BlogFeedback] Elapsed validation time:0.25s
[BlogFeedback] [Epoch=057] Train Loss=[QuantLoss=0.07255]Val loss = [QuantLoss=0.03782][QuantReg:0.61864]
[BlogFeedback] Starting epoch 58...
[BlogFeedback] Elapsed training time:2.64s
[BlogFeedback] Starting validation...
[BlogFeedback] Elapsed validation time:0.26s
[BlogFeedback] [Epoch=058] Train Loss=[QuantLoss=0.07533]Val loss = [QuantLoss=0.04618][QuantReg:0.61270]
[BlogFeedback] Starting epoch 59...
[BlogFeedback] Elapsed training time:2.65s
[BlogFeedback] Starting validation...
[BlogFeedback] Elapsed validation time:0.26s
[BlogFeedback] [Epoch=059] Train Loss=[QuantLoss=0.07906]Val loss = [QuantLoss=0.02710][QuantReg:0.60659]
[BlogFeedback] Starting epoch 60...
[BlogFeedback] Elapsed training time:2.63s
[BlogFeedback] Starting validation...
[BlogFeedback] Elapsed validation time:0.25s
[BlogFeedback] [Epoch=060] Train Loss=[QuantLoss=0.07003]Val loss = [QuantLoss=0.02727][QuantReg:0.60471]
[BlogFeedback] Starting epoch 61...
[BlogFeedback] Elapsed training time:2.69s
[BlogFeedback] Starting validation...
[BlogFeedback] Elapsed validation time:0.17s
[BlogFeedback] [Epoch=061] Train Loss=[QuantLoss=0.07146]Val loss = [QuantLoss=0.02898][QuantReg:0.61999]
[BlogFeedback] Starting epoch 62...
[BlogFeedback] Elapsed training time:2.62s
[BlogFeedback] Starting validation...
[BlogFeedback] Elapsed validation time:0.16s
[BlogFeedback] [Epoch=062] Train Loss=[QuantLoss=0.06975]Val loss = [QuantLoss=0.03110][QuantReg:0.58198]
[BlogFeedback] Starting epoch 63...
[BlogFeedback] Elapsed training time:2.73s
[BlogFeedback] Starting validation...
[BlogFeedback] Elapsed validation time:0.19s
[BlogFeedback] [Epoch=063] Train Loss=[QuantLoss=0.06787]Val loss = [QuantLoss=0.02992][QuantReg:0.61817]
[BlogFeedback] Starting epoch 64...
[BlogFeedback] Elapsed training time:2.66s
[BlogFeedback] Starting validation...
[BlogFeedback] Elapsed validation time:0.16s
[BlogFeedback] [Epoch=064] Train Loss=[QuantLoss=0.07194]Val loss = [QuantLoss=0.03120][QuantReg:0.61518]
[BlogFeedback] Starting epoch 65...
[BlogFeedback] Elapsed training time:2.66s
[BlogFeedback] Starting validation...
[BlogFeedback] Elapsed validation time:0.18s
[BlogFeedback] [Epoch=065] Train Loss=[QuantLoss=0.06720]Val loss = [QuantLoss=0.03178][QuantReg:0.61346]
[BlogFeedback] Starting epoch 66...
[BlogFeedback] Elapsed training time:2.63s
[BlogFeedback] Starting validation...
[BlogFeedback] Elapsed validation time:0.18s
[BlogFeedback] [Epoch=066] Train Loss=[QuantLoss=0.06860]Val loss = [QuantLoss=0.03028][QuantReg:0.61379]
[BlogFeedback] Starting epoch 67...
[BlogFeedback] Elapsed training time:2.63s
[BlogFeedback] Starting validation...
[BlogFeedback] Elapsed validation time:0.17s
[BlogFeedback] [Epoch=067] Train Loss=[QuantLoss=0.06882]Val loss = [QuantLoss=0.02882][QuantReg:0.61133]
[BlogFeedback] Starting epoch 68...
[BlogFeedback] Elapsed training time:2.65s
[BlogFeedback] Starting validation...
[BlogFeedback] Elapsed validation time:0.19s
[BlogFeedback] [Epoch=068] Train Loss=[QuantLoss=0.06790]Val loss = [QuantLoss=0.02763][QuantReg:0.61981]
[BlogFeedback] Starting epoch 69...
[BlogFeedback] Elapsed training time:2.62s
[BlogFeedback] Starting validation...
[BlogFeedback] Elapsed validation time:0.16s
[BlogFeedback] [Epoch=069] Train Loss=[QuantLoss=0.06712]Val loss = [QuantLoss=0.03065][QuantReg:0.60470]
[BlogFeedback] Starting epoch 70...
[BlogFeedback] Elapsed training time:2.59s
[BlogFeedback] Starting validation...
[BlogFeedback] Elapsed validation time:0.16s
[BlogFeedback] [Epoch=070] Train Loss=[QuantLoss=0.06843]Val loss = [QuantLoss=0.02755][QuantReg:0.62796]
[BlogFeedback] Starting epoch 71...
[BlogFeedback] Elapsed training time:2.61s
[BlogFeedback] Starting validation...
[BlogFeedback] Elapsed validation time:0.17s
[BlogFeedback] [Epoch=071] Train Loss=[QuantLoss=0.06686]Val loss = [QuantLoss=0.02793][QuantReg:0.62420]
[BlogFeedback] Starting epoch 72...
[BlogFeedback] Elapsed training time:2.65s
[BlogFeedback] Starting validation...
[BlogFeedback] Elapsed validation time:0.16s
[BlogFeedback] [Epoch=072] Train Loss=[QuantLoss=0.06628]Val loss = [QuantLoss=0.02971][QuantReg:0.60746]
[BlogFeedback] Starting epoch 73...
[BlogFeedback] Elapsed training time:2.61s
[BlogFeedback] Starting validation...
[BlogFeedback] Elapsed validation time:0.17s
[BlogFeedback] [Epoch=073] Train Loss=[QuantLoss=0.06592]Val loss = [QuantLoss=0.02945][QuantReg:0.61782]
[BlogFeedback] Starting epoch 74...
[BlogFeedback] Elapsed training time:2.69s
[BlogFeedback] Starting validation...
[BlogFeedback] Elapsed validation time:0.19s
[BlogFeedback] [Epoch=074] Train Loss=[QuantLoss=0.06469]Val loss = [QuantLoss=0.02732][QuantReg:0.62476]
[BlogFeedback] Starting epoch 75...
[BlogFeedback] Elapsed training time:2.67s
[BlogFeedback] Starting validation...
[BlogFeedback] Elapsed validation time:0.17s
[BlogFeedback] [Epoch=075] Train Loss=[QuantLoss=0.06485]Val loss = [QuantLoss=0.03004][QuantReg:0.61994]
[BlogFeedback] Starting epoch 76...
[BlogFeedback] Elapsed training time:2.67s
[BlogFeedback] Starting validation...
[BlogFeedback] Elapsed validation time:0.19s
[BlogFeedback] [Epoch=076] Train Loss=[QuantLoss=0.06736]Val loss = [QuantLoss=0.02867][QuantReg:0.62140]
[BlogFeedback] Starting epoch 77...
[BlogFeedback] Elapsed training time:2.65s
[BlogFeedback] Starting validation...
[BlogFeedback] Elapsed validation time:0.18s
[BlogFeedback] [Epoch=077] Train Loss=[QuantLoss=0.06441]Val loss = [QuantLoss=0.03089][QuantReg:0.62429]
[BlogFeedback] Starting epoch 78...
[BlogFeedback] Elapsed training time:2.62s
[BlogFeedback] Starting validation...
[BlogFeedback] Elapsed validation time:0.17s
[BlogFeedback] [Epoch=078] Train Loss=[QuantLoss=0.06465]Val loss = [QuantLoss=0.02744][QuantReg:0.61300]
[BlogFeedback] Starting epoch 79...
[BlogFeedback] Elapsed training time:2.65s
[BlogFeedback] Starting validation...
[BlogFeedback] Elapsed validation time:0.18s
[BlogFeedback] [Epoch=079] Train Loss=[QuantLoss=0.06407]Val loss = [QuantLoss=0.03054][QuantReg:0.61835]
[BlogFeedback] Starting epoch 80...
[BlogFeedback] Elapsed training time:2.64s
[BlogFeedback] Starting validation...
[BlogFeedback] Elapsed validation time:0.17s
[BlogFeedback] [Epoch=080] Train Loss=[QuantLoss=0.06201]Val loss = [QuantLoss=0.02909][QuantReg:0.60002]
[BlogFeedback] Starting epoch 81...
[BlogFeedback] Elapsed training time:2.63s
[BlogFeedback] Starting validation...
[BlogFeedback] Elapsed validation time:0.17s
[BlogFeedback] [Epoch=081] Train Loss=[QuantLoss=0.06102]Val loss = [QuantLoss=0.02845][QuantReg:0.60951]
[BlogFeedback] Starting epoch 82...
[BlogFeedback] Elapsed training time:2.67s
[BlogFeedback] Starting validation...
[BlogFeedback] Elapsed validation time:0.16s
[BlogFeedback] [Epoch=082] Train Loss=[QuantLoss=0.06095]Val loss = [QuantLoss=0.02996][QuantReg:0.59311]
[BlogFeedback] Starting epoch 83...
[BlogFeedback] Elapsed training time:2.66s
[BlogFeedback] Starting validation...
[BlogFeedback] Elapsed validation time:0.17s
[BlogFeedback] [Epoch=083] Train Loss=[QuantLoss=0.06134]Val loss = [QuantLoss=0.02968][QuantReg:0.61388]
[BlogFeedback] Starting epoch 84...
[BlogFeedback] Elapsed training time:2.53s
[BlogFeedback] Starting validation...
[BlogFeedback] Elapsed validation time:0.16s
[BlogFeedback] [Epoch=084] Train Loss=[QuantLoss=0.06122]Val loss = [QuantLoss=0.02606][QuantReg:0.62481][saved best model in this epoch]
[BlogFeedback] Starting epoch 85...
[BlogFeedback] Elapsed training time:2.66s
[BlogFeedback] Starting validation...
[BlogFeedback] Elapsed validation time:0.17s
[BlogFeedback] [Epoch=085] Train Loss=[QuantLoss=0.06300]Val loss = [QuantLoss=0.03047][QuantReg:0.60472]
[BlogFeedback] Starting epoch 86...
[BlogFeedback] Elapsed training time:2.62s
[BlogFeedback] Starting validation...
[BlogFeedback] Elapsed validation time:0.17s
[BlogFeedback] [Epoch=086] Train Loss=[QuantLoss=0.06259]Val loss = [QuantLoss=0.02881][QuantReg:0.62491]
[BlogFeedback] Starting epoch 87...
[BlogFeedback] Elapsed training time:2.68s
[BlogFeedback] Starting validation...
[BlogFeedback] Elapsed validation time:0.27s
[BlogFeedback] [Epoch=087] Train Loss=[QuantLoss=0.06045]Val loss = [QuantLoss=0.03034][QuantReg:0.60210]
[BlogFeedback] Starting epoch 88...
[BlogFeedback] Elapsed training time:2.62s
[BlogFeedback] Starting validation...
[BlogFeedback] Elapsed validation time:0.17s
[BlogFeedback] [Epoch=088] Train Loss=[QuantLoss=0.06128]Val loss = [QuantLoss=0.03178][QuantReg:0.62350]
[BlogFeedback] Starting epoch 89...
[BlogFeedback] Elapsed training time:2.63s
[BlogFeedback] Starting validation...
[BlogFeedback] Elapsed validation time:0.26s
[BlogFeedback] [Epoch=089] Train Loss=[QuantLoss=0.06246]Val loss = [QuantLoss=0.03409][QuantReg:0.61023]
[BlogFeedback] Starting epoch 90...
[BlogFeedback] Elapsed training time:2.61s
[BlogFeedback] Starting validation...
[BlogFeedback] Elapsed validation time:0.25s
[BlogFeedback] [Epoch=090] Train Loss=[QuantLoss=0.05912]Val loss = [QuantLoss=0.03017][QuantReg:0.62036]
[BlogFeedback] Starting epoch 91...
[BlogFeedback] Elapsed training time:2.65s
[BlogFeedback] Starting validation...
[BlogFeedback] Elapsed validation time:0.27s
[BlogFeedback] [Epoch=091] Train Loss=[QuantLoss=0.05943]Val loss = [QuantLoss=0.02967][QuantReg:0.61213]
[BlogFeedback] Starting epoch 92...
[BlogFeedback] Elapsed training time:2.60s
[BlogFeedback] Starting validation...
[BlogFeedback] Elapsed validation time:0.27s
[BlogFeedback] [Epoch=092] Train Loss=[QuantLoss=0.06006]Val loss = [QuantLoss=0.03192][QuantReg:0.61151]
[BlogFeedback] Starting epoch 93...
[BlogFeedback] Elapsed training time:2.68s
[BlogFeedback] Starting validation...
[BlogFeedback] Elapsed validation time:0.25s
[BlogFeedback] [Epoch=093] Train Loss=[QuantLoss=0.06017]Val loss = [QuantLoss=0.02989][QuantReg:0.64992]
[BlogFeedback] Starting epoch 94...
[BlogFeedback] Elapsed training time:2.64s
[BlogFeedback] Starting validation...
[BlogFeedback] Elapsed validation time:0.26s
[BlogFeedback] [Epoch=094] Train Loss=[QuantLoss=0.06342]Val loss = [QuantLoss=0.03225][QuantReg:0.62448]
[BlogFeedback] Starting epoch 95...
[BlogFeedback] Elapsed training time:2.66s
[BlogFeedback] Starting validation...
[BlogFeedback] Elapsed validation time:0.26s
[BlogFeedback] [Epoch=095] Train Loss=[QuantLoss=0.05956]Val loss = [QuantLoss=0.03000][QuantReg:0.63552]
[BlogFeedback] Starting epoch 96...
[BlogFeedback] Elapsed training time:2.61s
[BlogFeedback] Starting validation...
[BlogFeedback] Elapsed validation time:0.26s
[BlogFeedback] [Epoch=096] Train Loss=[QuantLoss=0.05775]Val loss = [QuantLoss=0.03009][QuantReg:0.62847]
[BlogFeedback] Starting epoch 97...
[BlogFeedback] Elapsed training time:2.59s
[BlogFeedback] Starting validation...
[BlogFeedback] Elapsed validation time:0.26s
[BlogFeedback] [Epoch=097] Train Loss=[QuantLoss=0.06138]Val loss = [QuantLoss=0.03167][QuantReg:0.59855]
[BlogFeedback] Starting epoch 98...
[BlogFeedback] Elapsed training time:2.71s
[BlogFeedback] Starting validation...
[BlogFeedback] Elapsed validation time:0.25s
[BlogFeedback] [Epoch=098] Train Loss=[QuantLoss=0.06068]Val loss = [QuantLoss=0.03151][QuantReg:0.62264]
[BlogFeedback] Starting epoch 99...
[BlogFeedback] Elapsed training time:2.70s
[BlogFeedback] Starting validation...
[BlogFeedback] Elapsed validation time:0.25s
[BlogFeedback] [Epoch=099] Train Loss=[QuantLoss=0.05979]Val loss = [QuantLoss=0.03040][QuantReg:0.61376]
[BlogFeedback] Starting epoch 100...
[BlogFeedback] Elapsed training time:2.67s
[BlogFeedback] Starting validation...
[BlogFeedback] Elapsed validation time:0.26s
[BlogFeedback] [Epoch=100] Train Loss=[QuantLoss=0.05940]Val loss = [QuantLoss=0.03026][QuantReg:0.62415]
[BlogFeedback] Starting epoch 101...
[BlogFeedback] Elapsed training time:2.66s
[BlogFeedback] Starting validation...
[BlogFeedback] Elapsed validation time:0.25s
[BlogFeedback] [Epoch=101] Train Loss=[QuantLoss=0.05947]Val loss = [QuantLoss=0.02865][QuantReg:0.61346]
[BlogFeedback] Starting epoch 102...
[BlogFeedback] Elapsed training time:2.69s
[BlogFeedback] Starting validation...
[BlogFeedback] Elapsed validation time:0.26s
[BlogFeedback] [Epoch=102] Train Loss=[QuantLoss=0.06015]Val loss = [QuantLoss=0.02903][QuantReg:0.60489]
[BlogFeedback] Starting epoch 103...
[BlogFeedback] Elapsed training time:2.60s
[BlogFeedback] Starting validation...
[BlogFeedback] Elapsed validation time:0.26s
[BlogFeedback] [Epoch=103] Train Loss=[QuantLoss=0.05930]Val loss = [QuantLoss=0.03321][QuantReg:0.61894]
[BlogFeedback] Starting epoch 104...
[BlogFeedback] Elapsed training time:2.66s
[BlogFeedback] Starting validation...
[BlogFeedback] Elapsed validation time:0.26s
[BlogFeedback] [Epoch=104] Train Loss=[QuantLoss=0.05885]Val loss = [QuantLoss=0.03099][QuantReg:0.63057]
[BlogFeedback] Starting epoch 105...
[BlogFeedback] Elapsed training time:2.64s
[BlogFeedback] Starting validation...
[BlogFeedback] Elapsed validation time:0.24s
[BlogFeedback] [Epoch=105] Train Loss=[QuantLoss=0.05979]Val loss = [QuantLoss=0.03268][QuantReg:0.62723]
[BlogFeedback] Starting epoch 106...
[BlogFeedback] Elapsed training time:2.61s
[BlogFeedback] Starting validation...
[BlogFeedback] Elapsed validation time:0.26s
[BlogFeedback] [Epoch=106] Train Loss=[QuantLoss=0.05931]Val loss = [QuantLoss=0.03703][QuantReg:0.61417]
[BlogFeedback] Starting epoch 107...
[BlogFeedback] Elapsed training time:2.69s
[BlogFeedback] Starting validation...
[BlogFeedback] Elapsed validation time:0.26s
[BlogFeedback] [Epoch=107] Train Loss=[QuantLoss=0.05796]Val loss = [QuantLoss=0.03296][QuantReg:0.60460]
[BlogFeedback] Starting epoch 108...
[BlogFeedback] Elapsed training time:2.65s
[BlogFeedback] Starting validation...
[BlogFeedback] Elapsed validation time:0.27s
[BlogFeedback] [Epoch=108] Train Loss=[QuantLoss=0.05858]Val loss = [QuantLoss=0.03630][QuantReg:0.61072]
[BlogFeedback] Starting epoch 109...
[BlogFeedback] Elapsed training time:2.65s
[BlogFeedback] Starting validation...
[BlogFeedback] Elapsed validation time:0.25s
[BlogFeedback] [Epoch=109] Train Loss=[QuantLoss=0.05765]Val loss = [QuantLoss=0.03277][QuantReg:0.60867]
[BlogFeedback] Starting epoch 110...
[BlogFeedback] Elapsed training time:2.67s
[BlogFeedback] Starting validation...
[BlogFeedback] Elapsed validation time:0.26s
[BlogFeedback] [Epoch=110] Train Loss=[QuantLoss=0.05761]Val loss = [QuantLoss=0.02865][QuantReg:0.59922]
[BlogFeedback] Starting epoch 111...
[BlogFeedback] Elapsed training time:2.66s
[BlogFeedback] Starting validation...
[BlogFeedback] Elapsed validation time:0.25s
[BlogFeedback] [Epoch=111] Train Loss=[QuantLoss=0.05930]Val loss = [QuantLoss=0.03271][QuantReg:0.60141]
[BlogFeedback] Starting epoch 112...
[BlogFeedback] Elapsed training time:2.70s
[BlogFeedback] Starting validation...
[BlogFeedback] Elapsed validation time:0.26s
[BlogFeedback] [Epoch=112] Train Loss=[QuantLoss=0.05822]Val loss = [QuantLoss=0.03253][QuantReg:0.61134]
[BlogFeedback] Starting epoch 113...
[BlogFeedback] Elapsed training time:2.78s
[BlogFeedback] Starting validation...
[BlogFeedback] Elapsed validation time:0.17s
[BlogFeedback] [Epoch=113] Train Loss=[QuantLoss=0.05674]Val loss = [QuantLoss=0.03334][QuantReg:0.59074]
[BlogFeedback] Starting epoch 114...
[BlogFeedback] Elapsed training time:2.59s
[BlogFeedback] Starting validation...
[BlogFeedback] Elapsed validation time:0.18s
[BlogFeedback] [Epoch=114] Train Loss=[QuantLoss=0.05692]Val loss = [QuantLoss=0.03214][QuantReg:0.60292]
[BlogFeedback] Starting epoch 115...
[BlogFeedback] Elapsed training time:2.56s
[BlogFeedback] Starting validation...
[BlogFeedback] Elapsed validation time:0.16s
[BlogFeedback] [Epoch=115] Train Loss=[QuantLoss=0.05650]Val loss = [QuantLoss=0.03383][QuantReg:0.59848]
[BlogFeedback] Starting epoch 116...
[BlogFeedback] Elapsed training time:2.62s
[BlogFeedback] Starting validation...
[BlogFeedback] Elapsed validation time:0.18s
[BlogFeedback] [Epoch=116] Train Loss=[QuantLoss=0.05550]Val loss = [QuantLoss=0.03320][QuantReg:0.63555]
[BlogFeedback] Starting epoch 117...
[BlogFeedback] Elapsed training time:2.68s
[BlogFeedback] Starting validation...
[BlogFeedback] Elapsed validation time:0.17s
[BlogFeedback] [Epoch=117] Train Loss=[QuantLoss=0.05721]Val loss = [QuantLoss=0.03168][QuantReg:0.61093]
[BlogFeedback] Starting epoch 118...
[BlogFeedback] Elapsed training time:2.64s
[BlogFeedback] Starting validation...
[BlogFeedback] Elapsed validation time:0.16s
[BlogFeedback] [Epoch=118] Train Loss=[QuantLoss=0.05742]Val loss = [QuantLoss=0.03370][QuantReg:0.63405]
[BlogFeedback] Starting epoch 119...
[BlogFeedback] Elapsed training time:2.69s
[BlogFeedback] Starting validation...
[BlogFeedback] Elapsed validation time:0.17s
[BlogFeedback] [Epoch=119] Train Loss=[QuantLoss=0.05640]Val loss = [QuantLoss=0.03222][QuantReg:0.61477]
[BlogFeedback] Starting epoch 120...
[BlogFeedback] Elapsed training time:2.64s
[BlogFeedback] Starting validation...
[BlogFeedback] Elapsed validation time:0.17s
[BlogFeedback] [Epoch=120] Train Loss=[QuantLoss=0.05570]Val loss = [QuantLoss=0.03052][QuantReg:0.62217]
[BlogFeedback] Starting epoch 121...
[BlogFeedback] Elapsed training time:2.68s
[BlogFeedback] Starting validation...
[BlogFeedback] Elapsed validation time:0.18s
[BlogFeedback] [Epoch=121] Train Loss=[QuantLoss=0.05677]Val loss = [QuantLoss=0.03594][QuantReg:0.61629]
[BlogFeedback] Starting epoch 122...
[BlogFeedback] Elapsed training time:2.64s
[BlogFeedback] Starting validation...
[BlogFeedback] Elapsed validation time:0.18s
[BlogFeedback] [Epoch=122] Train Loss=[QuantLoss=0.05767]Val loss = [QuantLoss=0.03713][QuantReg:0.61010]
[BlogFeedback] Starting epoch 123...
[BlogFeedback] Elapsed training time:2.66s
[BlogFeedback] Starting validation...
[BlogFeedback] Elapsed validation time:0.18s
[BlogFeedback] [Epoch=123] Train Loss=[QuantLoss=0.05622]Val loss = [QuantLoss=0.03318][QuantReg:0.61154]
[BlogFeedback] Starting epoch 124...
[BlogFeedback] Elapsed training time:2.57s
[BlogFeedback] Starting validation...
[BlogFeedback] Elapsed validation time:0.17s
[BlogFeedback] [Epoch=124] Train Loss=[QuantLoss=0.05908]Val loss = [QuantLoss=0.03360][QuantReg:0.63820]
[BlogFeedback] Starting epoch 125...
[BlogFeedback] Elapsed training time:2.71s
[BlogFeedback] Starting validation...
[BlogFeedback] Elapsed validation time:0.18s
[BlogFeedback] [Epoch=125] Train Loss=[QuantLoss=0.05634]Val loss = [QuantLoss=0.03138][QuantReg:0.61962]
[BlogFeedback] Starting epoch 126...
[BlogFeedback] Elapsed training time:2.67s
[BlogFeedback] Starting validation...
[BlogFeedback] Elapsed validation time:0.17s
[BlogFeedback] [Epoch=126] Train Loss=[QuantLoss=0.05535]Val loss = [QuantLoss=0.03230][QuantReg:0.59358]
[BlogFeedback] Starting epoch 127...
[BlogFeedback] Elapsed training time:2.64s
[BlogFeedback] Starting validation...
[BlogFeedback] Elapsed validation time:0.16s
[BlogFeedback] [Epoch=127] Train Loss=[QuantLoss=0.05667]Val loss = [QuantLoss=0.03253][QuantReg:0.61715]
[BlogFeedback] Starting epoch 128...
[BlogFeedback] Elapsed training time:2.61s
[BlogFeedback] Starting validation...
[BlogFeedback] Elapsed validation time:0.17s
[BlogFeedback] [Epoch=128] Train Loss=[QuantLoss=0.05625]Val loss = [QuantLoss=0.03117][QuantReg:0.62337]
[BlogFeedback] Starting epoch 129...
[BlogFeedback] Elapsed training time:2.64s
[BlogFeedback] Starting validation...
[BlogFeedback] Elapsed validation time:0.17s
[BlogFeedback] [Epoch=129] Train Loss=[QuantLoss=0.05684]Val loss = [QuantLoss=0.03793][QuantReg:0.60017]
[BlogFeedback] Starting epoch 130...
[BlogFeedback] Elapsed training time:2.64s
[BlogFeedback] Starting validation...
[BlogFeedback] Elapsed validation time:0.18s
[BlogFeedback] [Epoch=130] Train Loss=[QuantLoss=0.05725]Val loss = [QuantLoss=0.03406][QuantReg:0.61187]
[BlogFeedback] Starting epoch 131...
[BlogFeedback] Elapsed training time:2.64s
[BlogFeedback] Starting validation...
[BlogFeedback] Elapsed validation time:0.18s
[BlogFeedback] [Epoch=131] Train Loss=[QuantLoss=0.05466]Val loss = [QuantLoss=0.03211][QuantReg:0.62315]
[BlogFeedback] Starting epoch 132...
[BlogFeedback] Elapsed training time:2.63s
[BlogFeedback] Starting validation...
[BlogFeedback] Elapsed validation time:0.17s
[BlogFeedback] [Epoch=132] Train Loss=[QuantLoss=0.05498]Val loss = [QuantLoss=0.03285][QuantReg:0.61761]
[BlogFeedback] Starting epoch 133...
[BlogFeedback] Elapsed training time:2.56s
[BlogFeedback] Starting validation...
[BlogFeedback] Elapsed validation time:0.16s
[BlogFeedback] [Epoch=133] Train Loss=[QuantLoss=0.05400]Val loss = [QuantLoss=0.03288][QuantReg:0.60494]
[BlogFeedback] Starting epoch 134...
[BlogFeedback] Elapsed training time:2.51s
[BlogFeedback] Starting validation...
[BlogFeedback] Elapsed validation time:0.17s
[BlogFeedback] [Epoch=134] Train Loss=[QuantLoss=0.05415]Val loss = [QuantLoss=0.03456][QuantReg:0.60228]
[BlogFeedback] Starting epoch 135...
[BlogFeedback] Elapsed training time:2.64s
[BlogFeedback] Starting validation...
[BlogFeedback] Elapsed validation time:0.18s
[BlogFeedback] [Epoch=135] Train Loss=[QuantLoss=0.05498]Val loss = [QuantLoss=0.03201][QuantReg:0.60044]
[BlogFeedback] Starting epoch 136...
[BlogFeedback] Elapsed training time:2.72s
[BlogFeedback] Starting validation...
[BlogFeedback] Elapsed validation time:0.20s
[BlogFeedback] [Epoch=136] Train Loss=[QuantLoss=0.05566]Val loss = [QuantLoss=0.03286][QuantReg:0.61775]
[BlogFeedback] Starting epoch 137...
[BlogFeedback] Elapsed training time:2.66s
[BlogFeedback] Starting validation...
[BlogFeedback] Elapsed validation time:0.18s
[BlogFeedback] [Epoch=137] Train Loss=[QuantLoss=0.05566]Val loss = [QuantLoss=0.03303][QuantReg:0.59928]
[BlogFeedback] Starting epoch 138...
[BlogFeedback] Elapsed training time:2.61s
[BlogFeedback] Starting validation...
[BlogFeedback] Elapsed validation time:0.17s
[BlogFeedback] [Epoch=138] Train Loss=[QuantLoss=0.05730]Val loss = [QuantLoss=0.03448][QuantReg:0.62216]
[BlogFeedback] Starting epoch 139...
[BlogFeedback] Elapsed training time:2.53s
[BlogFeedback] Starting validation...
[BlogFeedback] Elapsed validation time:0.16s
[BlogFeedback] [Epoch=139] Train Loss=[QuantLoss=0.05621]Val loss = [QuantLoss=0.03119][QuantReg:0.60555]
[BlogFeedback] Starting epoch 140...
[BlogFeedback] Elapsed training time:2.64s
[BlogFeedback] Starting validation...
[BlogFeedback] Elapsed validation time:0.17s
[BlogFeedback] [Epoch=140] Train Loss=[QuantLoss=0.05686]Val loss = [QuantLoss=0.03237][QuantReg:0.60358]
[BlogFeedback] Starting epoch 141...
[BlogFeedback] Elapsed training time:2.64s
[BlogFeedback] Starting validation...
[BlogFeedback] Elapsed validation time:0.26s
[BlogFeedback] [Epoch=141] Train Loss=[QuantLoss=0.05466]Val loss = [QuantLoss=0.03010][QuantReg:0.62231]
[BlogFeedback] Starting epoch 142...
[BlogFeedback] Elapsed training time:2.61s
[BlogFeedback] Starting validation...
[BlogFeedback] Elapsed validation time:0.26s
[BlogFeedback] [Epoch=142] Train Loss=[QuantLoss=0.05553]Val loss = [QuantLoss=0.03616][QuantReg:0.60369]
[BlogFeedback] Starting epoch 143...
[BlogFeedback] Elapsed training time:2.70s
[BlogFeedback] Starting validation...
[BlogFeedback] Elapsed validation time:0.26s
[BlogFeedback] [Epoch=143] Train Loss=[QuantLoss=0.05473]Val loss = [QuantLoss=0.03265][QuantReg:0.58308]
[BlogFeedback] Starting epoch 144...
[BlogFeedback] Elapsed training time:2.64s
[BlogFeedback] Starting validation...
[BlogFeedback] Elapsed validation time:0.26s
[BlogFeedback] [Epoch=144] Train Loss=[QuantLoss=0.05405]Val loss = [QuantLoss=0.03370][QuantReg:0.62384]
[BlogFeedback] Starting epoch 145...
[BlogFeedback] Elapsed training time:2.63s
[BlogFeedback] Starting validation...
[BlogFeedback] Elapsed validation time:0.25s
[BlogFeedback] [Epoch=145] Train Loss=[QuantLoss=0.05677]Val loss = [QuantLoss=0.03340][QuantReg:0.61475]
[BlogFeedback] Starting epoch 146...
[BlogFeedback] Elapsed training time:2.66s
[BlogFeedback] Starting validation...
[BlogFeedback] Elapsed validation time:0.25s
[BlogFeedback] [Epoch=146] Train Loss=[QuantLoss=0.05674]Val loss = [QuantLoss=0.03454][QuantReg:0.62329]
[BlogFeedback] Starting epoch 147...
[BlogFeedback] Elapsed training time:2.63s
[BlogFeedback] Starting validation...
[BlogFeedback] Elapsed validation time:0.26s
[BlogFeedback] [Epoch=147] Train Loss=[QuantLoss=0.05457]Val loss = [QuantLoss=0.03228][QuantReg:0.61300]
[BlogFeedback] Early stopping in epoch 147!
[BlogFeedback] Restoring best model...
MAE médio por bag: 0.0247 ± 0.0196
Resultados salvos em: resultados_blog/resultados_blog_kl_easiest_5.csv
