Dataset: blog
Dificuldade: metric=l1, mode=hardest, top_k=None
Rodada: 1
Salvar resultados em: resultados_blog
Dispositivo de treino: cpu
Baixando e preparando o dataset BlogFeedback...
Dataset BlogFeedback pronto.
Número de features após pré-processamento: 276
Ignoring val_split as train and val datasets where given to fit function
We have two datasets: training 62837 examples. validation 10400 examples.]
Using device cpu
[BlogFeedback] Starting epoch 0...
[BlogFeedback] Elapsed training time:2.67s
[BlogFeedback] Starting validation...
[BlogFeedback] Elapsed validation time:0.25s
[BlogFeedback] [Epoch=000] Train Loss=[QuantLoss=0.08619]Val loss = [QuantLoss=0.16935][QuantReg:0.55510][saved best model in this epoch]
[BlogFeedback] Starting epoch 1...
[BlogFeedback] Elapsed training time:2.67s
[BlogFeedback] Starting validation...
[BlogFeedback] Elapsed validation time:0.25s
[BlogFeedback] [Epoch=001] Train Loss=[QuantLoss=0.09156]Val loss = [QuantLoss=0.18778][QuantReg:0.58605]
[BlogFeedback] Starting epoch 2...
[BlogFeedback] Elapsed training time:2.61s
[BlogFeedback] Starting validation...
[BlogFeedback] Elapsed validation time:0.25s
[BlogFeedback] [Epoch=002] Train Loss=[QuantLoss=0.09536]Val loss = [QuantLoss=0.16457][QuantReg:0.57605][saved best model in this epoch]
[BlogFeedback] Starting epoch 3...
[BlogFeedback] Elapsed training time:2.70s
[BlogFeedback] Starting validation...
[BlogFeedback] Elapsed validation time:0.27s
[BlogFeedback] [Epoch=003] Train Loss=[QuantLoss=0.11023]Val loss = [QuantLoss=0.18230][QuantReg:0.61498]
[BlogFeedback] Starting epoch 4...
[BlogFeedback] Elapsed training time:2.74s
[BlogFeedback] Starting validation...
[BlogFeedback] Elapsed validation time:0.18s
[BlogFeedback] [Epoch=004] Train Loss=[QuantLoss=0.11156]Val loss = [QuantLoss=0.16092][QuantReg:0.61545][saved best model in this epoch]
[BlogFeedback] Starting epoch 5...
[BlogFeedback] Elapsed training time:2.56s
[BlogFeedback] Starting validation...
[BlogFeedback] Elapsed validation time:0.16s
[BlogFeedback] [Epoch=005] Train Loss=[QuantLoss=0.09986]Val loss = [QuantLoss=0.18204][QuantReg:0.64079]
[BlogFeedback] Starting epoch 6...
[BlogFeedback] Elapsed training time:2.63s
[BlogFeedback] Starting validation...
[BlogFeedback] Elapsed validation time:0.17s
[BlogFeedback] [Epoch=006] Train Loss=[QuantLoss=0.09943]Val loss = [QuantLoss=0.12406][QuantReg:0.68060][saved best model in this epoch]
[BlogFeedback] Starting epoch 7...
[BlogFeedback] Elapsed training time:2.62s
[BlogFeedback] Starting validation...
[BlogFeedback] Elapsed validation time:0.17s
[BlogFeedback] [Epoch=007] Train Loss=[QuantLoss=0.08374]Val loss = [QuantLoss=0.17899][QuantReg:0.71666]
[BlogFeedback] Starting epoch 8...
[BlogFeedback] Elapsed training time:2.64s
[BlogFeedback] Starting validation...
[BlogFeedback] Elapsed validation time:0.18s
[BlogFeedback] [Epoch=008] Train Loss=[QuantLoss=0.09345]Val loss = [QuantLoss=0.10870][QuantReg:0.68008][saved best model in this epoch]
[BlogFeedback] Starting epoch 9...
[BlogFeedback] Elapsed training time:2.63s
[BlogFeedback] Starting validation...
[BlogFeedback] Elapsed validation time:0.17s
[BlogFeedback] [Epoch=009] Train Loss=[QuantLoss=0.08730]Val loss = [QuantLoss=0.20991][QuantReg:0.67465]
[BlogFeedback] Starting epoch 10...
[BlogFeedback] Elapsed training time:2.65s
[BlogFeedback] Starting validation...
[BlogFeedback] Elapsed validation time:0.17s
[BlogFeedback] [Epoch=010] Train Loss=[QuantLoss=0.09193]Val loss = [QuantLoss=0.19127][QuantReg:0.64305]
[BlogFeedback] Starting epoch 11...
[BlogFeedback] Elapsed training time:2.65s
[BlogFeedback] Starting validation...
[BlogFeedback] Elapsed validation time:0.17s
[BlogFeedback] [Epoch=011] Train Loss=[QuantLoss=0.09413]Val loss = [QuantLoss=0.20744][QuantReg:0.67048]
[BlogFeedback] Starting epoch 12...
[BlogFeedback] Elapsed training time:2.62s
[BlogFeedback] Starting validation...
[BlogFeedback] Elapsed validation time:0.17s
[BlogFeedback] [Epoch=012] Train Loss=[QuantLoss=0.08701]Val loss = [QuantLoss=0.15952][QuantReg:0.65273]
[BlogFeedback] Starting epoch 13...
[BlogFeedback] Elapsed training time:2.59s
[BlogFeedback] Starting validation...
[BlogFeedback] Elapsed validation time:0.17s
[BlogFeedback] [Epoch=013] Train Loss=[QuantLoss=0.08160]Val loss = [QuantLoss=0.12585][QuantReg:0.63991]
[BlogFeedback] Starting epoch 14...
[BlogFeedback] Elapsed training time:2.64s
[BlogFeedback] Starting validation...
[BlogFeedback] Elapsed validation time:0.16s
[BlogFeedback] [Epoch=014] Train Loss=[QuantLoss=0.07320]Val loss = [QuantLoss=0.12533][QuantReg:0.63600]
[BlogFeedback] Starting epoch 15...
[BlogFeedback] Elapsed training time:2.63s
[BlogFeedback] Starting validation...
[BlogFeedback] Elapsed validation time:0.18s
[BlogFeedback] [Epoch=015] Train Loss=[QuantLoss=0.07569]Val loss = [QuantLoss=0.12620][QuantReg:0.62847]
[BlogFeedback] Starting epoch 16...
[BlogFeedback] Elapsed training time:2.63s
[BlogFeedback] Starting validation...
[BlogFeedback] Elapsed validation time:0.16s
[BlogFeedback] [Epoch=016] Train Loss=[QuantLoss=0.07993]Val loss = [QuantLoss=0.13914][QuantReg:0.61995]
[BlogFeedback] Starting epoch 17...
[BlogFeedback] Elapsed training time:2.62s
[BlogFeedback] Starting validation...
[BlogFeedback] Elapsed validation time:0.17s
[BlogFeedback] [Epoch=017] Train Loss=[QuantLoss=0.10217]Val loss = [QuantLoss=0.22246][QuantReg:0.62850]
[BlogFeedback] Starting epoch 18...
[BlogFeedback] Elapsed training time:2.59s
[BlogFeedback] Starting validation...
[BlogFeedback] Elapsed validation time:0.17s
[BlogFeedback] [Epoch=018] Train Loss=[QuantLoss=0.08282]Val loss = [QuantLoss=0.15639][QuantReg:0.61949]
[BlogFeedback] Starting epoch 19...
[BlogFeedback] Elapsed training time:2.66s
[BlogFeedback] Starting validation...
[BlogFeedback] Elapsed validation time:0.18s
[BlogFeedback] [Epoch=019] Train Loss=[QuantLoss=0.07902]Val loss = [QuantLoss=0.17426][QuantReg:0.63000]
[BlogFeedback] Starting epoch 20...
[BlogFeedback] Elapsed training time:2.67s
[BlogFeedback] Starting validation...
[BlogFeedback] Elapsed validation time:0.16s
[BlogFeedback] [Epoch=020] Train Loss=[QuantLoss=0.08316]Val loss = [QuantLoss=0.20340][QuantReg:0.63881]
[BlogFeedback] Starting epoch 21...
[BlogFeedback] Elapsed training time:2.59s
[BlogFeedback] Starting validation...
[BlogFeedback] Elapsed validation time:0.16s
[BlogFeedback] [Epoch=021] Train Loss=[QuantLoss=0.07800]Val loss = [QuantLoss=0.10699][QuantReg:0.62152][saved best model in this epoch]
[BlogFeedback] Starting epoch 22...
[BlogFeedback] Elapsed training time:2.62s
[BlogFeedback] Starting validation...
[BlogFeedback] Elapsed validation time:0.17s
[BlogFeedback] [Epoch=022] Train Loss=[QuantLoss=0.07179]Val loss = [QuantLoss=0.11271][QuantReg:0.61320]
[BlogFeedback] Starting epoch 23...
[BlogFeedback] Elapsed training time:2.64s
[BlogFeedback] Starting validation...
[BlogFeedback] Elapsed validation time:0.18s
[BlogFeedback] [Epoch=023] Train Loss=[QuantLoss=0.07362]Val loss = [QuantLoss=0.13216][QuantReg:0.63266]
[BlogFeedback] Starting epoch 24...
[BlogFeedback] Elapsed training time:2.69s
[BlogFeedback] Starting validation...
[BlogFeedback] Elapsed validation time:0.19s
[BlogFeedback] [Epoch=024] Train Loss=[QuantLoss=0.07630]Val loss = [QuantLoss=0.19246][QuantReg:0.61393]
[BlogFeedback] Starting epoch 25...
[BlogFeedback] Elapsed training time:2.61s
[BlogFeedback] Starting validation...
[BlogFeedback] Elapsed validation time:0.17s
[BlogFeedback] [Epoch=025] Train Loss=[QuantLoss=0.07838]Val loss = [QuantLoss=0.15362][QuantReg:0.61854]
[BlogFeedback] Starting epoch 26...
[BlogFeedback] Elapsed training time:2.63s
[BlogFeedback] Starting validation...
[BlogFeedback] Elapsed validation time:0.16s
[BlogFeedback] [Epoch=026] Train Loss=[QuantLoss=0.07802]Val loss = [QuantLoss=0.15602][QuantReg:0.60867]
[BlogFeedback] Starting epoch 27...
[BlogFeedback] Elapsed training time:2.60s
[BlogFeedback] Starting validation...
[BlogFeedback] Elapsed validation time:0.19s
[BlogFeedback] [Epoch=027] Train Loss=[QuantLoss=0.07197]Val loss = [QuantLoss=0.20459][QuantReg:0.62906]
[BlogFeedback] Starting epoch 28...
[BlogFeedback] Elapsed training time:2.66s
[BlogFeedback] Starting validation...
[BlogFeedback] Elapsed validation time:0.18s
[BlogFeedback] [Epoch=028] Train Loss=[QuantLoss=0.08373]Val loss = [QuantLoss=0.15812][QuantReg:0.64698]
[BlogFeedback] Starting epoch 29...
[BlogFeedback] Elapsed training time:2.65s
[BlogFeedback] Starting validation...
[BlogFeedback] Elapsed validation time:0.17s
[BlogFeedback] [Epoch=029] Train Loss=[QuantLoss=0.06991]Val loss = [QuantLoss=0.13598][QuantReg:0.62840]
[BlogFeedback] Starting epoch 30...
[BlogFeedback] Elapsed training time:2.67s
[BlogFeedback] Starting validation...
[BlogFeedback] Elapsed validation time:0.16s
[BlogFeedback] [Epoch=030] Train Loss=[QuantLoss=0.07464]Val loss = [QuantLoss=0.16183][QuantReg:0.64151]
[BlogFeedback] Starting epoch 31...
[BlogFeedback] Elapsed training time:2.61s
[BlogFeedback] Starting validation...
[BlogFeedback] Elapsed validation time:0.26s
[BlogFeedback] [Epoch=031] Train Loss=[QuantLoss=0.07297]Val loss = [QuantLoss=0.15606][QuantReg:0.60247]
[BlogFeedback] Starting epoch 32...
[BlogFeedback] Elapsed training time:2.64s
[BlogFeedback] Starting validation...
[BlogFeedback] Elapsed validation time:0.26s
[BlogFeedback] [Epoch=032] Train Loss=[QuantLoss=0.07384]Val loss = [QuantLoss=0.11191][QuantReg:0.62657]
[BlogFeedback] Starting epoch 33...
[BlogFeedback] Elapsed training time:2.65s
[BlogFeedback] Starting validation...
[BlogFeedback] Elapsed validation time:0.27s
[BlogFeedback] [Epoch=033] Train Loss=[QuantLoss=0.07006]Val loss = [QuantLoss=0.24336][QuantReg:0.62202]
[BlogFeedback] Starting epoch 34...
[BlogFeedback] Elapsed training time:2.63s
[BlogFeedback] Starting validation...
[BlogFeedback] Elapsed validation time:0.24s
[BlogFeedback] [Epoch=034] Train Loss=[QuantLoss=0.09042]Val loss = [QuantLoss=0.14035][QuantReg:0.61094]
[BlogFeedback] Starting epoch 35...
[BlogFeedback] Elapsed training time:2.61s
[BlogFeedback] Starting validation...
[BlogFeedback] Elapsed validation time:0.25s
[BlogFeedback] [Epoch=035] Train Loss=[QuantLoss=0.07358]Val loss = [QuantLoss=0.18528][QuantReg:0.58513]
[BlogFeedback] Starting epoch 36...
[BlogFeedback] Elapsed training time:2.58s
[BlogFeedback] Starting validation...
[BlogFeedback] Elapsed validation time:0.25s
[BlogFeedback] [Epoch=036] Train Loss=[QuantLoss=0.07699]Val loss = [QuantLoss=0.12539][QuantReg:0.64567]
[BlogFeedback] Starting epoch 37...
[BlogFeedback] Elapsed training time:2.63s
[BlogFeedback] Starting validation...
[BlogFeedback] Elapsed validation time:0.25s
[BlogFeedback] [Epoch=037] Train Loss=[QuantLoss=0.06969]Val loss = [QuantLoss=0.16221][QuantReg:0.58066]
[BlogFeedback] Starting epoch 38...
[BlogFeedback] Elapsed training time:2.58s
[BlogFeedback] Starting validation...
[BlogFeedback] Elapsed validation time:0.25s
[BlogFeedback] [Epoch=038] Train Loss=[QuantLoss=0.07453]Val loss = [QuantLoss=0.14192][QuantReg:0.62252]
[BlogFeedback] Starting epoch 39...
[BlogFeedback] Elapsed training time:2.65s
[BlogFeedback] Starting validation...
[BlogFeedback] Elapsed validation time:0.25s
[BlogFeedback] [Epoch=039] Train Loss=[QuantLoss=0.07241]Val loss = [QuantLoss=0.18679][QuantReg:0.62944]
[BlogFeedback] Starting epoch 40...
[BlogFeedback] Elapsed training time:2.65s
[BlogFeedback] Starting validation...
[BlogFeedback] Elapsed validation time:0.26s
[BlogFeedback] [Epoch=040] Train Loss=[QuantLoss=0.07879]Val loss = [QuantLoss=0.11673][QuantReg:0.58922]
[BlogFeedback] Starting epoch 41...
[BlogFeedback] Elapsed training time:2.71s
[BlogFeedback] Starting validation...
[BlogFeedback] Elapsed validation time:0.25s
[BlogFeedback] [Epoch=041] Train Loss=[QuantLoss=0.07067]Val loss = [QuantLoss=0.20984][QuantReg:0.62323]
[BlogFeedback] Starting epoch 42...
[BlogFeedback] Elapsed training time:2.64s
[BlogFeedback] Starting validation...
[BlogFeedback] Elapsed validation time:0.26s
[BlogFeedback] [Epoch=042] Train Loss=[QuantLoss=0.07690]Val loss = [QuantLoss=0.13360][QuantReg:0.62707]
[BlogFeedback] Starting epoch 43...
[BlogFeedback] Elapsed training time:2.65s
[BlogFeedback] Starting validation...
[BlogFeedback] Elapsed validation time:0.26s
[BlogFeedback] [Epoch=043] Train Loss=[QuantLoss=0.07890]Val loss = [QuantLoss=0.15438][QuantReg:0.64231]
[BlogFeedback] Starting epoch 44...
[BlogFeedback] Elapsed training time:2.59s
[BlogFeedback] Starting validation...
[BlogFeedback] Elapsed validation time:0.25s
[BlogFeedback] [Epoch=044] Train Loss=[QuantLoss=0.09424]Val loss = [QuantLoss=0.18175][QuantReg:0.59184]
[BlogFeedback] Starting epoch 45...
[BlogFeedback] Elapsed training time:2.66s
[BlogFeedback] Starting validation...
[BlogFeedback] Elapsed validation time:0.25s
[BlogFeedback] [Epoch=045] Train Loss=[QuantLoss=0.09305]Val loss = [QuantLoss=0.19062][QuantReg:0.61292]
[BlogFeedback] Starting epoch 46...
[BlogFeedback] Elapsed training time:2.68s
[BlogFeedback] Starting validation...
[BlogFeedback] Elapsed validation time:0.25s
[BlogFeedback] [Epoch=046] Train Loss=[QuantLoss=0.08956]Val loss = [QuantLoss=0.11136][QuantReg:0.59391]
[BlogFeedback] Starting epoch 47...
[BlogFeedback] Elapsed training time:2.69s
[BlogFeedback] Starting validation...
[BlogFeedback] Elapsed validation time:0.26s
[BlogFeedback] [Epoch=047] Train Loss=[QuantLoss=0.09340]Val loss = [QuantLoss=0.11295][QuantReg:0.61886]
[BlogFeedback] Starting epoch 48...
[BlogFeedback] Elapsed training time:2.65s
[BlogFeedback] Starting validation...
[BlogFeedback] Elapsed validation time:0.26s
[BlogFeedback] [Epoch=048] Train Loss=[QuantLoss=0.08751]Val loss = [QuantLoss=0.09911][QuantReg:0.60266][saved best model in this epoch]
[BlogFeedback] Starting epoch 49...
[BlogFeedback] Elapsed training time:2.66s
[BlogFeedback] Starting validation...
[BlogFeedback] Elapsed validation time:0.28s
[BlogFeedback] [Epoch=049] Train Loss=[QuantLoss=0.09409]Val loss = [QuantLoss=0.18449][QuantReg:0.60077]
[BlogFeedback] Starting epoch 50...
[BlogFeedback] Elapsed training time:2.61s
[BlogFeedback] Starting validation...
[BlogFeedback] Elapsed validation time:0.26s
[BlogFeedback] [Epoch=050] Train Loss=[QuantLoss=0.08757]Val loss = [QuantLoss=0.12116][QuantReg:0.63173]
[BlogFeedback] Starting epoch 51...
[BlogFeedback] Elapsed training time:2.68s
[BlogFeedback] Starting validation...
[BlogFeedback] Elapsed validation time:0.25s
[BlogFeedback] [Epoch=051] Train Loss=[QuantLoss=0.09089]Val loss = [QuantLoss=0.17814][QuantReg:0.59692]
[BlogFeedback] Starting epoch 52...
[BlogFeedback] Elapsed training time:2.71s
[BlogFeedback] Starting validation...
[BlogFeedback] Elapsed validation time:0.27s
[BlogFeedback] [Epoch=052] Train Loss=[QuantLoss=0.08699]Val loss = [QuantLoss=0.12511][QuantReg:0.62102]
[BlogFeedback] Starting epoch 53...
[BlogFeedback] Elapsed training time:2.68s
[BlogFeedback] Starting validation...
[BlogFeedback] Elapsed validation time:0.26s
[BlogFeedback] [Epoch=053] Train Loss=[QuantLoss=0.08792]Val loss = [QuantLoss=0.18070][QuantReg:0.59280]
[BlogFeedback] Starting epoch 54...
[BlogFeedback] Elapsed training time:2.67s
[BlogFeedback] Starting validation...
[BlogFeedback] Elapsed validation time:0.25s
[BlogFeedback] [Epoch=054] Train Loss=[QuantLoss=0.08506]Val loss = [QuantLoss=0.16765][QuantReg:0.63594]
[BlogFeedback] Starting epoch 55...
[BlogFeedback] Elapsed training time:2.66s
[BlogFeedback] Starting validation...
[BlogFeedback] Elapsed validation time:0.27s
[BlogFeedback] [Epoch=055] Train Loss=[QuantLoss=0.09233]Val loss = [QuantLoss=0.13637][QuantReg:0.61496]
[BlogFeedback] Starting epoch 56...
[BlogFeedback] Elapsed training time:2.64s
[BlogFeedback] Starting validation...
[BlogFeedback] Elapsed validation time:0.26s
[BlogFeedback] [Epoch=056] Train Loss=[QuantLoss=0.08596]Val loss = [QuantLoss=0.10281][QuantReg:0.61959]
[BlogFeedback] Starting epoch 57...
[BlogFeedback] Elapsed training time:2.69s
[BlogFeedback] Starting validation...
[BlogFeedback] Elapsed validation time:0.25s
[BlogFeedback] [Epoch=057] Train Loss=[QuantLoss=0.08615]Val loss = [QuantLoss=0.13813][QuantReg:0.64823]
[BlogFeedback] Starting epoch 58...
[BlogFeedback] Elapsed training time:2.65s
[BlogFeedback] Starting validation...
[BlogFeedback] Elapsed validation time:0.26s
[BlogFeedback] [Epoch=058] Train Loss=[QuantLoss=0.08432]Val loss = [QuantLoss=0.17793][QuantReg:0.61861]
[BlogFeedback] Starting epoch 59...
[BlogFeedback] Elapsed training time:2.64s
[BlogFeedback] Starting validation...
[BlogFeedback] Elapsed validation time:0.21s
[BlogFeedback] [Epoch=059] Train Loss=[QuantLoss=0.09046]Val loss = [QuantLoss=0.18429][QuantReg:0.61651]
[BlogFeedback] Starting epoch 60...
[BlogFeedback] Elapsed training time:2.56s
[BlogFeedback] Starting validation...
[BlogFeedback] Elapsed validation time:0.17s
[BlogFeedback] [Epoch=060] Train Loss=[QuantLoss=0.08741]Val loss = [QuantLoss=0.08181][QuantReg:0.62543][saved best model in this epoch]
[BlogFeedback] Starting epoch 61...
[BlogFeedback] Elapsed training time:2.55s
[BlogFeedback] Starting validation...
[BlogFeedback] Elapsed validation time:0.18s
[BlogFeedback] [Epoch=061] Train Loss=[QuantLoss=0.08225]Val loss = [QuantLoss=0.18837][QuantReg:0.64231]
[BlogFeedback] Starting epoch 62...
[BlogFeedback] Elapsed training time:2.65s
[BlogFeedback] Starting validation...
[BlogFeedback] Elapsed validation time:0.19s
[BlogFeedback] [Epoch=062] Train Loss=[QuantLoss=0.09174]Val loss = [QuantLoss=0.10078][QuantReg:0.59182]
[BlogFeedback] Starting epoch 63...
[BlogFeedback] Elapsed training time:2.61s
[BlogFeedback] Starting validation...
[BlogFeedback] Elapsed validation time:0.18s
[BlogFeedback] [Epoch=063] Train Loss=[QuantLoss=0.08416]Val loss = [QuantLoss=0.12310][QuantReg:0.63074]
[BlogFeedback] Starting epoch 64...
[BlogFeedback] Elapsed training time:2.67s
[BlogFeedback] Starting validation...
[BlogFeedback] Elapsed validation time:0.17s
[BlogFeedback] [Epoch=064] Train Loss=[QuantLoss=0.08307]Val loss = [QuantLoss=0.15345][QuantReg:0.62793]
[BlogFeedback] Starting epoch 65...
[BlogFeedback] Elapsed training time:2.71s
[BlogFeedback] Starting validation...
[BlogFeedback] Elapsed validation time:0.17s
[BlogFeedback] [Epoch=065] Train Loss=[QuantLoss=0.08379]Val loss = [QuantLoss=0.14617][QuantReg:0.61878]
[BlogFeedback] Starting epoch 66...
[BlogFeedback] Elapsed training time:2.69s
[BlogFeedback] Starting validation...
[BlogFeedback] Elapsed validation time:0.19s
[BlogFeedback] [Epoch=066] Train Loss=[QuantLoss=0.08424]Val loss = [QuantLoss=0.15059][QuantReg:0.62243]
[BlogFeedback] Starting epoch 67...
[BlogFeedback] Elapsed training time:2.72s
[BlogFeedback] Starting validation...
[BlogFeedback] Elapsed validation time:0.18s
[BlogFeedback] [Epoch=067] Train Loss=[QuantLoss=0.08473]Val loss = [QuantLoss=0.17222][QuantReg:0.62873]
[BlogFeedback] Starting epoch 68...
[BlogFeedback] Elapsed training time:2.75s
[BlogFeedback] Starting validation...
[BlogFeedback] Elapsed validation time:0.17s
[BlogFeedback] [Epoch=068] Train Loss=[QuantLoss=0.08517]Val loss = [QuantLoss=0.21096][QuantReg:0.64129]
[BlogFeedback] Starting epoch 69...
[BlogFeedback] Elapsed training time:2.71s
[BlogFeedback] Starting validation...
[BlogFeedback] Elapsed validation time:0.16s
[BlogFeedback] [Epoch=069] Train Loss=[QuantLoss=0.08111]Val loss = [QuantLoss=0.15244][QuantReg:0.62564]
[BlogFeedback] Starting epoch 70...
[BlogFeedback] Elapsed training time:2.67s
[BlogFeedback] Starting validation...
[BlogFeedback] Elapsed validation time:0.17s
[BlogFeedback] [Epoch=070] Train Loss=[QuantLoss=0.08763]Val loss = [QuantLoss=0.16430][QuantReg:0.64088]
[BlogFeedback] Starting epoch 71...
[BlogFeedback] Elapsed training time:2.66s
[BlogFeedback] Starting validation...
[BlogFeedback] Elapsed validation time:0.16s
[BlogFeedback] [Epoch=071] Train Loss=[QuantLoss=0.08848]Val loss = [QuantLoss=0.16492][QuantReg:0.62766]
[BlogFeedback] Starting epoch 72...
[BlogFeedback] Elapsed training time:2.69s
[BlogFeedback] Starting validation...
[BlogFeedback] Elapsed validation time:0.17s
[BlogFeedback] [Epoch=072] Train Loss=[QuantLoss=0.08605]Val loss = [QuantLoss=0.16722][QuantReg:0.62142]
[BlogFeedback] Starting epoch 73...
[BlogFeedback] Elapsed training time:2.69s
[BlogFeedback] Starting validation...
[BlogFeedback] Elapsed validation time:0.17s
[BlogFeedback] [Epoch=073] Train Loss=[QuantLoss=0.08943]Val loss = [QuantLoss=0.10110][QuantReg:0.64492]
[BlogFeedback] Starting epoch 74...
[BlogFeedback] Elapsed training time:2.72s
[BlogFeedback] Starting validation...
[BlogFeedback] Elapsed validation time:0.20s
[BlogFeedback] [Epoch=074] Train Loss=[QuantLoss=0.07902]Val loss = [QuantLoss=0.18706][QuantReg:0.63343]
[BlogFeedback] Starting epoch 75...
[BlogFeedback] Elapsed training time:2.61s
[BlogFeedback] Starting validation...
[BlogFeedback] Elapsed validation time:0.17s
[BlogFeedback] [Epoch=075] Train Loss=[QuantLoss=0.09060]Val loss = [QuantLoss=0.09262][QuantReg:0.64952]
[BlogFeedback] Starting epoch 76...
[BlogFeedback] Elapsed training time:2.62s
[BlogFeedback] Starting validation...
[BlogFeedback] Elapsed validation time:0.16s
[BlogFeedback] [Epoch=076] Train Loss=[QuantLoss=0.08745]Val loss = [QuantLoss=0.12286][QuantReg:0.64325]
[BlogFeedback] Starting epoch 77...
[BlogFeedback] Elapsed training time:2.66s
[BlogFeedback] Starting validation...
[BlogFeedback] Elapsed validation time:0.18s
[BlogFeedback] [Epoch=077] Train Loss=[QuantLoss=0.08447]Val loss = [QuantLoss=0.15804][QuantReg:0.64655]
[BlogFeedback] Starting epoch 78...
[BlogFeedback] Elapsed training time:2.64s
[BlogFeedback] Starting validation...
[BlogFeedback] Elapsed validation time:0.17s
[BlogFeedback] [Epoch=078] Train Loss=[QuantLoss=0.08898]Val loss = [QuantLoss=0.12396][QuantReg:0.61811]
[BlogFeedback] Starting epoch 79...
[BlogFeedback] Elapsed training time:2.65s
[BlogFeedback] Starting validation...
[BlogFeedback] Elapsed validation time:0.16s
[BlogFeedback] [Epoch=079] Train Loss=[QuantLoss=0.08766]Val loss = [QuantLoss=0.19289][QuantReg:0.64167]
[BlogFeedback] Starting epoch 80...
[BlogFeedback] Elapsed training time:2.64s
[BlogFeedback] Starting validation...
[BlogFeedback] Elapsed validation time:0.17s
[BlogFeedback] [Epoch=080] Train Loss=[QuantLoss=0.08566]Val loss = [QuantLoss=0.16350][QuantReg:0.61266]
[BlogFeedback] Starting epoch 81...
[BlogFeedback] Elapsed training time:2.69s
[BlogFeedback] Starting validation...
[BlogFeedback] Elapsed validation time:0.16s
[BlogFeedback] [Epoch=081] Train Loss=[QuantLoss=0.08286]Val loss = [QuantLoss=0.21766][QuantReg:0.61968]
[BlogFeedback] Starting epoch 82...
[BlogFeedback] Elapsed training time:2.67s
[BlogFeedback] Starting validation...
[BlogFeedback] Elapsed validation time:0.25s
[BlogFeedback] [Epoch=082] Train Loss=[QuantLoss=0.09148]Val loss = [QuantLoss=0.04648][QuantReg:0.60686][saved best model in this epoch]
[BlogFeedback] Starting epoch 83...
[BlogFeedback] Elapsed training time:2.63s
[BlogFeedback] Starting validation...
[BlogFeedback] Elapsed validation time:0.16s
[BlogFeedback] [Epoch=083] Train Loss=[QuantLoss=0.07717]Val loss = [QuantLoss=0.03412][QuantReg:0.63480][saved best model in this epoch]
[BlogFeedback] Starting epoch 84...
[BlogFeedback] Elapsed training time:2.64s
[BlogFeedback] Starting validation...
[BlogFeedback] Elapsed validation time:0.25s
[BlogFeedback] [Epoch=084] Train Loss=[QuantLoss=0.07056]Val loss = [QuantLoss=0.03094][QuantReg:0.63225][saved best model in this epoch]
[BlogFeedback] Starting epoch 85...
[BlogFeedback] Elapsed training time:2.60s
[BlogFeedback] Starting validation...
[BlogFeedback] Elapsed validation time:0.27s
[BlogFeedback] [Epoch=085] Train Loss=[QuantLoss=0.07041]Val loss = [QuantLoss=0.03367][QuantReg:0.60962]
[BlogFeedback] Starting epoch 86...
[BlogFeedback] Elapsed training time:2.66s
[BlogFeedback] Starting validation...
[BlogFeedback] Elapsed validation time:0.25s
[BlogFeedback] [Epoch=086] Train Loss=[QuantLoss=0.07023]Val loss = [QuantLoss=0.03306][QuantReg:0.63487]
[BlogFeedback] Starting epoch 87...
[BlogFeedback] Elapsed training time:2.67s
[BlogFeedback] Starting validation...
[BlogFeedback] Elapsed validation time:0.25s
[BlogFeedback] [Epoch=087] Train Loss=[QuantLoss=0.06892]Val loss = [QuantLoss=0.03292][QuantReg:0.60920]
[BlogFeedback] Starting epoch 88...
[BlogFeedback] Elapsed training time:2.64s
[BlogFeedback] Starting validation...
[BlogFeedback] Elapsed validation time:0.25s
[BlogFeedback] [Epoch=088] Train Loss=[QuantLoss=0.06775]Val loss = [QuantLoss=0.03556][QuantReg:0.60785]
[BlogFeedback] Starting epoch 89...
[BlogFeedback] Elapsed training time:2.66s
[BlogFeedback] Starting validation...
[BlogFeedback] Elapsed validation time:0.25s
[BlogFeedback] [Epoch=089] Train Loss=[QuantLoss=0.06959]Val loss = [QuantLoss=0.03164][QuantReg:0.60496]
[BlogFeedback] Starting epoch 90...
[BlogFeedback] Elapsed training time:2.64s
[BlogFeedback] Starting validation...
[BlogFeedback] Elapsed validation time:0.25s
[BlogFeedback] [Epoch=090] Train Loss=[QuantLoss=0.06821]Val loss = [QuantLoss=0.03104][QuantReg:0.61997]
[BlogFeedback] Starting epoch 91...
[BlogFeedback] Elapsed training time:2.68s
[BlogFeedback] Starting validation...
[BlogFeedback] Elapsed validation time:0.25s
[BlogFeedback] [Epoch=091] Train Loss=[QuantLoss=0.06951]Val loss = [QuantLoss=0.03211][QuantReg:0.64575]
[BlogFeedback] Starting epoch 92...
[BlogFeedback] Elapsed training time:2.65s
[BlogFeedback] Starting validation...
[BlogFeedback] Elapsed validation time:0.26s
[BlogFeedback] [Epoch=092] Train Loss=[QuantLoss=0.06748]Val loss = [QuantLoss=0.03017][QuantReg:0.63627][saved best model in this epoch]
[BlogFeedback] Starting epoch 93...
[BlogFeedback] Elapsed training time:2.67s
[BlogFeedback] Starting validation...
[BlogFeedback] Elapsed validation time:0.26s
[BlogFeedback] [Epoch=093] Train Loss=[QuantLoss=0.06754]Val loss = [QuantLoss=0.03495][QuantReg:0.67994]
[BlogFeedback] Starting epoch 94...
[BlogFeedback] Elapsed training time:2.65s
[BlogFeedback] Starting validation...
[BlogFeedback] Elapsed validation time:0.24s
[BlogFeedback] [Epoch=094] Train Loss=[QuantLoss=0.06835]Val loss = [QuantLoss=0.03667][QuantReg:0.63294]
[BlogFeedback] Starting epoch 95...
[BlogFeedback] Elapsed training time:2.63s
[BlogFeedback] Starting validation...
[BlogFeedback] Elapsed validation time:0.24s
[BlogFeedback] [Epoch=095] Train Loss=[QuantLoss=0.06781]Val loss = [QuantLoss=0.03357][QuantReg:0.65765]
[BlogFeedback] Starting epoch 96...
[BlogFeedback] Elapsed training time:2.77s
[BlogFeedback] Starting validation...
[BlogFeedback] Elapsed validation time:0.25s
[BlogFeedback] [Epoch=096] Train Loss=[QuantLoss=0.06556]Val loss = [QuantLoss=0.03393][QuantReg:0.64652]
[BlogFeedback] Starting epoch 97...
[BlogFeedback] Elapsed training time:2.69s
[BlogFeedback] Starting validation...
[BlogFeedback] Elapsed validation time:0.26s
[BlogFeedback] [Epoch=097] Train Loss=[QuantLoss=0.06692]Val loss = [QuantLoss=0.03182][QuantReg:0.61554]
[BlogFeedback] Starting epoch 98...
[BlogFeedback] Elapsed training time:2.65s
[BlogFeedback] Starting validation...
[BlogFeedback] Elapsed validation time:0.25s
[BlogFeedback] [Epoch=098] Train Loss=[QuantLoss=0.06640]Val loss = [QuantLoss=0.03417][QuantReg:0.64218]
[BlogFeedback] Starting epoch 99...
[BlogFeedback] Elapsed training time:2.64s
[BlogFeedback] Starting validation...
[BlogFeedback] Elapsed validation time:0.27s
[BlogFeedback] [Epoch=099] Train Loss=[QuantLoss=0.06715]Val loss = [QuantLoss=0.03273][QuantReg:0.63408]
[BlogFeedback] Starting epoch 100...
[BlogFeedback] Elapsed training time:2.67s
[BlogFeedback] Starting validation...
[BlogFeedback] Elapsed validation time:0.26s
[BlogFeedback] [Epoch=100] Train Loss=[QuantLoss=0.06738]Val loss = [QuantLoss=0.03416][QuantReg:0.63620]
[BlogFeedback] Starting epoch 101...
[BlogFeedback] Elapsed training time:2.69s
[BlogFeedback] Starting validation...
[BlogFeedback] Elapsed validation time:0.24s
[BlogFeedback] [Epoch=101] Train Loss=[QuantLoss=0.06589]Val loss = [QuantLoss=0.03580][QuantReg:0.61794]
[BlogFeedback] Starting epoch 102...
[BlogFeedback] Elapsed training time:2.59s
[BlogFeedback] Starting validation...
[BlogFeedback] Elapsed validation time:0.25s
[BlogFeedback] [Epoch=102] Train Loss=[QuantLoss=0.06604]Val loss = [QuantLoss=0.03457][QuantReg:0.61890]
[BlogFeedback] Starting epoch 103...
[BlogFeedback] Elapsed training time:2.68s
[BlogFeedback] Starting validation...
[BlogFeedback] Elapsed validation time:0.26s
[BlogFeedback] [Epoch=103] Train Loss=[QuantLoss=0.06535]Val loss = [QuantLoss=0.03610][QuantReg:0.63204]
[BlogFeedback] Starting epoch 104...
[BlogFeedback] Elapsed training time:2.63s
[BlogFeedback] Starting validation...
[BlogFeedback] Elapsed validation time:0.26s
[BlogFeedback] [Epoch=104] Train Loss=[QuantLoss=0.06554]Val loss = [QuantLoss=0.03579][QuantReg:0.65482]
[BlogFeedback] Starting epoch 105...
[BlogFeedback] Elapsed training time:2.67s
[BlogFeedback] Starting validation...
[BlogFeedback] Elapsed validation time:0.27s
[BlogFeedback] [Epoch=105] Train Loss=[QuantLoss=0.06378]Val loss = [QuantLoss=0.03909][QuantReg:0.64104]
[BlogFeedback] Starting epoch 106...
[BlogFeedback] Elapsed training time:2.64s
[BlogFeedback] Starting validation...
[BlogFeedback] Elapsed validation time:0.25s
[BlogFeedback] [Epoch=106] Train Loss=[QuantLoss=0.06540]Val loss = [QuantLoss=0.03773][QuantReg:0.62956]
[BlogFeedback] Starting epoch 107...
[BlogFeedback] Elapsed training time:2.66s
[BlogFeedback] Starting validation...
[BlogFeedback] Elapsed validation time:0.26s
[BlogFeedback] [Epoch=107] Train Loss=[QuantLoss=0.06532]Val loss = [QuantLoss=0.03400][QuantReg:0.61269]
[BlogFeedback] Starting epoch 108...
[BlogFeedback] Elapsed training time:2.67s
[BlogFeedback] Starting validation...
[BlogFeedback] Elapsed validation time:0.25s
[BlogFeedback] [Epoch=108] Train Loss=[QuantLoss=0.06576]Val loss = [QuantLoss=0.03760][QuantReg:0.60818]
[BlogFeedback] Starting epoch 109...
[BlogFeedback] Elapsed training time:2.64s
[BlogFeedback] Starting validation...
[BlogFeedback] Elapsed validation time:0.25s
[BlogFeedback] [Epoch=109] Train Loss=[QuantLoss=0.06534]Val loss = [QuantLoss=0.03267][QuantReg:0.61169]
[BlogFeedback] Starting epoch 110...
[BlogFeedback] Elapsed training time:2.63s
[BlogFeedback] Starting validation...
[BlogFeedback] Elapsed validation time:0.25s
[BlogFeedback] [Epoch=110] Train Loss=[QuantLoss=0.06404]Val loss = [QuantLoss=0.03673][QuantReg:0.61948]
[BlogFeedback] Starting epoch 111...
[BlogFeedback] Elapsed training time:2.66s
[BlogFeedback] Starting validation...
[BlogFeedback] Elapsed validation time:0.25s
[BlogFeedback] [Epoch=111] Train Loss=[QuantLoss=0.06573]Val loss = [QuantLoss=0.03876][QuantReg:0.60041]
[BlogFeedback] Starting epoch 112...
[BlogFeedback] Elapsed training time:2.62s
[BlogFeedback] Starting validation...
[BlogFeedback] Elapsed validation time:0.25s
[BlogFeedback] [Epoch=112] Train Loss=[QuantLoss=0.06585]Val loss = [QuantLoss=0.03728][QuantReg:0.62115]
[BlogFeedback] Starting epoch 113...
[BlogFeedback] Elapsed training time:2.70s
[BlogFeedback] Starting validation...
[BlogFeedback] Elapsed validation time:0.18s
[BlogFeedback] [Epoch=113] Train Loss=[QuantLoss=0.06468]Val loss = [QuantLoss=0.03462][QuantReg:0.59749]
[BlogFeedback] Starting epoch 114...
[BlogFeedback] Elapsed training time:2.65s
[BlogFeedback] Starting validation...
[BlogFeedback] Elapsed validation time:0.17s
[BlogFeedback] [Epoch=114] Train Loss=[QuantLoss=0.06273]Val loss = [QuantLoss=0.03347][QuantReg:0.60373]
[BlogFeedback] Starting epoch 115...
[BlogFeedback] Elapsed training time:2.66s
[BlogFeedback] Starting validation...
[BlogFeedback] Elapsed validation time:0.16s
[BlogFeedback] [Epoch=115] Train Loss=[QuantLoss=0.06168]Val loss = [QuantLoss=0.03295][QuantReg:0.62400]
[BlogFeedback] Starting epoch 116...
[BlogFeedback] Elapsed training time:2.63s
[BlogFeedback] Starting validation...
[BlogFeedback] Elapsed validation time:0.18s
[BlogFeedback] [Epoch=116] Train Loss=[QuantLoss=0.06170]Val loss = [QuantLoss=0.03312][QuantReg:0.64266]
[BlogFeedback] Starting epoch 117...
[BlogFeedback] Elapsed training time:2.67s
[BlogFeedback] Starting validation...
[BlogFeedback] Elapsed validation time:0.16s
[BlogFeedback] [Epoch=117] Train Loss=[QuantLoss=0.06110]Val loss = [QuantLoss=0.03346][QuantReg:0.62807]
[BlogFeedback] Starting epoch 118...
[BlogFeedback] Elapsed training time:2.64s
[BlogFeedback] Starting validation...
[BlogFeedback] Elapsed validation time:0.16s
[BlogFeedback] [Epoch=118] Train Loss=[QuantLoss=0.06000]Val loss = [QuantLoss=0.03335][QuantReg:0.65882]
[BlogFeedback] Starting epoch 119...
[BlogFeedback] Elapsed training time:2.62s
[BlogFeedback] Starting validation...
[BlogFeedback] Elapsed validation time:0.19s
[BlogFeedback] [Epoch=119] Train Loss=[QuantLoss=0.06070]Val loss = [QuantLoss=0.03770][QuantReg:0.63701]
[BlogFeedback] Starting epoch 120...
[BlogFeedback] Elapsed training time:2.60s
[BlogFeedback] Starting validation...
[BlogFeedback] Elapsed validation time:0.18s
[BlogFeedback] [Epoch=120] Train Loss=[QuantLoss=0.06120]Val loss = [QuantLoss=0.03484][QuantReg:0.67005]
[BlogFeedback] Starting epoch 121...
[BlogFeedback] Elapsed training time:2.73s
[BlogFeedback] Starting validation...
[BlogFeedback] Elapsed validation time:0.18s
[BlogFeedback] [Epoch=121] Train Loss=[QuantLoss=0.06099]Val loss = [QuantLoss=0.03463][QuantReg:0.63598]
[BlogFeedback] Starting epoch 122...
[BlogFeedback] Elapsed training time:2.68s
[BlogFeedback] Starting validation...
[BlogFeedback] Elapsed validation time:0.17s
[BlogFeedback] [Epoch=122] Train Loss=[QuantLoss=0.05976]Val loss = [QuantLoss=0.03197][QuantReg:0.62830]
[BlogFeedback] Starting epoch 123...
[BlogFeedback] Elapsed training time:2.62s
[BlogFeedback] Starting validation...
[BlogFeedback] Elapsed validation time:0.17s
[BlogFeedback] [Epoch=123] Train Loss=[QuantLoss=0.05960]Val loss = [QuantLoss=0.03452][QuantReg:0.62259]
[BlogFeedback] Starting epoch 124...
[BlogFeedback] Elapsed training time:2.67s
[BlogFeedback] Starting validation...
[BlogFeedback] Elapsed validation time:0.17s
[BlogFeedback] [Epoch=124] Train Loss=[QuantLoss=0.06151]Val loss = [QuantLoss=0.03535][QuantReg:0.65266]
[BlogFeedback] Starting epoch 125...
[BlogFeedback] Elapsed training time:2.66s
[BlogFeedback] Starting validation...
[BlogFeedback] Elapsed validation time:0.16s
[BlogFeedback] [Epoch=125] Train Loss=[QuantLoss=0.05899]Val loss = [QuantLoss=0.03464][QuantReg:0.60974]
[BlogFeedback] Starting epoch 126...
[BlogFeedback] Elapsed training time:2.66s
[BlogFeedback] Starting validation...
[BlogFeedback] Elapsed validation time:0.18s
[BlogFeedback] [Epoch=126] Train Loss=[QuantLoss=0.06054]Val loss = [QuantLoss=0.03535][QuantReg:0.59490]
[BlogFeedback] Starting epoch 127...
[BlogFeedback] Elapsed training time:2.69s
[BlogFeedback] Starting validation...
[BlogFeedback] Elapsed validation time:0.17s
[BlogFeedback] [Epoch=127] Train Loss=[QuantLoss=0.06201]Val loss = [QuantLoss=0.03392][QuantReg:0.63110]
[BlogFeedback] Starting epoch 128...
[BlogFeedback] Elapsed training time:2.64s
[BlogFeedback] Starting validation...
[BlogFeedback] Elapsed validation time:0.17s
[BlogFeedback] [Epoch=128] Train Loss=[QuantLoss=0.06040]Val loss = [QuantLoss=0.03769][QuantReg:0.63706]
[BlogFeedback] Starting epoch 129...
[BlogFeedback] Elapsed training time:2.60s
[BlogFeedback] Starting validation...
[BlogFeedback] Elapsed validation time:0.17s
[BlogFeedback] [Epoch=129] Train Loss=[QuantLoss=0.05967]Val loss = [QuantLoss=0.03924][QuantReg:0.61134]
[BlogFeedback] Starting epoch 130...
[BlogFeedback] Elapsed training time:2.63s
[BlogFeedback] Starting validation...
[BlogFeedback] Elapsed validation time:0.17s
[BlogFeedback] [Epoch=130] Train Loss=[QuantLoss=0.05958]Val loss = [QuantLoss=0.03698][QuantReg:0.62038]
[BlogFeedback] Starting epoch 131...
[BlogFeedback] Elapsed training time:2.63s
[BlogFeedback] Starting validation...
[BlogFeedback] Elapsed validation time:0.16s
[BlogFeedback] [Epoch=131] Train Loss=[QuantLoss=0.06058]Val loss = [QuantLoss=0.03780][QuantReg:0.63341]
[BlogFeedback] Starting epoch 132...
[BlogFeedback] Elapsed training time:2.64s
[BlogFeedback] Starting validation...
[BlogFeedback] Elapsed validation time:0.17s
[BlogFeedback] [Epoch=132] Train Loss=[QuantLoss=0.06060]Val loss = [QuantLoss=0.03775][QuantReg:0.59915]
[BlogFeedback] Starting epoch 133...
[BlogFeedback] Elapsed training time:2.62s
[BlogFeedback] Starting validation...
[BlogFeedback] Elapsed validation time:0.16s
[BlogFeedback] [Epoch=133] Train Loss=[QuantLoss=0.05877]Val loss = [QuantLoss=0.03691][QuantReg:0.60232]
[BlogFeedback] Starting epoch 134...
[BlogFeedback] Elapsed training time:2.64s
[BlogFeedback] Starting validation...
[BlogFeedback] Elapsed validation time:0.16s
[BlogFeedback] [Epoch=134] Train Loss=[QuantLoss=0.05838]Val loss = [QuantLoss=0.03642][QuantReg:0.61885]
[BlogFeedback] Starting epoch 135...
[BlogFeedback] Elapsed training time:2.67s
[BlogFeedback] Starting validation...
[BlogFeedback] Elapsed validation time:0.16s
[BlogFeedback] [Epoch=135] Train Loss=[QuantLoss=0.05782]Val loss = [QuantLoss=0.03365][QuantReg:0.60106]
[BlogFeedback] Starting epoch 136...
[BlogFeedback] Elapsed training time:2.65s
[BlogFeedback] Starting validation...
[BlogFeedback] Elapsed validation time:0.16s
[BlogFeedback] [Epoch=136] Train Loss=[QuantLoss=0.05654]Val loss = [QuantLoss=0.03600][QuantReg:0.62042]
[BlogFeedback] Starting epoch 137...
[BlogFeedback] Elapsed training time:2.62s
[BlogFeedback] Starting validation...
[BlogFeedback] Elapsed validation time:0.17s
[BlogFeedback] [Epoch=137] Train Loss=[QuantLoss=0.05674]Val loss = [QuantLoss=0.03551][QuantReg:0.60431]
[BlogFeedback] Starting epoch 138...
[BlogFeedback] Elapsed training time:2.66s
[BlogFeedback] Starting validation...
[BlogFeedback] Elapsed validation time:0.18s
[BlogFeedback] [Epoch=138] Train Loss=[QuantLoss=0.05734]Val loss = [QuantLoss=0.03638][QuantReg:0.64844]
[BlogFeedback] Starting epoch 139...
[BlogFeedback] Elapsed training time:2.70s
[BlogFeedback] Starting validation...
[BlogFeedback] Elapsed validation time:0.19s
[BlogFeedback] [Epoch=139] Train Loss=[QuantLoss=0.05792]Val loss = [QuantLoss=0.03141][QuantReg:0.60363]
[BlogFeedback] Starting epoch 140...
[BlogFeedback] Elapsed training time:2.63s
[BlogFeedback] Starting validation...
[BlogFeedback] Elapsed validation time:0.19s
[BlogFeedback] [Epoch=140] Train Loss=[QuantLoss=0.05792]Val loss = [QuantLoss=0.03466][QuantReg:0.62266]
[BlogFeedback] Starting epoch 141...
[BlogFeedback] Elapsed training time:2.67s
[BlogFeedback] Starting validation...
[BlogFeedback] Elapsed validation time:0.17s
[BlogFeedback] [Epoch=141] Train Loss=[QuantLoss=0.05603]Val loss = [QuantLoss=0.03489][QuantReg:0.62471]
[BlogFeedback] Starting epoch 142...
[BlogFeedback] Elapsed training time:2.66s
[BlogFeedback] Starting validation...
[BlogFeedback] Elapsed validation time:0.25s
[BlogFeedback] [Epoch=142] Train Loss=[QuantLoss=0.05664]Val loss = [QuantLoss=0.03616][QuantReg:0.61205]
[BlogFeedback] Starting epoch 143...
[BlogFeedback] Elapsed training time:2.69s
[BlogFeedback] Starting validation...
[BlogFeedback] Elapsed validation time:0.18s
[BlogFeedback] [Epoch=143] Train Loss=[QuantLoss=0.05730]Val loss = [QuantLoss=0.03827][QuantReg:0.60158]
[BlogFeedback] Starting epoch 144...
[BlogFeedback] Elapsed training time:2.60s
[BlogFeedback] Starting validation...
[BlogFeedback] Elapsed validation time:0.25s
[BlogFeedback] [Epoch=144] Train Loss=[QuantLoss=0.05740]Val loss = [QuantLoss=0.03506][QuantReg:0.62851]
[BlogFeedback] Starting epoch 145...
[BlogFeedback] Elapsed training time:2.67s
[BlogFeedback] Starting validation...
[BlogFeedback] Elapsed validation time:0.25s
[BlogFeedback] [Epoch=145] Train Loss=[QuantLoss=0.05792]Val loss = [QuantLoss=0.03639][QuantReg:0.61140]
[BlogFeedback] Starting epoch 146...
[BlogFeedback] Elapsed training time:2.60s
[BlogFeedback] Starting validation...
[BlogFeedback] Elapsed validation time:0.26s
[BlogFeedback] [Epoch=146] Train Loss=[QuantLoss=0.05724]Val loss = [QuantLoss=0.03429][QuantReg:0.63091]
[BlogFeedback] Starting epoch 147...
[BlogFeedback] Elapsed training time:2.62s
[BlogFeedback] Starting validation...
[BlogFeedback] Elapsed validation time:0.25s
[BlogFeedback] [Epoch=147] Train Loss=[QuantLoss=0.05620]Val loss = [QuantLoss=0.03574][QuantReg:0.63228]
[BlogFeedback] Starting epoch 148...
[BlogFeedback] Elapsed training time:2.65s
[BlogFeedback] Starting validation...
[BlogFeedback] Elapsed validation time:0.26s
[BlogFeedback] [Epoch=148] Train Loss=[QuantLoss=0.05681]Val loss = [QuantLoss=0.03539][QuantReg:0.61549]
[BlogFeedback] Starting epoch 149...
[BlogFeedback] Elapsed training time:2.65s
[BlogFeedback] Starting validation...
[BlogFeedback] Elapsed validation time:0.25s
[BlogFeedback] [Epoch=149] Train Loss=[QuantLoss=0.05649]Val loss = [QuantLoss=0.03523][QuantReg:0.62271]
[BlogFeedback] Starting epoch 150...
[BlogFeedback] Elapsed training time:2.62s
[BlogFeedback] Starting validation...
[BlogFeedback] Elapsed validation time:0.26s
[BlogFeedback] [Epoch=150] Train Loss=[QuantLoss=0.05756]Val loss = [QuantLoss=0.03406][QuantReg:0.64295]
[BlogFeedback] Starting epoch 151...
[BlogFeedback] Elapsed training time:2.67s
[BlogFeedback] Starting validation...
[BlogFeedback] Elapsed validation time:0.26s
[BlogFeedback] [Epoch=151] Train Loss=[QuantLoss=0.05779]Val loss = [QuantLoss=0.03675][QuantReg:0.63386]
[BlogFeedback] Starting epoch 152...
[BlogFeedback] Elapsed training time:2.68s
[BlogFeedback] Starting validation...
[BlogFeedback] Elapsed validation time:0.26s
[BlogFeedback] [Epoch=152] Train Loss=[QuantLoss=0.05655]Val loss = [QuantLoss=0.03491][QuantReg:0.62272]
[BlogFeedback] Starting epoch 153...
[BlogFeedback] Elapsed training time:2.68s
[BlogFeedback] Starting validation...
[BlogFeedback] Elapsed validation time:0.24s
[BlogFeedback] [Epoch=153] Train Loss=[QuantLoss=0.05671]Val loss = [QuantLoss=0.03484][QuantReg:0.64856]
[BlogFeedback] Starting epoch 154...
[BlogFeedback] Elapsed training time:2.66s
[BlogFeedback] Starting validation...
[BlogFeedback] Elapsed validation time:0.26s
[BlogFeedback] [Epoch=154] Train Loss=[QuantLoss=0.05659]Val loss = [QuantLoss=0.03624][QuantReg:0.62612]
[BlogFeedback] Starting epoch 155...
[BlogFeedback] Elapsed training time:2.70s
[BlogFeedback] Starting validation...
[BlogFeedback] Elapsed validation time:0.26s
[BlogFeedback] [Epoch=155] Train Loss=[QuantLoss=0.05727]Val loss = [QuantLoss=0.03700][QuantReg:0.60730]
[BlogFeedback] Starting epoch 156...
[BlogFeedback] Elapsed training time:2.66s
[BlogFeedback] Starting validation...
[BlogFeedback] Elapsed validation time:0.26s
[BlogFeedback] [Epoch=156] Train Loss=[QuantLoss=0.05676]Val loss = [QuantLoss=0.03646][QuantReg:0.62185]
[BlogFeedback] Starting epoch 157...
[BlogFeedback] Elapsed training time:2.66s
[BlogFeedback] Starting validation...
[BlogFeedback] Elapsed validation time:0.25s
[BlogFeedback] [Epoch=157] Train Loss=[QuantLoss=0.05691]Val loss = [QuantLoss=0.03588][QuantReg:0.60017]
[BlogFeedback] Starting epoch 158...
[BlogFeedback] Elapsed training time:2.72s
[BlogFeedback] Starting validation...
[BlogFeedback] Elapsed validation time:0.26s
[BlogFeedback] [Epoch=158] Train Loss=[QuantLoss=0.05427]Val loss = [QuantLoss=0.03528][QuantReg:0.62478]
[BlogFeedback] Starting epoch 159...
[BlogFeedback] Elapsed training time:2.66s
[BlogFeedback] Starting validation...
[BlogFeedback] Elapsed validation time:0.24s
[BlogFeedback] [Epoch=159] Train Loss=[QuantLoss=0.05504]Val loss = [QuantLoss=0.03445][QuantReg:0.63165]
[BlogFeedback] Starting epoch 160...
[BlogFeedback] Elapsed training time:2.62s
[BlogFeedback] Starting validation...
[BlogFeedback] Elapsed validation time:0.25s
[BlogFeedback] [Epoch=160] Train Loss=[QuantLoss=0.05613]Val loss = [QuantLoss=0.03471][QuantReg:0.61117]
[BlogFeedback] Starting epoch 161...
[BlogFeedback] Elapsed training time:2.64s
[BlogFeedback] Starting validation...
[BlogFeedback] Elapsed validation time:0.25s
[BlogFeedback] [Epoch=161] Train Loss=[QuantLoss=0.05578]Val loss = [QuantLoss=0.03661][QuantReg:0.65776]
[BlogFeedback] Starting epoch 162...
[BlogFeedback] Elapsed training time:2.71s
[BlogFeedback] Starting validation...
[BlogFeedback] Elapsed validation time:0.25s
[BlogFeedback] [Epoch=162] Train Loss=[QuantLoss=0.05519]Val loss = [QuantLoss=0.03442][QuantReg:0.63715]
[BlogFeedback] Starting epoch 163...
[BlogFeedback] Elapsed training time:2.68s
[BlogFeedback] Starting validation...
[BlogFeedback] Elapsed validation time:0.26s
[BlogFeedback] [Epoch=163] Train Loss=[QuantLoss=0.05583]Val loss = [QuantLoss=0.03631][QuantReg:0.61488]
[BlogFeedback] Starting epoch 164...
[BlogFeedback] Elapsed training time:2.67s
[BlogFeedback] Starting validation...
[BlogFeedback] Elapsed validation time:0.27s
[BlogFeedback] [Epoch=164] Train Loss=[QuantLoss=0.05483]Val loss = [QuantLoss=0.03365][QuantReg:0.62799]
[BlogFeedback] Starting epoch 165...
[BlogFeedback] Elapsed training time:2.67s
[BlogFeedback] Starting validation...
[BlogFeedback] Elapsed validation time:0.27s
[BlogFeedback] [Epoch=165] Train Loss=[QuantLoss=0.05685]Val loss = [QuantLoss=0.03601][QuantReg:0.64477]
[BlogFeedback] Starting epoch 166...
[BlogFeedback] Elapsed training time:2.67s
[BlogFeedback] Starting validation...
[BlogFeedback] Elapsed validation time:0.25s
[BlogFeedback] [Epoch=166] Train Loss=[QuantLoss=0.05434]Val loss = [QuantLoss=0.03295][QuantReg:0.60366]
[BlogFeedback] Starting epoch 167...
[BlogFeedback] Elapsed training time:2.64s
[BlogFeedback] Starting validation...
[BlogFeedback] Elapsed validation time:0.26s
[BlogFeedback] [Epoch=167] Train Loss=[QuantLoss=0.05404]Val loss = [QuantLoss=0.03417][QuantReg:0.66381]
[BlogFeedback] Starting epoch 168...
[BlogFeedback] Elapsed training time:2.70s
[BlogFeedback] Starting validation...
[BlogFeedback] Elapsed validation time:0.25s
[BlogFeedback] [Epoch=168] Train Loss=[QuantLoss=0.05423]Val loss = [QuantLoss=0.03630][QuantReg:0.62514]
[BlogFeedback] Starting epoch 169...
[BlogFeedback] Elapsed training time:2.69s
[BlogFeedback] Starting validation...
[BlogFeedback] Elapsed validation time:0.27s
[BlogFeedback] [Epoch=169] Train Loss=[QuantLoss=0.05510]Val loss = [QuantLoss=0.03367][QuantReg:0.59823]
[BlogFeedback] Starting epoch 170...
[BlogFeedback] Elapsed training time:2.72s
[BlogFeedback] Starting validation...
[BlogFeedback] Elapsed validation time:0.18s
[BlogFeedback] [Epoch=170] Train Loss=[QuantLoss=0.05584]Val loss = [QuantLoss=0.03481][QuantReg:0.61810]
[BlogFeedback] Starting epoch 171...
[BlogFeedback] Elapsed training time:2.64s
[BlogFeedback] Starting validation...
[BlogFeedback] Elapsed validation time:0.18s
[BlogFeedback] [Epoch=171] Train Loss=[QuantLoss=0.05502]Val loss = [QuantLoss=0.03722][QuantReg:0.62443]
[BlogFeedback] Starting epoch 172...
[BlogFeedback] Elapsed training time:2.65s
[BlogFeedback] Starting validation...
[BlogFeedback] Elapsed validation time:0.18s
[BlogFeedback] [Epoch=172] Train Loss=[QuantLoss=0.05541]Val loss = [QuantLoss=0.03465][QuantReg:0.63073]
[BlogFeedback] Starting epoch 173...
[BlogFeedback] Elapsed training time:2.62s
[BlogFeedback] Starting validation...
[BlogFeedback] Elapsed validation time:0.17s
[BlogFeedback] [Epoch=173] Train Loss=[QuantLoss=0.05475]Val loss = [QuantLoss=0.03550][QuantReg:0.63794]
[BlogFeedback] Starting epoch 174...
[BlogFeedback] Elapsed training time:2.68s
[BlogFeedback] Starting validation...
[BlogFeedback] Elapsed validation time:0.18s
[BlogFeedback] [Epoch=174] Train Loss=[QuantLoss=0.05595]Val loss = [QuantLoss=0.03639][QuantReg:0.65148]
[BlogFeedback] Starting epoch 175...
[BlogFeedback] Elapsed training time:2.66s
[BlogFeedback] Starting validation...
[BlogFeedback] Elapsed validation time:0.17s
[BlogFeedback] [Epoch=175] Train Loss=[QuantLoss=0.05485]Val loss = [QuantLoss=0.03764][QuantReg:0.62771]
[BlogFeedback] Starting epoch 176...
[BlogFeedback] Elapsed training time:2.65s
[BlogFeedback] Starting validation...
[BlogFeedback] Elapsed validation time:0.18s
[BlogFeedback] [Epoch=176] Train Loss=[QuantLoss=0.05592]Val loss = [QuantLoss=0.03645][QuantReg:0.62351]
[BlogFeedback] Early stopping in epoch 176!
[BlogFeedback] Restoring best model...
MAE médio por bag: 0.0319 ± 0.0183
Resultados salvos em: resultados_blog/resultados_blog_l1_hardest_1.csv
