Dataset: blog
Dificuldade: metric=kl, mode=hardest, top_k=None
Rodada: 5
Salvar resultados em: resultados_blog
Dispositivo de treino: cpu
Baixando e preparando o dataset BlogFeedback...
Dataset BlogFeedback pronto.
Número de features após pré-processamento: 276
Ignoring val_split as train and val datasets where given to fit function
We have two datasets: training 62837 examples. validation 10400 examples.]
Using device cpu
[BlogFeedback] Starting epoch 0...
[BlogFeedback] Elapsed training time:2.70s
[BlogFeedback] Starting validation...
[BlogFeedback] Elapsed validation time:0.27s
[BlogFeedback] [Epoch=000] Train Loss=[QuantLoss=0.08514]Val loss = [QuantLoss=0.17126][QuantReg:0.60454][saved best model in this epoch]
[BlogFeedback] Starting epoch 1...
[BlogFeedback] Elapsed training time:2.69s
[BlogFeedback] Starting validation...
[BlogFeedback] Elapsed validation time:0.25s
[BlogFeedback] [Epoch=001] Train Loss=[QuantLoss=0.08275]Val loss = [QuantLoss=0.14192][QuantReg:0.59667][saved best model in this epoch]
[BlogFeedback] Starting epoch 2...
[BlogFeedback] Elapsed training time:2.65s
[BlogFeedback] Starting validation...
[BlogFeedback] Elapsed validation time:0.28s
[BlogFeedback] [Epoch=002] Train Loss=[QuantLoss=0.08660]Val loss = [QuantLoss=0.16502][QuantReg:0.60783]
[BlogFeedback] Starting epoch 3...
[BlogFeedback] Elapsed training time:2.66s
[BlogFeedback] Starting validation...
[BlogFeedback] Elapsed validation time:0.26s
[BlogFeedback] [Epoch=003] Train Loss=[QuantLoss=0.09861]Val loss = [QuantLoss=0.18106][QuantReg:0.62648]
[BlogFeedback] Starting epoch 4...
[BlogFeedback] Elapsed training time:2.75s
[BlogFeedback] Starting validation...
[BlogFeedback] Elapsed validation time:0.17s
[BlogFeedback] [Epoch=004] Train Loss=[QuantLoss=0.09908]Val loss = [QuantLoss=0.20785][QuantReg:0.59868]
[BlogFeedback] Starting epoch 5...
[BlogFeedback] Elapsed training time:2.55s
[BlogFeedback] Starting validation...
[BlogFeedback] Elapsed validation time:0.17s
[BlogFeedback] [Epoch=005] Train Loss=[QuantLoss=0.10120]Val loss = [QuantLoss=0.15883][QuantReg:0.67315]
[BlogFeedback] Starting epoch 6...
[BlogFeedback] Elapsed training time:2.60s
[BlogFeedback] Starting validation...
[BlogFeedback] Elapsed validation time:0.17s
[BlogFeedback] [Epoch=006] Train Loss=[QuantLoss=0.09997]Val loss = [QuantLoss=0.21277][QuantReg:0.65965]
[BlogFeedback] Starting epoch 7...
[BlogFeedback] Elapsed training time:2.65s
[BlogFeedback] Starting validation...
[BlogFeedback] Elapsed validation time:0.16s
[BlogFeedback] [Epoch=007] Train Loss=[QuantLoss=0.09487]Val loss = [QuantLoss=0.20878][QuantReg:0.66177]
[BlogFeedback] Starting epoch 8...
[BlogFeedback] Elapsed training time:2.64s
[BlogFeedback] Starting validation...
[BlogFeedback] Elapsed validation time:0.16s
[BlogFeedback] [Epoch=008] Train Loss=[QuantLoss=0.09599]Val loss = [QuantLoss=0.24207][QuantReg:0.69101]
[BlogFeedback] Starting epoch 9...
[BlogFeedback] Elapsed training time:2.60s
[BlogFeedback] Starting validation...
[BlogFeedback] Elapsed validation time:0.19s
[BlogFeedback] [Epoch=009] Train Loss=[QuantLoss=0.10425]Val loss = [QuantLoss=0.15838][QuantReg:0.65347]
[BlogFeedback] Starting epoch 10...
[BlogFeedback] Elapsed training time:2.67s
[BlogFeedback] Starting validation...
[BlogFeedback] Elapsed validation time:0.19s
[BlogFeedback] [Epoch=010] Train Loss=[QuantLoss=0.08251]Val loss = [QuantLoss=0.20971][QuantReg:0.62746]
[BlogFeedback] Starting epoch 11...
[BlogFeedback] Elapsed training time:2.64s
[BlogFeedback] Starting validation...
[BlogFeedback] Elapsed validation time:0.17s
[BlogFeedback] [Epoch=011] Train Loss=[QuantLoss=0.09995]Val loss = [QuantLoss=0.12494][QuantReg:0.65167][saved best model in this epoch]
[BlogFeedback] Starting epoch 12...
[BlogFeedback] Elapsed training time:2.62s
[BlogFeedback] Starting validation...
[BlogFeedback] Elapsed validation time:0.17s
[BlogFeedback] [Epoch=012] Train Loss=[QuantLoss=0.07741]Val loss = [QuantLoss=0.20090][QuantReg:0.66411]
[BlogFeedback] Starting epoch 13...
[BlogFeedback] Elapsed training time:2.57s
[BlogFeedback] Starting validation...
[BlogFeedback] Elapsed validation time:0.17s
[BlogFeedback] [Epoch=013] Train Loss=[QuantLoss=0.07861]Val loss = [QuantLoss=0.16302][QuantReg:0.65172]
[BlogFeedback] Starting epoch 14...
[BlogFeedback] Elapsed training time:2.62s
[BlogFeedback] Starting validation...
[BlogFeedback] Elapsed validation time:0.18s
[BlogFeedback] [Epoch=014] Train Loss=[QuantLoss=0.08238]Val loss = [QuantLoss=0.17646][QuantReg:0.66676]
[BlogFeedback] Starting epoch 15...
[BlogFeedback] Elapsed training time:2.65s
[BlogFeedback] Starting validation...
[BlogFeedback] Elapsed validation time:0.17s
[BlogFeedback] [Epoch=015] Train Loss=[QuantLoss=0.07020]Val loss = [QuantLoss=0.14135][QuantReg:0.65204]
[BlogFeedback] Starting epoch 16...
[BlogFeedback] Elapsed training time:2.58s
[BlogFeedback] Starting validation...
[BlogFeedback] Elapsed validation time:0.17s
[BlogFeedback] [Epoch=016] Train Loss=[QuantLoss=0.07567]Val loss = [QuantLoss=0.10098][QuantReg:0.64749][saved best model in this epoch]
[BlogFeedback] Starting epoch 17...
[BlogFeedback] Elapsed training time:2.63s
[BlogFeedback] Starting validation...
[BlogFeedback] Elapsed validation time:0.18s
[BlogFeedback] [Epoch=017] Train Loss=[QuantLoss=0.07020]Val loss = [QuantLoss=0.20335][QuantReg:0.65328]
[BlogFeedback] Starting epoch 18...
[BlogFeedback] Elapsed training time:2.65s
[BlogFeedback] Starting validation...
[BlogFeedback] Elapsed validation time:0.19s
[BlogFeedback] [Epoch=018] Train Loss=[QuantLoss=0.08380]Val loss = [QuantLoss=0.09539][QuantReg:0.66124][saved best model in this epoch]
[BlogFeedback] Starting epoch 19...
[BlogFeedback] Elapsed training time:2.62s
[BlogFeedback] Starting validation...
[BlogFeedback] Elapsed validation time:0.17s
[BlogFeedback] [Epoch=019] Train Loss=[QuantLoss=0.07069]Val loss = [QuantLoss=0.20791][QuantReg:0.65763]
[BlogFeedback] Starting epoch 20...
[BlogFeedback] Elapsed training time:2.63s
[BlogFeedback] Starting validation...
[BlogFeedback] Elapsed validation time:0.18s
[BlogFeedback] [Epoch=020] Train Loss=[QuantLoss=0.07761]Val loss = [QuantLoss=0.13497][QuantReg:0.66089]
[BlogFeedback] Starting epoch 21...
[BlogFeedback] Elapsed training time:2.65s
[BlogFeedback] Starting validation...
[BlogFeedback] Elapsed validation time:0.17s
[BlogFeedback] [Epoch=021] Train Loss=[QuantLoss=0.07209]Val loss = [QuantLoss=0.20920][QuantReg:0.64623]
[BlogFeedback] Starting epoch 22...
[BlogFeedback] Elapsed training time:2.62s
[BlogFeedback] Starting validation...
[BlogFeedback] Elapsed validation time:0.18s
[BlogFeedback] [Epoch=022] Train Loss=[QuantLoss=0.07659]Val loss = [QuantLoss=0.17806][QuantReg:0.64797]
[BlogFeedback] Starting epoch 23...
[BlogFeedback] Elapsed training time:2.57s
[BlogFeedback] Starting validation...
[BlogFeedback] Elapsed validation time:0.17s
[BlogFeedback] [Epoch=023] Train Loss=[QuantLoss=0.07466]Val loss = [QuantLoss=0.14321][QuantReg:0.65447]
[BlogFeedback] Starting epoch 24...
[BlogFeedback] Elapsed training time:2.65s
[BlogFeedback] Starting validation...
[BlogFeedback] Elapsed validation time:0.16s
[BlogFeedback] [Epoch=024] Train Loss=[QuantLoss=0.09050]Val loss = [QuantLoss=0.16192][QuantReg:0.62548]
[BlogFeedback] Starting epoch 25...
[BlogFeedback] Elapsed training time:2.63s
[BlogFeedback] Starting validation...
[BlogFeedback] Elapsed validation time:0.18s
[BlogFeedback] [Epoch=025] Train Loss=[QuantLoss=0.07461]Val loss = [QuantLoss=0.24911][QuantReg:0.62314]
[BlogFeedback] Starting epoch 26...
[BlogFeedback] Elapsed training time:2.63s
[BlogFeedback] Starting validation...
[BlogFeedback] Elapsed validation time:0.17s
[BlogFeedback] [Epoch=026] Train Loss=[QuantLoss=0.08914]Val loss = [QuantLoss=0.16381][QuantReg:0.61555]
[BlogFeedback] Starting epoch 27...
[BlogFeedback] Elapsed training time:2.62s
[BlogFeedback] Starting validation...
[BlogFeedback] Elapsed validation time:0.19s
[BlogFeedback] [Epoch=027] Train Loss=[QuantLoss=0.07289]Val loss = [QuantLoss=0.19895][QuantReg:0.64218]
[BlogFeedback] Starting epoch 28...
[BlogFeedback] Elapsed training time:2.68s
[BlogFeedback] Starting validation...
[BlogFeedback] Elapsed validation time:0.19s
[BlogFeedback] [Epoch=028] Train Loss=[QuantLoss=0.08099]Val loss = [QuantLoss=0.14256][QuantReg:0.63290]
[BlogFeedback] Starting epoch 29...
[BlogFeedback] Elapsed training time:2.65s
[BlogFeedback] Starting validation...
[BlogFeedback] Elapsed validation time:0.16s
[BlogFeedback] [Epoch=029] Train Loss=[QuantLoss=0.07144]Val loss = [QuantLoss=0.23467][QuantReg:0.62202]
[BlogFeedback] Starting epoch 30...
[BlogFeedback] Elapsed training time:2.65s
[BlogFeedback] Starting validation...
[BlogFeedback] Elapsed validation time:0.18s
[BlogFeedback] [Epoch=030] Train Loss=[QuantLoss=0.08579]Val loss = [QuantLoss=0.17221][QuantReg:0.64013]
[BlogFeedback] Starting epoch 31...
[BlogFeedback] Elapsed training time:2.61s
[BlogFeedback] Starting validation...
[BlogFeedback] Elapsed validation time:0.28s
[BlogFeedback] [Epoch=031] Train Loss=[QuantLoss=0.06925]Val loss = [QuantLoss=0.12767][QuantReg:0.63622]
[BlogFeedback] Starting epoch 32...
[BlogFeedback] Elapsed training time:2.62s
[BlogFeedback] Starting validation...
[BlogFeedback] Elapsed validation time:0.17s
[BlogFeedback] [Epoch=032] Train Loss=[QuantLoss=0.06546]Val loss = [QuantLoss=0.12493][QuantReg:0.66706]
[BlogFeedback] Starting epoch 33...
[BlogFeedback] Elapsed training time:2.63s
[BlogFeedback] Starting validation...
[BlogFeedback] Elapsed validation time:0.25s
[BlogFeedback] [Epoch=033] Train Loss=[QuantLoss=0.06462]Val loss = [QuantLoss=0.11948][QuantReg:0.64949]
[BlogFeedback] Starting epoch 34...
[BlogFeedback] Elapsed training time:2.70s
[BlogFeedback] Starting validation...
[BlogFeedback] Elapsed validation time:0.26s
[BlogFeedback] [Epoch=034] Train Loss=[QuantLoss=0.06507]Val loss = [QuantLoss=0.18167][QuantReg:0.64441]
[BlogFeedback] Starting epoch 35...
[BlogFeedback] Elapsed training time:2.69s
[BlogFeedback] Starting validation...
[BlogFeedback] Elapsed validation time:0.26s
[BlogFeedback] [Epoch=035] Train Loss=[QuantLoss=0.07468]Val loss = [QuantLoss=0.14745][QuantReg:0.61239]
[BlogFeedback] Starting epoch 36...
[BlogFeedback] Elapsed training time:2.68s
[BlogFeedback] Starting validation...
[BlogFeedback] Elapsed validation time:0.25s
[BlogFeedback] [Epoch=036] Train Loss=[QuantLoss=0.06434]Val loss = [QuantLoss=0.17252][QuantReg:0.65934]
[BlogFeedback] Starting epoch 37...
[BlogFeedback] Elapsed training time:2.62s
[BlogFeedback] Starting validation...
[BlogFeedback] Elapsed validation time:0.26s
[BlogFeedback] [Epoch=037] Train Loss=[QuantLoss=0.07253]Val loss = [QuantLoss=0.13476][QuantReg:0.61610]
[BlogFeedback] Starting epoch 38...
[BlogFeedback] Elapsed training time:2.64s
[BlogFeedback] Starting validation...
[BlogFeedback] Elapsed validation time:0.25s
[BlogFeedback] [Epoch=038] Train Loss=[QuantLoss=0.06367]Val loss = [QuantLoss=0.12432][QuantReg:0.65363]
[BlogFeedback] Starting epoch 39...
[BlogFeedback] Elapsed training time:2.64s
[BlogFeedback] Starting validation...
[BlogFeedback] Elapsed validation time:0.27s
[BlogFeedback] [Epoch=039] Train Loss=[QuantLoss=0.06645]Val loss = [QuantLoss=0.13751][QuantReg:0.65625]
[BlogFeedback] Starting epoch 40...
[BlogFeedback] Elapsed training time:2.67s
[BlogFeedback] Starting validation...
[BlogFeedback] Elapsed validation time:0.27s
[BlogFeedback] [Epoch=040] Train Loss=[QuantLoss=0.07629]Val loss = [QuantLoss=0.13737][QuantReg:0.62075]
[BlogFeedback] Starting epoch 41...
[BlogFeedback] Elapsed training time:2.65s
[BlogFeedback] Starting validation...
[BlogFeedback] Elapsed validation time:0.25s
[BlogFeedback] [Epoch=041] Train Loss=[QuantLoss=0.09029]Val loss = [QuantLoss=0.17873][QuantReg:0.63742]
[BlogFeedback] Starting epoch 42...
[BlogFeedback] Elapsed training time:2.65s
[BlogFeedback] Starting validation...
[BlogFeedback] Elapsed validation time:0.26s
[BlogFeedback] [Epoch=042] Train Loss=[QuantLoss=0.08288]Val loss = [QuantLoss=0.20825][QuantReg:0.63951]
[BlogFeedback] Starting epoch 43...
[BlogFeedback] Elapsed training time:2.65s
[BlogFeedback] Starting validation...
[BlogFeedback] Elapsed validation time:0.26s
[BlogFeedback] [Epoch=043] Train Loss=[QuantLoss=0.09049]Val loss = [QuantLoss=0.09276][QuantReg:0.64413][saved best model in this epoch]
[BlogFeedback] Starting epoch 44...
[BlogFeedback] Elapsed training time:2.68s
[BlogFeedback] Starting validation...
[BlogFeedback] Elapsed validation time:0.24s
[BlogFeedback] [Epoch=044] Train Loss=[QuantLoss=0.08466]Val loss = [QuantLoss=0.13255][QuantReg:0.60672]
[BlogFeedback] Starting epoch 45...
[BlogFeedback] Elapsed training time:2.64s
[BlogFeedback] Starting validation...
[BlogFeedback] Elapsed validation time:0.25s
[BlogFeedback] [Epoch=045] Train Loss=[QuantLoss=0.08950]Val loss = [QuantLoss=0.16752][QuantReg:0.62081]
[BlogFeedback] Starting epoch 46...
[BlogFeedback] Elapsed training time:2.64s
[BlogFeedback] Starting validation...
[BlogFeedback] Elapsed validation time:0.25s
[BlogFeedback] [Epoch=046] Train Loss=[QuantLoss=0.09291]Val loss = [QuantLoss=0.11088][QuantReg:0.60556]
[BlogFeedback] Starting epoch 47...
[BlogFeedback] Elapsed training time:2.62s
[BlogFeedback] Starting validation...
[BlogFeedback] Elapsed validation time:0.25s
[BlogFeedback] [Epoch=047] Train Loss=[QuantLoss=0.08157]Val loss = [QuantLoss=0.13518][QuantReg:0.63395]
[BlogFeedback] Starting epoch 48...
[BlogFeedback] Elapsed training time:2.73s
[BlogFeedback] Starting validation...
[BlogFeedback] Elapsed validation time:0.27s
[BlogFeedback] [Epoch=048] Train Loss=[QuantLoss=0.08524]Val loss = [QuantLoss=0.21203][QuantReg:0.62414]
[BlogFeedback] Starting epoch 49...
[BlogFeedback] Elapsed training time:2.68s
[BlogFeedback] Starting validation...
[BlogFeedback] Elapsed validation time:0.25s
[BlogFeedback] [Epoch=049] Train Loss=[QuantLoss=0.07795]Val loss = [QuantLoss=0.22115][QuantReg:0.61795]
[BlogFeedback] Starting epoch 50...
[BlogFeedback] Elapsed training time:2.62s
[BlogFeedback] Starting validation...
[BlogFeedback] Elapsed validation time:0.25s
[BlogFeedback] [Epoch=050] Train Loss=[QuantLoss=0.09575]Val loss = [QuantLoss=0.09826][QuantReg:0.63990]
[BlogFeedback] Starting epoch 51...
[BlogFeedback] Elapsed training time:2.63s
[BlogFeedback] Starting validation...
[BlogFeedback] Elapsed validation time:0.27s
[BlogFeedback] [Epoch=051] Train Loss=[QuantLoss=0.08128]Val loss = [QuantLoss=0.18781][QuantReg:0.61013]
[BlogFeedback] Starting epoch 52...
[BlogFeedback] Elapsed training time:2.64s
[BlogFeedback] Starting validation...
[BlogFeedback] Elapsed validation time:0.25s
[BlogFeedback] [Epoch=052] Train Loss=[QuantLoss=0.08469]Val loss = [QuantLoss=0.18954][QuantReg:0.63811]
[BlogFeedback] Starting epoch 53...
[BlogFeedback] Elapsed training time:2.65s
[BlogFeedback] Starting validation...
[BlogFeedback] Elapsed validation time:0.28s
[BlogFeedback] [Epoch=053] Train Loss=[QuantLoss=0.09108]Val loss = [QuantLoss=0.11782][QuantReg:0.60816]
[BlogFeedback] Starting epoch 54...
[BlogFeedback] Elapsed training time:2.64s
[BlogFeedback] Starting validation...
[BlogFeedback] Elapsed validation time:0.25s
[BlogFeedback] [Epoch=054] Train Loss=[QuantLoss=0.08924]Val loss = [QuantLoss=0.08788][QuantReg:0.61847][saved best model in this epoch]
[BlogFeedback] Starting epoch 55...
[BlogFeedback] Elapsed training time:2.63s
[BlogFeedback] Starting validation...
[BlogFeedback] Elapsed validation time:0.25s
[BlogFeedback] [Epoch=055] Train Loss=[QuantLoss=0.08132]Val loss = [QuantLoss=0.06824][QuantReg:0.61538][saved best model in this epoch]
[BlogFeedback] Starting epoch 56...
[BlogFeedback] Elapsed training time:2.67s
[BlogFeedback] Starting validation...
[BlogFeedback] Elapsed validation time:0.25s
[BlogFeedback] [Epoch=056] Train Loss=[QuantLoss=0.07856]Val loss = [QuantLoss=0.09742][QuantReg:0.62458]
[BlogFeedback] Starting epoch 57...
[BlogFeedback] Elapsed training time:2.69s
[BlogFeedback] Starting validation...
[BlogFeedback] Elapsed validation time:0.26s
[BlogFeedback] [Epoch=057] Train Loss=[QuantLoss=0.07996]Val loss = [QuantLoss=0.17752][QuantReg:0.63403]
[BlogFeedback] Starting epoch 58...
[BlogFeedback] Elapsed training time:2.67s
[BlogFeedback] Starting validation...
[BlogFeedback] Elapsed validation time:0.25s
[BlogFeedback] [Epoch=058] Train Loss=[QuantLoss=0.08623]Val loss = [QuantLoss=0.20372][QuantReg:0.61537]
[BlogFeedback] Starting epoch 59...
[BlogFeedback] Elapsed training time:2.64s
[BlogFeedback] Starting validation...
[BlogFeedback] Elapsed validation time:0.25s
[BlogFeedback] [Epoch=059] Train Loss=[QuantLoss=0.08957]Val loss = [QuantLoss=0.17015][QuantReg:0.61297]
[BlogFeedback] Starting epoch 60...
[BlogFeedback] Elapsed training time:2.68s
[BlogFeedback] Starting validation...
[BlogFeedback] Elapsed validation time:0.25s
[BlogFeedback] [Epoch=060] Train Loss=[QuantLoss=0.08045]Val loss = [QuantLoss=0.06731][QuantReg:0.62443][saved best model in this epoch]
[BlogFeedback] Starting epoch 61...
[BlogFeedback] Elapsed training time:2.67s
[BlogFeedback] Starting validation...
[BlogFeedback] Elapsed validation time:0.26s
[BlogFeedback] [Epoch=061] Train Loss=[QuantLoss=0.07995]Val loss = [QuantLoss=0.08672][QuantReg:0.63593]
[BlogFeedback] Starting epoch 62...
[BlogFeedback] Elapsed training time:2.63s
[BlogFeedback] Starting validation...
[BlogFeedback] Elapsed validation time:0.26s
[BlogFeedback] [Epoch=062] Train Loss=[QuantLoss=0.07697]Val loss = [QuantLoss=0.13242][QuantReg:0.58730]
[BlogFeedback] Starting epoch 63...
[BlogFeedback] Elapsed training time:2.66s
[BlogFeedback] Starting validation...
[BlogFeedback] Elapsed validation time:0.26s
[BlogFeedback] [Epoch=063] Train Loss=[QuantLoss=0.08420]Val loss = [QuantLoss=0.11031][QuantReg:0.61592]
[BlogFeedback] Starting epoch 64...
[BlogFeedback] Elapsed training time:2.65s
[BlogFeedback] Starting validation...
[BlogFeedback] Elapsed validation time:0.26s
[BlogFeedback] [Epoch=064] Train Loss=[QuantLoss=0.08413]Val loss = [QuantLoss=0.05985][QuantReg:0.60990][saved best model in this epoch]
[BlogFeedback] Starting epoch 65...
[BlogFeedback] Elapsed training time:2.69s
[BlogFeedback] Starting validation...
[BlogFeedback] Elapsed validation time:0.25s
[BlogFeedback] [Epoch=065] Train Loss=[QuantLoss=0.08181]Val loss = [QuantLoss=0.16011][QuantReg:0.61632]
[BlogFeedback] Starting epoch 66...
[BlogFeedback] Elapsed training time:2.78s
[BlogFeedback] Starting validation...
[BlogFeedback] Elapsed validation time:0.16s
[BlogFeedback] [Epoch=066] Train Loss=[QuantLoss=0.08848]Val loss = [QuantLoss=0.05969][QuantReg:0.61727][saved best model in this epoch]
[BlogFeedback] Starting epoch 67...
[BlogFeedback] Elapsed training time:2.63s
[BlogFeedback] Starting validation...
[BlogFeedback] Elapsed validation time:0.19s
[BlogFeedback] [Epoch=067] Train Loss=[QuantLoss=0.08270]Val loss = [QuantLoss=0.11605][QuantReg:0.61270]
[BlogFeedback] Starting epoch 68...
[BlogFeedback] Elapsed training time:2.68s
[BlogFeedback] Starting validation...
[BlogFeedback] Elapsed validation time:0.18s
[BlogFeedback] [Epoch=068] Train Loss=[QuantLoss=0.08091]Val loss = [QuantLoss=0.08108][QuantReg:0.62959]
[BlogFeedback] Starting epoch 69...
[BlogFeedback] Elapsed training time:2.65s
[BlogFeedback] Starting validation...
[BlogFeedback] Elapsed validation time:0.18s
[BlogFeedback] [Epoch=069] Train Loss=[QuantLoss=0.08055]Val loss = [QuantLoss=0.11876][QuantReg:0.60479]
[BlogFeedback] Starting epoch 70...
[BlogFeedback] Elapsed training time:2.64s
[BlogFeedback] Starting validation...
[BlogFeedback] Elapsed validation time:0.19s
[BlogFeedback] [Epoch=070] Train Loss=[QuantLoss=0.08170]Val loss = [QuantLoss=0.08564][QuantReg:0.62727]
[BlogFeedback] Starting epoch 71...
[BlogFeedback] Elapsed training time:2.68s
[BlogFeedback] Starting validation...
[BlogFeedback] Elapsed validation time:0.17s
[BlogFeedback] [Epoch=071] Train Loss=[QuantLoss=0.07815]Val loss = [QuantLoss=0.15545][QuantReg:0.62859]
[BlogFeedback] Starting epoch 72...
[BlogFeedback] Elapsed training time:2.61s
[BlogFeedback] Starting validation...
[BlogFeedback] Elapsed validation time:0.17s
[BlogFeedback] [Epoch=072] Train Loss=[QuantLoss=0.08486]Val loss = [QuantLoss=0.21821][QuantReg:0.59983]
[BlogFeedback] Starting epoch 73...
[BlogFeedback] Elapsed training time:2.60s
[BlogFeedback] Starting validation...
[BlogFeedback] Elapsed validation time:0.16s
[BlogFeedback] [Epoch=073] Train Loss=[QuantLoss=0.07768]Val loss = [QuantLoss=0.23825][QuantReg:0.61054]
[BlogFeedback] Starting epoch 74...
[BlogFeedback] Elapsed training time:2.61s
[BlogFeedback] Starting validation...
[BlogFeedback] Elapsed validation time:0.16s
[BlogFeedback] [Epoch=074] Train Loss=[QuantLoss=0.08925]Val loss = [QuantLoss=0.13377][QuantReg:0.61841]
[BlogFeedback] Starting epoch 75...
[BlogFeedback] Elapsed training time:2.66s
[BlogFeedback] Starting validation...
[BlogFeedback] Elapsed validation time:0.18s
[BlogFeedback] [Epoch=075] Train Loss=[QuantLoss=0.08747]Val loss = [QuantLoss=0.11663][QuantReg:0.61565]
[BlogFeedback] Starting epoch 76...
[BlogFeedback] Elapsed training time:2.66s
[BlogFeedback] Starting validation...
[BlogFeedback] Elapsed validation time:0.17s
[BlogFeedback] [Epoch=076] Train Loss=[QuantLoss=0.08039]Val loss = [QuantLoss=0.14829][QuantReg:0.61876]
[BlogFeedback] Starting epoch 77...
[BlogFeedback] Elapsed training time:2.63s
[BlogFeedback] Starting validation...
[BlogFeedback] Elapsed validation time:0.17s
[BlogFeedback] [Epoch=077] Train Loss=[QuantLoss=0.08108]Val loss = [QuantLoss=0.17365][QuantReg:0.61348]
[BlogFeedback] Starting epoch 78...
[BlogFeedback] Elapsed training time:2.67s
[BlogFeedback] Starting validation...
[BlogFeedback] Elapsed validation time:0.19s
[BlogFeedback] [Epoch=078] Train Loss=[QuantLoss=0.08188]Val loss = [QuantLoss=0.17705][QuantReg:0.59956]
[BlogFeedback] Starting epoch 79...
[BlogFeedback] Elapsed training time:2.63s
[BlogFeedback] Starting validation...
[BlogFeedback] Elapsed validation time:0.17s
[BlogFeedback] [Epoch=079] Train Loss=[QuantLoss=0.08815]Val loss = [QuantLoss=0.06406][QuantReg:0.61883]
[BlogFeedback] Starting epoch 80...
[BlogFeedback] Elapsed training time:2.66s
[BlogFeedback] Starting validation...
[BlogFeedback] Elapsed validation time:0.16s
[BlogFeedback] [Epoch=080] Train Loss=[QuantLoss=0.07459]Val loss = [QuantLoss=0.14173][QuantReg:0.59947]
[BlogFeedback] Starting epoch 81...
[BlogFeedback] Elapsed training time:2.65s
[BlogFeedback] Starting validation...
[BlogFeedback] Elapsed validation time:0.18s
[BlogFeedback] [Epoch=081] Train Loss=[QuantLoss=0.08186]Val loss = [QuantLoss=0.17721][QuantReg:0.60714]
[BlogFeedback] Starting epoch 82...
[BlogFeedback] Elapsed training time:2.69s
[BlogFeedback] Starting validation...
[BlogFeedback] Elapsed validation time:0.17s
[BlogFeedback] [Epoch=082] Train Loss=[QuantLoss=0.08325]Val loss = [QuantLoss=0.21210][QuantReg:0.58365]
[BlogFeedback] Starting epoch 83...
[BlogFeedback] Elapsed training time:2.67s
[BlogFeedback] Starting validation...
[BlogFeedback] Elapsed validation time:0.18s
[BlogFeedback] [Epoch=083] Train Loss=[QuantLoss=0.08142]Val loss = [QuantLoss=0.05141][QuantReg:0.62853][saved best model in this epoch]
[BlogFeedback] Starting epoch 84...
[BlogFeedback] Elapsed training time:2.63s
[BlogFeedback] Starting validation...
[BlogFeedback] Elapsed validation time:0.19s
[BlogFeedback] [Epoch=084] Train Loss=[QuantLoss=0.07421]Val loss = [QuantLoss=0.12003][QuantReg:0.62107]
[BlogFeedback] Starting epoch 85...
[BlogFeedback] Elapsed training time:2.63s
[BlogFeedback] Starting validation...
[BlogFeedback] Elapsed validation time:0.17s
[BlogFeedback] [Epoch=085] Train Loss=[QuantLoss=0.07656]Val loss = [QuantLoss=0.09403][QuantReg:0.59951]
[BlogFeedback] Starting epoch 86...
[BlogFeedback] Elapsed training time:2.65s
[BlogFeedback] Starting validation...
[BlogFeedback] Elapsed validation time:0.17s
[BlogFeedback] [Epoch=086] Train Loss=[QuantLoss=0.08425]Val loss = [QuantLoss=0.11870][QuantReg:0.61048]
[BlogFeedback] Starting epoch 87...
[BlogFeedback] Elapsed training time:2.61s
[BlogFeedback] Starting validation...
[BlogFeedback] Elapsed validation time:0.16s
[BlogFeedback] [Epoch=087] Train Loss=[QuantLoss=0.08300]Val loss = [QuantLoss=0.15896][QuantReg:0.58183]
[BlogFeedback] Starting epoch 88...
[BlogFeedback] Elapsed training time:2.58s
[BlogFeedback] Starting validation...
[BlogFeedback] Elapsed validation time:0.17s
[BlogFeedback] [Epoch=088] Train Loss=[QuantLoss=0.08535]Val loss = [QuantLoss=0.20648][QuantReg:0.60519]
[BlogFeedback] Starting epoch 89...
[BlogFeedback] Elapsed training time:2.59s
[BlogFeedback] Starting validation...
[BlogFeedback] Elapsed validation time:0.18s
[BlogFeedback] [Epoch=089] Train Loss=[QuantLoss=0.08310]Val loss = [QuantLoss=0.14624][QuantReg:0.59942]
[BlogFeedback] Starting epoch 90...
[BlogFeedback] Elapsed training time:2.62s
[BlogFeedback] Starting validation...
[BlogFeedback] Elapsed validation time:0.17s
[BlogFeedback] [Epoch=090] Train Loss=[QuantLoss=0.08397]Val loss = [QuantLoss=0.10243][QuantReg:0.60425]
[BlogFeedback] Starting epoch 91...
[BlogFeedback] Elapsed training time:2.62s
[BlogFeedback] Starting validation...
[BlogFeedback] Elapsed validation time:0.17s
[BlogFeedback] [Epoch=091] Train Loss=[QuantLoss=0.07557]Val loss = [QuantLoss=0.19005][QuantReg:0.60552]
[BlogFeedback] Starting epoch 92...
[BlogFeedback] Elapsed training time:2.64s
[BlogFeedback] Starting validation...
[BlogFeedback] Elapsed validation time:0.16s
[BlogFeedback] [Epoch=092] Train Loss=[QuantLoss=0.08016]Val loss = [QuantLoss=0.21258][QuantReg:0.61061]
[BlogFeedback] Starting epoch 93...
[BlogFeedback] Elapsed training time:2.56s
[BlogFeedback] Starting validation...
[BlogFeedback] Elapsed validation time:0.20s
[BlogFeedback] [Epoch=093] Train Loss=[QuantLoss=0.08574]Val loss = [QuantLoss=0.14700][QuantReg:0.64216]
[BlogFeedback] Starting epoch 94...
[BlogFeedback] Elapsed training time:2.63s
[BlogFeedback] Starting validation...
[BlogFeedback] Elapsed validation time:0.17s
[BlogFeedback] [Epoch=094] Train Loss=[QuantLoss=0.08498]Val loss = [QuantLoss=0.19480][QuantReg:0.61539]
[BlogFeedback] Starting epoch 95...
[BlogFeedback] Elapsed training time:2.61s
[BlogFeedback] Starting validation...
[BlogFeedback] Elapsed validation time:0.18s
[BlogFeedback] [Epoch=095] Train Loss=[QuantLoss=0.08619]Val loss = [QuantLoss=0.16836][QuantReg:0.63096]
[BlogFeedback] Starting epoch 96...
[BlogFeedback] Elapsed training time:2.63s
[BlogFeedback] Starting validation...
[BlogFeedback] Elapsed validation time:0.26s
[BlogFeedback] [Epoch=096] Train Loss=[QuantLoss=0.08317]Val loss = [QuantLoss=0.12856][QuantReg:0.62087]
[BlogFeedback] Starting epoch 97...
[BlogFeedback] Elapsed training time:2.68s
[BlogFeedback] Starting validation...
[BlogFeedback] Elapsed validation time:0.26s
[BlogFeedback] [Epoch=097] Train Loss=[QuantLoss=0.08017]Val loss = [QuantLoss=0.11522][QuantReg:0.58780]
[BlogFeedback] Starting epoch 98...
[BlogFeedback] Elapsed training time:2.63s
[BlogFeedback] Starting validation...
[BlogFeedback] Elapsed validation time:0.26s
[BlogFeedback] [Epoch=098] Train Loss=[QuantLoss=0.08233]Val loss = [QuantLoss=0.17662][QuantReg:0.60542]
[BlogFeedback] Starting epoch 99...
[BlogFeedback] Elapsed training time:2.69s
[BlogFeedback] Starting validation...
[BlogFeedback] Elapsed validation time:0.25s
[BlogFeedback] [Epoch=099] Train Loss=[QuantLoss=0.07489]Val loss = [QuantLoss=0.18917][QuantReg:0.59397]
[BlogFeedback] Starting epoch 100...
[BlogFeedback] Elapsed training time:2.69s
[BlogFeedback] Starting validation...
[BlogFeedback] Elapsed validation time:0.26s
[BlogFeedback] [Epoch=100] Train Loss=[QuantLoss=0.07260]Val loss = [QuantLoss=0.16153][QuantReg:0.61448]
[BlogFeedback] Starting epoch 101...
[BlogFeedback] Elapsed training time:2.61s
[BlogFeedback] Starting validation...
[BlogFeedback] Elapsed validation time:0.25s
[BlogFeedback] [Epoch=101] Train Loss=[QuantLoss=0.08571]Val loss = [QuantLoss=0.13623][QuantReg:0.60565]
[BlogFeedback] Starting epoch 102...
[BlogFeedback] Elapsed training time:2.68s
[BlogFeedback] Starting validation...
[BlogFeedback] Elapsed validation time:0.27s
[BlogFeedback] [Epoch=102] Train Loss=[QuantLoss=0.07798]Val loss = [QuantLoss=0.17812][QuantReg:0.60358]
[BlogFeedback] Starting epoch 103...
[BlogFeedback] Elapsed training time:2.65s
[BlogFeedback] Starting validation...
[BlogFeedback] Elapsed validation time:0.24s
[BlogFeedback] [Epoch=103] Train Loss=[QuantLoss=0.08198]Val loss = [QuantLoss=0.10937][QuantReg:0.60540]
[BlogFeedback] Starting epoch 104...
[BlogFeedback] Elapsed training time:2.70s
[BlogFeedback] Starting validation...
[BlogFeedback] Elapsed validation time:0.26s
[BlogFeedback] [Epoch=104] Train Loss=[QuantLoss=0.08237]Val loss = [QuantLoss=0.12477][QuantReg:0.61254]
[BlogFeedback] Starting epoch 105...
[BlogFeedback] Elapsed training time:2.59s
[BlogFeedback] Starting validation...
[BlogFeedback] Elapsed validation time:0.26s
[BlogFeedback] [Epoch=105] Train Loss=[QuantLoss=0.08896]Val loss = [QuantLoss=0.05431][QuantReg:0.61575]
[BlogFeedback] Starting epoch 106...
[BlogFeedback] Elapsed training time:2.65s
[BlogFeedback] Starting validation...
[BlogFeedback] Elapsed validation time:0.26s
[BlogFeedback] [Epoch=106] Train Loss=[QuantLoss=0.07819]Val loss = [QuantLoss=0.03760][QuantReg:0.60104][saved best model in this epoch]
[BlogFeedback] Starting epoch 107...
[BlogFeedback] Elapsed training time:2.66s
[BlogFeedback] Starting validation...
[BlogFeedback] Elapsed validation time:0.24s
[BlogFeedback] [Epoch=107] Train Loss=[QuantLoss=0.06991]Val loss = [QuantLoss=0.03972][QuantReg:0.59706]
[BlogFeedback] Starting epoch 108...
[BlogFeedback] Elapsed training time:2.58s
[BlogFeedback] Starting validation...
[BlogFeedback] Elapsed validation time:0.25s
[BlogFeedback] [Epoch=108] Train Loss=[QuantLoss=0.06953]Val loss = [QuantLoss=0.03558][QuantReg:0.59453][saved best model in this epoch]
[BlogFeedback] Starting epoch 109...
[BlogFeedback] Elapsed training time:2.65s
[BlogFeedback] Starting validation...
[BlogFeedback] Elapsed validation time:0.25s
[BlogFeedback] [Epoch=109] Train Loss=[QuantLoss=0.06776]Val loss = [QuantLoss=0.03674][QuantReg:0.59073]
[BlogFeedback] Starting epoch 110...
[BlogFeedback] Elapsed training time:2.66s
[BlogFeedback] Starting validation...
[BlogFeedback] Elapsed validation time:0.27s
[BlogFeedback] [Epoch=110] Train Loss=[QuantLoss=0.06802]Val loss = [QuantLoss=0.03508][QuantReg:0.58168][saved best model in this epoch]
[BlogFeedback] Starting epoch 111...
[BlogFeedback] Elapsed training time:2.63s
[BlogFeedback] Starting validation...
[BlogFeedback] Elapsed validation time:0.26s
[BlogFeedback] [Epoch=111] Train Loss=[QuantLoss=0.06925]Val loss = [QuantLoss=0.03350][QuantReg:0.58294][saved best model in this epoch]
[BlogFeedback] Starting epoch 112...
[BlogFeedback] Elapsed training time:2.61s
[BlogFeedback] Starting validation...
[BlogFeedback] Elapsed validation time:0.25s
[BlogFeedback] [Epoch=112] Train Loss=[QuantLoss=0.06706]Val loss = [QuantLoss=0.03871][QuantReg:0.60199]
[BlogFeedback] Starting epoch 113...
[BlogFeedback] Elapsed training time:2.71s
[BlogFeedback] Starting validation...
[BlogFeedback] Elapsed validation time:0.25s
[BlogFeedback] [Epoch=113] Train Loss=[QuantLoss=0.06835]Val loss = [QuantLoss=0.03189][QuantReg:0.58343][saved best model in this epoch]
[BlogFeedback] Starting epoch 114...
[BlogFeedback] Elapsed training time:2.65s
[BlogFeedback] Starting validation...
[BlogFeedback] Elapsed validation time:0.25s
[BlogFeedback] [Epoch=114] Train Loss=[QuantLoss=0.06729]Val loss = [QuantLoss=0.03556][QuantReg:0.58423]
[BlogFeedback] Starting epoch 115...
[BlogFeedback] Elapsed training time:2.70s
[BlogFeedback] Starting validation...
[BlogFeedback] Elapsed validation time:0.25s
[BlogFeedback] [Epoch=115] Train Loss=[QuantLoss=0.06598]Val loss = [QuantLoss=0.03451][QuantReg:0.59302]
[BlogFeedback] Starting epoch 116...
[BlogFeedback] Elapsed training time:2.67s
[BlogFeedback] Starting validation...
[BlogFeedback] Elapsed validation time:0.25s
[BlogFeedback] [Epoch=116] Train Loss=[QuantLoss=0.06623]Val loss = [QuantLoss=0.03434][QuantReg:0.61978]
[BlogFeedback] Starting epoch 117...
[BlogFeedback] Elapsed training time:2.71s
[BlogFeedback] Starting validation...
[BlogFeedback] Elapsed validation time:0.26s
[BlogFeedback] [Epoch=117] Train Loss=[QuantLoss=0.06605]Val loss = [QuantLoss=0.03608][QuantReg:0.59309]
[BlogFeedback] Starting epoch 118...
[BlogFeedback] Elapsed training time:2.67s
[BlogFeedback] Starting validation...
[BlogFeedback] Elapsed validation time:0.25s
[BlogFeedback] [Epoch=118] Train Loss=[QuantLoss=0.06623]Val loss = [QuantLoss=0.03408][QuantReg:0.62494]
[BlogFeedback] Starting epoch 119...
[BlogFeedback] Elapsed training time:2.65s
[BlogFeedback] Starting validation...
[BlogFeedback] Elapsed validation time:0.26s
[BlogFeedback] [Epoch=119] Train Loss=[QuantLoss=0.06543]Val loss = [QuantLoss=0.03550][QuantReg:0.60145]
[BlogFeedback] Starting epoch 120...
[BlogFeedback] Elapsed training time:2.72s
[BlogFeedback] Starting validation...
[BlogFeedback] Elapsed validation time:0.26s
[BlogFeedback] [Epoch=120] Train Loss=[QuantLoss=0.06752]Val loss = [QuantLoss=0.03307][QuantReg:0.60715]
[BlogFeedback] Starting epoch 121...
[BlogFeedback] Elapsed training time:2.64s
[BlogFeedback] Starting validation...
[BlogFeedback] Elapsed validation time:0.27s
[BlogFeedback] [Epoch=121] Train Loss=[QuantLoss=0.06738]Val loss = [QuantLoss=0.03608][QuantReg:0.59836]
[BlogFeedback] Starting epoch 122...
[BlogFeedback] Elapsed training time:2.67s
[BlogFeedback] Starting validation...
[BlogFeedback] Elapsed validation time:0.25s
[BlogFeedback] [Epoch=122] Train Loss=[QuantLoss=0.06640]Val loss = [QuantLoss=0.03742][QuantReg:0.59332]
[BlogFeedback] Starting epoch 123...
[BlogFeedback] Elapsed training time:2.76s
[BlogFeedback] Starting validation...
[BlogFeedback] Elapsed validation time:0.26s
[BlogFeedback] [Epoch=123] Train Loss=[QuantLoss=0.06620]Val loss = [QuantLoss=0.03745][QuantReg:0.59876]
[BlogFeedback] Starting epoch 124...
[BlogFeedback] Elapsed training time:2.65s
[BlogFeedback] Starting validation...
[BlogFeedback] Elapsed validation time:0.25s
[BlogFeedback] [Epoch=124] Train Loss=[QuantLoss=0.06825]Val loss = [QuantLoss=0.03379][QuantReg:0.63618]
[BlogFeedback] Starting epoch 125...
[BlogFeedback] Elapsed training time:2.72s
[BlogFeedback] Starting validation...
[BlogFeedback] Elapsed validation time:0.26s
[BlogFeedback] [Epoch=125] Train Loss=[QuantLoss=0.06586]Val loss = [QuantLoss=0.03664][QuantReg:0.60851]
[BlogFeedback] Starting epoch 126...
[BlogFeedback] Elapsed training time:2.67s
[BlogFeedback] Starting validation...
[BlogFeedback] Elapsed validation time:0.26s
[BlogFeedback] [Epoch=126] Train Loss=[QuantLoss=0.06518]Val loss = [QuantLoss=0.03723][QuantReg:0.58058]
[BlogFeedback] Starting epoch 127...
[BlogFeedback] Elapsed training time:2.70s
[BlogFeedback] Starting validation...
[BlogFeedback] Elapsed validation time:0.26s
[BlogFeedback] [Epoch=127] Train Loss=[QuantLoss=0.06652]Val loss = [QuantLoss=0.03452][QuantReg:0.60118]
[BlogFeedback] Starting epoch 128...
[BlogFeedback] Elapsed training time:2.70s
[BlogFeedback] Starting validation...
[BlogFeedback] Elapsed validation time:0.26s
[BlogFeedback] [Epoch=128] Train Loss=[QuantLoss=0.06626]Val loss = [QuantLoss=0.03462][QuantReg:0.60988]
[BlogFeedback] Starting epoch 129...
[BlogFeedback] Elapsed training time:2.68s
[BlogFeedback] Starting validation...
[BlogFeedback] Elapsed validation time:0.26s
[BlogFeedback] [Epoch=129] Train Loss=[QuantLoss=0.06337]Val loss = [QuantLoss=0.03866][QuantReg:0.59119]
[BlogFeedback] Starting epoch 130...
[BlogFeedback] Elapsed training time:2.73s
[BlogFeedback] Starting validation...
[BlogFeedback] Elapsed validation time:0.21s
[BlogFeedback] [Epoch=130] Train Loss=[QuantLoss=0.06580]Val loss = [QuantLoss=0.03523][QuantReg:0.59916]
[BlogFeedback] Starting epoch 131...
[BlogFeedback] Elapsed training time:2.56s
[BlogFeedback] Starting validation...
[BlogFeedback] Elapsed validation time:0.17s
[BlogFeedback] [Epoch=131] Train Loss=[QuantLoss=0.06500]Val loss = [QuantLoss=0.03849][QuantReg:0.61419]
[BlogFeedback] Starting epoch 132...
[BlogFeedback] Elapsed training time:2.69s
[BlogFeedback] Starting validation...
[BlogFeedback] Elapsed validation time:0.17s
[BlogFeedback] [Epoch=132] Train Loss=[QuantLoss=0.06449]Val loss = [QuantLoss=0.03860][QuantReg:0.59980]
[BlogFeedback] Starting epoch 133...
[BlogFeedback] Elapsed training time:2.62s
[BlogFeedback] Starting validation...
[BlogFeedback] Elapsed validation time:0.18s
[BlogFeedback] [Epoch=133] Train Loss=[QuantLoss=0.06275]Val loss = [QuantLoss=0.03789][QuantReg:0.59650]
[BlogFeedback] Starting epoch 134...
[BlogFeedback] Elapsed training time:2.56s
[BlogFeedback] Starting validation...
[BlogFeedback] Elapsed validation time:0.18s
[BlogFeedback] [Epoch=134] Train Loss=[QuantLoss=0.06421]Val loss = [QuantLoss=0.03437][QuantReg:0.59368]
[BlogFeedback] Starting epoch 135...
[BlogFeedback] Elapsed training time:2.65s
[BlogFeedback] Starting validation...
[BlogFeedback] Elapsed validation time:0.17s
[BlogFeedback] [Epoch=135] Train Loss=[QuantLoss=0.06153]Val loss = [QuantLoss=0.03307][QuantReg:0.58527]
[BlogFeedback] Starting epoch 136...
[BlogFeedback] Elapsed training time:2.64s
[BlogFeedback] Starting validation...
[BlogFeedback] Elapsed validation time:0.19s
[BlogFeedback] [Epoch=136] Train Loss=[QuantLoss=0.06033]Val loss = [QuantLoss=0.03248][QuantReg:0.60313]
[BlogFeedback] Starting epoch 137...
[BlogFeedback] Elapsed training time:2.67s
[BlogFeedback] Starting validation...
[BlogFeedback] Elapsed validation time:0.17s
[BlogFeedback] [Epoch=137] Train Loss=[QuantLoss=0.05855]Val loss = [QuantLoss=0.03351][QuantReg:0.58719]
[BlogFeedback] Starting epoch 138...
[BlogFeedback] Elapsed training time:2.61s
[BlogFeedback] Starting validation...
[BlogFeedback] Elapsed validation time:0.16s
[BlogFeedback] [Epoch=138] Train Loss=[QuantLoss=0.05947]Val loss = [QuantLoss=0.03782][QuantReg:0.62661]
[BlogFeedback] Starting epoch 139...
[BlogFeedback] Elapsed training time:2.62s
[BlogFeedback] Starting validation...
[BlogFeedback] Elapsed validation time:0.17s
[BlogFeedback] [Epoch=139] Train Loss=[QuantLoss=0.06005]Val loss = [QuantLoss=0.03171][QuantReg:0.59064][saved best model in this epoch]
[BlogFeedback] Starting epoch 140...
[BlogFeedback] Elapsed training time:2.70s
[BlogFeedback] Starting validation...
[BlogFeedback] Elapsed validation time:0.17s
[BlogFeedback] [Epoch=140] Train Loss=[QuantLoss=0.05938]Val loss = [QuantLoss=0.03437][QuantReg:0.60356]
[BlogFeedback] Starting epoch 141...
[BlogFeedback] Elapsed training time:2.59s
[BlogFeedback] Starting validation...
[BlogFeedback] Elapsed validation time:0.16s
[BlogFeedback] [Epoch=141] Train Loss=[QuantLoss=0.05920]Val loss = [QuantLoss=0.03270][QuantReg:0.60407]
[BlogFeedback] Starting epoch 142...
[BlogFeedback] Elapsed training time:2.62s
[BlogFeedback] Starting validation...
[BlogFeedback] Elapsed validation time:0.17s
[BlogFeedback] [Epoch=142] Train Loss=[QuantLoss=0.05883]Val loss = [QuantLoss=0.03764][QuantReg:0.59544]
[BlogFeedback] Starting epoch 143...
[BlogFeedback] Elapsed training time:2.68s
[BlogFeedback] Starting validation...
[BlogFeedback] Elapsed validation time:0.17s
[BlogFeedback] [Epoch=143] Train Loss=[QuantLoss=0.05921]Val loss = [QuantLoss=0.03584][QuantReg:0.58094]
[BlogFeedback] Starting epoch 144...
[BlogFeedback] Elapsed training time:2.61s
[BlogFeedback] Starting validation...
[BlogFeedback] Elapsed validation time:0.16s
[BlogFeedback] [Epoch=144] Train Loss=[QuantLoss=0.06079]Val loss = [QuantLoss=0.03769][QuantReg:0.60515]
[BlogFeedback] Starting epoch 145...
[BlogFeedback] Elapsed training time:2.64s
[BlogFeedback] Starting validation...
[BlogFeedback] Elapsed validation time:0.16s
[BlogFeedback] [Epoch=145] Train Loss=[QuantLoss=0.05865]Val loss = [QuantLoss=0.03510][QuantReg:0.59835]
[BlogFeedback] Starting epoch 146...
[BlogFeedback] Elapsed training time:2.68s
[BlogFeedback] Starting validation...
[BlogFeedback] Elapsed validation time:0.17s
[BlogFeedback] [Epoch=146] Train Loss=[QuantLoss=0.05937]Val loss = [QuantLoss=0.03480][QuantReg:0.61067]
[BlogFeedback] Starting epoch 147...
[BlogFeedback] Elapsed training time:2.62s
[BlogFeedback] Starting validation...
[BlogFeedback] Elapsed validation time:0.18s
[BlogFeedback] [Epoch=147] Train Loss=[QuantLoss=0.05862]Val loss = [QuantLoss=0.03340][QuantReg:0.60797]
[BlogFeedback] Starting epoch 148...
[BlogFeedback] Elapsed training time:2.65s
[BlogFeedback] Starting validation...
[BlogFeedback] Elapsed validation time:0.20s
[BlogFeedback] [Epoch=148] Train Loss=[QuantLoss=0.05809]Val loss = [QuantLoss=0.03721][QuantReg:0.59476]
[BlogFeedback] Starting epoch 149...
[BlogFeedback] Elapsed training time:2.70s
[BlogFeedback] Starting validation...
[BlogFeedback] Elapsed validation time:0.17s
[BlogFeedback] [Epoch=149] Train Loss=[QuantLoss=0.05909]Val loss = [QuantLoss=0.03397][QuantReg:0.59784]
[BlogFeedback] Starting epoch 150...
[BlogFeedback] Elapsed training time:2.63s
[BlogFeedback] Starting validation...
[BlogFeedback] Elapsed validation time:0.17s
[BlogFeedback] [Epoch=150] Train Loss=[QuantLoss=0.05885]Val loss = [QuantLoss=0.03433][QuantReg:0.62698]
[BlogFeedback] Starting epoch 151...
[BlogFeedback] Elapsed training time:2.61s
[BlogFeedback] Starting validation...
[BlogFeedback] Elapsed validation time:0.26s
[BlogFeedback] [Epoch=151] Train Loss=[QuantLoss=0.05944]Val loss = [QuantLoss=0.03572][QuantReg:0.62294]
[BlogFeedback] Starting epoch 152...
[BlogFeedback] Elapsed training time:2.63s
[BlogFeedback] Starting validation...
[BlogFeedback] Elapsed validation time:0.20s
[BlogFeedback] [Epoch=152] Train Loss=[QuantLoss=0.05754]Val loss = [QuantLoss=0.03563][QuantReg:0.60695]
[BlogFeedback] Starting epoch 153...
[BlogFeedback] Elapsed training time:2.63s
[BlogFeedback] Starting validation...
[BlogFeedback] Elapsed validation time:0.25s
[BlogFeedback] [Epoch=153] Train Loss=[QuantLoss=0.05777]Val loss = [QuantLoss=0.03512][QuantReg:0.62347]
[BlogFeedback] Starting epoch 154...
[BlogFeedback] Elapsed training time:2.66s
[BlogFeedback] Starting validation...
[BlogFeedback] Elapsed validation time:0.28s
[BlogFeedback] [Epoch=154] Train Loss=[QuantLoss=0.05754]Val loss = [QuantLoss=0.03610][QuantReg:0.61309]
[BlogFeedback] Starting epoch 155...
[BlogFeedback] Elapsed training time:2.68s
[BlogFeedback] Starting validation...
[BlogFeedback] Elapsed validation time:0.24s
[BlogFeedback] [Epoch=155] Train Loss=[QuantLoss=0.05844]Val loss = [QuantLoss=0.03750][QuantReg:0.58436]
[BlogFeedback] Starting epoch 156...
[BlogFeedback] Elapsed training time:2.64s
[BlogFeedback] Starting validation...
[BlogFeedback] Elapsed validation time:0.26s
[BlogFeedback] [Epoch=156] Train Loss=[QuantLoss=0.05949]Val loss = [QuantLoss=0.03639][QuantReg:0.60170]
[BlogFeedback] Starting epoch 157...
[BlogFeedback] Elapsed training time:2.63s
[BlogFeedback] Starting validation...
[BlogFeedback] Elapsed validation time:0.25s
[BlogFeedback] [Epoch=157] Train Loss=[QuantLoss=0.05884]Val loss = [QuantLoss=0.03954][QuantReg:0.58811]
[BlogFeedback] Starting epoch 158...
[BlogFeedback] Elapsed training time:2.66s
[BlogFeedback] Starting validation...
[BlogFeedback] Elapsed validation time:0.25s
[BlogFeedback] [Epoch=158] Train Loss=[QuantLoss=0.05761]Val loss = [QuantLoss=0.03485][QuantReg:0.60165]
[BlogFeedback] Starting epoch 159...
[BlogFeedback] Elapsed training time:2.62s
[BlogFeedback] Starting validation...
[BlogFeedback] Elapsed validation time:0.25s
[BlogFeedback] [Epoch=159] Train Loss=[QuantLoss=0.05802]Val loss = [QuantLoss=0.03435][QuantReg:0.60768]
[BlogFeedback] Starting epoch 160...
[BlogFeedback] Elapsed training time:2.68s
[BlogFeedback] Starting validation...
[BlogFeedback] Elapsed validation time:0.26s
[BlogFeedback] [Epoch=160] Train Loss=[QuantLoss=0.05873]Val loss = [QuantLoss=0.03651][QuantReg:0.58836]
[BlogFeedback] Starting epoch 161...
[BlogFeedback] Elapsed training time:2.62s
[BlogFeedback] Starting validation...
[BlogFeedback] Elapsed validation time:0.25s
[BlogFeedback] [Epoch=161] Train Loss=[QuantLoss=0.05694]Val loss = [QuantLoss=0.03579][QuantReg:0.63171]
[BlogFeedback] Starting epoch 162...
[BlogFeedback] Elapsed training time:2.64s
[BlogFeedback] Starting validation...
[BlogFeedback] Elapsed validation time:0.27s
[BlogFeedback] [Epoch=162] Train Loss=[QuantLoss=0.05637]Val loss = [QuantLoss=0.03404][QuantReg:0.61217]
[BlogFeedback] Starting epoch 163...
[BlogFeedback] Elapsed training time:2.57s
[BlogFeedback] Starting validation...
[BlogFeedback] Elapsed validation time:0.25s
[BlogFeedback] [Epoch=163] Train Loss=[QuantLoss=0.05662]Val loss = [QuantLoss=0.03544][QuantReg:0.60637]
[BlogFeedback] Starting epoch 164...
[BlogFeedback] Elapsed training time:2.69s
[BlogFeedback] Starting validation...
[BlogFeedback] Elapsed validation time:0.25s
[BlogFeedback] [Epoch=164] Train Loss=[QuantLoss=0.05593]Val loss = [QuantLoss=0.03271][QuantReg:0.61629]
[BlogFeedback] Starting epoch 165...
[BlogFeedback] Elapsed training time:2.69s
[BlogFeedback] Starting validation...
[BlogFeedback] Elapsed validation time:0.28s
[BlogFeedback] [Epoch=165] Train Loss=[QuantLoss=0.05607]Val loss = [QuantLoss=0.03732][QuantReg:0.61347]
[BlogFeedback] Starting epoch 166...
[BlogFeedback] Elapsed training time:2.66s
[BlogFeedback] Starting validation...
[BlogFeedback] Elapsed validation time:0.25s
[BlogFeedback] [Epoch=166] Train Loss=[QuantLoss=0.05564]Val loss = [QuantLoss=0.03569][QuantReg:0.60857]
[BlogFeedback] Starting epoch 167...
[BlogFeedback] Elapsed training time:2.65s
[BlogFeedback] Starting validation...
[BlogFeedback] Elapsed validation time:0.25s
[BlogFeedback] [Epoch=167] Train Loss=[QuantLoss=0.05425]Val loss = [QuantLoss=0.03492][QuantReg:0.63942]
[BlogFeedback] Starting epoch 168...
[BlogFeedback] Elapsed training time:2.65s
[BlogFeedback] Starting validation...
[BlogFeedback] Elapsed validation time:0.25s
[BlogFeedback] [Epoch=168] Train Loss=[QuantLoss=0.05477]Val loss = [QuantLoss=0.03450][QuantReg:0.60242]
[BlogFeedback] Starting epoch 169...
[BlogFeedback] Elapsed training time:2.65s
[BlogFeedback] Starting validation...
[BlogFeedback] Elapsed validation time:0.25s
[BlogFeedback] [Epoch=169] Train Loss=[QuantLoss=0.05587]Val loss = [QuantLoss=0.03651][QuantReg:0.60047]
[BlogFeedback] Starting epoch 170...
[BlogFeedback] Elapsed training time:2.67s
[BlogFeedback] Starting validation...
[BlogFeedback] Elapsed validation time:0.25s
[BlogFeedback] [Epoch=170] Train Loss=[QuantLoss=0.05619]Val loss = [QuantLoss=0.03402][QuantReg:0.60001]
[BlogFeedback] Starting epoch 171...
[BlogFeedback] Elapsed training time:2.63s
[BlogFeedback] Starting validation...
[BlogFeedback] Elapsed validation time:0.25s
[BlogFeedback] [Epoch=171] Train Loss=[QuantLoss=0.05541]Val loss = [QuantLoss=0.03530][QuantReg:0.59768]
[BlogFeedback] Starting epoch 172...
[BlogFeedback] Elapsed training time:2.64s
[BlogFeedback] Starting validation...
[BlogFeedback] Elapsed validation time:0.26s
[BlogFeedback] [Epoch=172] Train Loss=[QuantLoss=0.05620]Val loss = [QuantLoss=0.03454][QuantReg:0.60135]
[BlogFeedback] Starting epoch 173...
[BlogFeedback] Elapsed training time:2.69s
[BlogFeedback] Starting validation...
[BlogFeedback] Elapsed validation time:0.25s
[BlogFeedback] [Epoch=173] Train Loss=[QuantLoss=0.05548]Val loss = [QuantLoss=0.03797][QuantReg:0.60840]
[BlogFeedback] Starting epoch 174...
[BlogFeedback] Elapsed training time:2.69s
[BlogFeedback] Starting validation...
[BlogFeedback] Elapsed validation time:0.26s
[BlogFeedback] [Epoch=174] Train Loss=[QuantLoss=0.05471]Val loss = [QuantLoss=0.03599][QuantReg:0.62033]
[BlogFeedback] Starting epoch 175...
[BlogFeedback] Elapsed training time:2.73s
[BlogFeedback] Starting validation...
[BlogFeedback] Elapsed validation time:0.26s
[BlogFeedback] [Epoch=175] Train Loss=[QuantLoss=0.05562]Val loss = [QuantLoss=0.03653][QuantReg:0.60398]
[BlogFeedback] Starting epoch 176...
[BlogFeedback] Elapsed training time:2.67s
[BlogFeedback] Starting validation...
[BlogFeedback] Elapsed validation time:0.25s
[BlogFeedback] [Epoch=176] Train Loss=[QuantLoss=0.05506]Val loss = [QuantLoss=0.03612][QuantReg:0.59689]
[BlogFeedback] Starting epoch 177...
[BlogFeedback] Elapsed training time:2.64s
[BlogFeedback] Starting validation...
[BlogFeedback] Elapsed validation time:0.26s
[BlogFeedback] [Epoch=177] Train Loss=[QuantLoss=0.05624]Val loss = [QuantLoss=0.03521][QuantReg:0.62406]
[BlogFeedback] Starting epoch 178...
[BlogFeedback] Elapsed training time:2.60s
[BlogFeedback] Starting validation...
[BlogFeedback] Elapsed validation time:0.28s
[BlogFeedback] [Epoch=178] Train Loss=[QuantLoss=0.05605]Val loss = [QuantLoss=0.03399][QuantReg:0.59711]
[BlogFeedback] Starting epoch 179...
[BlogFeedback] Elapsed training time:2.66s
[BlogFeedback] Starting validation...
[BlogFeedback] Elapsed validation time:0.26s
[BlogFeedback] [Epoch=179] Train Loss=[QuantLoss=0.05626]Val loss = [QuantLoss=0.03665][QuantReg:0.57534]
[BlogFeedback] Starting epoch 180...
[BlogFeedback] Elapsed training time:2.61s
[BlogFeedback] Starting validation...
[BlogFeedback] Elapsed validation time:0.25s
[BlogFeedback] [Epoch=180] Train Loss=[QuantLoss=0.05481]Val loss = [QuantLoss=0.03602][QuantReg:0.60450]
[BlogFeedback] Starting epoch 181...
[BlogFeedback] Elapsed training time:2.66s
[BlogFeedback] Starting validation...
[BlogFeedback] Elapsed validation time:0.25s
[BlogFeedback] [Epoch=181] Train Loss=[QuantLoss=0.05513]Val loss = [QuantLoss=0.03559][QuantReg:0.60927]
[BlogFeedback] Starting epoch 182...
[BlogFeedback] Elapsed training time:2.66s
[BlogFeedback] Starting validation...
[BlogFeedback] Elapsed validation time:0.25s
[BlogFeedback] [Epoch=182] Train Loss=[QuantLoss=0.05483]Val loss = [QuantLoss=0.03738][QuantReg:0.59574]
[BlogFeedback] Starting epoch 183...
[BlogFeedback] Elapsed training time:2.63s
[BlogFeedback] Starting validation...
[BlogFeedback] Elapsed validation time:0.26s
[BlogFeedback] [Epoch=183] Train Loss=[QuantLoss=0.05560]Val loss = [QuantLoss=0.03600][QuantReg:0.60113]
[BlogFeedback] Starting epoch 184...
[BlogFeedback] Elapsed training time:2.77s
[BlogFeedback] Starting validation...
[BlogFeedback] Elapsed validation time:0.18s
[BlogFeedback] [Epoch=184] Train Loss=[QuantLoss=0.05315]Val loss = [QuantLoss=0.03465][QuantReg:0.62923]
[BlogFeedback] Starting epoch 185...
[BlogFeedback] Elapsed training time:2.54s
[BlogFeedback] Starting validation...
[BlogFeedback] Elapsed validation time:0.16s
[BlogFeedback] [Epoch=185] Train Loss=[QuantLoss=0.05384]Val loss = [QuantLoss=0.03468][QuantReg:0.58885]
[BlogFeedback] Starting epoch 186...
[BlogFeedback] Elapsed training time:2.60s
[BlogFeedback] Starting validation...
[BlogFeedback] Elapsed validation time:0.17s
[BlogFeedback] [Epoch=186] Train Loss=[QuantLoss=0.05424]Val loss = [QuantLoss=0.03241][QuantReg:0.59932]
[BlogFeedback] Starting epoch 187...
[BlogFeedback] Elapsed training time:2.65s
[BlogFeedback] Starting validation...
[BlogFeedback] Elapsed validation time:0.17s
[BlogFeedback] [Epoch=187] Train Loss=[QuantLoss=0.05514]Val loss = [QuantLoss=0.03520][QuantReg:0.60848]
[BlogFeedback] Starting epoch 188...
[BlogFeedback] Elapsed training time:2.66s
[BlogFeedback] Starting validation...
[BlogFeedback] Elapsed validation time:0.18s
[BlogFeedback] [Epoch=188] Train Loss=[QuantLoss=0.05301]Val loss = [QuantLoss=0.03427][QuantReg:0.61081]
[BlogFeedback] Starting epoch 189...
[BlogFeedback] Elapsed training time:2.66s
[BlogFeedback] Starting validation...
[BlogFeedback] Elapsed validation time:0.17s
[BlogFeedback] [Epoch=189] Train Loss=[QuantLoss=0.05399]Val loss = [QuantLoss=0.03461][QuantReg:0.60572]
[BlogFeedback] Starting epoch 190...
[BlogFeedback] Elapsed training time:2.61s
[BlogFeedback] Starting validation...
[BlogFeedback] Elapsed validation time:0.16s
[BlogFeedback] [Epoch=190] Train Loss=[QuantLoss=0.05439]Val loss = [QuantLoss=0.03374][QuantReg:0.60056]
[BlogFeedback] Starting epoch 191...
[BlogFeedback] Elapsed training time:2.63s
[BlogFeedback] Starting validation...
[BlogFeedback] Elapsed validation time:0.19s
[BlogFeedback] [Epoch=191] Train Loss=[QuantLoss=0.05514]Val loss = [QuantLoss=0.03536][QuantReg:0.60166]
[BlogFeedback] Starting epoch 192...
[BlogFeedback] Elapsed training time:2.64s
[BlogFeedback] Starting validation...
[BlogFeedback] Elapsed validation time:0.18s
[BlogFeedback] [Epoch=192] Train Loss=[QuantLoss=0.05494]Val loss = [QuantLoss=0.03546][QuantReg:0.62548]
[BlogFeedback] Starting epoch 193...
[BlogFeedback] Elapsed training time:2.63s
[BlogFeedback] Starting validation...
[BlogFeedback] Elapsed validation time:0.17s
[BlogFeedback] [Epoch=193] Train Loss=[QuantLoss=0.05345]Val loss = [QuantLoss=0.03413][QuantReg:0.63365]
[BlogFeedback] Starting epoch 194...
[BlogFeedback] Elapsed training time:2.66s
[BlogFeedback] Starting validation...
[BlogFeedback] Elapsed validation time:0.18s
[BlogFeedback] [Epoch=194] Train Loss=[QuantLoss=0.05355]Val loss = [QuantLoss=0.03373][QuantReg:0.57233]
[BlogFeedback] Starting epoch 195...
[BlogFeedback] Elapsed training time:2.66s
[BlogFeedback] Starting validation...
[BlogFeedback] Elapsed validation time:0.17s
[BlogFeedback] [Epoch=195] Train Loss=[QuantLoss=0.05506]Val loss = [QuantLoss=0.03436][QuantReg:0.60690]
[BlogFeedback] Starting epoch 196...
[BlogFeedback] Elapsed training time:2.70s
[BlogFeedback] Starting validation...
[BlogFeedback] Elapsed validation time:0.19s
[BlogFeedback] [Epoch=196] Train Loss=[QuantLoss=0.05395]Val loss = [QuantLoss=0.03565][QuantReg:0.58624]
[BlogFeedback] Starting epoch 197...
[BlogFeedback] Elapsed training time:2.65s
[BlogFeedback] Starting validation...
[BlogFeedback] Elapsed validation time:0.16s
[BlogFeedback] [Epoch=197] Train Loss=[QuantLoss=0.05449]Val loss = [QuantLoss=0.03275][QuantReg:0.61058]
[BlogFeedback] Starting epoch 198...
[BlogFeedback] Elapsed training time:2.62s
[BlogFeedback] Starting validation...
[BlogFeedback] Elapsed validation time:0.18s
[BlogFeedback] [Epoch=198] Train Loss=[QuantLoss=0.05342]Val loss = [QuantLoss=0.03506][QuantReg:0.58040]
[BlogFeedback] Starting epoch 199...
[BlogFeedback] Elapsed training time:2.58s
[BlogFeedback] Starting validation...
[BlogFeedback] Elapsed validation time:0.16s
[BlogFeedback] [Epoch=199] Train Loss=[QuantLoss=0.05438]Val loss = [QuantLoss=0.03575][QuantReg:0.60729]
[BlogFeedback] Starting epoch 200...
[BlogFeedback] Elapsed training time:2.60s
[BlogFeedback] Starting validation...
[BlogFeedback] Elapsed validation time:0.16s
[BlogFeedback] [Epoch=200] Train Loss=[QuantLoss=0.05280]Val loss = [QuantLoss=0.03521][QuantReg:0.62017]
[BlogFeedback] Starting epoch 201...
[BlogFeedback] Elapsed training time:2.62s
[BlogFeedback] Starting validation...
[BlogFeedback] Elapsed validation time:0.17s
[BlogFeedback] [Epoch=201] Train Loss=[QuantLoss=0.05307]Val loss = [QuantLoss=0.03383][QuantReg:0.60222]
[BlogFeedback] Starting epoch 202...
[BlogFeedback] Elapsed training time:2.66s
[BlogFeedback] Starting validation...
[BlogFeedback] Elapsed validation time:0.17s
[BlogFeedback] [Epoch=202] Train Loss=[QuantLoss=0.05326]Val loss = [QuantLoss=0.03431][QuantReg:0.58480]
[BlogFeedback] Early stopping in epoch 202!
[BlogFeedback] Restoring best model...
MAE médio por bag: 0.0292 ± 0.0170
Resultados salvos em: resultados_blog/resultados_blog_kl_hardest_5.csv
