Dificuldade: None, modo: None, top_k: None
Dispositivo de treino: cuda
Carregando Financial PhraseBank (atrost/financial_phrasebank)...
Carregando embeddings do cache...
Ignoring val_split as train and val datasets where given to fit function
We have two datasets: training 2502907 examples. validation 150000 examples.]
Using device cuda
[FinancialPhraseBank] Starting epoch 0...
[FinancialPhraseBank] Elapsed training time:7.80s
[FinancialPhraseBank] Starting validation...
[FinancialPhraseBank] Elapsed validation time:1.18s
[FinancialPhraseBank] [Epoch=000] Train Loss=[QuantLoss=0.06016]Val loss = [QuantLoss=0.08772][QuantReg:0.75561][saved best model in this epoch]
[FinancialPhraseBank] Starting epoch 1...
[FinancialPhraseBank] Elapsed training time:7.59s
[FinancialPhraseBank] Starting validation...
[FinancialPhraseBank] Elapsed validation time:1.27s
[FinancialPhraseBank] [Epoch=001] Train Loss=[QuantLoss=0.03518]Val loss = [QuantLoss=0.03606][QuantReg:0.72487][saved best model in this epoch]
[FinancialPhraseBank] Starting epoch 2...
[FinancialPhraseBank] Elapsed training time:7.65s
[FinancialPhraseBank] Starting validation...
[FinancialPhraseBank] Elapsed validation time:1.16s
[FinancialPhraseBank] [Epoch=002] Train Loss=[QuantLoss=0.03598]Val loss = [QuantLoss=0.05414][QuantReg:0.66236]
[FinancialPhraseBank] Starting epoch 3...
[FinancialPhraseBank] Elapsed training time:7.65s
[FinancialPhraseBank] Starting validation...
[FinancialPhraseBank] Elapsed validation time:1.33s
[FinancialPhraseBank] [Epoch=003] Train Loss=[QuantLoss=0.03220]Val loss = [QuantLoss=0.05579][QuantReg:0.63981]
[FinancialPhraseBank] Starting epoch 4...
[FinancialPhraseBank] Elapsed training time:7.51s
[FinancialPhraseBank] Starting validation...
[FinancialPhraseBank] Elapsed validation time:1.16s
[FinancialPhraseBank] [Epoch=004] Train Loss=[QuantLoss=0.03316]Val loss = [QuantLoss=0.05429][QuantReg:0.61643]
[FinancialPhraseBank] Starting epoch 5...
[FinancialPhraseBank] Elapsed training time:7.49s
[FinancialPhraseBank] Starting validation...
[FinancialPhraseBank] Elapsed validation time:1.16s
[FinancialPhraseBank] [Epoch=005] Train Loss=[QuantLoss=0.03306]Val loss = [QuantLoss=0.04877][QuantReg:0.60962]
[FinancialPhraseBank] Starting epoch 6...
[FinancialPhraseBank] Elapsed training time:7.52s
[FinancialPhraseBank] Starting validation...
[FinancialPhraseBank] Elapsed validation time:1.23s
[FinancialPhraseBank] [Epoch=006] Train Loss=[QuantLoss=0.03709]Val loss = [QuantLoss=0.06310][QuantReg:0.58468]
[FinancialPhraseBank] Starting epoch 7...
[FinancialPhraseBank] Elapsed training time:7.53s
[FinancialPhraseBank] Starting validation...
[FinancialPhraseBank] Elapsed validation time:1.15s
[FinancialPhraseBank] [Epoch=007] Train Loss=[QuantLoss=0.03023]Val loss = [QuantLoss=0.07832][QuantReg:0.56610]
[FinancialPhraseBank] Starting epoch 8...
[FinancialPhraseBank] Elapsed training time:7.56s
[FinancialPhraseBank] Starting validation...
[FinancialPhraseBank] Elapsed validation time:1.29s
[FinancialPhraseBank] [Epoch=008] Train Loss=[QuantLoss=0.03347]Val loss = [QuantLoss=0.04343][QuantReg:0.54436]
[FinancialPhraseBank] Starting epoch 9...
[FinancialPhraseBank] Elapsed training time:7.65s
[FinancialPhraseBank] Starting validation...
[FinancialPhraseBank] Elapsed validation time:1.12s
[FinancialPhraseBank] [Epoch=009] Train Loss=[QuantLoss=0.03073]Val loss = [QuantLoss=0.04717][QuantReg:0.54309]
[FinancialPhraseBank] Starting epoch 10...
[FinancialPhraseBank] Elapsed training time:7.69s
[FinancialPhraseBank] Starting validation...
[FinancialPhraseBank] Elapsed validation time:1.24s
[FinancialPhraseBank] [Epoch=010] Train Loss=[QuantLoss=0.02865]Val loss = [QuantLoss=0.06286][QuantReg:0.54281]
[FinancialPhraseBank] Starting epoch 11...
[FinancialPhraseBank] Elapsed training time:7.53s
[FinancialPhraseBank] Starting validation...
[FinancialPhraseBank] Elapsed validation time:1.16s
[FinancialPhraseBank] [Epoch=011] Train Loss=[QuantLoss=0.02705]Val loss = [QuantLoss=0.05827][QuantReg:0.54669]
[FinancialPhraseBank] Starting epoch 12...
[FinancialPhraseBank] Elapsed training time:7.59s
[FinancialPhraseBank] Starting validation...
[FinancialPhraseBank] Elapsed validation time:1.23s
[FinancialPhraseBank] [Epoch=012] Train Loss=[QuantLoss=0.03151]Val loss = [QuantLoss=0.05060][QuantReg:0.55541]
[FinancialPhraseBank] Starting epoch 13...
[FinancialPhraseBank] Elapsed training time:7.66s
[FinancialPhraseBank] Starting validation...
[FinancialPhraseBank] Elapsed validation time:1.19s
[FinancialPhraseBank] [Epoch=013] Train Loss=[QuantLoss=0.02594]Val loss = [QuantLoss=0.05493][QuantReg:0.55510]
[FinancialPhraseBank] Starting epoch 14...
[FinancialPhraseBank] Elapsed training time:7.53s
[FinancialPhraseBank] Starting validation...
[FinancialPhraseBank] Elapsed validation time:1.16s
[FinancialPhraseBank] [Epoch=014] Train Loss=[QuantLoss=0.03135]Val loss = [QuantLoss=0.05670][QuantReg:0.53143]
[FinancialPhraseBank] Starting epoch 15...
[FinancialPhraseBank] Elapsed training time:7.38s
[FinancialPhraseBank] Starting validation...
[FinancialPhraseBank] Elapsed validation time:1.10s
[FinancialPhraseBank] [Epoch=015] Train Loss=[QuantLoss=0.02981]Val loss = [QuantLoss=0.05688][QuantReg:0.53058]
[FinancialPhraseBank] Starting epoch 16...
[FinancialPhraseBank] Elapsed training time:7.56s
[FinancialPhraseBank] Starting validation...
[FinancialPhraseBank] Elapsed validation time:1.15s
[FinancialPhraseBank] [Epoch=016] Train Loss=[QuantLoss=0.03085]Val loss = [QuantLoss=0.06019][QuantReg:0.52854]
[FinancialPhraseBank] Starting epoch 17...
[FinancialPhraseBank] Elapsed training time:7.44s
[FinancialPhraseBank] Starting validation...
[FinancialPhraseBank] Elapsed validation time:1.10s
[FinancialPhraseBank] [Epoch=017] Train Loss=[QuantLoss=0.02491]Val loss = [QuantLoss=0.05266][QuantReg:0.53292]
[FinancialPhraseBank] Starting epoch 18...
[FinancialPhraseBank] Elapsed training time:7.49s
[FinancialPhraseBank] Starting validation...
[FinancialPhraseBank] Elapsed validation time:1.29s
[FinancialPhraseBank] [Epoch=018] Train Loss=[QuantLoss=0.02904]Val loss = [QuantLoss=0.05179][QuantReg:0.54268]
[FinancialPhraseBank] Starting epoch 19...
[FinancialPhraseBank] Elapsed training time:7.61s
[FinancialPhraseBank] Starting validation...
[FinancialPhraseBank] Elapsed validation time:1.14s
[FinancialPhraseBank] [Epoch=019] Train Loss=[QuantLoss=0.02587]Val loss = [QuantLoss=0.07065][QuantReg:0.53991]
[FinancialPhraseBank] Starting epoch 20...
[FinancialPhraseBank] Elapsed training time:7.64s
[FinancialPhraseBank] Starting validation...
[FinancialPhraseBank] Elapsed validation time:1.27s
[FinancialPhraseBank] [Epoch=020] Train Loss=[QuantLoss=0.02855]Val loss = [QuantLoss=0.07452][QuantReg:0.54961]
[FinancialPhraseBank] Starting epoch 21...
[FinancialPhraseBank] Elapsed training time:7.62s
[FinancialPhraseBank] Starting validation...
[FinancialPhraseBank] Elapsed validation time:1.23s
[FinancialPhraseBank] [Epoch=021] Train Loss=[QuantLoss=0.03304]Val loss = [QuantLoss=0.05765][QuantReg:0.55972]
[FinancialPhraseBank] Starting epoch 22...
[FinancialPhraseBank] Elapsed training time:7.60s
[FinancialPhraseBank] Starting validation...
[FinancialPhraseBank] Elapsed validation time:1.21s
[FinancialPhraseBank] [Epoch=022] Train Loss=[QuantLoss=0.02844]Val loss = [QuantLoss=0.05822][QuantReg:0.56067]
[FinancialPhraseBank] Starting epoch 23...
[FinancialPhraseBank] Elapsed training time:7.56s
[FinancialPhraseBank] Starting validation...
[FinancialPhraseBank] Elapsed validation time:1.30s
[FinancialPhraseBank] [Epoch=023] Train Loss=[QuantLoss=0.02423]Val loss = [QuantLoss=0.05859][QuantReg:0.55802]
[FinancialPhraseBank] Starting epoch 24...
[FinancialPhraseBank] Elapsed training time:7.70s
[FinancialPhraseBank] Starting validation...
[FinancialPhraseBank] Elapsed validation time:1.22s
[FinancialPhraseBank] [Epoch=024] Train Loss=[QuantLoss=0.02463]Val loss = [QuantLoss=0.06419][QuantReg:0.55794]
[FinancialPhraseBank] Starting epoch 25...
[FinancialPhraseBank] Elapsed training time:7.72s
[FinancialPhraseBank] Starting validation...
[FinancialPhraseBank] Elapsed validation time:1.22s
[FinancialPhraseBank] [Epoch=025] Train Loss=[QuantLoss=0.02268]Val loss = [QuantLoss=0.05965][QuantReg:0.55745]
[FinancialPhraseBank] Starting epoch 26...
[FinancialPhraseBank] Elapsed training time:7.60s
[FinancialPhraseBank] Starting validation...
[FinancialPhraseBank] Elapsed validation time:1.32s
[FinancialPhraseBank] [Epoch=026] Train Loss=[QuantLoss=0.02133]Val loss = [QuantLoss=0.06139][QuantReg:0.55490]
[FinancialPhraseBank] Starting epoch 27...
[FinancialPhraseBank] Elapsed training time:7.58s
[FinancialPhraseBank] Starting validation...
[FinancialPhraseBank] Elapsed validation time:1.19s
[FinancialPhraseBank] [Epoch=027] Train Loss=[QuantLoss=0.02183]Val loss = [QuantLoss=0.06496][QuantReg:0.55659]
[FinancialPhraseBank] Starting epoch 28...
[FinancialPhraseBank] Elapsed training time:7.67s
[FinancialPhraseBank] Starting validation...
[FinancialPhraseBank] Elapsed validation time:1.23s
[FinancialPhraseBank] [Epoch=028] Train Loss=[QuantLoss=0.02303]Val loss = [QuantLoss=0.05412][QuantReg:0.55823]
[FinancialPhraseBank] Starting epoch 29...
[FinancialPhraseBank] Elapsed training time:7.64s
[FinancialPhraseBank] Starting validation...
[FinancialPhraseBank] Elapsed validation time:1.20s
[FinancialPhraseBank] [Epoch=029] Train Loss=[QuantLoss=0.02361]Val loss = [QuantLoss=0.06038][QuantReg:0.56003]
[FinancialPhraseBank] Starting epoch 30...
[FinancialPhraseBank] Elapsed training time:7.67s
[FinancialPhraseBank] Starting validation...
[FinancialPhraseBank] Elapsed validation time:1.12s
[FinancialPhraseBank] [Epoch=030] Train Loss=[QuantLoss=0.02256]Val loss = [QuantLoss=0.06212][QuantReg:0.56020]
[FinancialPhraseBank] Starting epoch 31...
[FinancialPhraseBank] Elapsed training time:7.51s
[FinancialPhraseBank] Starting validation...
[FinancialPhraseBank] Elapsed validation time:1.17s
[FinancialPhraseBank] [Epoch=031] Train Loss=[QuantLoss=0.02160]Val loss = [QuantLoss=0.07015][QuantReg:0.55996]
[FinancialPhraseBank] Starting epoch 32...
[FinancialPhraseBank] Elapsed training time:7.53s
[FinancialPhraseBank] Starting validation...
[FinancialPhraseBank] Elapsed validation time:1.12s
[FinancialPhraseBank] [Epoch=032] Train Loss=[QuantLoss=0.02137]Val loss = [QuantLoss=0.06722][QuantReg:0.56304]
[FinancialPhraseBank] Starting epoch 33...
[FinancialPhraseBank] Elapsed training time:7.58s
[FinancialPhraseBank] Starting validation...
[FinancialPhraseBank] Elapsed validation time:1.22s
[FinancialPhraseBank] [Epoch=033] Train Loss=[QuantLoss=0.01955]Val loss = [QuantLoss=0.06426][QuantReg:0.56062]
[FinancialPhraseBank] Starting epoch 34...
[FinancialPhraseBank] Elapsed training time:7.58s
[FinancialPhraseBank] Starting validation...
[FinancialPhraseBank] Elapsed validation time:1.30s
[FinancialPhraseBank] [Epoch=034] Train Loss=[QuantLoss=0.02230]Val loss = [QuantLoss=0.06556][QuantReg:0.55902]
[FinancialPhraseBank] Starting epoch 35...
[FinancialPhraseBank] Elapsed training time:7.54s
[FinancialPhraseBank] Starting validation...
[FinancialPhraseBank] Elapsed validation time:1.10s
[FinancialPhraseBank] [Epoch=035] Train Loss=[QuantLoss=0.02321]Val loss = [QuantLoss=0.07373][QuantReg:0.55875]
[FinancialPhraseBank] Starting epoch 36...
[FinancialPhraseBank] Elapsed training time:7.51s
[FinancialPhraseBank] Starting validation...
[FinancialPhraseBank] Elapsed validation time:1.19s
[FinancialPhraseBank] [Epoch=036] Train Loss=[QuantLoss=0.02164]Val loss = [QuantLoss=0.06602][QuantReg:0.55962]
[FinancialPhraseBank] Starting epoch 37...
[FinancialPhraseBank] Elapsed training time:7.65s
[FinancialPhraseBank] Starting validation...
[FinancialPhraseBank] Elapsed validation time:1.20s
[FinancialPhraseBank] [Epoch=037] Train Loss=[QuantLoss=0.02086]Val loss = [QuantLoss=0.06684][QuantReg:0.56044]
[FinancialPhraseBank] Starting epoch 38...
[FinancialPhraseBank] Elapsed training time:7.52s
[FinancialPhraseBank] Starting validation...
[FinancialPhraseBank] Elapsed validation time:1.12s
[FinancialPhraseBank] [Epoch=038] Train Loss=[QuantLoss=0.02002]Val loss = [QuantLoss=0.06766][QuantReg:0.56111]
[FinancialPhraseBank] Starting epoch 39...
[FinancialPhraseBank] Elapsed training time:7.59s
[FinancialPhraseBank] Starting validation...
[FinancialPhraseBank] Elapsed validation time:1.11s
[FinancialPhraseBank] [Epoch=039] Train Loss=[QuantLoss=0.02183]Val loss = [QuantLoss=0.06495][QuantReg:0.56135]
[FinancialPhraseBank] Starting epoch 40...
[FinancialPhraseBank] Elapsed training time:7.53s
[FinancialPhraseBank] Starting validation...
[FinancialPhraseBank] Elapsed validation time:1.18s
[FinancialPhraseBank] [Epoch=040] Train Loss=[QuantLoss=0.02177]Val loss = [QuantLoss=0.07290][QuantReg:0.55770]
[FinancialPhraseBank] Starting epoch 41...
[FinancialPhraseBank] Elapsed training time:7.58s
[FinancialPhraseBank] Starting validation...
[FinancialPhraseBank] Elapsed validation time:1.19s
[FinancialPhraseBank] [Epoch=041] Train Loss=[QuantLoss=0.02079]Val loss = [QuantLoss=0.06322][QuantReg:0.55670]
[FinancialPhraseBank] Starting epoch 42...
[FinancialPhraseBank] Elapsed training time:7.36s
[FinancialPhraseBank] Starting validation...
[FinancialPhraseBank] Elapsed validation time:1.11s
[FinancialPhraseBank] [Epoch=042] Train Loss=[QuantLoss=0.02378]Val loss = [QuantLoss=0.06954][QuantReg:0.55549]
[FinancialPhraseBank] Starting epoch 43...
[FinancialPhraseBank] Elapsed training time:7.51s
[FinancialPhraseBank] Starting validation...
[FinancialPhraseBank] Elapsed validation time:1.13s
[FinancialPhraseBank] [Epoch=043] Train Loss=[QuantLoss=0.02127]Val loss = [QuantLoss=0.06581][QuantReg:0.55749]
[FinancialPhraseBank] Early stopping in epoch 43!
[FinancialPhraseBank] Restoring best model...
MAE médio: 0.0504 ± 0.0324
