Dificuldade: l1, modo: hardest, top_k: None
Dispositivo de treino: cuda
Carregando Financial PhraseBank (atrost/financial_phrasebank)...
Carregando embeddings do cache...
Ignoring val_split as train and val datasets where given to fit function
We have two datasets: training 2502907 examples. validation 150000 examples.]
Using device cuda
[FinancialPhraseBank] Starting epoch 0...
[FinancialPhraseBank] Elapsed training time:7.89s
[FinancialPhraseBank] Starting validation...
[FinancialPhraseBank] Elapsed validation time:1.16s
[FinancialPhraseBank] [Epoch=000] Train Loss=[QuantLoss=0.07056]Val loss = [QuantLoss=0.08604][QuantReg:0.75651][saved best model in this epoch]
[FinancialPhraseBank] Starting epoch 1...
[FinancialPhraseBank] Elapsed training time:7.36s
[FinancialPhraseBank] Starting validation...
[FinancialPhraseBank] Elapsed validation time:1.21s
[FinancialPhraseBank] [Epoch=001] Train Loss=[QuantLoss=0.06278]Val loss = [QuantLoss=0.06451][QuantReg:0.68021][saved best model in this epoch]
[FinancialPhraseBank] Starting epoch 2...
[FinancialPhraseBank] Elapsed training time:7.53s
[FinancialPhraseBank] Starting validation...
[FinancialPhraseBank] Elapsed validation time:1.21s
[FinancialPhraseBank] [Epoch=002] Train Loss=[QuantLoss=0.04911]Val loss = [QuantLoss=0.06577][QuantReg:0.58502]
[FinancialPhraseBank] Starting epoch 3...
[FinancialPhraseBank] Elapsed training time:7.55s
[FinancialPhraseBank] Starting validation...
[FinancialPhraseBank] Elapsed validation time:1.35s
[FinancialPhraseBank] [Epoch=003] Train Loss=[QuantLoss=0.04432]Val loss = [QuantLoss=0.07989][QuantReg:0.58365]
[FinancialPhraseBank] Starting epoch 4...
[FinancialPhraseBank] Elapsed training time:7.55s
[FinancialPhraseBank] Starting validation...
[FinancialPhraseBank] Elapsed validation time:1.29s
[FinancialPhraseBank] [Epoch=004] Train Loss=[QuantLoss=0.04232]Val loss = [QuantLoss=0.08607][QuantReg:0.58672]
[FinancialPhraseBank] Starting epoch 5...
[FinancialPhraseBank] Elapsed training time:7.61s
[FinancialPhraseBank] Starting validation...
[FinancialPhraseBank] Elapsed validation time:1.15s
[FinancialPhraseBank] [Epoch=005] Train Loss=[QuantLoss=0.04217]Val loss = [QuantLoss=0.07590][QuantReg:0.57636]
[FinancialPhraseBank] Starting epoch 6...
[FinancialPhraseBank] Elapsed training time:7.47s
[FinancialPhraseBank] Starting validation...
[FinancialPhraseBank] Elapsed validation time:1.25s
[FinancialPhraseBank] [Epoch=006] Train Loss=[QuantLoss=0.03992]Val loss = [QuantLoss=0.06619][QuantReg:0.56796]
[FinancialPhraseBank] Starting epoch 7...
[FinancialPhraseBank] Elapsed training time:7.54s
[FinancialPhraseBank] Starting validation...
[FinancialPhraseBank] Elapsed validation time:1.26s
[FinancialPhraseBank] [Epoch=007] Train Loss=[QuantLoss=0.03542]Val loss = [QuantLoss=0.06640][QuantReg:0.53681]
[FinancialPhraseBank] Starting epoch 8...
[FinancialPhraseBank] Elapsed training time:7.55s
[FinancialPhraseBank] Starting validation...
[FinancialPhraseBank] Elapsed validation time:1.16s
[FinancialPhraseBank] [Epoch=008] Train Loss=[QuantLoss=0.03868]Val loss = [QuantLoss=0.06373][QuantReg:0.53526][saved best model in this epoch]
[FinancialPhraseBank] Starting epoch 9...
[FinancialPhraseBank] Elapsed training time:7.53s
[FinancialPhraseBank] Starting validation...
[FinancialPhraseBank] Elapsed validation time:1.23s
[FinancialPhraseBank] [Epoch=009] Train Loss=[QuantLoss=0.04039]Val loss = [QuantLoss=0.06015][QuantReg:0.54063][saved best model in this epoch]
[FinancialPhraseBank] Starting epoch 10...
[FinancialPhraseBank] Elapsed training time:7.72s
[FinancialPhraseBank] Starting validation...
[FinancialPhraseBank] Elapsed validation time:1.21s
[FinancialPhraseBank] [Epoch=010] Train Loss=[QuantLoss=0.03686]Val loss = [QuantLoss=0.05415][QuantReg:0.53406][saved best model in this epoch]
[FinancialPhraseBank] Starting epoch 11...
[FinancialPhraseBank] Elapsed training time:7.60s
[FinancialPhraseBank] Starting validation...
[FinancialPhraseBank] Elapsed validation time:1.19s
[FinancialPhraseBank] [Epoch=011] Train Loss=[QuantLoss=0.03967]Val loss = [QuantLoss=0.05168][QuantReg:0.53235][saved best model in this epoch]
[FinancialPhraseBank] Starting epoch 12...
[FinancialPhraseBank] Elapsed training time:7.63s
[FinancialPhraseBank] Starting validation...
[FinancialPhraseBank] Elapsed validation time:1.13s
[FinancialPhraseBank] [Epoch=012] Train Loss=[QuantLoss=0.03183]Val loss = [QuantLoss=0.05195][QuantReg:0.52381]
[FinancialPhraseBank] Starting epoch 13...
[FinancialPhraseBank] Elapsed training time:7.81s
[FinancialPhraseBank] Starting validation...
[FinancialPhraseBank] Elapsed validation time:1.17s
[FinancialPhraseBank] [Epoch=013] Train Loss=[QuantLoss=0.03527]Val loss = [QuantLoss=0.05229][QuantReg:0.53503]
[FinancialPhraseBank] Starting epoch 14...
[FinancialPhraseBank] Elapsed training time:7.64s
[FinancialPhraseBank] Starting validation...
[FinancialPhraseBank] Elapsed validation time:1.30s
[FinancialPhraseBank] [Epoch=014] Train Loss=[QuantLoss=0.03939]Val loss = [QuantLoss=0.06927][QuantReg:0.55553]
[FinancialPhraseBank] Starting epoch 15...
[FinancialPhraseBank] Elapsed training time:7.61s
[FinancialPhraseBank] Starting validation...
[FinancialPhraseBank] Elapsed validation time:1.30s
[FinancialPhraseBank] [Epoch=015] Train Loss=[QuantLoss=0.03239]Val loss = [QuantLoss=0.05843][QuantReg:0.57563]
[FinancialPhraseBank] Starting epoch 16...
[FinancialPhraseBank] Elapsed training time:7.59s
[FinancialPhraseBank] Starting validation...
[FinancialPhraseBank] Elapsed validation time:1.19s
[FinancialPhraseBank] [Epoch=016] Train Loss=[QuantLoss=0.03425]Val loss = [QuantLoss=0.06090][QuantReg:0.55798]
[FinancialPhraseBank] Starting epoch 17...
[FinancialPhraseBank] Elapsed training time:7.69s
[FinancialPhraseBank] Starting validation...
[FinancialPhraseBank] Elapsed validation time:1.18s
[FinancialPhraseBank] [Epoch=017] Train Loss=[QuantLoss=0.03055]Val loss = [QuantLoss=0.06729][QuantReg:0.54201]
[FinancialPhraseBank] Starting epoch 18...
[FinancialPhraseBank] Elapsed training time:7.69s
[FinancialPhraseBank] Starting validation...
[FinancialPhraseBank] Elapsed validation time:1.32s
[FinancialPhraseBank] [Epoch=018] Train Loss=[QuantLoss=0.03017]Val loss = [QuantLoss=0.04718][QuantReg:0.54355][saved best model in this epoch]
[FinancialPhraseBank] Starting epoch 19...
[FinancialPhraseBank] Elapsed training time:7.75s
[FinancialPhraseBank] Starting validation...
[FinancialPhraseBank] Elapsed validation time:1.30s
[FinancialPhraseBank] [Epoch=019] Train Loss=[QuantLoss=0.03383]Val loss = [QuantLoss=0.05242][QuantReg:0.55179]
[FinancialPhraseBank] Starting epoch 20...
[FinancialPhraseBank] Elapsed training time:7.52s
[FinancialPhraseBank] Starting validation...
[FinancialPhraseBank] Elapsed validation time:1.22s
[FinancialPhraseBank] [Epoch=020] Train Loss=[QuantLoss=0.02865]Val loss = [QuantLoss=0.05483][QuantReg:0.55513]
[FinancialPhraseBank] Starting epoch 21...
[FinancialPhraseBank] Elapsed training time:7.54s
[FinancialPhraseBank] Starting validation...
[FinancialPhraseBank] Elapsed validation time:1.11s
[FinancialPhraseBank] [Epoch=021] Train Loss=[QuantLoss=0.03036]Val loss = [QuantLoss=0.05061][QuantReg:0.54294]
[FinancialPhraseBank] Starting epoch 22...
[FinancialPhraseBank] Elapsed training time:7.46s
[FinancialPhraseBank] Starting validation...
[FinancialPhraseBank] Elapsed validation time:1.17s
[FinancialPhraseBank] [Epoch=022] Train Loss=[QuantLoss=0.02893]Val loss = [QuantLoss=0.05319][QuantReg:0.54559]
[FinancialPhraseBank] Starting epoch 23...
[FinancialPhraseBank] Elapsed training time:7.50s
[FinancialPhraseBank] Starting validation...
[FinancialPhraseBank] Elapsed validation time:1.36s
[FinancialPhraseBank] [Epoch=023] Train Loss=[QuantLoss=0.02920]Val loss = [QuantLoss=0.04726][QuantReg:0.53868]
[FinancialPhraseBank] Starting epoch 24...
[FinancialPhraseBank] Elapsed training time:7.64s
[FinancialPhraseBank] Starting validation...
[FinancialPhraseBank] Elapsed validation time:1.26s
[FinancialPhraseBank] [Epoch=024] Train Loss=[QuantLoss=0.02818]Val loss = [QuantLoss=0.04580][QuantReg:0.53754][saved best model in this epoch]
[FinancialPhraseBank] Starting epoch 25...
[FinancialPhraseBank] Elapsed training time:7.67s
[FinancialPhraseBank] Starting validation...
[FinancialPhraseBank] Elapsed validation time:1.36s
[FinancialPhraseBank] [Epoch=025] Train Loss=[QuantLoss=0.02730]Val loss = [QuantLoss=0.05088][QuantReg:0.53406]
[FinancialPhraseBank] Starting epoch 26...
[FinancialPhraseBank] Elapsed training time:7.73s
[FinancialPhraseBank] Starting validation...
[FinancialPhraseBank] Elapsed validation time:1.24s
[FinancialPhraseBank] [Epoch=026] Train Loss=[QuantLoss=0.03111]Val loss = [QuantLoss=0.05678][QuantReg:0.53335]
[FinancialPhraseBank] Starting epoch 27...
[FinancialPhraseBank] Elapsed training time:7.66s
[FinancialPhraseBank] Starting validation...
[FinancialPhraseBank] Elapsed validation time:1.25s
[FinancialPhraseBank] [Epoch=027] Train Loss=[QuantLoss=0.03047]Val loss = [QuantLoss=0.05069][QuantReg:0.52631]
[FinancialPhraseBank] Starting epoch 28...
[FinancialPhraseBank] Elapsed training time:7.55s
[FinancialPhraseBank] Starting validation...
[FinancialPhraseBank] Elapsed validation time:1.29s
[FinancialPhraseBank] [Epoch=028] Train Loss=[QuantLoss=0.02712]Val loss = [QuantLoss=0.04816][QuantReg:0.50762]
[FinancialPhraseBank] Starting epoch 29...
[FinancialPhraseBank] Elapsed training time:7.77s
[FinancialPhraseBank] Starting validation...
[FinancialPhraseBank] Elapsed validation time:1.16s
[FinancialPhraseBank] [Epoch=029] Train Loss=[QuantLoss=0.02959]Val loss = [QuantLoss=0.06643][QuantReg:0.49352]
[FinancialPhraseBank] Starting epoch 30...
[FinancialPhraseBank] Elapsed training time:7.53s
[FinancialPhraseBank] Starting validation...
[FinancialPhraseBank] Elapsed validation time:1.19s
[FinancialPhraseBank] [Epoch=030] Train Loss=[QuantLoss=0.03003]Val loss = [QuantLoss=0.05977][QuantReg:0.48175]
[FinancialPhraseBank] Starting epoch 31...
[FinancialPhraseBank] Elapsed training time:7.60s
[FinancialPhraseBank] Starting validation...
[FinancialPhraseBank] Elapsed validation time:1.28s
[FinancialPhraseBank] [Epoch=031] Train Loss=[QuantLoss=0.03281]Val loss = [QuantLoss=0.05688][QuantReg:0.47903]
[FinancialPhraseBank] Starting epoch 32...
[FinancialPhraseBank] Elapsed training time:7.59s
[FinancialPhraseBank] Starting validation...
[FinancialPhraseBank] Elapsed validation time:1.23s
[FinancialPhraseBank] [Epoch=032] Train Loss=[QuantLoss=0.02994]Val loss = [QuantLoss=0.06164][QuantReg:0.47762]
[FinancialPhraseBank] Starting epoch 33...
[FinancialPhraseBank] Elapsed training time:7.71s
[FinancialPhraseBank] Starting validation...
[FinancialPhraseBank] Elapsed validation time:1.16s
[FinancialPhraseBank] [Epoch=033] Train Loss=[QuantLoss=0.02938]Val loss = [QuantLoss=0.05097][QuantReg:0.47155]
[FinancialPhraseBank] Starting epoch 34...
[FinancialPhraseBank] Elapsed training time:7.43s
[FinancialPhraseBank] Starting validation...
[FinancialPhraseBank] Elapsed validation time:1.32s
[FinancialPhraseBank] [Epoch=034] Train Loss=[QuantLoss=0.02581]Val loss = [QuantLoss=0.05292][QuantReg:0.46338]
[FinancialPhraseBank] Starting epoch 35...
[FinancialPhraseBank] Elapsed training time:7.88s
[FinancialPhraseBank] Starting validation...
[FinancialPhraseBank] Elapsed validation time:1.22s
[FinancialPhraseBank] [Epoch=035] Train Loss=[QuantLoss=0.02863]Val loss = [QuantLoss=0.06991][QuantReg:0.44695]
[FinancialPhraseBank] Starting epoch 36...
[FinancialPhraseBank] Elapsed training time:7.69s
[FinancialPhraseBank] Starting validation...
[FinancialPhraseBank] Elapsed validation time:1.35s
[FinancialPhraseBank] [Epoch=036] Train Loss=[QuantLoss=0.02707]Val loss = [QuantLoss=0.07239][QuantReg:0.44348]
[FinancialPhraseBank] Starting epoch 37...
[FinancialPhraseBank] Elapsed training time:7.57s
[FinancialPhraseBank] Starting validation...
[FinancialPhraseBank] Elapsed validation time:1.21s
[FinancialPhraseBank] [Epoch=037] Train Loss=[QuantLoss=0.03320]Val loss = [QuantLoss=0.06227][QuantReg:0.44097]
[FinancialPhraseBank] Starting epoch 38...
[FinancialPhraseBank] Elapsed training time:7.53s
[FinancialPhraseBank] Starting validation...
[FinancialPhraseBank] Elapsed validation time:1.28s
[FinancialPhraseBank] [Epoch=038] Train Loss=[QuantLoss=0.03108]Val loss = [QuantLoss=0.07043][QuantReg:0.44385]
[FinancialPhraseBank] Starting epoch 39...
[FinancialPhraseBank] Elapsed training time:7.67s
[FinancialPhraseBank] Starting validation...
[FinancialPhraseBank] Elapsed validation time:1.34s
[FinancialPhraseBank] [Epoch=039] Train Loss=[QuantLoss=0.02688]Val loss = [QuantLoss=0.06414][QuantReg:0.45437]
[FinancialPhraseBank] Starting epoch 40...
[FinancialPhraseBank] Elapsed training time:7.49s
[FinancialPhraseBank] Starting validation...
[FinancialPhraseBank] Elapsed validation time:1.28s
[FinancialPhraseBank] [Epoch=040] Train Loss=[QuantLoss=0.02645]Val loss = [QuantLoss=0.07314][QuantReg:0.45298]
[FinancialPhraseBank] Starting epoch 41...
[FinancialPhraseBank] Elapsed training time:7.69s
[FinancialPhraseBank] Starting validation...
[FinancialPhraseBank] Elapsed validation time:1.16s
[FinancialPhraseBank] [Epoch=041] Train Loss=[QuantLoss=0.02722]Val loss = [QuantLoss=0.05010][QuantReg:0.44425]
[FinancialPhraseBank] Starting epoch 42...
[FinancialPhraseBank] Elapsed training time:7.78s
[FinancialPhraseBank] Starting validation...
[FinancialPhraseBank] Elapsed validation time:1.16s
[FinancialPhraseBank] [Epoch=042] Train Loss=[QuantLoss=0.03167]Val loss = [QuantLoss=0.06775][QuantReg:0.45808]
[FinancialPhraseBank] Starting epoch 43...
[FinancialPhraseBank] Elapsed training time:7.71s
[FinancialPhraseBank] Starting validation...
[FinancialPhraseBank] Elapsed validation time:1.21s
[FinancialPhraseBank] [Epoch=043] Train Loss=[QuantLoss=0.03024]Val loss = [QuantLoss=0.07216][QuantReg:0.45570]
[FinancialPhraseBank] Starting epoch 44...
[FinancialPhraseBank] Elapsed training time:7.73s
[FinancialPhraseBank] Starting validation...
[FinancialPhraseBank] Elapsed validation time:1.18s
[FinancialPhraseBank] [Epoch=044] Train Loss=[QuantLoss=0.03197]Val loss = [QuantLoss=0.06522][QuantReg:0.47184]
[FinancialPhraseBank] Starting epoch 45...
[FinancialPhraseBank] Elapsed training time:7.65s
[FinancialPhraseBank] Starting validation...
[FinancialPhraseBank] Elapsed validation time:1.16s
[FinancialPhraseBank] [Epoch=045] Train Loss=[QuantLoss=0.02916]Val loss = [QuantLoss=0.06783][QuantReg:0.46221]
[FinancialPhraseBank] Starting epoch 46...
[FinancialPhraseBank] Elapsed training time:7.64s
[FinancialPhraseBank] Starting validation...
[FinancialPhraseBank] Elapsed validation time:1.15s
[FinancialPhraseBank] [Epoch=046] Train Loss=[QuantLoss=0.02292]Val loss = [QuantLoss=0.06415][QuantReg:0.45075]
[FinancialPhraseBank] Starting epoch 47...
[FinancialPhraseBank] Elapsed training time:7.55s
[FinancialPhraseBank] Starting validation...
[FinancialPhraseBank] Elapsed validation time:1.20s
[FinancialPhraseBank] [Epoch=047] Train Loss=[QuantLoss=0.02383]Val loss = [QuantLoss=0.06076][QuantReg:0.45147]
[FinancialPhraseBank] Starting epoch 48...
[FinancialPhraseBank] Elapsed training time:7.61s
[FinancialPhraseBank] Starting validation...
[FinancialPhraseBank] Elapsed validation time:1.16s
[FinancialPhraseBank] [Epoch=048] Train Loss=[QuantLoss=0.02280]Val loss = [QuantLoss=0.06230][QuantReg:0.45352]
[FinancialPhraseBank] Starting epoch 49...
[FinancialPhraseBank] Elapsed training time:7.61s
[FinancialPhraseBank] Starting validation...
[FinancialPhraseBank] Elapsed validation time:1.28s
[FinancialPhraseBank] [Epoch=049] Train Loss=[QuantLoss=0.02167]Val loss = [QuantLoss=0.06584][QuantReg:0.45383]
[FinancialPhraseBank] Starting epoch 50...
[FinancialPhraseBank] Elapsed training time:7.68s
[FinancialPhraseBank] Starting validation...
[FinancialPhraseBank] Elapsed validation time:1.29s
[FinancialPhraseBank] [Epoch=050] Train Loss=[QuantLoss=0.02031]Val loss = [QuantLoss=0.06679][QuantReg:0.45419]
[FinancialPhraseBank] Starting epoch 51...
[FinancialPhraseBank] Elapsed training time:7.80s
[FinancialPhraseBank] Starting validation...
[FinancialPhraseBank] Elapsed validation time:1.15s
[FinancialPhraseBank] [Epoch=051] Train Loss=[QuantLoss=0.02186]Val loss = [QuantLoss=0.06261][QuantReg:0.45561]
[FinancialPhraseBank] Starting epoch 52...
[FinancialPhraseBank] Elapsed training time:7.69s
[FinancialPhraseBank] Starting validation...
[FinancialPhraseBank] Elapsed validation time:1.16s
[FinancialPhraseBank] [Epoch=052] Train Loss=[QuantLoss=0.02072]Val loss = [QuantLoss=0.06217][QuantReg:0.45663]
[FinancialPhraseBank] Starting epoch 53...
[FinancialPhraseBank] Elapsed training time:7.54s
[FinancialPhraseBank] Starting validation...
[FinancialPhraseBank] Elapsed validation time:1.29s
[FinancialPhraseBank] [Epoch=053] Train Loss=[QuantLoss=0.02179]Val loss = [QuantLoss=0.06408][QuantReg:0.45735]
[FinancialPhraseBank] Starting epoch 54...
[FinancialPhraseBank] Elapsed training time:7.46s
[FinancialPhraseBank] Starting validation...
[FinancialPhraseBank] Elapsed validation time:1.15s
[FinancialPhraseBank] [Epoch=054] Train Loss=[QuantLoss=0.02305]Val loss = [QuantLoss=0.06900][QuantReg:0.45843]
[FinancialPhraseBank] Starting epoch 55...
[FinancialPhraseBank] Elapsed training time:7.52s
[FinancialPhraseBank] Starting validation...
[FinancialPhraseBank] Elapsed validation time:1.28s
[FinancialPhraseBank] [Epoch=055] Train Loss=[QuantLoss=0.02094]Val loss = [QuantLoss=0.06540][QuantReg:0.45745]
[FinancialPhraseBank] Starting epoch 56...
[FinancialPhraseBank] Elapsed training time:7.44s
[FinancialPhraseBank] Starting validation...
[FinancialPhraseBank] Elapsed validation time:1.13s
[FinancialPhraseBank] [Epoch=056] Train Loss=[QuantLoss=0.02252]Val loss = [QuantLoss=0.06618][QuantReg:0.45494]
[FinancialPhraseBank] Starting epoch 57...
[FinancialPhraseBank] Elapsed training time:7.54s
[FinancialPhraseBank] Starting validation...
[FinancialPhraseBank] Elapsed validation time:1.16s
[FinancialPhraseBank] [Epoch=057] Train Loss=[QuantLoss=0.02099]Val loss = [QuantLoss=0.06480][QuantReg:0.45456]
[FinancialPhraseBank] Starting epoch 58...
[FinancialPhraseBank] Elapsed training time:7.54s
[FinancialPhraseBank] Starting validation...
[FinancialPhraseBank] Elapsed validation time:1.24s
[FinancialPhraseBank] [Epoch=058] Train Loss=[QuantLoss=0.02091]Val loss = [QuantLoss=0.06320][QuantReg:0.45413]
[FinancialPhraseBank] Starting epoch 59...
[FinancialPhraseBank] Elapsed training time:7.77s
[FinancialPhraseBank] Starting validation...
[FinancialPhraseBank] Elapsed validation time:1.20s
[FinancialPhraseBank] [Epoch=059] Train Loss=[QuantLoss=0.01997]Val loss = [QuantLoss=0.06734][QuantReg:0.45079]
[FinancialPhraseBank] Starting epoch 60...
[FinancialPhraseBank] Elapsed training time:7.67s
[FinancialPhraseBank] Starting validation...
[FinancialPhraseBank] Elapsed validation time:1.18s
[FinancialPhraseBank] [Epoch=060] Train Loss=[QuantLoss=0.02091]Val loss = [QuantLoss=0.06428][QuantReg:0.45052]
[FinancialPhraseBank] Starting epoch 61...
[FinancialPhraseBank] Elapsed training time:7.84s
[FinancialPhraseBank] Starting validation...
[FinancialPhraseBank] Elapsed validation time:1.24s
[FinancialPhraseBank] [Epoch=061] Train Loss=[QuantLoss=0.02044]Val loss = [QuantLoss=0.06617][QuantReg:0.45178]
[FinancialPhraseBank] Starting epoch 62...
[FinancialPhraseBank] Elapsed training time:7.42s
[FinancialPhraseBank] Starting validation...
[FinancialPhraseBank] Elapsed validation time:1.13s
[FinancialPhraseBank] [Epoch=062] Train Loss=[QuantLoss=0.01985]Val loss = [QuantLoss=0.06332][QuantReg:0.45165]
[FinancialPhraseBank] Starting epoch 63...
[FinancialPhraseBank] Elapsed training time:7.47s
[FinancialPhraseBank] Starting validation...
[FinancialPhraseBank] Elapsed validation time:1.21s
[FinancialPhraseBank] [Epoch=063] Train Loss=[QuantLoss=0.02121]Val loss = [QuantLoss=0.06914][QuantReg:0.45245]
[FinancialPhraseBank] Starting epoch 64...
[FinancialPhraseBank] Elapsed training time:7.46s
[FinancialPhraseBank] Starting validation...
[FinancialPhraseBank] Elapsed validation time:1.32s
[FinancialPhraseBank] [Epoch=064] Train Loss=[QuantLoss=0.01943]Val loss = [QuantLoss=0.06527][QuantReg:0.45220]
[FinancialPhraseBank] Starting epoch 65...
[FinancialPhraseBank] Elapsed training time:7.75s
[FinancialPhraseBank] Starting validation...
[FinancialPhraseBank] Elapsed validation time:1.17s
[FinancialPhraseBank] [Epoch=065] Train Loss=[QuantLoss=0.02064]Val loss = [QuantLoss=0.06541][QuantReg:0.45229]
[FinancialPhraseBank] Starting epoch 66...
[FinancialPhraseBank] Elapsed training time:7.80s
[FinancialPhraseBank] Starting validation...
[FinancialPhraseBank] Elapsed validation time:1.13s
[FinancialPhraseBank] [Epoch=066] Train Loss=[QuantLoss=0.02086]Val loss = [QuantLoss=0.06635][QuantReg:0.45278]
[FinancialPhraseBank] Early stopping in epoch 66!
[FinancialPhraseBank] Restoring best model...
MAE médio: 0.0678 ± 0.0394
