Dificuldade: l1, modo: easiest, top_k: None
Dispositivo de treino: cuda
Carregando Financial PhraseBank (atrost/financial_phrasebank)...
Carregando embeddings do cache...
Ignoring val_split as train and val datasets where given to fit function
We have two datasets: training 252907 examples. validation 15000 examples.]
Using device cuda
[SST-5] Starting epoch 0...
[SST-5] Elapsed training time:1.48s
[SST-5] Starting validation...
[SST-5] Elapsed validation time:0.41s
[SST-5] [Epoch=000] Train Loss=[QuantLoss=0.08174]Val loss = [QuantLoss=0.09788][QuantReg:0.32623][saved best model in this epoch]
[SST-5] Starting epoch 1...
[SST-5] Elapsed training time:1.22s
[SST-5] Starting validation...
[SST-5] Elapsed validation time:0.38s
[SST-5] [Epoch=001] Train Loss=[QuantLoss=0.06472]Val loss = [QuantLoss=0.10045][QuantReg:0.37850]
[SST-5] Starting epoch 2...
[SST-5] Elapsed training time:1.38s
[SST-5] Starting validation...
[SST-5] Elapsed validation time:0.21s
[SST-5] [Epoch=002] Train Loss=[QuantLoss=0.05806]Val loss = [QuantLoss=0.09468][QuantReg:0.34665][saved best model in this epoch]
[SST-5] Starting epoch 3...
[SST-5] Elapsed training time:1.24s
[SST-5] Starting validation...
[SST-5] Elapsed validation time:0.28s
[SST-5] [Epoch=003] Train Loss=[QuantLoss=0.05593]Val loss = [QuantLoss=0.09328][QuantReg:0.34346][saved best model in this epoch]
[SST-5] Starting epoch 4...
[SST-5] Elapsed training time:1.19s
[SST-5] Starting validation...
[SST-5] Elapsed validation time:0.26s
[SST-5] [Epoch=004] Train Loss=[QuantLoss=0.05075]Val loss = [QuantLoss=0.09364][QuantReg:0.33681]
[SST-5] Starting epoch 5...
[SST-5] Elapsed training time:1.32s
[SST-5] Starting validation...
[SST-5] Elapsed validation time:0.26s
[SST-5] [Epoch=005] Train Loss=[QuantLoss=0.04647]Val loss = [QuantLoss=0.09377][QuantReg:0.34471]
[SST-5] Starting epoch 6...
[SST-5] Elapsed training time:1.22s
[SST-5] Starting validation...
[SST-5] Elapsed validation time:0.23s
[SST-5] [Epoch=006] Train Loss=[QuantLoss=0.04743]Val loss = [QuantLoss=0.10528][QuantReg:0.32956]
[SST-5] Starting epoch 7...
[SST-5] Elapsed training time:1.19s
[SST-5] Starting validation...
[SST-5] Elapsed validation time:0.31s
[SST-5] [Epoch=007] Train Loss=[QuantLoss=0.04625]Val loss = [QuantLoss=0.09315][QuantReg:0.33383][saved best model in this epoch]
[SST-5] Starting epoch 8...
[SST-5] Elapsed training time:1.20s
[SST-5] Starting validation...
[SST-5] Elapsed validation time:0.25s
[SST-5] [Epoch=008] Train Loss=[QuantLoss=0.04447]Val loss = [QuantLoss=0.09104][QuantReg:0.35051][saved best model in this epoch]
[SST-5] Starting epoch 9...
[SST-5] Elapsed training time:1.22s
[SST-5] Starting validation...
[SST-5] Elapsed validation time:0.23s
[SST-5] [Epoch=009] Train Loss=[QuantLoss=0.04041]Val loss = [QuantLoss=0.08447][QuantReg:0.33271][saved best model in this epoch]
[SST-5] Starting epoch 10...
[SST-5] Elapsed training time:1.21s
[SST-5] Starting validation...
[SST-5] Elapsed validation time:0.29s
[SST-5] [Epoch=010] Train Loss=[QuantLoss=0.04179]Val loss = [QuantLoss=0.08380][QuantReg:0.33338][saved best model in this epoch]
[SST-5] Starting epoch 11...
[SST-5] Elapsed training time:1.36s
[SST-5] Starting validation...
[SST-5] Elapsed validation time:0.29s
[SST-5] [Epoch=011] Train Loss=[QuantLoss=0.04222]Val loss = [QuantLoss=0.08289][QuantReg:0.35086][saved best model in this epoch]
[SST-5] Starting epoch 12...
[SST-5] Elapsed training time:1.31s
[SST-5] Starting validation...
[SST-5] Elapsed validation time:0.29s
[SST-5] [Epoch=012] Train Loss=[QuantLoss=0.03933]Val loss = [QuantLoss=0.08039][QuantReg:0.32961][saved best model in this epoch]
[SST-5] Starting epoch 13...
[SST-5] Elapsed training time:1.15s
[SST-5] Starting validation...
[SST-5] Elapsed validation time:0.26s
[SST-5] [Epoch=013] Train Loss=[QuantLoss=0.04114]Val loss = [QuantLoss=0.07973][QuantReg:0.34260][saved best model in this epoch]
[SST-5] Starting epoch 14...
[SST-5] Elapsed training time:1.20s
[SST-5] Starting validation...
[SST-5] Elapsed validation time:0.31s
[SST-5] [Epoch=014] Train Loss=[QuantLoss=0.03350]Val loss = [QuantLoss=0.07736][QuantReg:0.32965][saved best model in this epoch]
[SST-5] Starting epoch 15...
[SST-5] Elapsed training time:1.18s
[SST-5] Starting validation...
[SST-5] Elapsed validation time:0.32s
[SST-5] [Epoch=015] Train Loss=[QuantLoss=0.03592]Val loss = [QuantLoss=0.08821][QuantReg:0.32072]
[SST-5] Starting epoch 16...
[SST-5] Elapsed training time:1.20s
[SST-5] Starting validation...
[SST-5] Elapsed validation time:0.26s
[SST-5] [Epoch=016] Train Loss=[QuantLoss=0.03481]Val loss = [QuantLoss=0.09452][QuantReg:0.31644]
[SST-5] Starting epoch 17...
[SST-5] Elapsed training time:1.36s
[SST-5] Starting validation...
[SST-5] Elapsed validation time:0.22s
[SST-5] [Epoch=017] Train Loss=[QuantLoss=0.03736]Val loss = [QuantLoss=0.07571][QuantReg:0.33614][saved best model in this epoch]
[SST-5] Starting epoch 18...
[SST-5] Elapsed training time:1.23s
[SST-5] Starting validation...
[SST-5] Elapsed validation time:0.28s
[SST-5] [Epoch=018] Train Loss=[QuantLoss=0.04084]Val loss = [QuantLoss=0.09713][QuantReg:0.33717]
[SST-5] Starting epoch 19...
[SST-5] Elapsed training time:1.22s
[SST-5] Starting validation...
[SST-5] Elapsed validation time:0.32s
[SST-5] [Epoch=019] Train Loss=[QuantLoss=0.04077]Val loss = [QuantLoss=0.08950][QuantReg:0.33041]
[SST-5] Starting epoch 20...
[SST-5] Elapsed training time:1.17s
[SST-5] Starting validation...
[SST-5] Elapsed validation time:0.25s
[SST-5] [Epoch=020] Train Loss=[QuantLoss=0.03496]Val loss = [QuantLoss=0.09605][QuantReg:0.30938]
[SST-5] Starting epoch 21...
[SST-5] Elapsed training time:1.16s
[SST-5] Starting validation...
[SST-5] Elapsed validation time:0.22s
[SST-5] [Epoch=021] Train Loss=[QuantLoss=0.03391]Val loss = [QuantLoss=0.07867][QuantReg:0.33409]
[SST-5] Starting epoch 22...
[SST-5] Elapsed training time:1.18s
[SST-5] Starting validation...
[SST-5] Elapsed validation time:0.31s
[SST-5] [Epoch=022] Train Loss=[QuantLoss=0.04232]Val loss = [QuantLoss=0.10360][QuantReg:0.32534]
[SST-5] Starting epoch 23...
[SST-5] Elapsed training time:1.25s
[SST-5] Starting validation...
[SST-5] Elapsed validation time:0.30s
[SST-5] [Epoch=023] Train Loss=[QuantLoss=0.03745]Val loss = [QuantLoss=0.08885][QuantReg:0.33734]
[SST-5] Starting epoch 24...
[SST-5] Elapsed training time:1.23s
[SST-5] Starting validation...
[SST-5] Elapsed validation time:0.31s
[SST-5] [Epoch=024] Train Loss=[QuantLoss=0.03850]Val loss = [QuantLoss=0.09267][QuantReg:0.33413]
[SST-5] Starting epoch 25...
[SST-5] Elapsed training time:1.32s
[SST-5] Starting validation...
[SST-5] Elapsed validation time:0.28s
[SST-5] [Epoch=025] Train Loss=[QuantLoss=0.03470]Val loss = [QuantLoss=0.07986][QuantReg:0.33514]
[SST-5] Starting epoch 26...
[SST-5] Elapsed training time:1.36s
[SST-5] Starting validation...
[SST-5] Elapsed validation time:0.25s
[SST-5] [Epoch=026] Train Loss=[QuantLoss=0.03074]Val loss = [QuantLoss=0.08076][QuantReg:0.33183]
[SST-5] Starting epoch 27...
[SST-5] Elapsed training time:1.25s
[SST-5] Starting validation...
[SST-5] Elapsed validation time:0.24s
[SST-5] [Epoch=027] Train Loss=[QuantLoss=0.03302]Val loss = [QuantLoss=0.08550][QuantReg:0.32017]
[SST-5] Starting epoch 28...
[SST-5] Elapsed training time:1.33s
[SST-5] Starting validation...
[SST-5] Elapsed validation time:0.29s
[SST-5] [Epoch=028] Train Loss=[QuantLoss=0.03581]Val loss = [QuantLoss=0.08792][QuantReg:0.32364]
[SST-5] Starting epoch 29...
[SST-5] Elapsed training time:1.15s
[SST-5] Starting validation...
[SST-5] Elapsed validation time:0.27s
[SST-5] [Epoch=029] Train Loss=[QuantLoss=0.03770]Val loss = [QuantLoss=0.09307][QuantReg:0.34726]
[SST-5] Starting epoch 30...
[SST-5] Elapsed training time:1.19s
[SST-5] Starting validation...
[SST-5] Elapsed validation time:0.25s
[SST-5] [Epoch=030] Train Loss=[QuantLoss=0.03302]Val loss = [QuantLoss=0.08725][QuantReg:0.33268]
[SST-5] Starting epoch 31...
[SST-5] Elapsed training time:1.34s
[SST-5] Starting validation...
[SST-5] Elapsed validation time:0.36s
[SST-5] [Epoch=031] Train Loss=[QuantLoss=0.03595]Val loss = [QuantLoss=0.08482][QuantReg:0.32116]
[SST-5] Starting epoch 32...
[SST-5] Elapsed training time:1.20s
[SST-5] Starting validation...
[SST-5] Elapsed validation time:0.30s
[SST-5] [Epoch=032] Train Loss=[QuantLoss=0.04138]Val loss = [QuantLoss=0.09657][QuantReg:0.33094]
[SST-5] Starting epoch 33...
[SST-5] Elapsed training time:1.29s
[SST-5] Starting validation...
[SST-5] Elapsed validation time:0.30s
[SST-5] [Epoch=033] Train Loss=[QuantLoss=0.03377]Val loss = [QuantLoss=0.09308][QuantReg:0.32492]
[SST-5] Starting epoch 34...
[SST-5] Elapsed training time:1.17s
[SST-5] Starting validation...
[SST-5] Elapsed validation time:0.29s
[SST-5] [Epoch=034] Train Loss=[QuantLoss=0.02979]Val loss = [QuantLoss=0.08433][QuantReg:0.32265]
[SST-5] Starting epoch 35...
[SST-5] Elapsed training time:1.28s
[SST-5] Starting validation...
[SST-5] Elapsed validation time:0.28s
[SST-5] [Epoch=035] Train Loss=[QuantLoss=0.02670]Val loss = [QuantLoss=0.08392][QuantReg:0.32870]
[SST-5] Starting epoch 36...
[SST-5] Elapsed training time:1.17s
[SST-5] Starting validation...
[SST-5] Elapsed validation time:0.28s
[SST-5] [Epoch=036] Train Loss=[QuantLoss=0.02906]Val loss = [QuantLoss=0.08420][QuantReg:0.32474]
[SST-5] Starting epoch 37...
[SST-5] Elapsed training time:1.14s
[SST-5] Starting validation...
[SST-5] Elapsed validation time:0.29s
[SST-5] [Epoch=037] Train Loss=[QuantLoss=0.03480]Val loss = [QuantLoss=0.10142][QuantReg:0.32467]
[SST-5] Starting epoch 38...
[SST-5] Elapsed training time:1.16s
[SST-5] Starting validation...
[SST-5] Elapsed validation time:0.30s
[SST-5] [Epoch=038] Train Loss=[QuantLoss=0.02561]Val loss = [QuantLoss=0.08342][QuantReg:0.32059]
[SST-5] Starting epoch 39...
[SST-5] Elapsed training time:1.33s
[SST-5] Starting validation...
[SST-5] Elapsed validation time:0.28s
[SST-5] [Epoch=039] Train Loss=[QuantLoss=0.02623]Val loss = [QuantLoss=0.08497][QuantReg:0.32203]
[SST-5] Starting epoch 40...
[SST-5] Elapsed training time:1.23s
[SST-5] Starting validation...
[SST-5] Elapsed validation time:0.21s
[SST-5] [Epoch=040] Train Loss=[QuantLoss=0.02500]Val loss = [QuantLoss=0.08351][QuantReg:0.32207]
[SST-5] Starting epoch 41...
[SST-5] Elapsed training time:1.36s
[SST-5] Starting validation...
[SST-5] Elapsed validation time:0.26s
[SST-5] [Epoch=041] Train Loss=[QuantLoss=0.02394]Val loss = [QuantLoss=0.09130][QuantReg:0.32884]
[SST-5] Starting epoch 42...
[SST-5] Elapsed training time:1.34s
[SST-5] Starting validation...
[SST-5] Elapsed validation time:0.22s
[SST-5] [Epoch=042] Train Loss=[QuantLoss=0.02766]Val loss = [QuantLoss=0.08036][QuantReg:0.32245]
[SST-5] Starting epoch 43...
[SST-5] Elapsed training time:1.34s
[SST-5] Starting validation...
[SST-5] Elapsed validation time:0.28s
[SST-5] [Epoch=043] Train Loss=[QuantLoss=0.02683]Val loss = [QuantLoss=0.09367][QuantReg:0.32681]
[SST-5] Starting epoch 44...
[SST-5] Elapsed training time:1.19s
[SST-5] Starting validation...
[SST-5] Elapsed validation time:0.23s
[SST-5] [Epoch=044] Train Loss=[QuantLoss=0.02844]Val loss = [QuantLoss=0.09002][QuantReg:0.32549]
[SST-5] Starting epoch 45...
[SST-5] Elapsed training time:1.22s
[SST-5] Starting validation...
[SST-5] Elapsed validation time:0.24s
[SST-5] [Epoch=045] Train Loss=[QuantLoss=0.02596]Val loss = [QuantLoss=0.08639][QuantReg:0.32157]
[SST-5] Starting epoch 46...
[SST-5] Elapsed training time:1.31s
[SST-5] Starting validation...
[SST-5] Elapsed validation time:0.29s
[SST-5] [Epoch=046] Train Loss=[QuantLoss=0.02507]Val loss = [QuantLoss=0.09406][QuantReg:0.32496]
[SST-5] Starting epoch 47...
[SST-5] Elapsed training time:1.14s
[SST-5] Starting validation...
[SST-5] Elapsed validation time:0.27s
[SST-5] [Epoch=047] Train Loss=[QuantLoss=0.02768]Val loss = [QuantLoss=0.08758][QuantReg:0.32546]
[SST-5] Starting epoch 48...
[SST-5] Elapsed training time:1.34s
[SST-5] Starting validation...
[SST-5] Elapsed validation time:0.23s
[SST-5] [Epoch=048] Train Loss=[QuantLoss=0.02664]Val loss = [QuantLoss=0.08916][QuantReg:0.32485]
[SST-5] Starting epoch 49...
[SST-5] Elapsed training time:1.23s
[SST-5] Starting validation...
[SST-5] Elapsed validation time:0.23s
[SST-5] [Epoch=049] Train Loss=[QuantLoss=0.02797]Val loss = [QuantLoss=0.08885][QuantReg:0.32217]
[SST-5] Starting epoch 50...
[SST-5] Elapsed training time:1.21s
[SST-5] Starting validation...
[SST-5] Elapsed validation time:0.23s
[SST-5] [Epoch=050] Train Loss=[QuantLoss=0.02841]Val loss = [QuantLoss=0.09983][QuantReg:0.32208]
[SST-5] Starting epoch 51...
[SST-5] Elapsed training time:1.26s
[SST-5] Starting validation...
[SST-5] Elapsed validation time:0.28s
[SST-5] [Epoch=051] Train Loss=[QuantLoss=0.02382]Val loss = [QuantLoss=0.08283][QuantReg:0.32329]
[SST-5] Starting epoch 52...
[SST-5] Elapsed training time:1.31s
[SST-5] Starting validation...
[SST-5] Elapsed validation time:0.23s
[SST-5] [Epoch=052] Train Loss=[QuantLoss=0.02610]Val loss = [QuantLoss=0.08402][QuantReg:0.32198]
[SST-5] Starting epoch 53...
[SST-5] Elapsed training time:1.29s
[SST-5] Starting validation...
[SST-5] Elapsed validation time:0.25s
[SST-5] [Epoch=053] Train Loss=[QuantLoss=0.02481]Val loss = [QuantLoss=0.09191][QuantReg:0.32677]
[SST-5] Starting epoch 54...
[SST-5] Elapsed training time:1.18s
[SST-5] Starting validation...
[SST-5] Elapsed validation time:0.21s
[SST-5] [Epoch=054] Train Loss=[QuantLoss=0.02583]Val loss = [QuantLoss=0.08196][QuantReg:0.32465]
[SST-5] Starting epoch 55...
[SST-5] Elapsed training time:1.21s
[SST-5] Starting validation...
[SST-5] Elapsed validation time:0.31s
[SST-5] [Epoch=055] Train Loss=[QuantLoss=0.02483]Val loss = [QuantLoss=0.09242][QuantReg:0.32505]
[SST-5] Starting epoch 56...
[SST-5] Elapsed training time:1.35s
[SST-5] Starting validation...
[SST-5] Elapsed validation time:0.29s
[SST-5] [Epoch=056] Train Loss=[QuantLoss=0.02396]Val loss = [QuantLoss=0.08659][QuantReg:0.32381]
[SST-5] Starting epoch 57...
[SST-5] Elapsed training time:1.20s
[SST-5] Starting validation...
[SST-5] Elapsed validation time:0.27s
[SST-5] [Epoch=057] Train Loss=[QuantLoss=0.02828]Val loss = [QuantLoss=0.08345][QuantReg:0.32548]
[SST-5] Starting epoch 58...
[SST-5] Elapsed training time:1.31s
[SST-5] Starting validation...
[SST-5] Elapsed validation time:0.23s
[SST-5] [Epoch=058] Train Loss=[QuantLoss=0.03026]Val loss = [QuantLoss=0.09847][QuantReg:0.32447]
[SST-5] Starting epoch 59...
[SST-5] Elapsed training time:1.23s
[SST-5] Starting validation...
[SST-5] Elapsed validation time:0.27s
[SST-5] [Epoch=059] Train Loss=[QuantLoss=0.02859]Val loss = [QuantLoss=0.08031][QuantReg:0.32358]
[SST-5] Starting epoch 60...
[SST-5] Elapsed training time:1.24s
[SST-5] Starting validation...
[SST-5] Elapsed validation time:0.26s
[SST-5] [Epoch=060] Train Loss=[QuantLoss=0.02994]Val loss = [QuantLoss=0.09560][QuantReg:0.32568]
[SST-5] Starting epoch 61...
[SST-5] Elapsed training time:1.20s
[SST-5] Starting validation...
[SST-5] Elapsed validation time:0.30s
[SST-5] [Epoch=061] Train Loss=[QuantLoss=0.02531]Val loss = [QuantLoss=0.09446][QuantReg:0.32403]
[SST-5] Starting epoch 62...
[SST-5] Elapsed training time:1.15s
[SST-5] Starting validation...
[SST-5] Elapsed validation time:0.30s
[SST-5] [Epoch=062] Train Loss=[QuantLoss=0.02675]Val loss = [QuantLoss=0.08650][QuantReg:0.32235]
[SST-5] Starting epoch 63...
[SST-5] Elapsed training time:1.33s
[SST-5] Starting validation...
[SST-5] Elapsed validation time:0.31s
[SST-5] [Epoch=063] Train Loss=[QuantLoss=0.02551]Val loss = [QuantLoss=0.08979][QuantReg:0.32301]
[SST-5] Starting epoch 64...
[SST-5] Elapsed training time:1.35s
[SST-5] Starting validation...
[SST-5] Elapsed validation time:0.29s
[SST-5] [Epoch=064] Train Loss=[QuantLoss=0.03076]Val loss = [QuantLoss=0.10271][QuantReg:0.32359]
[SST-5] Starting epoch 65...
[SST-5] Elapsed training time:1.28s
[SST-5] Starting validation...
[SST-5] Elapsed validation time:0.24s
[SST-5] [Epoch=065] Train Loss=[QuantLoss=0.03573]Val loss = [QuantLoss=0.10195][QuantReg:0.32466]
[SST-5] Early stopping in epoch 65!
[SST-5] Restoring best model...
MAE médio: 0.0728 ± 0.0397
