Dificuldade: kl, modo: easiest, top_k: None
Dispositivo de treino: cuda
Carregando Financial PhraseBank (atrost/financial_phrasebank)...
Carregando embeddings do cache...
Ignoring val_split as train and val datasets where given to fit function
We have two datasets: training 2502907 examples. validation 150000 examples.]
Using device cuda
[FinancialPhraseBank] Starting epoch 0...
[FinancialPhraseBank] Elapsed training time:7.75s
[FinancialPhraseBank] Starting validation...
[FinancialPhraseBank] Elapsed validation time:1.23s
[FinancialPhraseBank] [Epoch=000] Train Loss=[QuantLoss=0.04228]Val loss = [QuantLoss=0.07457][QuantReg:0.60492][saved best model in this epoch]
[FinancialPhraseBank] Starting epoch 1...
[FinancialPhraseBank] Elapsed training time:7.69s
[FinancialPhraseBank] Starting validation...
[FinancialPhraseBank] Elapsed validation time:1.31s
[FinancialPhraseBank] [Epoch=001] Train Loss=[QuantLoss=0.04962]Val loss = [QuantLoss=0.09142][QuantReg:0.53463]
[FinancialPhraseBank] Starting epoch 2...
[FinancialPhraseBank] Elapsed training time:7.62s
[FinancialPhraseBank] Starting validation...
[FinancialPhraseBank] Elapsed validation time:1.33s
[FinancialPhraseBank] [Epoch=002] Train Loss=[QuantLoss=0.05457]Val loss = [QuantLoss=0.13244][QuantReg:0.53870]
[FinancialPhraseBank] Starting epoch 3...
[FinancialPhraseBank] Elapsed training time:7.55s
[FinancialPhraseBank] Starting validation...
[FinancialPhraseBank] Elapsed validation time:1.23s
[FinancialPhraseBank] [Epoch=003] Train Loss=[QuantLoss=0.04524]Val loss = [QuantLoss=0.13504][QuantReg:0.49533]
[FinancialPhraseBank] Starting epoch 4...
[FinancialPhraseBank] Elapsed training time:7.65s
[FinancialPhraseBank] Starting validation...
[FinancialPhraseBank] Elapsed validation time:1.23s
[FinancialPhraseBank] [Epoch=004] Train Loss=[QuantLoss=0.03869]Val loss = [QuantLoss=0.09268][QuantReg:0.47746]
[FinancialPhraseBank] Starting epoch 5...
[FinancialPhraseBank] Elapsed training time:7.69s
[FinancialPhraseBank] Starting validation...
[FinancialPhraseBank] Elapsed validation time:1.33s
[FinancialPhraseBank] [Epoch=005] Train Loss=[QuantLoss=0.03683]Val loss = [QuantLoss=0.10254][QuantReg:0.48210]
[FinancialPhraseBank] Starting epoch 6...
[FinancialPhraseBank] Elapsed training time:7.58s
[FinancialPhraseBank] Starting validation...
[FinancialPhraseBank] Elapsed validation time:1.24s
[FinancialPhraseBank] [Epoch=006] Train Loss=[QuantLoss=0.04208]Val loss = [QuantLoss=0.11660][QuantReg:0.48473]
[FinancialPhraseBank] Starting epoch 7...
[FinancialPhraseBank] Elapsed training time:7.49s
[FinancialPhraseBank] Starting validation...
[FinancialPhraseBank] Elapsed validation time:1.21s
[FinancialPhraseBank] [Epoch=007] Train Loss=[QuantLoss=0.03617]Val loss = [QuantLoss=0.07764][QuantReg:0.46948]
[FinancialPhraseBank] Starting epoch 8...
[FinancialPhraseBank] Elapsed training time:7.59s
[FinancialPhraseBank] Starting validation...
[FinancialPhraseBank] Elapsed validation time:1.31s
[FinancialPhraseBank] [Epoch=008] Train Loss=[QuantLoss=0.03857]Val loss = [QuantLoss=0.08737][QuantReg:0.47493]
[FinancialPhraseBank] Starting epoch 9...
[FinancialPhraseBank] Elapsed training time:7.38s
[FinancialPhraseBank] Starting validation...
[FinancialPhraseBank] Elapsed validation time:1.39s
[FinancialPhraseBank] [Epoch=009] Train Loss=[QuantLoss=0.04432]Val loss = [QuantLoss=0.07885][QuantReg:0.47077]
[FinancialPhraseBank] Starting epoch 10...
[FinancialPhraseBank] Elapsed training time:7.40s
[FinancialPhraseBank] Starting validation...
[FinancialPhraseBank] Elapsed validation time:1.20s
[FinancialPhraseBank] [Epoch=010] Train Loss=[QuantLoss=0.03914]Val loss = [QuantLoss=0.11447][QuantReg:0.48058]
[FinancialPhraseBank] Starting epoch 11...
[FinancialPhraseBank] Elapsed training time:7.46s
[FinancialPhraseBank] Starting validation...
[FinancialPhraseBank] Elapsed validation time:1.18s
[FinancialPhraseBank] [Epoch=011] Train Loss=[QuantLoss=0.03961]Val loss = [QuantLoss=0.07547][QuantReg:0.43867]
[FinancialPhraseBank] Starting epoch 12...
[FinancialPhraseBank] Elapsed training time:7.54s
[FinancialPhraseBank] Starting validation...
[FinancialPhraseBank] Elapsed validation time:1.31s
[FinancialPhraseBank] [Epoch=012] Train Loss=[QuantLoss=0.03818]Val loss = [QuantLoss=0.10712][QuantReg:0.45372]
[FinancialPhraseBank] Starting epoch 13...
[FinancialPhraseBank] Elapsed training time:7.85s
[FinancialPhraseBank] Starting validation...
[FinancialPhraseBank] Elapsed validation time:1.18s
[FinancialPhraseBank] [Epoch=013] Train Loss=[QuantLoss=0.03363]Val loss = [QuantLoss=0.09500][QuantReg:0.45974]
[FinancialPhraseBank] Starting epoch 14...
[FinancialPhraseBank] Elapsed training time:7.55s
[FinancialPhraseBank] Starting validation...
[FinancialPhraseBank] Elapsed validation time:1.20s
[FinancialPhraseBank] [Epoch=014] Train Loss=[QuantLoss=0.04119]Val loss = [QuantLoss=0.07236][QuantReg:0.45568][saved best model in this epoch]
[FinancialPhraseBank] Starting epoch 15...
[FinancialPhraseBank] Elapsed training time:7.67s
[FinancialPhraseBank] Starting validation...
[FinancialPhraseBank] Elapsed validation time:1.18s
[FinancialPhraseBank] [Epoch=015] Train Loss=[QuantLoss=0.04503]Val loss = [QuantLoss=0.08424][QuantReg:0.43784]
[FinancialPhraseBank] Starting epoch 16...
[FinancialPhraseBank] Elapsed training time:7.49s
[FinancialPhraseBank] Starting validation...
[FinancialPhraseBank] Elapsed validation time:1.28s
[FinancialPhraseBank] [Epoch=016] Train Loss=[QuantLoss=0.03593]Val loss = [QuantLoss=0.09443][QuantReg:0.41483]
[FinancialPhraseBank] Starting epoch 17...
[FinancialPhraseBank] Elapsed training time:7.55s
[FinancialPhraseBank] Starting validation...
[FinancialPhraseBank] Elapsed validation time:1.20s
[FinancialPhraseBank] [Epoch=017] Train Loss=[QuantLoss=0.03773]Val loss = [QuantLoss=0.09896][QuantReg:0.40138]
[FinancialPhraseBank] Starting epoch 18...
[FinancialPhraseBank] Elapsed training time:7.47s
[FinancialPhraseBank] Starting validation...
[FinancialPhraseBank] Elapsed validation time:1.18s
[FinancialPhraseBank] [Epoch=018] Train Loss=[QuantLoss=0.03664]Val loss = [QuantLoss=0.08451][QuantReg:0.38359]
[FinancialPhraseBank] Starting epoch 19...
[FinancialPhraseBank] Elapsed training time:7.64s
[FinancialPhraseBank] Starting validation...
[FinancialPhraseBank] Elapsed validation time:1.23s
[FinancialPhraseBank] [Epoch=019] Train Loss=[QuantLoss=0.03697]Val loss = [QuantLoss=0.06961][QuantReg:0.37947][saved best model in this epoch]
[FinancialPhraseBank] Starting epoch 20...
[FinancialPhraseBank] Elapsed training time:7.63s
[FinancialPhraseBank] Starting validation...
[FinancialPhraseBank] Elapsed validation time:1.18s
[FinancialPhraseBank] [Epoch=020] Train Loss=[QuantLoss=0.03427]Val loss = [QuantLoss=0.09608][QuantReg:0.38092]
[FinancialPhraseBank] Starting epoch 21...
[FinancialPhraseBank] Elapsed training time:7.68s
[FinancialPhraseBank] Starting validation...
[FinancialPhraseBank] Elapsed validation time:1.23s
[FinancialPhraseBank] [Epoch=021] Train Loss=[QuantLoss=0.03311]Val loss = [QuantLoss=0.07529][QuantReg:0.38567]
[FinancialPhraseBank] Starting epoch 22...
[FinancialPhraseBank] Elapsed training time:7.73s
[FinancialPhraseBank] Starting validation...
[FinancialPhraseBank] Elapsed validation time:1.21s
[FinancialPhraseBank] [Epoch=022] Train Loss=[QuantLoss=0.03136]Val loss = [QuantLoss=0.06726][QuantReg:0.39273][saved best model in this epoch]
[FinancialPhraseBank] Starting epoch 23...
[FinancialPhraseBank] Elapsed training time:7.58s
[FinancialPhraseBank] Starting validation...
[FinancialPhraseBank] Elapsed validation time:1.13s
[FinancialPhraseBank] [Epoch=023] Train Loss=[QuantLoss=0.03921]Val loss = [QuantLoss=0.07412][QuantReg:0.39910]
[FinancialPhraseBank] Starting epoch 24...
[FinancialPhraseBank] Elapsed training time:7.56s
[FinancialPhraseBank] Starting validation...
[FinancialPhraseBank] Elapsed validation time:1.38s
[FinancialPhraseBank] [Epoch=024] Train Loss=[QuantLoss=0.03356]Val loss = [QuantLoss=0.08684][QuantReg:0.39267]
[FinancialPhraseBank] Starting epoch 25...
[FinancialPhraseBank] Elapsed training time:7.58s
[FinancialPhraseBank] Starting validation...
[FinancialPhraseBank] Elapsed validation time:1.25s
[FinancialPhraseBank] [Epoch=025] Train Loss=[QuantLoss=0.03487]Val loss = [QuantLoss=0.05121][QuantReg:0.38331][saved best model in this epoch]
[FinancialPhraseBank] Starting epoch 26...
[FinancialPhraseBank] Elapsed training time:7.54s
[FinancialPhraseBank] Starting validation...
[FinancialPhraseBank] Elapsed validation time:1.27s
[FinancialPhraseBank] [Epoch=026] Train Loss=[QuantLoss=0.03183]Val loss = [QuantLoss=0.09008][QuantReg:0.38515]
[FinancialPhraseBank] Starting epoch 27...
[FinancialPhraseBank] Elapsed training time:7.78s
[FinancialPhraseBank] Starting validation...
[FinancialPhraseBank] Elapsed validation time:1.34s
[FinancialPhraseBank] [Epoch=027] Train Loss=[QuantLoss=0.03561]Val loss = [QuantLoss=0.06264][QuantReg:0.38200]
[FinancialPhraseBank] Starting epoch 28...
[FinancialPhraseBank] Elapsed training time:7.75s
[FinancialPhraseBank] Starting validation...
[FinancialPhraseBank] Elapsed validation time:1.31s
[FinancialPhraseBank] [Epoch=028] Train Loss=[QuantLoss=0.03641]Val loss = [QuantLoss=0.09069][QuantReg:0.37369]
[FinancialPhraseBank] Starting epoch 29...
[FinancialPhraseBank] Elapsed training time:7.47s
[FinancialPhraseBank] Starting validation...
[FinancialPhraseBank] Elapsed validation time:1.23s
[FinancialPhraseBank] [Epoch=029] Train Loss=[QuantLoss=0.03101]Val loss = [QuantLoss=0.08847][QuantReg:0.36400]
[FinancialPhraseBank] Starting epoch 30...
[FinancialPhraseBank] Elapsed training time:7.57s
[FinancialPhraseBank] Starting validation...
[FinancialPhraseBank] Elapsed validation time:1.21s
[FinancialPhraseBank] [Epoch=030] Train Loss=[QuantLoss=0.03171]Val loss = [QuantLoss=0.07703][QuantReg:0.37083]
[FinancialPhraseBank] Starting epoch 31...
[FinancialPhraseBank] Elapsed training time:7.60s
[FinancialPhraseBank] Starting validation...
[FinancialPhraseBank] Elapsed validation time:1.21s
[FinancialPhraseBank] [Epoch=031] Train Loss=[QuantLoss=0.03552]Val loss = [QuantLoss=0.08010][QuantReg:0.37141]
[FinancialPhraseBank] Starting epoch 32...
[FinancialPhraseBank] Elapsed training time:7.71s
[FinancialPhraseBank] Starting validation...
[FinancialPhraseBank] Elapsed validation time:1.28s
[FinancialPhraseBank] [Epoch=032] Train Loss=[QuantLoss=0.03425]Val loss = [QuantLoss=0.10646][QuantReg:0.36863]
[FinancialPhraseBank] Starting epoch 33...
[FinancialPhraseBank] Elapsed training time:7.60s
[FinancialPhraseBank] Starting validation...
[FinancialPhraseBank] Elapsed validation time:1.20s
[FinancialPhraseBank] [Epoch=033] Train Loss=[QuantLoss=0.03417]Val loss = [QuantLoss=0.10299][QuantReg:0.37574]
[FinancialPhraseBank] Starting epoch 34...
[FinancialPhraseBank] Elapsed training time:7.46s
[FinancialPhraseBank] Starting validation...
[FinancialPhraseBank] Elapsed validation time:1.20s
[FinancialPhraseBank] [Epoch=034] Train Loss=[QuantLoss=0.03176]Val loss = [QuantLoss=0.06346][QuantReg:0.37838]
[FinancialPhraseBank] Starting epoch 35...
[FinancialPhraseBank] Elapsed training time:7.54s
[FinancialPhraseBank] Starting validation...
[FinancialPhraseBank] Elapsed validation time:1.32s
[FinancialPhraseBank] [Epoch=035] Train Loss=[QuantLoss=0.03731]Val loss = [QuantLoss=0.05013][QuantReg:0.39316][saved best model in this epoch]
[FinancialPhraseBank] Starting epoch 36...
[FinancialPhraseBank] Elapsed training time:7.52s
[FinancialPhraseBank] Starting validation...
[FinancialPhraseBank] Elapsed validation time:1.18s
[FinancialPhraseBank] [Epoch=036] Train Loss=[QuantLoss=0.03542]Val loss = [QuantLoss=0.08391][QuantReg:0.39794]
[FinancialPhraseBank] Starting epoch 37...
[FinancialPhraseBank] Elapsed training time:7.44s
[FinancialPhraseBank] Starting validation...
[FinancialPhraseBank] Elapsed validation time:1.20s
[FinancialPhraseBank] [Epoch=037] Train Loss=[QuantLoss=0.03430]Val loss = [QuantLoss=0.08018][QuantReg:0.39266]
[FinancialPhraseBank] Starting epoch 38...
[FinancialPhraseBank] Elapsed training time:7.60s
[FinancialPhraseBank] Starting validation...
[FinancialPhraseBank] Elapsed validation time:1.18s
[FinancialPhraseBank] [Epoch=038] Train Loss=[QuantLoss=0.03375]Val loss = [QuantLoss=0.05802][QuantReg:0.39117]
[FinancialPhraseBank] Starting epoch 39...
[FinancialPhraseBank] Elapsed training time:7.63s
[FinancialPhraseBank] Starting validation...
[FinancialPhraseBank] Elapsed validation time:1.27s
[FinancialPhraseBank] [Epoch=039] Train Loss=[QuantLoss=0.03213]Val loss = [QuantLoss=0.05966][QuantReg:0.38471]
[FinancialPhraseBank] Starting epoch 40...
[FinancialPhraseBank] Elapsed training time:7.70s
[FinancialPhraseBank] Starting validation...
[FinancialPhraseBank] Elapsed validation time:1.26s
[FinancialPhraseBank] [Epoch=040] Train Loss=[QuantLoss=0.03274]Val loss = [QuantLoss=0.07856][QuantReg:0.38889]
[FinancialPhraseBank] Starting epoch 41...
[FinancialPhraseBank] Elapsed training time:7.79s
[FinancialPhraseBank] Starting validation...
[FinancialPhraseBank] Elapsed validation time:1.24s
[FinancialPhraseBank] [Epoch=041] Train Loss=[QuantLoss=0.03448]Val loss = [QuantLoss=0.06268][QuantReg:0.38358]
[FinancialPhraseBank] Starting epoch 42...
[FinancialPhraseBank] Elapsed training time:7.58s
[FinancialPhraseBank] Starting validation...
[FinancialPhraseBank] Elapsed validation time:1.33s
[FinancialPhraseBank] [Epoch=042] Train Loss=[QuantLoss=0.03642]Val loss = [QuantLoss=0.08655][QuantReg:0.37705]
[FinancialPhraseBank] Starting epoch 43...
[FinancialPhraseBank] Elapsed training time:7.50s
[FinancialPhraseBank] Starting validation...
[FinancialPhraseBank] Elapsed validation time:1.20s
[FinancialPhraseBank] [Epoch=043] Train Loss=[QuantLoss=0.03417]Val loss = [QuantLoss=0.05898][QuantReg:0.37459]
[FinancialPhraseBank] Starting epoch 44...
[FinancialPhraseBank] Elapsed training time:7.48s
[FinancialPhraseBank] Starting validation...
[FinancialPhraseBank] Elapsed validation time:1.32s
[FinancialPhraseBank] [Epoch=044] Train Loss=[QuantLoss=0.02876]Val loss = [QuantLoss=0.05772][QuantReg:0.38175]
[FinancialPhraseBank] Starting epoch 45...
[FinancialPhraseBank] Elapsed training time:7.63s
[FinancialPhraseBank] Starting validation...
[FinancialPhraseBank] Elapsed validation time:1.21s
[FinancialPhraseBank] [Epoch=045] Train Loss=[QuantLoss=0.02907]Val loss = [QuantLoss=0.06996][QuantReg:0.38313]
[FinancialPhraseBank] Starting epoch 46...
[FinancialPhraseBank] Elapsed training time:7.74s
[FinancialPhraseBank] Starting validation...
[FinancialPhraseBank] Elapsed validation time:1.26s
[FinancialPhraseBank] [Epoch=046] Train Loss=[QuantLoss=0.03082]Val loss = [QuantLoss=0.09185][QuantReg:0.38322]
[FinancialPhraseBank] Starting epoch 47...
[FinancialPhraseBank] Elapsed training time:7.53s
[FinancialPhraseBank] Starting validation...
[FinancialPhraseBank] Elapsed validation time:1.17s
[FinancialPhraseBank] [Epoch=047] Train Loss=[QuantLoss=0.03330]Val loss = [QuantLoss=0.07387][QuantReg:0.39062]
[FinancialPhraseBank] Starting epoch 48...
[FinancialPhraseBank] Elapsed training time:7.52s
[FinancialPhraseBank] Starting validation...
[FinancialPhraseBank] Elapsed validation time:1.18s
[FinancialPhraseBank] [Epoch=048] Train Loss=[QuantLoss=0.02746]Val loss = [QuantLoss=0.09364][QuantReg:0.36918]
[FinancialPhraseBank] Starting epoch 49...
[FinancialPhraseBank] Elapsed training time:7.62s
[FinancialPhraseBank] Starting validation...
[FinancialPhraseBank] Elapsed validation time:1.28s
[FinancialPhraseBank] [Epoch=049] Train Loss=[QuantLoss=0.03634]Val loss = [QuantLoss=0.10227][QuantReg:0.36427]
[FinancialPhraseBank] Starting epoch 50...
[FinancialPhraseBank] Elapsed training time:7.81s
[FinancialPhraseBank] Starting validation...
[FinancialPhraseBank] Elapsed validation time:1.16s
[FinancialPhraseBank] [Epoch=050] Train Loss=[QuantLoss=0.03038]Val loss = [QuantLoss=0.06919][QuantReg:0.36884]
[FinancialPhraseBank] Starting epoch 51...
[FinancialPhraseBank] Elapsed training time:7.71s
[FinancialPhraseBank] Starting validation...
[FinancialPhraseBank] Elapsed validation time:1.24s
[FinancialPhraseBank] [Epoch=051] Train Loss=[QuantLoss=0.02855]Val loss = [QuantLoss=0.08121][QuantReg:0.37556]
[FinancialPhraseBank] Starting epoch 52...
[FinancialPhraseBank] Elapsed training time:7.88s
[FinancialPhraseBank] Starting validation...
[FinancialPhraseBank] Elapsed validation time:1.17s
[FinancialPhraseBank] [Epoch=052] Train Loss=[QuantLoss=0.02702]Val loss = [QuantLoss=0.06116][QuantReg:0.38771]
[FinancialPhraseBank] Starting epoch 53...
[FinancialPhraseBank] Elapsed training time:7.55s
[FinancialPhraseBank] Starting validation...
[FinancialPhraseBank] Elapsed validation time:1.20s
[FinancialPhraseBank] [Epoch=053] Train Loss=[QuantLoss=0.02888]Val loss = [QuantLoss=0.07770][QuantReg:0.38734]
[FinancialPhraseBank] Starting epoch 54...
[FinancialPhraseBank] Elapsed training time:7.55s
[FinancialPhraseBank] Starting validation...
[FinancialPhraseBank] Elapsed validation time:1.24s
[FinancialPhraseBank] [Epoch=054] Train Loss=[QuantLoss=0.02941]Val loss = [QuantLoss=0.09099][QuantReg:0.38937]
[FinancialPhraseBank] Starting epoch 55...
[FinancialPhraseBank] Elapsed training time:7.61s
[FinancialPhraseBank] Starting validation...
[FinancialPhraseBank] Elapsed validation time:1.15s
[FinancialPhraseBank] [Epoch=055] Train Loss=[QuantLoss=0.03145]Val loss = [QuantLoss=0.09038][QuantReg:0.37627]
[FinancialPhraseBank] Starting epoch 56...
[FinancialPhraseBank] Elapsed training time:7.71s
[FinancialPhraseBank] Starting validation...
[FinancialPhraseBank] Elapsed validation time:1.16s
[FinancialPhraseBank] [Epoch=056] Train Loss=[QuantLoss=0.03484]Val loss = [QuantLoss=0.10614][QuantReg:0.35101]
[FinancialPhraseBank] Starting epoch 57...
[FinancialPhraseBank] Elapsed training time:7.71s
[FinancialPhraseBank] Starting validation...
[FinancialPhraseBank] Elapsed validation time:1.19s
[FinancialPhraseBank] [Epoch=057] Train Loss=[QuantLoss=0.03092]Val loss = [QuantLoss=0.06421][QuantReg:0.35346]
[FinancialPhraseBank] Starting epoch 58...
[FinancialPhraseBank] Elapsed training time:7.68s
[FinancialPhraseBank] Starting validation...
[FinancialPhraseBank] Elapsed validation time:1.27s
[FinancialPhraseBank] [Epoch=058] Train Loss=[QuantLoss=0.02533]Val loss = [QuantLoss=0.05154][QuantReg:0.35398]
[FinancialPhraseBank] Starting epoch 59...
[FinancialPhraseBank] Elapsed training time:7.80s
[FinancialPhraseBank] Starting validation...
[FinancialPhraseBank] Elapsed validation time:1.23s
[FinancialPhraseBank] [Epoch=059] Train Loss=[QuantLoss=0.02818]Val loss = [QuantLoss=0.06443][QuantReg:0.35315]
[FinancialPhraseBank] Starting epoch 60...
[FinancialPhraseBank] Elapsed training time:7.71s
[FinancialPhraseBank] Starting validation...
[FinancialPhraseBank] Elapsed validation time:1.26s
[FinancialPhraseBank] [Epoch=060] Train Loss=[QuantLoss=0.02225]Val loss = [QuantLoss=0.06138][QuantReg:0.35312]
[FinancialPhraseBank] Starting epoch 61...
[FinancialPhraseBank] Elapsed training time:7.85s
[FinancialPhraseBank] Starting validation...
[FinancialPhraseBank] Elapsed validation time:1.38s
[FinancialPhraseBank] [Epoch=061] Train Loss=[QuantLoss=0.02846]Val loss = [QuantLoss=0.07813][QuantReg:0.35327]
[FinancialPhraseBank] Starting epoch 62...
[FinancialPhraseBank] Elapsed training time:7.61s
[FinancialPhraseBank] Starting validation...
[FinancialPhraseBank] Elapsed validation time:1.30s
[FinancialPhraseBank] [Epoch=062] Train Loss=[QuantLoss=0.02764]Val loss = [QuantLoss=0.07940][QuantReg:0.35319]
[FinancialPhraseBank] Starting epoch 63...
[FinancialPhraseBank] Elapsed training time:7.86s
[FinancialPhraseBank] Starting validation...
[FinancialPhraseBank] Elapsed validation time:1.37s
[FinancialPhraseBank] [Epoch=063] Train Loss=[QuantLoss=0.02359]Val loss = [QuantLoss=0.07193][QuantReg:0.35420]
[FinancialPhraseBank] Starting epoch 64...
[FinancialPhraseBank] Elapsed training time:7.43s
[FinancialPhraseBank] Starting validation...
[FinancialPhraseBank] Elapsed validation time:1.34s
[FinancialPhraseBank] [Epoch=064] Train Loss=[QuantLoss=0.02377]Val loss = [QuantLoss=0.07081][QuantReg:0.35286]
[FinancialPhraseBank] Starting epoch 65...
[FinancialPhraseBank] Elapsed training time:7.69s
[FinancialPhraseBank] Starting validation...
[FinancialPhraseBank] Elapsed validation time:1.31s
[FinancialPhraseBank] [Epoch=065] Train Loss=[QuantLoss=0.02428]Val loss = [QuantLoss=0.07556][QuantReg:0.35234]
[FinancialPhraseBank] Starting epoch 66...
[FinancialPhraseBank] Elapsed training time:7.76s
[FinancialPhraseBank] Starting validation...
[FinancialPhraseBank] Elapsed validation time:1.19s
[FinancialPhraseBank] [Epoch=066] Train Loss=[QuantLoss=0.02268]Val loss = [QuantLoss=0.06915][QuantReg:0.35304]
[FinancialPhraseBank] Starting epoch 67...
[FinancialPhraseBank] Elapsed training time:7.61s
[FinancialPhraseBank] Starting validation...
[FinancialPhraseBank] Elapsed validation time:1.31s
[FinancialPhraseBank] [Epoch=067] Train Loss=[QuantLoss=0.02058]Val loss = [QuantLoss=0.07158][QuantReg:0.35491]
[FinancialPhraseBank] Starting epoch 68...
[FinancialPhraseBank] Elapsed training time:7.81s
[FinancialPhraseBank] Starting validation...
[FinancialPhraseBank] Elapsed validation time:1.26s
[FinancialPhraseBank] [Epoch=068] Train Loss=[QuantLoss=0.02371]Val loss = [QuantLoss=0.06418][QuantReg:0.35600]
[FinancialPhraseBank] Starting epoch 69...
[FinancialPhraseBank] Elapsed training time:7.72s
[FinancialPhraseBank] Starting validation...
[FinancialPhraseBank] Elapsed validation time:1.18s
[FinancialPhraseBank] [Epoch=069] Train Loss=[QuantLoss=0.02406]Val loss = [QuantLoss=0.07653][QuantReg:0.35708]
[FinancialPhraseBank] Starting epoch 70...
[FinancialPhraseBank] Elapsed training time:7.53s
[FinancialPhraseBank] Starting validation...
[FinancialPhraseBank] Elapsed validation time:1.24s
[FinancialPhraseBank] [Epoch=070] Train Loss=[QuantLoss=0.02092]Val loss = [QuantLoss=0.06911][QuantReg:0.35602]
[FinancialPhraseBank] Starting epoch 71...
[FinancialPhraseBank] Elapsed training time:7.57s
[FinancialPhraseBank] Starting validation...
[FinancialPhraseBank] Elapsed validation time:1.17s
[FinancialPhraseBank] [Epoch=071] Train Loss=[QuantLoss=0.02812]Val loss = [QuantLoss=0.07680][QuantReg:0.35587]
[FinancialPhraseBank] Starting epoch 72...
[FinancialPhraseBank] Elapsed training time:7.78s
[FinancialPhraseBank] Starting validation...
[FinancialPhraseBank] Elapsed validation time:1.33s
[FinancialPhraseBank] [Epoch=072] Train Loss=[QuantLoss=0.02176]Val loss = [QuantLoss=0.05492][QuantReg:0.35473]
[FinancialPhraseBank] Starting epoch 73...
[FinancialPhraseBank] Elapsed training time:7.54s
[FinancialPhraseBank] Starting validation...
[FinancialPhraseBank] Elapsed validation time:1.28s
[FinancialPhraseBank] [Epoch=073] Train Loss=[QuantLoss=0.02386]Val loss = [QuantLoss=0.07785][QuantReg:0.35782]
[FinancialPhraseBank] Starting epoch 74...
[FinancialPhraseBank] Elapsed training time:7.87s
[FinancialPhraseBank] Starting validation...
[FinancialPhraseBank] Elapsed validation time:1.17s
[FinancialPhraseBank] [Epoch=074] Train Loss=[QuantLoss=0.02540]Val loss = [QuantLoss=0.07689][QuantReg:0.35791]
[FinancialPhraseBank] Starting epoch 75...
[FinancialPhraseBank] Elapsed training time:7.47s
[FinancialPhraseBank] Starting validation...
[FinancialPhraseBank] Elapsed validation time:1.34s
[FinancialPhraseBank] [Epoch=075] Train Loss=[QuantLoss=0.02095]Val loss = [QuantLoss=0.06134][QuantReg:0.35756]
[FinancialPhraseBank] Starting epoch 76...
[FinancialPhraseBank] Elapsed training time:7.75s
[FinancialPhraseBank] Starting validation...
[FinancialPhraseBank] Elapsed validation time:1.26s
[FinancialPhraseBank] [Epoch=076] Train Loss=[QuantLoss=0.02151]Val loss = [QuantLoss=0.06577][QuantReg:0.35789]
[FinancialPhraseBank] Starting epoch 77...
[FinancialPhraseBank] Elapsed training time:7.62s
[FinancialPhraseBank] Starting validation...
[FinancialPhraseBank] Elapsed validation time:1.13s
[FinancialPhraseBank] [Epoch=077] Train Loss=[QuantLoss=0.02217]Val loss = [QuantLoss=0.05272][QuantReg:0.35672]
[FinancialPhraseBank] Early stopping in epoch 77!
[FinancialPhraseBank] Restoring best model...
MAE médio: 0.0503 ± 0.0237
