Dificuldade: kl, modo: hardest, top_k: None
Dispositivo de treino: cuda
Carregando Financial PhraseBank (atrost/financial_phrasebank)...
Carregando embeddings do cache...
Ignoring val_split as train and val datasets where given to fit function
We have two datasets: training 252907 examples. validation 15000 examples.]
Using device cuda
[SST-5] Starting epoch 0...
[SST-5] Elapsed training time:1.29s
[SST-5] Starting validation...
[SST-5] Elapsed validation time:0.37s
[SST-5] [Epoch=000] Train Loss=[QuantLoss=0.11684]Val loss = [QuantLoss=0.08206][QuantReg:0.34641][saved best model in this epoch]
[SST-5] Starting epoch 1...
[SST-5] Elapsed training time:1.16s
[SST-5] Starting validation...
[SST-5] Elapsed validation time:0.34s
[SST-5] [Epoch=001] Train Loss=[QuantLoss=0.06674]Val loss = [QuantLoss=0.08273][QuantReg:0.43940]
[SST-5] Starting epoch 2...
[SST-5] Elapsed training time:1.24s
[SST-5] Starting validation...
[SST-5] Elapsed validation time:0.28s
[SST-5] [Epoch=002] Train Loss=[QuantLoss=0.05941]Val loss = [QuantLoss=0.07910][QuantReg:0.38044][saved best model in this epoch]
[SST-5] Starting epoch 3...
[SST-5] Elapsed training time:1.16s
[SST-5] Starting validation...
[SST-5] Elapsed validation time:0.28s
[SST-5] [Epoch=003] Train Loss=[QuantLoss=0.05344]Val loss = [QuantLoss=0.08448][QuantReg:0.48088]
[SST-5] Starting epoch 4...
[SST-5] Elapsed training time:1.19s
[SST-5] Starting validation...
[SST-5] Elapsed validation time:0.29s
[SST-5] [Epoch=004] Train Loss=[QuantLoss=0.05291]Val loss = [QuantLoss=0.07158][QuantReg:0.51149][saved best model in this epoch]
[SST-5] Starting epoch 5...
[SST-5] Elapsed training time:1.14s
[SST-5] Starting validation...
[SST-5] Elapsed validation time:0.26s
[SST-5] [Epoch=005] Train Loss=[QuantLoss=0.04941]Val loss = [QuantLoss=0.07838][QuantReg:0.47702]
[SST-5] Starting epoch 6...
[SST-5] Elapsed training time:1.17s
[SST-5] Starting validation...
[SST-5] Elapsed validation time:0.28s
[SST-5] [Epoch=006] Train Loss=[QuantLoss=0.04804]Val loss = [QuantLoss=0.07870][QuantReg:0.44811]
[SST-5] Starting epoch 7...
[SST-5] Elapsed training time:1.31s
[SST-5] Starting validation...
[SST-5] Elapsed validation time:0.22s
[SST-5] [Epoch=007] Train Loss=[QuantLoss=0.04649]Val loss = [QuantLoss=0.07911][QuantReg:0.44719]
[SST-5] Starting epoch 8...
[SST-5] Elapsed training time:1.24s
[SST-5] Starting validation...
[SST-5] Elapsed validation time:0.29s
[SST-5] [Epoch=008] Train Loss=[QuantLoss=0.04254]Val loss = [QuantLoss=0.07519][QuantReg:0.43073]
[SST-5] Starting epoch 9...
[SST-5] Elapsed training time:1.16s
[SST-5] Starting validation...
[SST-5] Elapsed validation time:0.28s
[SST-5] [Epoch=009] Train Loss=[QuantLoss=0.04120]Val loss = [QuantLoss=0.07221][QuantReg:0.44835]
[SST-5] Starting epoch 10...
[SST-5] Elapsed training time:1.19s
[SST-5] Starting validation...
[SST-5] Elapsed validation time:0.30s
[SST-5] [Epoch=010] Train Loss=[QuantLoss=0.04178]Val loss = [QuantLoss=0.07814][QuantReg:0.44701]
[SST-5] Starting epoch 11...
[SST-5] Elapsed training time:1.15s
[SST-5] Starting validation...
[SST-5] Elapsed validation time:0.28s
[SST-5] [Epoch=011] Train Loss=[QuantLoss=0.03969]Val loss = [QuantLoss=0.07369][QuantReg:0.48135]
[SST-5] Starting epoch 12...
[SST-5] Elapsed training time:1.16s
[SST-5] Starting validation...
[SST-5] Elapsed validation time:0.26s
[SST-5] [Epoch=012] Train Loss=[QuantLoss=0.03910]Val loss = [QuantLoss=0.07682][QuantReg:0.47040]
[SST-5] Starting epoch 13...
[SST-5] Elapsed training time:1.16s
[SST-5] Starting validation...
[SST-5] Elapsed validation time:0.24s
[SST-5] [Epoch=013] Train Loss=[QuantLoss=0.03884]Val loss = [QuantLoss=0.07864][QuantReg:0.48709]
[SST-5] Starting epoch 14...
[SST-5] Elapsed training time:1.21s
[SST-5] Starting validation...
[SST-5] Elapsed validation time:0.25s
[SST-5] [Epoch=014] Train Loss=[QuantLoss=0.03781]Val loss = [QuantLoss=0.08069][QuantReg:0.44883]
[SST-5] Starting epoch 15...
[SST-5] Elapsed training time:1.35s
[SST-5] Starting validation...
[SST-5] Elapsed validation time:0.30s
[SST-5] [Epoch=015] Train Loss=[QuantLoss=0.03687]Val loss = [QuantLoss=0.07663][QuantReg:0.48568]
[SST-5] Starting epoch 16...
[SST-5] Elapsed training time:1.28s
[SST-5] Starting validation...
[SST-5] Elapsed validation time:0.28s
[SST-5] [Epoch=016] Train Loss=[QuantLoss=0.03545]Val loss = [QuantLoss=0.08100][QuantReg:0.43026]
[SST-5] Starting epoch 17...
[SST-5] Elapsed training time:1.34s
[SST-5] Starting validation...
[SST-5] Elapsed validation time:0.23s
[SST-5] [Epoch=017] Train Loss=[QuantLoss=0.03559]Val loss = [QuantLoss=0.07818][QuantReg:0.45080]
[SST-5] Starting epoch 18...
[SST-5] Elapsed training time:1.20s
[SST-5] Starting validation...
[SST-5] Elapsed validation time:0.31s
[SST-5] [Epoch=018] Train Loss=[QuantLoss=0.03682]Val loss = [QuantLoss=0.08380][QuantReg:0.44922]
[SST-5] Starting epoch 19...
[SST-5] Elapsed training time:1.34s
[SST-5] Starting validation...
[SST-5] Elapsed validation time:0.29s
[SST-5] [Epoch=019] Train Loss=[QuantLoss=0.03577]Val loss = [QuantLoss=0.08460][QuantReg:0.45874]
[SST-5] Starting epoch 20...
[SST-5] Elapsed training time:1.28s
[SST-5] Starting validation...
[SST-5] Elapsed validation time:0.28s
[SST-5] [Epoch=020] Train Loss=[QuantLoss=0.03532]Val loss = [QuantLoss=0.07863][QuantReg:0.42897]
[SST-5] Starting epoch 21...
[SST-5] Elapsed training time:1.16s
[SST-5] Starting validation...
[SST-5] Elapsed validation time:0.28s
[SST-5] [Epoch=021] Train Loss=[QuantLoss=0.03347]Val loss = [QuantLoss=0.07863][QuantReg:0.43869]
[SST-5] Starting epoch 22...
[SST-5] Elapsed training time:1.16s
[SST-5] Starting validation...
[SST-5] Elapsed validation time:0.32s
[SST-5] [Epoch=022] Train Loss=[QuantLoss=0.02987]Val loss = [QuantLoss=0.08320][QuantReg:0.44649]
[SST-5] Starting epoch 23...
[SST-5] Elapsed training time:1.16s
[SST-5] Starting validation...
[SST-5] Elapsed validation time:0.27s
[SST-5] [Epoch=023] Train Loss=[QuantLoss=0.02736]Val loss = [QuantLoss=0.07671][QuantReg:0.45001]
[SST-5] Starting epoch 24...
[SST-5] Elapsed training time:1.21s
[SST-5] Starting validation...
[SST-5] Elapsed validation time:0.29s
[SST-5] [Epoch=024] Train Loss=[QuantLoss=0.02790]Val loss = [QuantLoss=0.08006][QuantReg:0.44689]
[SST-5] Starting epoch 25...
[SST-5] Elapsed training time:1.35s
[SST-5] Starting validation...
[SST-5] Elapsed validation time:0.23s
[SST-5] [Epoch=025] Train Loss=[QuantLoss=0.02723]Val loss = [QuantLoss=0.08629][QuantReg:0.44931]
[SST-5] Starting epoch 26...
[SST-5] Elapsed training time:1.22s
[SST-5] Starting validation...
[SST-5] Elapsed validation time:0.29s
[SST-5] [Epoch=026] Train Loss=[QuantLoss=0.02783]Val loss = [QuantLoss=0.07866][QuantReg:0.45038]
[SST-5] Starting epoch 27...
[SST-5] Elapsed training time:1.24s
[SST-5] Starting validation...
[SST-5] Elapsed validation time:0.24s
[SST-5] [Epoch=027] Train Loss=[QuantLoss=0.02848]Val loss = [QuantLoss=0.08469][QuantReg:0.44879]
[SST-5] Starting epoch 28...
[SST-5] Elapsed training time:1.23s
[SST-5] Starting validation...
[SST-5] Elapsed validation time:0.34s
[SST-5] [Epoch=028] Train Loss=[QuantLoss=0.02811]Val loss = [QuantLoss=0.07915][QuantReg:0.45025]
[SST-5] Starting epoch 29...
[SST-5] Elapsed training time:1.32s
[SST-5] Starting validation...
[SST-5] Elapsed validation time:0.33s
[SST-5] [Epoch=029] Train Loss=[QuantLoss=0.02785]Val loss = [QuantLoss=0.08365][QuantReg:0.44598]
[SST-5] Starting epoch 30...
[SST-5] Elapsed training time:1.12s
[SST-5] Starting validation...
[SST-5] Elapsed validation time:0.24s
[SST-5] [Epoch=030] Train Loss=[QuantLoss=0.02715]Val loss = [QuantLoss=0.08584][QuantReg:0.44566]
[SST-5] Starting epoch 31...
[SST-5] Elapsed training time:1.34s
[SST-5] Starting validation...
[SST-5] Elapsed validation time:0.25s
[SST-5] [Epoch=031] Train Loss=[QuantLoss=0.02739]Val loss = [QuantLoss=0.08315][QuantReg:0.44499]
[SST-5] Starting epoch 32...
[SST-5] Elapsed training time:1.16s
[SST-5] Starting validation...
[SST-5] Elapsed validation time:0.30s
[SST-5] [Epoch=032] Train Loss=[QuantLoss=0.02720]Val loss = [QuantLoss=0.08948][QuantReg:0.45293]
[SST-5] Starting epoch 33...
[SST-5] Elapsed training time:1.15s
[SST-5] Starting validation...
[SST-5] Elapsed validation time:0.32s
[SST-5] [Epoch=033] Train Loss=[QuantLoss=0.02732]Val loss = [QuantLoss=0.08646][QuantReg:0.45787]
[SST-5] Starting epoch 34...
[SST-5] Elapsed training time:1.33s
[SST-5] Starting validation...
[SST-5] Elapsed validation time:0.21s
[SST-5] [Epoch=034] Train Loss=[QuantLoss=0.02809]Val loss = [QuantLoss=0.08849][QuantReg:0.45017]
[SST-5] Starting epoch 35...
[SST-5] Elapsed training time:1.33s
[SST-5] Starting validation...
[SST-5] Elapsed validation time:0.29s
[SST-5] [Epoch=035] Train Loss=[QuantLoss=0.02617]Val loss = [QuantLoss=0.08269][QuantReg:0.44724]
[SST-5] Starting epoch 36...
[SST-5] Elapsed training time:1.33s
[SST-5] Starting validation...
[SST-5] Elapsed validation time:0.24s
[SST-5] [Epoch=036] Train Loss=[QuantLoss=0.02554]Val loss = [QuantLoss=0.08468][QuantReg:0.44391]
[SST-5] Starting epoch 37...
[SST-5] Elapsed training time:1.34s
[SST-5] Starting validation...
[SST-5] Elapsed validation time:0.31s
[SST-5] [Epoch=037] Train Loss=[QuantLoss=0.02655]Val loss = [QuantLoss=0.08175][QuantReg:0.44356]
[SST-5] Starting epoch 38...
[SST-5] Elapsed training time:1.32s
[SST-5] Starting validation...
[SST-5] Elapsed validation time:0.32s
[SST-5] [Epoch=038] Train Loss=[QuantLoss=0.02732]Val loss = [QuantLoss=0.08501][QuantReg:0.44329]
[SST-5] Starting epoch 39...
[SST-5] Elapsed training time:1.18s
[SST-5] Starting validation...
[SST-5] Elapsed validation time:0.35s
[SST-5] [Epoch=039] Train Loss=[QuantLoss=0.02595]Val loss = [QuantLoss=0.08214][QuantReg:0.44799]
[SST-5] Starting epoch 40...
[SST-5] Elapsed training time:1.36s
[SST-5] Starting validation...
[SST-5] Elapsed validation time:0.28s
[SST-5] [Epoch=040] Train Loss=[QuantLoss=0.02606]Val loss = [QuantLoss=0.08331][QuantReg:0.44630]
[SST-5] Starting epoch 41...
[SST-5] Elapsed training time:1.19s
[SST-5] Starting validation...
[SST-5] Elapsed validation time:0.26s
[SST-5] [Epoch=041] Train Loss=[QuantLoss=0.02740]Val loss = [QuantLoss=0.08860][QuantReg:0.44595]
[SST-5] Starting epoch 42...
[SST-5] Elapsed training time:1.22s
[SST-5] Starting validation...
[SST-5] Elapsed validation time:0.24s
[SST-5] [Epoch=042] Train Loss=[QuantLoss=0.02665]Val loss = [QuantLoss=0.08324][QuantReg:0.44458]
[SST-5] Starting epoch 43...
[SST-5] Elapsed training time:1.24s
[SST-5] Starting validation...
[SST-5] Elapsed validation time:0.25s
[SST-5] [Epoch=043] Train Loss=[QuantLoss=0.02670]Val loss = [QuantLoss=0.08885][QuantReg:0.44585]
[SST-5] Starting epoch 44...
[SST-5] Elapsed training time:1.19s
[SST-5] Starting validation...
[SST-5] Elapsed validation time:0.23s
[SST-5] [Epoch=044] Train Loss=[QuantLoss=0.02674]Val loss = [QuantLoss=0.08782][QuantReg:0.44905]
[SST-5] Starting epoch 45...
[SST-5] Elapsed training time:1.19s
[SST-5] Starting validation...
[SST-5] Elapsed validation time:0.29s
[SST-5] [Epoch=045] Train Loss=[QuantLoss=0.02657]Val loss = [QuantLoss=0.08413][QuantReg:0.44592]
[SST-5] Starting epoch 46...
[SST-5] Elapsed training time:1.18s
[SST-5] Starting validation...
[SST-5] Elapsed validation time:0.25s
[SST-5] [Epoch=046] Train Loss=[QuantLoss=0.02518]Val loss = [QuantLoss=0.08561][QuantReg:0.44733]
[SST-5] Starting epoch 47...
[SST-5] Elapsed training time:1.30s
[SST-5] Starting validation...
[SST-5] Elapsed validation time:0.21s
[SST-5] [Epoch=047] Train Loss=[QuantLoss=0.02590]Val loss = [QuantLoss=0.08705][QuantReg:0.44608]
[SST-5] Starting epoch 48...
[SST-5] Elapsed training time:1.19s
[SST-5] Starting validation...
[SST-5] Elapsed validation time:0.28s
[SST-5] [Epoch=048] Train Loss=[QuantLoss=0.02636]Val loss = [QuantLoss=0.08947][QuantReg:0.44634]
[SST-5] Starting epoch 49...
[SST-5] Elapsed training time:1.32s
[SST-5] Starting validation...
[SST-5] Elapsed validation time:0.25s
[SST-5] [Epoch=049] Train Loss=[QuantLoss=0.02761]Val loss = [QuantLoss=0.08214][QuantReg:0.44412]
[SST-5] Starting epoch 50...
[SST-5] Elapsed training time:1.18s
[SST-5] Starting validation...
[SST-5] Elapsed validation time:0.29s
[SST-5] [Epoch=050] Train Loss=[QuantLoss=0.02696]Val loss = [QuantLoss=0.08540][QuantReg:0.44519]
[SST-5] Starting epoch 51...
[SST-5] Elapsed training time:1.17s
[SST-5] Starting validation...
[SST-5] Elapsed validation time:0.20s
[SST-5] [Epoch=051] Train Loss=[QuantLoss=0.02831]Val loss = [QuantLoss=0.08149][QuantReg:0.44711]
[SST-5] Starting epoch 52...
[SST-5] Elapsed training time:1.25s
[SST-5] Starting validation...
[SST-5] Elapsed validation time:0.24s
[SST-5] [Epoch=052] Train Loss=[QuantLoss=0.02580]Val loss = [QuantLoss=0.08829][QuantReg:0.44707]
[SST-5] Early stopping in epoch 52!
[SST-5] Restoring best model...
MAE médio: 0.0795 ± 0.0432
