Dataset: miniboone
Dificuldade: metric=l1, mode=easiest, top_k=None
Rodada: 1
Salvar resultados em: resultados_miniboone
Dispositivo de treino: cpu
Baixando e preparando o dataset MiniBooNE...
Dataset MiniBooNE pronto.
Model savedmodels/miniboone_l1_easiest_run1.pkl exists. Loading weights ...
Ignoring val_split as train and val datasets where given to fit function
We have two datasets: training 155457 examples. validation 25900 examples.]
Using device cpu
[MiniBooNE] Starting epoch 0...
[MiniBooNE] Elapsed training time:2.34s
[MiniBooNE] Starting validation...
[MiniBooNE] Elapsed validation time:0.24s
[MiniBooNE] [Epoch=000] Train Loss=[QuantLoss=0.07894]Val loss = [QuantLoss=0.19459][QuantReg:0.54194][saved best model in this epoch]
[MiniBooNE] Starting epoch 1...
[MiniBooNE] Elapsed training time:2.36s
[MiniBooNE] Starting validation...
[MiniBooNE] Elapsed validation time:0.23s
[MiniBooNE] [Epoch=001] Train Loss=[QuantLoss=0.08807]Val loss = [QuantLoss=0.13089][QuantReg:0.55606][saved best model in this epoch]
[MiniBooNE] Starting epoch 2...
[MiniBooNE] Elapsed training time:2.42s
[MiniBooNE] Starting validation...
[MiniBooNE] Elapsed validation time:0.22s
[MiniBooNE] [Epoch=002] Train Loss=[QuantLoss=0.08435]Val loss = [QuantLoss=0.18772][QuantReg:0.55568]
[MiniBooNE] Starting epoch 3...
[MiniBooNE] Elapsed training time:2.40s
[MiniBooNE] Starting validation...
[MiniBooNE] Elapsed validation time:0.23s
[MiniBooNE] [Epoch=003] Train Loss=[QuantLoss=0.10075]Val loss = [QuantLoss=0.08571][QuantReg:0.57280][saved best model in this epoch]
[MiniBooNE] Starting epoch 4...
[MiniBooNE] Elapsed training time:2.38s
[MiniBooNE] Starting validation...
[MiniBooNE] Elapsed validation time:0.24s
[MiniBooNE] [Epoch=004] Train Loss=[QuantLoss=0.09786]Val loss = [QuantLoss=0.09573][QuantReg:0.58241]
[MiniBooNE] Starting epoch 5...
[MiniBooNE] Elapsed training time:2.50s
[MiniBooNE] Starting validation...
[MiniBooNE] Elapsed validation time:0.14s
[MiniBooNE] [Epoch=005] Train Loss=[QuantLoss=0.09604]Val loss = [QuantLoss=0.05677][QuantReg:0.55404][saved best model in this epoch]
[MiniBooNE] Starting epoch 6...
[MiniBooNE] Elapsed training time:2.37s
[MiniBooNE] Starting validation...
[MiniBooNE] Elapsed validation time:0.15s
[MiniBooNE] [Epoch=006] Train Loss=[QuantLoss=0.08852]Val loss = [QuantLoss=0.05272][QuantReg:0.53771][saved best model in this epoch]
[MiniBooNE] Starting epoch 7...
[MiniBooNE] Elapsed training time:2.38s
[MiniBooNE] Starting validation...
[MiniBooNE] Elapsed validation time:0.14s
[MiniBooNE] [Epoch=007] Train Loss=[QuantLoss=0.09200]Val loss = [QuantLoss=0.08082][QuantReg:0.52713]
[MiniBooNE] Starting epoch 8...
[MiniBooNE] Elapsed training time:2.41s
[MiniBooNE] Starting validation...
[MiniBooNE] Elapsed validation time:0.15s
[MiniBooNE] [Epoch=008] Train Loss=[QuantLoss=0.09292]Val loss = [QuantLoss=0.06610][QuantReg:0.52804]
[MiniBooNE] Starting epoch 9...
[MiniBooNE] Elapsed training time:2.34s
[MiniBooNE] Starting validation...
[MiniBooNE] Elapsed validation time:0.14s
[MiniBooNE] [Epoch=009] Train Loss=[QuantLoss=0.08473]Val loss = [QuantLoss=0.06659][QuantReg:0.51867]
[MiniBooNE] Starting epoch 10...
[MiniBooNE] Elapsed training time:2.32s
[MiniBooNE] Starting validation...
[MiniBooNE] Elapsed validation time:0.15s
[MiniBooNE] [Epoch=010] Train Loss=[QuantLoss=0.08704]Val loss = [QuantLoss=0.10371][QuantReg:0.51847]
[MiniBooNE] Starting epoch 11...
[MiniBooNE] Elapsed training time:2.32s
[MiniBooNE] Starting validation...
[MiniBooNE] Elapsed validation time:0.15s
[MiniBooNE] [Epoch=011] Train Loss=[QuantLoss=0.09007]Val loss = [QuantLoss=0.07752][QuantReg:0.52318]
[MiniBooNE] Starting epoch 12...
[MiniBooNE] Elapsed training time:2.39s
[MiniBooNE] Starting validation...
[MiniBooNE] Elapsed validation time:0.14s
[MiniBooNE] [Epoch=012] Train Loss=[QuantLoss=0.08096]Val loss = [QuantLoss=0.03320][QuantReg:0.52678][saved best model in this epoch]
[MiniBooNE] Starting epoch 13...
[MiniBooNE] Elapsed training time:2.37s
[MiniBooNE] Starting validation...
[MiniBooNE] Elapsed validation time:0.15s
[MiniBooNE] [Epoch=013] Train Loss=[QuantLoss=0.07827]Val loss = [QuantLoss=0.04758][QuantReg:0.52629]
[MiniBooNE] Starting epoch 14...
[MiniBooNE] Elapsed training time:2.35s
[MiniBooNE] Starting validation...
[MiniBooNE] Elapsed validation time:0.15s
[MiniBooNE] [Epoch=014] Train Loss=[QuantLoss=0.09227]Val loss = [QuantLoss=0.05806][QuantReg:0.52228]
[MiniBooNE] Starting epoch 15...
[MiniBooNE] Elapsed training time:2.38s
[MiniBooNE] Starting validation...
[MiniBooNE] Elapsed validation time:0.14s
[MiniBooNE] [Epoch=015] Train Loss=[QuantLoss=0.08725]Val loss = [QuantLoss=0.13196][QuantReg:0.51832]
[MiniBooNE] Starting epoch 16...
[MiniBooNE] Elapsed training time:2.35s
[MiniBooNE] Starting validation...
[MiniBooNE] Elapsed validation time:0.15s
[MiniBooNE] [Epoch=016] Train Loss=[QuantLoss=0.08973]Val loss = [QuantLoss=0.08804][QuantReg:0.53309]
[MiniBooNE] Starting epoch 17...
[MiniBooNE] Elapsed training time:2.39s
[MiniBooNE] Starting validation...
[MiniBooNE] Elapsed validation time:0.14s
[MiniBooNE] [Epoch=017] Train Loss=[QuantLoss=0.08657]Val loss = [QuantLoss=0.09192][QuantReg:0.52593]
[MiniBooNE] Starting epoch 18...
[MiniBooNE] Elapsed training time:2.37s
[MiniBooNE] Starting validation...
[MiniBooNE] Elapsed validation time:0.15s
[MiniBooNE] [Epoch=018] Train Loss=[QuantLoss=0.09536]Val loss = [QuantLoss=0.09383][QuantReg:0.51758]
[MiniBooNE] Starting epoch 19...
[MiniBooNE] Elapsed training time:2.35s
[MiniBooNE] Starting validation...
[MiniBooNE] Elapsed validation time:0.14s
[MiniBooNE] [Epoch=019] Train Loss=[QuantLoss=0.08999]Val loss = [QuantLoss=0.07727][QuantReg:0.50841]
[MiniBooNE] Starting epoch 20...
[MiniBooNE] Elapsed training time:2.40s
[MiniBooNE] Starting validation...
[MiniBooNE] Elapsed validation time:0.14s
[MiniBooNE] [Epoch=020] Train Loss=[QuantLoss=0.09166]Val loss = [QuantLoss=0.09101][QuantReg:0.51579]
[MiniBooNE] Starting epoch 21...
[MiniBooNE] Elapsed training time:2.36s
[MiniBooNE] Starting validation...
[MiniBooNE] Elapsed validation time:0.14s
[MiniBooNE] [Epoch=021] Train Loss=[QuantLoss=0.08825]Val loss = [QuantLoss=0.10038][QuantReg:0.51232]
[MiniBooNE] Starting epoch 22...
[MiniBooNE] Elapsed training time:2.39s
[MiniBooNE] Starting validation...
[MiniBooNE] Elapsed validation time:0.16s
[MiniBooNE] [Epoch=022] Train Loss=[QuantLoss=0.08293]Val loss = [QuantLoss=0.08517][QuantReg:0.50480]
[MiniBooNE] Starting epoch 23...
[MiniBooNE] Elapsed training time:2.42s
[MiniBooNE] Starting validation...
[MiniBooNE] Elapsed validation time:0.14s
[MiniBooNE] [Epoch=023] Train Loss=[QuantLoss=0.08679]Val loss = [QuantLoss=0.09152][QuantReg:0.50139]
[MiniBooNE] Starting epoch 24...
[MiniBooNE] Elapsed training time:2.41s
[MiniBooNE] Starting validation...
[MiniBooNE] Elapsed validation time:0.15s
[MiniBooNE] [Epoch=024] Train Loss=[QuantLoss=0.09362]Val loss = [QuantLoss=0.04473][QuantReg:0.50138]
[MiniBooNE] Starting epoch 25...
[MiniBooNE] Elapsed training time:2.44s
[MiniBooNE] Starting validation...
[MiniBooNE] Elapsed validation time:0.14s
[MiniBooNE] [Epoch=025] Train Loss=[QuantLoss=0.08873]Val loss = [QuantLoss=0.07665][QuantReg:0.49586]
[MiniBooNE] Starting epoch 26...
[MiniBooNE] Elapsed training time:2.38s
[MiniBooNE] Starting validation...
[MiniBooNE] Elapsed validation time:0.22s
[MiniBooNE] [Epoch=026] Train Loss=[QuantLoss=0.08800]Val loss = [QuantLoss=0.08429][QuantReg:0.49595]
[MiniBooNE] Starting epoch 27...
[MiniBooNE] Elapsed training time:2.44s
[MiniBooNE] Starting validation...
[MiniBooNE] Elapsed validation time:0.17s
[MiniBooNE] [Epoch=027] Train Loss=[QuantLoss=0.09226]Val loss = [QuantLoss=0.03203][QuantReg:0.50572][saved best model in this epoch]
[MiniBooNE] Starting epoch 28...
[MiniBooNE] Elapsed training time:2.42s
[MiniBooNE] Starting validation...
[MiniBooNE] Elapsed validation time:0.24s
[MiniBooNE] [Epoch=028] Train Loss=[QuantLoss=0.08502]Val loss = [QuantLoss=0.10680][QuantReg:0.48274]
[MiniBooNE] Starting epoch 29...
[MiniBooNE] Elapsed training time:2.44s
[MiniBooNE] Starting validation...
[MiniBooNE] Elapsed validation time:0.25s
[MiniBooNE] [Epoch=029] Train Loss=[QuantLoss=0.09040]Val loss = [QuantLoss=0.11801][QuantReg:0.48136]
[MiniBooNE] Starting epoch 30...
[MiniBooNE] Elapsed training time:2.47s
[MiniBooNE] Starting validation...
[MiniBooNE] Elapsed validation time:0.22s
[MiniBooNE] [Epoch=030] Train Loss=[QuantLoss=0.09426]Val loss = [QuantLoss=0.09778][QuantReg:0.48512]
[MiniBooNE] Starting epoch 31...
[MiniBooNE] Elapsed training time:2.35s
[MiniBooNE] Starting validation...
[MiniBooNE] Elapsed validation time:0.22s
[MiniBooNE] [Epoch=031] Train Loss=[QuantLoss=0.08818]Val loss = [QuantLoss=0.03078][QuantReg:0.48910][saved best model in this epoch]
[MiniBooNE] Starting epoch 32...
[MiniBooNE] Elapsed training time:2.48s
[MiniBooNE] Starting validation...
[MiniBooNE] Elapsed validation time:0.24s
[MiniBooNE] [Epoch=032] Train Loss=[QuantLoss=0.08615]Val loss = [QuantLoss=0.06437][QuantReg:0.50951]
[MiniBooNE] Starting epoch 33...
[MiniBooNE] Elapsed training time:2.54s
[MiniBooNE] Starting validation...
[MiniBooNE] Elapsed validation time:0.23s
[MiniBooNE] [Epoch=033] Train Loss=[QuantLoss=0.08328]Val loss = [QuantLoss=0.08235][QuantReg:0.49929]
[MiniBooNE] Starting epoch 34...
[MiniBooNE] Elapsed training time:2.56s
[MiniBooNE] Starting validation...
[MiniBooNE] Elapsed validation time:0.22s
[MiniBooNE] [Epoch=034] Train Loss=[QuantLoss=0.08556]Val loss = [QuantLoss=0.10027][QuantReg:0.49700]
[MiniBooNE] Starting epoch 35...
[MiniBooNE] Elapsed training time:2.57s
[MiniBooNE] Starting validation...
[MiniBooNE] Elapsed validation time:0.23s
[MiniBooNE] [Epoch=035] Train Loss=[QuantLoss=0.09290]Val loss = [QuantLoss=0.05149][QuantReg:0.49581]
[MiniBooNE] Starting epoch 36...
[MiniBooNE] Elapsed training time:2.60s
[MiniBooNE] Starting validation...
[MiniBooNE] Elapsed validation time:0.23s
[MiniBooNE] [Epoch=036] Train Loss=[QuantLoss=0.08753]Val loss = [QuantLoss=0.04735][QuantReg:0.49499]
[MiniBooNE] Starting epoch 37...
[MiniBooNE] Elapsed training time:2.55s
[MiniBooNE] Starting validation...
[MiniBooNE] Elapsed validation time:0.23s
[MiniBooNE] [Epoch=037] Train Loss=[QuantLoss=0.08757]Val loss = [QuantLoss=0.04146][QuantReg:0.49569]
[MiniBooNE] Starting epoch 38...
[MiniBooNE] Elapsed training time:2.58s
[MiniBooNE] Starting validation...
[MiniBooNE] Elapsed validation time:0.24s
[MiniBooNE] [Epoch=038] Train Loss=[QuantLoss=0.08970]Val loss = [QuantLoss=0.08580][QuantReg:0.49258]
[MiniBooNE] Starting epoch 39...
[MiniBooNE] Elapsed training time:2.54s
[MiniBooNE] Starting validation...
[MiniBooNE] Elapsed validation time:0.24s
[MiniBooNE] [Epoch=039] Train Loss=[QuantLoss=0.09094]Val loss = [QuantLoss=0.10812][QuantReg:0.49400]
[MiniBooNE] Starting epoch 40...
[MiniBooNE] Elapsed training time:2.55s
[MiniBooNE] Starting validation...
[MiniBooNE] Elapsed validation time:0.23s
[MiniBooNE] [Epoch=040] Train Loss=[QuantLoss=0.08434]Val loss = [QuantLoss=0.10036][QuantReg:0.48204]
[MiniBooNE] Starting epoch 41...
[MiniBooNE] Elapsed training time:2.65s
[MiniBooNE] Starting validation...
[MiniBooNE] Elapsed validation time:0.24s
[MiniBooNE] [Epoch=041] Train Loss=[QuantLoss=0.08962]Val loss = [QuantLoss=0.02349][QuantReg:0.48489][saved best model in this epoch]
[MiniBooNE] Starting epoch 42...
[MiniBooNE] Elapsed training time:2.57s
[MiniBooNE] Starting validation...
[MiniBooNE] Elapsed validation time:0.23s
[MiniBooNE] [Epoch=042] Train Loss=[QuantLoss=0.08515]Val loss = [QuantLoss=0.02890][QuantReg:0.48678]
[MiniBooNE] Starting epoch 43...
[MiniBooNE] Elapsed training time:2.56s
[MiniBooNE] Starting validation...
[MiniBooNE] Elapsed validation time:0.23s
[MiniBooNE] [Epoch=043] Train Loss=[QuantLoss=0.08796]Val loss = [QuantLoss=0.05156][QuantReg:0.48728]
[MiniBooNE] Starting epoch 44...
[MiniBooNE] Elapsed training time:2.53s
[MiniBooNE] Starting validation...
[MiniBooNE] Elapsed validation time:0.22s
[MiniBooNE] [Epoch=044] Train Loss=[QuantLoss=0.07969]Val loss = [QuantLoss=0.05181][QuantReg:0.48504]
[MiniBooNE] Starting epoch 45...
[MiniBooNE] Elapsed training time:2.57s
[MiniBooNE] Starting validation...
[MiniBooNE] Elapsed validation time:0.22s
[MiniBooNE] [Epoch=045] Train Loss=[QuantLoss=0.08334]Val loss = [QuantLoss=0.07566][QuantReg:0.48640]
[MiniBooNE] Starting epoch 46...
[MiniBooNE] Elapsed training time:2.55s
[MiniBooNE] Starting validation...
[MiniBooNE] Elapsed validation time:0.25s
[MiniBooNE] [Epoch=046] Train Loss=[QuantLoss=0.08817]Val loss = [QuantLoss=0.09788][QuantReg:0.49917]
[MiniBooNE] Starting epoch 47...
[MiniBooNE] Elapsed training time:2.55s
[MiniBooNE] Starting validation...
[MiniBooNE] Elapsed validation time:0.22s
[MiniBooNE] [Epoch=047] Train Loss=[QuantLoss=0.09051]Val loss = [QuantLoss=0.04983][QuantReg:0.51017]
[MiniBooNE] Starting epoch 48...
[MiniBooNE] Elapsed training time:2.54s
[MiniBooNE] Starting validation...
[MiniBooNE] Elapsed validation time:0.22s
[MiniBooNE] [Epoch=048] Train Loss=[QuantLoss=0.09018]Val loss = [QuantLoss=0.03640][QuantReg:0.51803]
[MiniBooNE] Starting epoch 49...
[MiniBooNE] Elapsed training time:2.54s
[MiniBooNE] Starting validation...
[MiniBooNE] Elapsed validation time:0.24s
[MiniBooNE] [Epoch=049] Train Loss=[QuantLoss=0.08681]Val loss = [QuantLoss=0.09922][QuantReg:0.51802]
[MiniBooNE] Starting epoch 50...
[MiniBooNE] Elapsed training time:2.57s
[MiniBooNE] Starting validation...
[MiniBooNE] Elapsed validation time:0.22s
[MiniBooNE] [Epoch=050] Train Loss=[QuantLoss=0.08880]Val loss = [QuantLoss=0.07481][QuantReg:0.52176]
[MiniBooNE] Starting epoch 51...
[MiniBooNE] Elapsed training time:2.65s
[MiniBooNE] Starting validation...
[MiniBooNE] Elapsed validation time:0.23s
[MiniBooNE] [Epoch=051] Train Loss=[QuantLoss=0.09511]Val loss = [QuantLoss=0.06759][QuantReg:0.52549]
[MiniBooNE] Starting epoch 52...
[MiniBooNE] Elapsed training time:2.64s
[MiniBooNE] Starting validation...
[MiniBooNE] Elapsed validation time:0.24s
[MiniBooNE] [Epoch=052] Train Loss=[QuantLoss=0.09485]Val loss = [QuantLoss=0.09098][QuantReg:0.51559]
[MiniBooNE] Starting epoch 53...
[MiniBooNE] Elapsed training time:2.54s
[MiniBooNE] Starting validation...
[MiniBooNE] Elapsed validation time:0.23s
[MiniBooNE] [Epoch=053] Train Loss=[QuantLoss=0.08887]Val loss = [QuantLoss=0.06456][QuantReg:0.50485]
[MiniBooNE] Starting epoch 54...
[MiniBooNE] Elapsed training time:2.53s
[MiniBooNE] Starting validation...
[MiniBooNE] Elapsed validation time:0.23s
[MiniBooNE] [Epoch=054] Train Loss=[QuantLoss=0.09379]Val loss = [QuantLoss=0.03936][QuantReg:0.49419]
[MiniBooNE] Starting epoch 55...
[MiniBooNE] Elapsed training time:2.59s
[MiniBooNE] Starting validation...
[MiniBooNE] Elapsed validation time:0.23s
[MiniBooNE] [Epoch=055] Train Loss=[QuantLoss=0.09327]Val loss = [QuantLoss=0.10981][QuantReg:0.48566]
[MiniBooNE] Starting epoch 56...
[MiniBooNE] Elapsed training time:2.63s
[MiniBooNE] Starting validation...
[MiniBooNE] Elapsed validation time:0.23s
[MiniBooNE] [Epoch=056] Train Loss=[QuantLoss=0.09387]Val loss = [QuantLoss=0.11868][QuantReg:0.50505]
[MiniBooNE] Starting epoch 57...
[MiniBooNE] Elapsed training time:2.62s
[MiniBooNE] Starting validation...
[MiniBooNE] Elapsed validation time:0.23s
[MiniBooNE] [Epoch=057] Train Loss=[QuantLoss=0.09967]Val loss = [QuantLoss=0.07094][QuantReg:0.51102]
[MiniBooNE] Starting epoch 58...
[MiniBooNE] Elapsed training time:2.64s
[MiniBooNE] Starting validation...
[MiniBooNE] Elapsed validation time:0.23s
[MiniBooNE] [Epoch=058] Train Loss=[QuantLoss=0.08689]Val loss = [QuantLoss=0.04398][QuantReg:0.50813]
[MiniBooNE] Starting epoch 59...
[MiniBooNE] Elapsed training time:2.63s
[MiniBooNE] Starting validation...
[MiniBooNE] Elapsed validation time:0.24s
[MiniBooNE] [Epoch=059] Train Loss=[QuantLoss=0.09324]Val loss = [QuantLoss=0.08151][QuantReg:0.50814]
[MiniBooNE] Starting epoch 60...
[MiniBooNE] Elapsed training time:2.68s
[MiniBooNE] Starting validation...
[MiniBooNE] Elapsed validation time:0.15s
[MiniBooNE] [Epoch=060] Train Loss=[QuantLoss=0.09001]Val loss = [QuantLoss=0.05584][QuantReg:0.50444]
[MiniBooNE] Starting epoch 61...
[MiniBooNE] Elapsed training time:2.54s
[MiniBooNE] Starting validation...
[MiniBooNE] Elapsed validation time:0.14s
[MiniBooNE] [Epoch=061] Train Loss=[QuantLoss=0.09220]Val loss = [QuantLoss=0.13678][QuantReg:0.51053]
[MiniBooNE] Starting epoch 62...
[MiniBooNE] Elapsed training time:2.50s
[MiniBooNE] Starting validation...
[MiniBooNE] Elapsed validation time:0.15s
[MiniBooNE] [Epoch=062] Train Loss=[QuantLoss=0.09003]Val loss = [QuantLoss=0.10829][QuantReg:0.51573]
[MiniBooNE] Starting epoch 63...
[MiniBooNE] Elapsed training time:2.50s
[MiniBooNE] Starting validation...
[MiniBooNE] Elapsed validation time:0.15s
[MiniBooNE] [Epoch=063] Train Loss=[QuantLoss=0.08993]Val loss = [QuantLoss=0.08710][QuantReg:0.51665]
[MiniBooNE] Starting epoch 64...
[MiniBooNE] Elapsed training time:2.51s
[MiniBooNE] Starting validation...
[MiniBooNE] Elapsed validation time:0.13s
[MiniBooNE] [Epoch=064] Train Loss=[QuantLoss=0.08930]Val loss = [QuantLoss=0.06365][QuantReg:0.51396]
[MiniBooNE] Starting epoch 65...
[MiniBooNE] Elapsed training time:2.50s
[MiniBooNE] Starting validation...
[MiniBooNE] Elapsed validation time:0.15s
[MiniBooNE] [Epoch=065] Train Loss=[QuantLoss=0.08859]Val loss = [QuantLoss=0.04650][QuantReg:0.51509]
[MiniBooNE] Starting epoch 66...
[MiniBooNE] Elapsed training time:2.56s
[MiniBooNE] Starting validation...
[MiniBooNE] Elapsed validation time:0.16s
[MiniBooNE] [Epoch=066] Train Loss=[QuantLoss=0.08619]Val loss = [QuantLoss=0.04735][QuantReg:0.51300]
[MiniBooNE] Starting epoch 67...
[MiniBooNE] Elapsed training time:2.54s
[MiniBooNE] Starting validation...
[MiniBooNE] Elapsed validation time:0.13s
[MiniBooNE] [Epoch=067] Train Loss=[QuantLoss=0.09163]Val loss = [QuantLoss=0.05718][QuantReg:0.51321]
[MiniBooNE] Starting epoch 68...
[MiniBooNE] Elapsed training time:2.45s
[MiniBooNE] Starting validation...
[MiniBooNE] Elapsed validation time:0.15s
[MiniBooNE] [Epoch=068] Train Loss=[QuantLoss=0.08447]Val loss = [QuantLoss=0.06605][QuantReg:0.51049]
[MiniBooNE] Starting epoch 69...
[MiniBooNE] Elapsed training time:2.48s
[MiniBooNE] Starting validation...
[MiniBooNE] Elapsed validation time:0.15s
[MiniBooNE] [Epoch=069] Train Loss=[QuantLoss=0.09034]Val loss = [QuantLoss=0.07010][QuantReg:0.51615]
[MiniBooNE] Starting epoch 70...
[MiniBooNE] Elapsed training time:2.49s
[MiniBooNE] Starting validation...
[MiniBooNE] Elapsed validation time:0.14s
[MiniBooNE] [Epoch=070] Train Loss=[QuantLoss=0.08157]Val loss = [QuantLoss=0.05935][QuantReg:0.51519]
[MiniBooNE] Starting epoch 71...
[MiniBooNE] Elapsed training time:2.59s
[MiniBooNE] Starting validation...
[MiniBooNE] Elapsed validation time:0.15s
[MiniBooNE] [Epoch=071] Train Loss=[QuantLoss=0.08682]Val loss = [QuantLoss=0.07641][QuantReg:0.51578]
[MiniBooNE] Starting epoch 72...
[MiniBooNE] Elapsed training time:2.47s
[MiniBooNE] Starting validation...
[MiniBooNE] Elapsed validation time:0.15s
[MiniBooNE] [Epoch=072] Train Loss=[QuantLoss=0.08894]Val loss = [QuantLoss=0.05241][QuantReg:0.51563]
[MiniBooNE] Starting epoch 73...
[MiniBooNE] Elapsed training time:2.49s
[MiniBooNE] Starting validation...
[MiniBooNE] Elapsed validation time:0.14s
[MiniBooNE] [Epoch=073] Train Loss=[QuantLoss=0.08825]Val loss = [QuantLoss=0.09556][QuantReg:0.51636]
[MiniBooNE] Starting epoch 74...
[MiniBooNE] Elapsed training time:2.51s
[MiniBooNE] Starting validation...
[MiniBooNE] Elapsed validation time:0.15s
[MiniBooNE] [Epoch=074] Train Loss=[QuantLoss=0.09136]Val loss = [QuantLoss=0.07336][QuantReg:0.51273]
[MiniBooNE] Starting epoch 75...
[MiniBooNE] Elapsed training time:2.47s
[MiniBooNE] Starting validation...
[MiniBooNE] Elapsed validation time:0.14s
[MiniBooNE] [Epoch=075] Train Loss=[QuantLoss=0.08922]Val loss = [QuantLoss=0.06723][QuantReg:0.51439]
[MiniBooNE] Starting epoch 76...
[MiniBooNE] Elapsed training time:2.47s
[MiniBooNE] Starting validation...
[MiniBooNE] Elapsed validation time:0.14s
[MiniBooNE] [Epoch=076] Train Loss=[QuantLoss=0.09146]Val loss = [QuantLoss=0.05947][QuantReg:0.51623]
[MiniBooNE] Starting epoch 77...
[MiniBooNE] Elapsed training time:2.48s
[MiniBooNE] Starting validation...
[MiniBooNE] Elapsed validation time:0.14s
[MiniBooNE] [Epoch=077] Train Loss=[QuantLoss=0.08164]Val loss = [QuantLoss=0.05375][QuantReg:0.51004]
[MiniBooNE] Starting epoch 78...
[MiniBooNE] Elapsed training time:2.52s
[MiniBooNE] Starting validation...
[MiniBooNE] Elapsed validation time:0.15s
[MiniBooNE] [Epoch=078] Train Loss=[QuantLoss=0.08570]Val loss = [QuantLoss=0.04968][QuantReg:0.51320]
[MiniBooNE] Starting epoch 79...
[MiniBooNE] Elapsed training time:2.58s
[MiniBooNE] Starting validation...
[MiniBooNE] Elapsed validation time:0.14s
[MiniBooNE] [Epoch=079] Train Loss=[QuantLoss=0.08596]Val loss = [QuantLoss=0.05320][QuantReg:0.50858]
[MiniBooNE] Starting epoch 80...
[MiniBooNE] Elapsed training time:2.60s
[MiniBooNE] Starting validation...
[MiniBooNE] Elapsed validation time:0.15s
[MiniBooNE] [Epoch=080] Train Loss=[QuantLoss=0.08934]Val loss = [QuantLoss=0.05222][QuantReg:0.51355]
[MiniBooNE] Starting epoch 81...
[MiniBooNE] Elapsed training time:2.40s
[MiniBooNE] Starting validation...
[MiniBooNE] Elapsed validation time:0.23s
[MiniBooNE] [Epoch=081] Train Loss=[QuantLoss=0.08406]Val loss = [QuantLoss=0.05788][QuantReg:0.50964]
[MiniBooNE] Starting epoch 82...
[MiniBooNE] Elapsed training time:2.48s
[MiniBooNE] Starting validation...
[MiniBooNE] Elapsed validation time:0.14s
[MiniBooNE] [Epoch=082] Train Loss=[QuantLoss=0.08758]Val loss = [QuantLoss=0.04718][QuantReg:0.51822]
[MiniBooNE] Starting epoch 83...
[MiniBooNE] Elapsed training time:2.50s
[MiniBooNE] Starting validation...
[MiniBooNE] Elapsed validation time:0.23s
[MiniBooNE] [Epoch=083] Train Loss=[QuantLoss=0.08189]Val loss = [QuantLoss=0.06457][QuantReg:0.51644]
[MiniBooNE] Starting epoch 84...
[MiniBooNE] Elapsed training time:2.54s
[MiniBooNE] Starting validation...
[MiniBooNE] Elapsed validation time:0.24s
[MiniBooNE] [Epoch=084] Train Loss=[QuantLoss=0.08035]Val loss = [QuantLoss=0.05436][QuantReg:0.51757]
[MiniBooNE] Starting epoch 85...
[MiniBooNE] Elapsed training time:2.55s
[MiniBooNE] Starting validation...
[MiniBooNE] Elapsed validation time:0.24s
[MiniBooNE] [Epoch=085] Train Loss=[QuantLoss=0.07969]Val loss = [QuantLoss=0.05263][QuantReg:0.51690]
[MiniBooNE] Starting epoch 86...
[MiniBooNE] Elapsed training time:2.57s
[MiniBooNE] Starting validation...
[MiniBooNE] Elapsed validation time:0.24s
[MiniBooNE] [Epoch=086] Train Loss=[QuantLoss=0.08140]Val loss = [QuantLoss=0.07578][QuantReg:0.51781]
[MiniBooNE] Starting epoch 87...
[MiniBooNE] Elapsed training time:2.57s
[MiniBooNE] Starting validation...
[MiniBooNE] Elapsed validation time:0.24s
[MiniBooNE] [Epoch=087] Train Loss=[QuantLoss=0.08136]Val loss = [QuantLoss=0.05496][QuantReg:0.51943]
[MiniBooNE] Starting epoch 88...
[MiniBooNE] Elapsed training time:2.54s
[MiniBooNE] Starting validation...
[MiniBooNE] Elapsed validation time:0.24s
[MiniBooNE] [Epoch=088] Train Loss=[QuantLoss=0.07969]Val loss = [QuantLoss=0.05076][QuantReg:0.52123]
[MiniBooNE] Starting epoch 89...
[MiniBooNE] Elapsed training time:2.54s
[MiniBooNE] Starting validation...
[MiniBooNE] Elapsed validation time:0.24s
[MiniBooNE] [Epoch=089] Train Loss=[QuantLoss=0.08017]Val loss = [QuantLoss=0.05369][QuantReg:0.52246]
[MiniBooNE] Starting epoch 90...
[MiniBooNE] Elapsed training time:2.53s
[MiniBooNE] Starting validation...
[MiniBooNE] Elapsed validation time:0.24s
[MiniBooNE] [Epoch=090] Train Loss=[QuantLoss=0.08065]Val loss = [QuantLoss=0.04859][QuantReg:0.52266]
[MiniBooNE] Starting epoch 91...
[MiniBooNE] Elapsed training time:2.56s
[MiniBooNE] Starting validation...
[MiniBooNE] Elapsed validation time:0.23s
[MiniBooNE] [Epoch=091] Train Loss=[QuantLoss=0.07681]Val loss = [QuantLoss=0.05896][QuantReg:0.52334]
[MiniBooNE] Starting epoch 92...
[MiniBooNE] Elapsed training time:2.52s
[MiniBooNE] Starting validation...
[MiniBooNE] Elapsed validation time:0.23s
[MiniBooNE] [Epoch=092] Train Loss=[QuantLoss=0.08060]Val loss = [QuantLoss=0.05999][QuantReg:0.51877]
[MiniBooNE] Starting epoch 93...
[MiniBooNE] Elapsed training time:2.53s
[MiniBooNE] Starting validation...
[MiniBooNE] Elapsed validation time:0.23s
[MiniBooNE] [Epoch=093] Train Loss=[QuantLoss=0.07952]Val loss = [QuantLoss=0.05757][QuantReg:0.52129]
[MiniBooNE] Starting epoch 94...
[MiniBooNE] Elapsed training time:2.50s
[MiniBooNE] Starting validation...
[MiniBooNE] Elapsed validation time:0.24s
[MiniBooNE] [Epoch=094] Train Loss=[QuantLoss=0.08098]Val loss = [QuantLoss=0.04535][QuantReg:0.51872]
[MiniBooNE] Starting epoch 95...
[MiniBooNE] Elapsed training time:2.56s
[MiniBooNE] Starting validation...
[MiniBooNE] Elapsed validation time:0.23s
[MiniBooNE] [Epoch=095] Train Loss=[QuantLoss=0.07880]Val loss = [QuantLoss=0.04952][QuantReg:0.52178]
[MiniBooNE] Starting epoch 96...
[MiniBooNE] Elapsed training time:2.54s
[MiniBooNE] Starting validation...
[MiniBooNE] Elapsed validation time:0.22s
[MiniBooNE] [Epoch=096] Train Loss=[QuantLoss=0.08003]Val loss = [QuantLoss=0.06186][QuantReg:0.51767]
[MiniBooNE] Starting epoch 97...
[MiniBooNE] Elapsed training time:2.55s
[MiniBooNE] Starting validation...
[MiniBooNE] Elapsed validation time:0.24s
[MiniBooNE] [Epoch=097] Train Loss=[QuantLoss=0.08073]Val loss = [QuantLoss=0.06146][QuantReg:0.51749]
[MiniBooNE] Starting epoch 98...
[MiniBooNE] Elapsed training time:2.54s
[MiniBooNE] Starting validation...
[MiniBooNE] Elapsed validation time:0.24s
[MiniBooNE] [Epoch=098] Train Loss=[QuantLoss=0.07995]Val loss = [QuantLoss=0.06178][QuantReg:0.51898]
[MiniBooNE] Starting epoch 99...
[MiniBooNE] Elapsed training time:2.55s
[MiniBooNE] Starting validation...
[MiniBooNE] Elapsed validation time:0.23s
[MiniBooNE] [Epoch=099] Train Loss=[QuantLoss=0.07953]Val loss = [QuantLoss=0.05935][QuantReg:0.51774]
[MiniBooNE] Starting epoch 100...
[MiniBooNE] Elapsed training time:2.55s
[MiniBooNE] Starting validation...
[MiniBooNE] Elapsed validation time:0.24s
[MiniBooNE] [Epoch=100] Train Loss=[QuantLoss=0.07950]Val loss = [QuantLoss=0.05569][QuantReg:0.52077]
[MiniBooNE] Starting epoch 101...
[MiniBooNE] Elapsed training time:2.51s
[MiniBooNE] Starting validation...
[MiniBooNE] Elapsed validation time:0.22s
[MiniBooNE] [Epoch=101] Train Loss=[QuantLoss=0.07853]Val loss = [QuantLoss=0.05527][QuantReg:0.51923]
[MiniBooNE] Starting epoch 102...
[MiniBooNE] Elapsed training time:2.44s
[MiniBooNE] Starting validation...
[MiniBooNE] Elapsed validation time:0.25s
[MiniBooNE] [Epoch=102] Train Loss=[QuantLoss=0.07898]Val loss = [QuantLoss=0.05631][QuantReg:0.51574]
[MiniBooNE] Starting epoch 103...
[MiniBooNE] Elapsed training time:2.51s
[MiniBooNE] Starting validation...
[MiniBooNE] Elapsed validation time:0.23s
[MiniBooNE] [Epoch=103] Train Loss=[QuantLoss=0.08236]Val loss = [QuantLoss=0.05855][QuantReg:0.51657]
[MiniBooNE] Starting epoch 104...
[MiniBooNE] Elapsed training time:2.49s
[MiniBooNE] Starting validation...
[MiniBooNE] Elapsed validation time:0.22s
[MiniBooNE] [Epoch=104] Train Loss=[QuantLoss=0.08006]Val loss = [QuantLoss=0.06113][QuantReg:0.51385]
[MiniBooNE] Starting epoch 105...
[MiniBooNE] Elapsed training time:2.54s
[MiniBooNE] Starting validation...
[MiniBooNE] Elapsed validation time:0.24s
[MiniBooNE] [Epoch=105] Train Loss=[QuantLoss=0.07865]Val loss = [QuantLoss=0.05001][QuantReg:0.51733]
[MiniBooNE] Starting epoch 106...
[MiniBooNE] Elapsed training time:2.47s
[MiniBooNE] Starting validation...
[MiniBooNE] Elapsed validation time:0.23s
[MiniBooNE] [Epoch=106] Train Loss=[QuantLoss=0.07438]Val loss = [QuantLoss=0.05758][QuantReg:0.51592]
[MiniBooNE] Starting epoch 107...
[MiniBooNE] Elapsed training time:2.54s
[MiniBooNE] Starting validation...
[MiniBooNE] Elapsed validation time:0.23s
[MiniBooNE] [Epoch=107] Train Loss=[QuantLoss=0.07932]Val loss = [QuantLoss=0.06330][QuantReg:0.51370]
[MiniBooNE] Starting epoch 108...
[MiniBooNE] Elapsed training time:2.54s
[MiniBooNE] Starting validation...
[MiniBooNE] Elapsed validation time:0.22s
[MiniBooNE] [Epoch=108] Train Loss=[QuantLoss=0.08015]Val loss = [QuantLoss=0.05291][QuantReg:0.51103]
[MiniBooNE] Starting epoch 109...
[MiniBooNE] Elapsed training time:2.48s
[MiniBooNE] Starting validation...
[MiniBooNE] Elapsed validation time:0.23s
[MiniBooNE] [Epoch=109] Train Loss=[QuantLoss=0.07845]Val loss = [QuantLoss=0.05508][QuantReg:0.51253]
[MiniBooNE] Starting epoch 110...
[MiniBooNE] Elapsed training time:2.47s
[MiniBooNE] Starting validation...
[MiniBooNE] Elapsed validation time:0.24s
[MiniBooNE] [Epoch=110] Train Loss=[QuantLoss=0.07598]Val loss = [QuantLoss=0.05183][QuantReg:0.51123]
[MiniBooNE] Starting epoch 111...
[MiniBooNE] Elapsed training time:2.56s
[MiniBooNE] Starting validation...
[MiniBooNE] Elapsed validation time:0.24s
[MiniBooNE] [Epoch=111] Train Loss=[QuantLoss=0.07730]Val loss = [QuantLoss=0.05806][QuantReg:0.51262]
[MiniBooNE] Starting epoch 112...
[MiniBooNE] Elapsed training time:2.47s
[MiniBooNE] Starting validation...
[MiniBooNE] Elapsed validation time:0.23s
[MiniBooNE] [Epoch=112] Train Loss=[QuantLoss=0.07445]Val loss = [QuantLoss=0.05129][QuantReg:0.51302]
[MiniBooNE] Starting epoch 113...
[MiniBooNE] Elapsed training time:2.52s
[MiniBooNE] Starting validation...
[MiniBooNE] Elapsed validation time:0.24s
[MiniBooNE] [Epoch=113] Train Loss=[QuantLoss=0.07611]Val loss = [QuantLoss=0.06271][QuantReg:0.51156]
[MiniBooNE] Starting epoch 114...
[MiniBooNE] Elapsed training time:2.54s
[MiniBooNE] Starting validation...
[MiniBooNE] Elapsed validation time:0.24s
[MiniBooNE] [Epoch=114] Train Loss=[QuantLoss=0.07658]Val loss = [QuantLoss=0.05705][QuantReg:0.51220]
[MiniBooNE] Starting epoch 115...
[MiniBooNE] Elapsed training time:2.46s
[MiniBooNE] Starting validation...
[MiniBooNE] Elapsed validation time:0.24s
[MiniBooNE] [Epoch=115] Train Loss=[QuantLoss=0.07713]Val loss = [QuantLoss=0.04926][QuantReg:0.51194]
[MiniBooNE] Starting epoch 116...
[MiniBooNE] Elapsed training time:2.49s
[MiniBooNE] Starting validation...
[MiniBooNE] Elapsed validation time:0.23s
[MiniBooNE] [Epoch=116] Train Loss=[QuantLoss=0.07978]Val loss = [QuantLoss=0.05808][QuantReg:0.51033]
[MiniBooNE] Starting epoch 117...
[MiniBooNE] Elapsed training time:2.54s
[MiniBooNE] Starting validation...
[MiniBooNE] Elapsed validation time:0.24s
[MiniBooNE] [Epoch=117] Train Loss=[QuantLoss=0.07815]Val loss = [QuantLoss=0.05499][QuantReg:0.50990]
[MiniBooNE] Starting epoch 118...
[MiniBooNE] Elapsed training time:2.51s
[MiniBooNE] Starting validation...
[MiniBooNE] Elapsed validation time:0.29s
[MiniBooNE] [Epoch=118] Train Loss=[QuantLoss=0.08031]Val loss = [QuantLoss=0.04837][QuantReg:0.51146]
[MiniBooNE] Starting epoch 119...
[MiniBooNE] Elapsed training time:2.47s
[MiniBooNE] Starting validation...
[MiniBooNE] Elapsed validation time:0.14s
[MiniBooNE] [Epoch=119] Train Loss=[QuantLoss=0.07844]Val loss = [QuantLoss=0.05925][QuantReg:0.50961]
[MiniBooNE] Starting epoch 120...
[MiniBooNE] Elapsed training time:2.45s
[MiniBooNE] Starting validation...
[MiniBooNE] Elapsed validation time:0.14s
[MiniBooNE] [Epoch=120] Train Loss=[QuantLoss=0.07703]Val loss = [QuantLoss=0.04609][QuantReg:0.50982]
[MiniBooNE] Starting epoch 121...
[MiniBooNE] Elapsed training time:2.40s
[MiniBooNE] Starting validation...
[MiniBooNE] Elapsed validation time:0.14s
[MiniBooNE] [Epoch=121] Train Loss=[QuantLoss=0.07867]Val loss = [QuantLoss=0.06252][QuantReg:0.51075]
[MiniBooNE] Starting epoch 122...
[MiniBooNE] Elapsed training time:2.42s
[MiniBooNE] Starting validation...
[MiniBooNE] Elapsed validation time:0.15s
[MiniBooNE] [Epoch=122] Train Loss=[QuantLoss=0.07846]Val loss = [QuantLoss=0.05566][QuantReg:0.51005]
[MiniBooNE] Starting epoch 123...
[MiniBooNE] Elapsed training time:2.46s
[MiniBooNE] Starting validation...
[MiniBooNE] Elapsed validation time:0.15s
[MiniBooNE] [Epoch=123] Train Loss=[QuantLoss=0.07922]Val loss = [QuantLoss=0.05416][QuantReg:0.50700]
[MiniBooNE] Starting epoch 124...
[MiniBooNE] Elapsed training time:2.49s
[MiniBooNE] Starting validation...
[MiniBooNE] Elapsed validation time:0.14s
[MiniBooNE] [Epoch=124] Train Loss=[QuantLoss=0.07736]Val loss = [QuantLoss=0.05398][QuantReg:0.50820]
[MiniBooNE] Starting epoch 125...
[MiniBooNE] Elapsed training time:2.45s
[MiniBooNE] Starting validation...
[MiniBooNE] Elapsed validation time:0.14s
[MiniBooNE] [Epoch=125] Train Loss=[QuantLoss=0.07656]Val loss = [QuantLoss=0.05782][QuantReg:0.50789]
[MiniBooNE] Starting epoch 126...
[MiniBooNE] Elapsed training time:2.49s
[MiniBooNE] Starting validation...
[MiniBooNE] Elapsed validation time:0.14s
[MiniBooNE] [Epoch=126] Train Loss=[QuantLoss=0.07815]Val loss = [QuantLoss=0.06326][QuantReg:0.50728]
[MiniBooNE] Starting epoch 127...
[MiniBooNE] Elapsed training time:2.43s
[MiniBooNE] Starting validation...
[MiniBooNE] Elapsed validation time:0.14s
[MiniBooNE] [Epoch=127] Train Loss=[QuantLoss=0.07575]Val loss = [QuantLoss=0.05132][QuantReg:0.50745]
[MiniBooNE] Starting epoch 128...
[MiniBooNE] Elapsed training time:2.51s
[MiniBooNE] Starting validation...
[MiniBooNE] Elapsed validation time:0.14s
[MiniBooNE] [Epoch=128] Train Loss=[QuantLoss=0.07569]Val loss = [QuantLoss=0.04841][QuantReg:0.50674]
[MiniBooNE] Starting epoch 129...
[MiniBooNE] Elapsed training time:2.42s
[MiniBooNE] Starting validation...
[MiniBooNE] Elapsed validation time:0.14s
[MiniBooNE] [Epoch=129] Train Loss=[QuantLoss=0.07746]Val loss = [QuantLoss=0.04768][QuantReg:0.50958]
[MiniBooNE] Starting epoch 130...
[MiniBooNE] Elapsed training time:2.45s
[MiniBooNE] Starting validation...
[MiniBooNE] Elapsed validation time:0.15s
[MiniBooNE] [Epoch=130] Train Loss=[QuantLoss=0.07832]Val loss = [QuantLoss=0.06534][QuantReg:0.51068]
[MiniBooNE] Starting epoch 131...
[MiniBooNE] Elapsed training time:2.41s
[MiniBooNE] Starting validation...
[MiniBooNE] Elapsed validation time:0.15s
[MiniBooNE] [Epoch=131] Train Loss=[QuantLoss=0.07361]Val loss = [QuantLoss=0.05008][QuantReg:0.51041]
[MiniBooNE] Starting epoch 132...
[MiniBooNE] Elapsed training time:2.46s
[MiniBooNE] Starting validation...
[MiniBooNE] Elapsed validation time:0.14s
[MiniBooNE] [Epoch=132] Train Loss=[QuantLoss=0.07718]Val loss = [QuantLoss=0.05972][QuantReg:0.50873]
[MiniBooNE] Starting epoch 133...
[MiniBooNE] Elapsed training time:2.42s
[MiniBooNE] Starting validation...
[MiniBooNE] Elapsed validation time:0.15s
[MiniBooNE] [Epoch=133] Train Loss=[QuantLoss=0.07301]Val loss = [QuantLoss=0.06057][QuantReg:0.50611]
[MiniBooNE] Starting epoch 134...
[MiniBooNE] Elapsed training time:2.46s
[MiniBooNE] Starting validation...
[MiniBooNE] Elapsed validation time:0.14s
[MiniBooNE] [Epoch=134] Train Loss=[QuantLoss=0.07599]Val loss = [QuantLoss=0.05318][QuantReg:0.50876]
[MiniBooNE] Starting epoch 135...
[MiniBooNE] Elapsed training time:2.42s
[MiniBooNE] Starting validation...
[MiniBooNE] Elapsed validation time:0.15s
[MiniBooNE] [Epoch=135] Train Loss=[QuantLoss=0.07180]Val loss = [QuantLoss=0.05246][QuantReg:0.50980]
[MiniBooNE] Starting epoch 136...
[MiniBooNE] Elapsed training time:2.42s
[MiniBooNE] Starting validation...
[MiniBooNE] Elapsed validation time:0.14s
[MiniBooNE] [Epoch=136] Train Loss=[QuantLoss=0.07497]Val loss = [QuantLoss=0.06256][QuantReg:0.50914]
[MiniBooNE] Starting epoch 137...
[MiniBooNE] Elapsed training time:2.49s
[MiniBooNE] Starting validation...
[MiniBooNE] Elapsed validation time:0.24s
[MiniBooNE] [Epoch=137] Train Loss=[QuantLoss=0.07709]Val loss = [QuantLoss=0.05800][QuantReg:0.50729]
[MiniBooNE] Starting epoch 138...
[MiniBooNE] Elapsed training time:2.43s
[MiniBooNE] Starting validation...
[MiniBooNE] Elapsed validation time:0.25s
[MiniBooNE] [Epoch=138] Train Loss=[QuantLoss=0.07532]Val loss = [QuantLoss=0.05656][QuantReg:0.50899]
[MiniBooNE] Starting epoch 139...
[MiniBooNE] Elapsed training time:2.45s
[MiniBooNE] Starting validation...
[MiniBooNE] Elapsed validation time:0.23s
[MiniBooNE] [Epoch=139] Train Loss=[QuantLoss=0.07456]Val loss = [QuantLoss=0.06186][QuantReg:0.50857]
[MiniBooNE] Starting epoch 140...
[MiniBooNE] Elapsed training time:2.48s
[MiniBooNE] Starting validation...
[MiniBooNE] Elapsed validation time:0.24s
[MiniBooNE] [Epoch=140] Train Loss=[QuantLoss=0.07692]Val loss = [QuantLoss=0.06469][QuantReg:0.50904]
[MiniBooNE] Starting epoch 141...
[MiniBooNE] Elapsed training time:2.52s
[MiniBooNE] Starting validation...
[MiniBooNE] Elapsed validation time:0.24s
[MiniBooNE] [Epoch=141] Train Loss=[QuantLoss=0.07481]Val loss = [QuantLoss=0.05789][QuantReg:0.50883]
[MiniBooNE] Starting epoch 142...
[MiniBooNE] Elapsed training time:2.51s
[MiniBooNE] Starting validation...
[MiniBooNE] Elapsed validation time:0.25s
[MiniBooNE] [Epoch=142] Train Loss=[QuantLoss=0.07431]Val loss = [QuantLoss=0.05751][QuantReg:0.50932]
[MiniBooNE] Starting epoch 143...
[MiniBooNE] Elapsed training time:2.47s
[MiniBooNE] Starting validation...
[MiniBooNE] Elapsed validation time:0.23s
[MiniBooNE] [Epoch=143] Train Loss=[QuantLoss=0.07614]Val loss = [QuantLoss=0.05169][QuantReg:0.50829]
[MiniBooNE] Starting epoch 144...
[MiniBooNE] Elapsed training time:2.47s
[MiniBooNE] Starting validation...
[MiniBooNE] Elapsed validation time:0.23s
[MiniBooNE] [Epoch=144] Train Loss=[QuantLoss=0.07441]Val loss = [QuantLoss=0.05329][QuantReg:0.50802]
[MiniBooNE] Starting epoch 145...
[MiniBooNE] Elapsed training time:2.57s
[MiniBooNE] Starting validation...
[MiniBooNE] Elapsed validation time:0.23s
[MiniBooNE] [Epoch=145] Train Loss=[QuantLoss=0.07683]Val loss = [QuantLoss=0.05413][QuantReg:0.51072]
[MiniBooNE] Starting epoch 146...
[MiniBooNE] Elapsed training time:2.53s
[MiniBooNE] Starting validation...
[MiniBooNE] Elapsed validation time:0.22s
[MiniBooNE] [Epoch=146] Train Loss=[QuantLoss=0.07747]Val loss = [QuantLoss=0.06664][QuantReg:0.50953]
[MiniBooNE] Starting epoch 147...
[MiniBooNE] Elapsed training time:2.53s
[MiniBooNE] Starting validation...
[MiniBooNE] Elapsed validation time:0.24s
[MiniBooNE] [Epoch=147] Train Loss=[QuantLoss=0.07579]Val loss = [QuantLoss=0.06498][QuantReg:0.50854]
[MiniBooNE] Starting epoch 148...
[MiniBooNE] Elapsed training time:2.49s
[MiniBooNE] Starting validation...
[MiniBooNE] Elapsed validation time:0.23s
[MiniBooNE] [Epoch=148] Train Loss=[QuantLoss=0.07498]Val loss = [QuantLoss=0.05922][QuantReg:0.50908]
[MiniBooNE] Starting epoch 149...
[MiniBooNE] Elapsed training time:2.55s
[MiniBooNE] Starting validation...
[MiniBooNE] Elapsed validation time:0.23s
[MiniBooNE] [Epoch=149] Train Loss=[QuantLoss=0.07474]Val loss = [QuantLoss=0.05471][QuantReg:0.51054]
[MiniBooNE] Starting epoch 150...
[MiniBooNE] Elapsed training time:2.50s
[MiniBooNE] Starting validation...
[MiniBooNE] Elapsed validation time:0.23s
[MiniBooNE] [Epoch=150] Train Loss=[QuantLoss=0.07539]Val loss = [QuantLoss=0.06800][QuantReg:0.50827]
[MiniBooNE] Starting epoch 151...
[MiniBooNE] Elapsed training time:2.47s
[MiniBooNE] Starting validation...
[MiniBooNE] Elapsed validation time:0.22s
[MiniBooNE] [Epoch=151] Train Loss=[QuantLoss=0.07663]Val loss = [QuantLoss=0.04404][QuantReg:0.50793]
[MiniBooNE] Starting epoch 152...
[MiniBooNE] Elapsed training time:2.51s
[MiniBooNE] Starting validation...
[MiniBooNE] Elapsed validation time:0.23s
[MiniBooNE] [Epoch=152] Train Loss=[QuantLoss=0.07282]Val loss = [QuantLoss=0.05171][QuantReg:0.50770]
[MiniBooNE] Starting epoch 153...
[MiniBooNE] Elapsed training time:2.52s
[MiniBooNE] Starting validation...
[MiniBooNE] Elapsed validation time:0.22s
[MiniBooNE] [Epoch=153] Train Loss=[QuantLoss=0.07644]Val loss = [QuantLoss=0.05527][QuantReg:0.50755]
[MiniBooNE] Starting epoch 154...
[MiniBooNE] Elapsed training time:2.50s
[MiniBooNE] Starting validation...
[MiniBooNE] Elapsed validation time:0.23s
[MiniBooNE] [Epoch=154] Train Loss=[QuantLoss=0.07388]Val loss = [QuantLoss=0.06647][QuantReg:0.51014]
[MiniBooNE] Starting epoch 155...
[MiniBooNE] Elapsed training time:2.51s
[MiniBooNE] Starting validation...
[MiniBooNE] Elapsed validation time:0.23s
[MiniBooNE] [Epoch=155] Train Loss=[QuantLoss=0.07733]Val loss = [QuantLoss=0.06469][QuantReg:0.50654]
[MiniBooNE] Starting epoch 156...
[MiniBooNE] Elapsed training time:2.51s
[MiniBooNE] Starting validation...
[MiniBooNE] Elapsed validation time:0.23s
[MiniBooNE] [Epoch=156] Train Loss=[QuantLoss=0.07439]Val loss = [QuantLoss=0.05353][QuantReg:0.50775]
[MiniBooNE] Starting epoch 157...
[MiniBooNE] Elapsed training time:2.48s
[MiniBooNE] Starting validation...
[MiniBooNE] Elapsed validation time:0.23s
[MiniBooNE] [Epoch=157] Train Loss=[QuantLoss=0.07414]Val loss = [QuantLoss=0.05712][QuantReg:0.50596]
[MiniBooNE] Starting epoch 158...
[MiniBooNE] Elapsed training time:2.48s
[MiniBooNE] Starting validation...
[MiniBooNE] Elapsed validation time:0.23s
[MiniBooNE] [Epoch=158] Train Loss=[QuantLoss=0.07685]Val loss = [QuantLoss=0.06621][QuantReg:0.50705]
[MiniBooNE] Starting epoch 159...
[MiniBooNE] Elapsed training time:2.51s
[MiniBooNE] Starting validation...
[MiniBooNE] Elapsed validation time:0.23s
[MiniBooNE] [Epoch=159] Train Loss=[QuantLoss=0.07654]Val loss = [QuantLoss=0.06562][QuantReg:0.50715]
[MiniBooNE] Starting epoch 160...
[MiniBooNE] Elapsed training time:2.52s
[MiniBooNE] Starting validation...
[MiniBooNE] Elapsed validation time:0.23s
[MiniBooNE] [Epoch=160] Train Loss=[QuantLoss=0.07734]Val loss = [QuantLoss=0.05496][QuantReg:0.50709]
[MiniBooNE] Starting epoch 161...
[MiniBooNE] Elapsed training time:2.59s
[MiniBooNE] Starting validation...
[MiniBooNE] Elapsed validation time:0.15s
[MiniBooNE] [Epoch=161] Train Loss=[QuantLoss=0.07434]Val loss = [QuantLoss=0.05294][QuantReg:0.50400]
[MiniBooNE] Starting epoch 162...
[MiniBooNE] Elapsed training time:2.43s
[MiniBooNE] Starting validation...
[MiniBooNE] Elapsed validation time:0.14s
[MiniBooNE] [Epoch=162] Train Loss=[QuantLoss=0.07500]Val loss = [QuantLoss=0.04442][QuantReg:0.50853]
[MiniBooNE] Starting epoch 163...
[MiniBooNE] Elapsed training time:2.44s
[MiniBooNE] Starting validation...
[MiniBooNE] Elapsed validation time:0.17s
[MiniBooNE] [Epoch=163] Train Loss=[QuantLoss=0.07465]Val loss = [QuantLoss=0.06242][QuantReg:0.50675]
[MiniBooNE] Starting epoch 164...
[MiniBooNE] Elapsed training time:2.46s
[MiniBooNE] Starting validation...
[MiniBooNE] Elapsed validation time:0.14s
[MiniBooNE] [Epoch=164] Train Loss=[QuantLoss=0.07530]Val loss = [QuantLoss=0.05474][QuantReg:0.50693]
[MiniBooNE] Starting epoch 165...
[MiniBooNE] Elapsed training time:2.38s
[MiniBooNE] Starting validation...
[MiniBooNE] Elapsed validation time:0.16s
[MiniBooNE] [Epoch=165] Train Loss=[QuantLoss=0.07324]Val loss = [QuantLoss=0.05911][QuantReg:0.50492]
[MiniBooNE] Starting epoch 166...
[MiniBooNE] Elapsed training time:2.51s
[MiniBooNE] Starting validation...
[MiniBooNE] Elapsed validation time:0.14s
[MiniBooNE] [Epoch=166] Train Loss=[QuantLoss=0.07346]Val loss = [QuantLoss=0.05442][QuantReg:0.50715]
[MiniBooNE] Starting epoch 167...
[MiniBooNE] Elapsed training time:2.43s
[MiniBooNE] Starting validation...
[MiniBooNE] Elapsed validation time:0.15s
[MiniBooNE] [Epoch=167] Train Loss=[QuantLoss=0.07501]Val loss = [QuantLoss=0.05056][QuantReg:0.50689]
[MiniBooNE] Early stopping in epoch 167!
[MiniBooNE] Restoring best model...
MAE médio por bag: 0.0267 ± 0.0230
Resultados, incluindo predições, salvos em: resultados_miniboone/resultados_miniboone_l1_easiest_1.csv
