Dataset: miniboone
Dificuldade: metric=kl, mode=easiest, top_k=None
Rodada: 5
Salvar resultados em: resultados_miniboone
Dispositivo de treino: cpu
Baixando e preparando o dataset MiniBooNE...
Dataset MiniBooNE pronto.
Ignoring val_split as train and val datasets where given to fit function
We have two datasets: training 155457 examples. validation 25900 examples.]
Using device cpu
[MiniBooNE] Starting epoch 0...
[MiniBooNE] Elapsed training time:2.30s
[MiniBooNE] Starting validation...
[MiniBooNE] Elapsed validation time:0.25s
[MiniBooNE] [Epoch=000] Train Loss=[QuantLoss=0.06729]Val loss = [QuantLoss=0.19881][QuantReg:0.40395][saved best model in this epoch]
[MiniBooNE] Starting epoch 1...
[MiniBooNE] Elapsed training time:2.37s
[MiniBooNE] Starting validation...
[MiniBooNE] Elapsed validation time:0.24s
[MiniBooNE] [Epoch=001] Train Loss=[QuantLoss=0.10608]Val loss = [QuantLoss=0.17278][QuantReg:0.57228][saved best model in this epoch]
[MiniBooNE] Starting epoch 2...
[MiniBooNE] Elapsed training time:2.36s
[MiniBooNE] Starting validation...
[MiniBooNE] Elapsed validation time:0.23s
[MiniBooNE] [Epoch=002] Train Loss=[QuantLoss=0.09301]Val loss = [QuantLoss=0.20011][QuantReg:0.54048]
[MiniBooNE] Starting epoch 3...
[MiniBooNE] Elapsed training time:2.34s
[MiniBooNE] Starting validation...
[MiniBooNE] Elapsed validation time:0.24s
[MiniBooNE] [Epoch=003] Train Loss=[QuantLoss=0.10598]Val loss = [QuantLoss=0.17538][QuantReg:0.58812]
[MiniBooNE] Starting epoch 4...
[MiniBooNE] Elapsed training time:2.43s
[MiniBooNE] Starting validation...
[MiniBooNE] Elapsed validation time:0.24s
[MiniBooNE] [Epoch=004] Train Loss=[QuantLoss=0.10336]Val loss = [QuantLoss=0.18595][QuantReg:0.63179]
[MiniBooNE] Starting epoch 5...
[MiniBooNE] Elapsed training time:2.29s
[MiniBooNE] Starting validation...
[MiniBooNE] Elapsed validation time:0.24s
[MiniBooNE] [Epoch=005] Train Loss=[QuantLoss=0.10070]Val loss = [QuantLoss=0.19453][QuantReg:0.64377]
[MiniBooNE] Starting epoch 6...
[MiniBooNE] Elapsed training time:2.33s
[MiniBooNE] Starting validation...
[MiniBooNE] Elapsed validation time:0.23s
[MiniBooNE] [Epoch=006] Train Loss=[QuantLoss=0.09697]Val loss = [QuantLoss=0.15620][QuantReg:0.61031][saved best model in this epoch]
[MiniBooNE] Starting epoch 7...
[MiniBooNE] Elapsed training time:2.40s
[MiniBooNE] Starting validation...
[MiniBooNE] Elapsed validation time:0.14s
[MiniBooNE] [Epoch=007] Train Loss=[QuantLoss=0.08823]Val loss = [QuantLoss=0.17577][QuantReg:0.58049]
[MiniBooNE] Starting epoch 8...
[MiniBooNE] Elapsed training time:2.27s
[MiniBooNE] Starting validation...
[MiniBooNE] Elapsed validation time:0.16s
[MiniBooNE] [Epoch=008] Train Loss=[QuantLoss=0.09606]Val loss = [QuantLoss=0.21712][QuantReg:0.58068]
[MiniBooNE] Starting epoch 9...
[MiniBooNE] Elapsed training time:2.25s
[MiniBooNE] Starting validation...
[MiniBooNE] Elapsed validation time:0.15s
[MiniBooNE] [Epoch=009] Train Loss=[QuantLoss=0.10334]Val loss = [QuantLoss=0.18077][QuantReg:0.62054]
[MiniBooNE] Starting epoch 10...
[MiniBooNE] Elapsed training time:2.29s
[MiniBooNE] Starting validation...
[MiniBooNE] Elapsed validation time:0.15s
[MiniBooNE] [Epoch=010] Train Loss=[QuantLoss=0.09597]Val loss = [QuantLoss=0.19726][QuantReg:0.62791]
[MiniBooNE] Starting epoch 11...
[MiniBooNE] Elapsed training time:2.25s
[MiniBooNE] Starting validation...
[MiniBooNE] Elapsed validation time:0.14s
[MiniBooNE] [Epoch=011] Train Loss=[QuantLoss=0.10413]Val loss = [QuantLoss=0.17945][QuantReg:0.65119]
[MiniBooNE] Starting epoch 12...
[MiniBooNE] Elapsed training time:2.27s
[MiniBooNE] Starting validation...
[MiniBooNE] Elapsed validation time:0.15s
[MiniBooNE] [Epoch=012] Train Loss=[QuantLoss=0.11153]Val loss = [QuantLoss=0.17076][QuantReg:0.64520]
[MiniBooNE] Starting epoch 13...
[MiniBooNE] Elapsed training time:2.29s
[MiniBooNE] Starting validation...
[MiniBooNE] Elapsed validation time:0.15s
[MiniBooNE] [Epoch=013] Train Loss=[QuantLoss=0.10938]Val loss = [QuantLoss=0.08270][QuantReg:0.63338][saved best model in this epoch]
[MiniBooNE] Starting epoch 14...
[MiniBooNE] Elapsed training time:2.35s
[MiniBooNE] Starting validation...
[MiniBooNE] Elapsed validation time:0.15s
[MiniBooNE] [Epoch=014] Train Loss=[QuantLoss=0.09344]Val loss = [QuantLoss=0.11302][QuantReg:0.61218]
[MiniBooNE] Starting epoch 15...
[MiniBooNE] Elapsed training time:2.32s
[MiniBooNE] Starting validation...
[MiniBooNE] Elapsed validation time:0.15s
[MiniBooNE] [Epoch=015] Train Loss=[QuantLoss=0.09410]Val loss = [QuantLoss=0.12617][QuantReg:0.58684]
[MiniBooNE] Starting epoch 16...
[MiniBooNE] Elapsed training time:2.35s
[MiniBooNE] Starting validation...
[MiniBooNE] Elapsed validation time:0.14s
[MiniBooNE] [Epoch=016] Train Loss=[QuantLoss=0.10006]Val loss = [QuantLoss=0.08155][QuantReg:0.58800][saved best model in this epoch]
[MiniBooNE] Starting epoch 17...
[MiniBooNE] Elapsed training time:2.33s
[MiniBooNE] Starting validation...
[MiniBooNE] Elapsed validation time:0.15s
[MiniBooNE] [Epoch=017] Train Loss=[QuantLoss=0.09707]Val loss = [QuantLoss=0.09407][QuantReg:0.60453]
[MiniBooNE] Starting epoch 18...
[MiniBooNE] Elapsed training time:2.32s
[MiniBooNE] Starting validation...
[MiniBooNE] Elapsed validation time:0.15s
[MiniBooNE] [Epoch=018] Train Loss=[QuantLoss=0.09506]Val loss = [QuantLoss=0.13625][QuantReg:0.58819]
[MiniBooNE] Starting epoch 19...
[MiniBooNE] Elapsed training time:2.25s
[MiniBooNE] Starting validation...
[MiniBooNE] Elapsed validation time:0.14s
[MiniBooNE] [Epoch=019] Train Loss=[QuantLoss=0.09397]Val loss = [QuantLoss=0.07844][QuantReg:0.56634][saved best model in this epoch]
[MiniBooNE] Starting epoch 20...
[MiniBooNE] Elapsed training time:2.28s
[MiniBooNE] Starting validation...
[MiniBooNE] Elapsed validation time:0.15s
[MiniBooNE] [Epoch=020] Train Loss=[QuantLoss=0.09262]Val loss = [QuantLoss=0.09073][QuantReg:0.55970]
[MiniBooNE] Starting epoch 21...
[MiniBooNE] Elapsed training time:2.26s
[MiniBooNE] Starting validation...
[MiniBooNE] Elapsed validation time:0.14s
[MiniBooNE] [Epoch=021] Train Loss=[QuantLoss=0.09753]Val loss = [QuantLoss=0.12217][QuantReg:0.56768]
[MiniBooNE] Starting epoch 22...
[MiniBooNE] Elapsed training time:2.25s
[MiniBooNE] Starting validation...
[MiniBooNE] Elapsed validation time:0.14s
[MiniBooNE] [Epoch=022] Train Loss=[QuantLoss=0.09854]Val loss = [QuantLoss=0.10842][QuantReg:0.55794]
[MiniBooNE] Starting epoch 23...
[MiniBooNE] Elapsed training time:2.32s
[MiniBooNE] Starting validation...
[MiniBooNE] Elapsed validation time:0.16s
[MiniBooNE] [Epoch=023] Train Loss=[QuantLoss=0.09392]Val loss = [QuantLoss=0.05839][QuantReg:0.56261][saved best model in this epoch]
[MiniBooNE] Starting epoch 24...
[MiniBooNE] Elapsed training time:2.31s
[MiniBooNE] Starting validation...
[MiniBooNE] Elapsed validation time:0.15s
[MiniBooNE] [Epoch=024] Train Loss=[QuantLoss=0.09395]Val loss = [QuantLoss=0.07397][QuantReg:0.55193]
[MiniBooNE] Starting epoch 25...
[MiniBooNE] Elapsed training time:2.31s
[MiniBooNE] Starting validation...
[MiniBooNE] Elapsed validation time:0.15s
[MiniBooNE] [Epoch=025] Train Loss=[QuantLoss=0.08977]Val loss = [QuantLoss=0.08880][QuantReg:0.54815]
[MiniBooNE] Starting epoch 26...
[MiniBooNE] Elapsed training time:2.36s
[MiniBooNE] Starting validation...
[MiniBooNE] Elapsed validation time:0.15s
[MiniBooNE] [Epoch=026] Train Loss=[QuantLoss=0.09731]Val loss = [QuantLoss=0.06418][QuantReg:0.54913]
[MiniBooNE] Starting epoch 27...
[MiniBooNE] Elapsed training time:2.31s
[MiniBooNE] Starting validation...
[MiniBooNE] Elapsed validation time:0.14s
[MiniBooNE] [Epoch=027] Train Loss=[QuantLoss=0.09392]Val loss = [QuantLoss=0.07921][QuantReg:0.54066]
[MiniBooNE] Starting epoch 28...
[MiniBooNE] Elapsed training time:2.29s
[MiniBooNE] Starting validation...
[MiniBooNE] Elapsed validation time:0.16s
[MiniBooNE] [Epoch=028] Train Loss=[QuantLoss=0.09081]Val loss = [QuantLoss=0.09410][QuantReg:0.53197]
[MiniBooNE] Starting epoch 29...
[MiniBooNE] Elapsed training time:2.36s
[MiniBooNE] Starting validation...
[MiniBooNE] Elapsed validation time:0.15s
[MiniBooNE] [Epoch=029] Train Loss=[QuantLoss=0.09658]Val loss = [QuantLoss=0.11851][QuantReg:0.53785]
[MiniBooNE] Starting epoch 30...
[MiniBooNE] Elapsed training time:2.29s
[MiniBooNE] Starting validation...
[MiniBooNE] Elapsed validation time:0.15s
[MiniBooNE] [Epoch=030] Train Loss=[QuantLoss=0.09422]Val loss = [QuantLoss=0.11635][QuantReg:0.52972]
[MiniBooNE] Starting epoch 31...
[MiniBooNE] Elapsed training time:2.30s
[MiniBooNE] Starting validation...
[MiniBooNE] Elapsed validation time:0.15s
[MiniBooNE] [Epoch=031] Train Loss=[QuantLoss=0.09312]Val loss = [QuantLoss=0.05841][QuantReg:0.53840]
[MiniBooNE] Starting epoch 32...
[MiniBooNE] Elapsed training time:2.31s
[MiniBooNE] Starting validation...
[MiniBooNE] Elapsed validation time:0.15s
[MiniBooNE] [Epoch=032] Train Loss=[QuantLoss=0.09495]Val loss = [QuantLoss=0.04315][QuantReg:0.52910][saved best model in this epoch]
[MiniBooNE] Starting epoch 33...
[MiniBooNE] Elapsed training time:2.30s
[MiniBooNE] Starting validation...
[MiniBooNE] Elapsed validation time:0.14s
[MiniBooNE] [Epoch=033] Train Loss=[QuantLoss=0.09242]Val loss = [QuantLoss=0.10404][QuantReg:0.52120]
[MiniBooNE] Starting epoch 34...
[MiniBooNE] Elapsed training time:2.33s
[MiniBooNE] Starting validation...
[MiniBooNE] Elapsed validation time:0.14s
[MiniBooNE] [Epoch=034] Train Loss=[QuantLoss=0.09266]Val loss = [QuantLoss=0.05830][QuantReg:0.52848]
[MiniBooNE] Starting epoch 35...
[MiniBooNE] Elapsed training time:2.32s
[MiniBooNE] Starting validation...
[MiniBooNE] Elapsed validation time:0.14s
[MiniBooNE] [Epoch=035] Train Loss=[QuantLoss=0.08707]Val loss = [QuantLoss=0.07065][QuantReg:0.52596]
[MiniBooNE] Starting epoch 36...
[MiniBooNE] Elapsed training time:2.38s
[MiniBooNE] Starting validation...
[MiniBooNE] Elapsed validation time:0.15s
[MiniBooNE] [Epoch=036] Train Loss=[QuantLoss=0.08935]Val loss = [QuantLoss=0.04537][QuantReg:0.52524]
[MiniBooNE] Starting epoch 37...
[MiniBooNE] Elapsed training time:2.28s
[MiniBooNE] Starting validation...
[MiniBooNE] Elapsed validation time:0.23s
[MiniBooNE] [Epoch=037] Train Loss=[QuantLoss=0.08731]Val loss = [QuantLoss=0.06288][QuantReg:0.52262]
[MiniBooNE] Starting epoch 38...
[MiniBooNE] Elapsed training time:2.38s
[MiniBooNE] Starting validation...
[MiniBooNE] Elapsed validation time:0.22s
[MiniBooNE] [Epoch=038] Train Loss=[QuantLoss=0.09074]Val loss = [QuantLoss=0.12023][QuantReg:0.51330]
[MiniBooNE] Starting epoch 39...
[MiniBooNE] Elapsed training time:2.36s
[MiniBooNE] Starting validation...
[MiniBooNE] Elapsed validation time:0.23s
[MiniBooNE] [Epoch=039] Train Loss=[QuantLoss=0.09697]Val loss = [QuantLoss=0.08990][QuantReg:0.51520]
[MiniBooNE] Starting epoch 40...
[MiniBooNE] Elapsed training time:2.45s
[MiniBooNE] Starting validation...
[MiniBooNE] Elapsed validation time:0.24s
[MiniBooNE] [Epoch=040] Train Loss=[QuantLoss=0.08794]Val loss = [QuantLoss=0.09754][QuantReg:0.50979]
[MiniBooNE] Starting epoch 41...
[MiniBooNE] Elapsed training time:2.38s
[MiniBooNE] Starting validation...
[MiniBooNE] Elapsed validation time:0.23s
[MiniBooNE] [Epoch=041] Train Loss=[QuantLoss=0.09242]Val loss = [QuantLoss=0.07502][QuantReg:0.51071]
[MiniBooNE] Starting epoch 42...
[MiniBooNE] Elapsed training time:2.36s
[MiniBooNE] Starting validation...
[MiniBooNE] Elapsed validation time:0.23s
[MiniBooNE] [Epoch=042] Train Loss=[QuantLoss=0.09661]Val loss = [QuantLoss=0.03637][QuantReg:0.52346][saved best model in this epoch]
[MiniBooNE] Starting epoch 43...
[MiniBooNE] Elapsed training time:2.40s
[MiniBooNE] Starting validation...
[MiniBooNE] Elapsed validation time:0.22s
[MiniBooNE] [Epoch=043] Train Loss=[QuantLoss=0.08877]Val loss = [QuantLoss=0.09816][QuantReg:0.51419]
[MiniBooNE] Starting epoch 44...
[MiniBooNE] Elapsed training time:2.34s
[MiniBooNE] Starting validation...
[MiniBooNE] Elapsed validation time:0.23s
[MiniBooNE] [Epoch=044] Train Loss=[QuantLoss=0.08821]Val loss = [QuantLoss=0.07982][QuantReg:0.51601]
[MiniBooNE] Starting epoch 45...
[MiniBooNE] Elapsed training time:2.39s
[MiniBooNE] Starting validation...
[MiniBooNE] Elapsed validation time:0.23s
[MiniBooNE] [Epoch=045] Train Loss=[QuantLoss=0.08916]Val loss = [QuantLoss=0.04355][QuantReg:0.51298]
[MiniBooNE] Starting epoch 46...
[MiniBooNE] Elapsed training time:2.39s
[MiniBooNE] Starting validation...
[MiniBooNE] Elapsed validation time:0.24s
[MiniBooNE] [Epoch=046] Train Loss=[QuantLoss=0.08962]Val loss = [QuantLoss=0.10705][QuantReg:0.51122]
[MiniBooNE] Starting epoch 47...
[MiniBooNE] Elapsed training time:2.41s
[MiniBooNE] Starting validation...
[MiniBooNE] Elapsed validation time:0.23s
[MiniBooNE] [Epoch=047] Train Loss=[QuantLoss=0.08931]Val loss = [QuantLoss=0.10002][QuantReg:0.51204]
[MiniBooNE] Starting epoch 48...
[MiniBooNE] Elapsed training time:2.35s
[MiniBooNE] Starting validation...
[MiniBooNE] Elapsed validation time:0.22s
[MiniBooNE] [Epoch=048] Train Loss=[QuantLoss=0.09256]Val loss = [QuantLoss=0.05118][QuantReg:0.51199]
[MiniBooNE] Starting epoch 49...
[MiniBooNE] Elapsed training time:2.42s
[MiniBooNE] Starting validation...
[MiniBooNE] Elapsed validation time:0.23s
[MiniBooNE] [Epoch=049] Train Loss=[QuantLoss=0.08936]Val loss = [QuantLoss=0.05883][QuantReg:0.50797]
[MiniBooNE] Starting epoch 50...
[MiniBooNE] Elapsed training time:2.39s
[MiniBooNE] Starting validation...
[MiniBooNE] Elapsed validation time:0.23s
[MiniBooNE] [Epoch=050] Train Loss=[QuantLoss=0.08698]Val loss = [QuantLoss=0.05852][QuantReg:0.51930]
[MiniBooNE] Starting epoch 51...
[MiniBooNE] Elapsed training time:2.37s
[MiniBooNE] Starting validation...
[MiniBooNE] Elapsed validation time:0.23s
[MiniBooNE] [Epoch=051] Train Loss=[QuantLoss=0.09501]Val loss = [QuantLoss=0.08678][QuantReg:0.51971]
[MiniBooNE] Starting epoch 52...
[MiniBooNE] Elapsed training time:2.35s
[MiniBooNE] Starting validation...
[MiniBooNE] Elapsed validation time:0.23s
[MiniBooNE] [Epoch=052] Train Loss=[QuantLoss=0.09468]Val loss = [QuantLoss=0.12581][QuantReg:0.51758]
[MiniBooNE] Starting epoch 53...
[MiniBooNE] Elapsed training time:2.38s
[MiniBooNE] Starting validation...
[MiniBooNE] Elapsed validation time:0.25s
[MiniBooNE] [Epoch=053] Train Loss=[QuantLoss=0.09036]Val loss = [QuantLoss=0.03986][QuantReg:0.51827]
[MiniBooNE] Starting epoch 54...
[MiniBooNE] Elapsed training time:2.36s
[MiniBooNE] Starting validation...
[MiniBooNE] Elapsed validation time:0.24s
[MiniBooNE] [Epoch=054] Train Loss=[QuantLoss=0.08794]Val loss = [QuantLoss=0.03237][QuantReg:0.51692][saved best model in this epoch]
[MiniBooNE] Starting epoch 55...
[MiniBooNE] Elapsed training time:2.38s
[MiniBooNE] Starting validation...
[MiniBooNE] Elapsed validation time:0.24s
[MiniBooNE] [Epoch=055] Train Loss=[QuantLoss=0.09147]Val loss = [QuantLoss=0.11864][QuantReg:0.51154]
[MiniBooNE] Starting epoch 56...
[MiniBooNE] Elapsed training time:2.32s
[MiniBooNE] Starting validation...
[MiniBooNE] Elapsed validation time:0.23s
[MiniBooNE] [Epoch=056] Train Loss=[QuantLoss=0.09301]Val loss = [QuantLoss=0.08440][QuantReg:0.51805]
[MiniBooNE] Starting epoch 57...
[MiniBooNE] Elapsed training time:2.41s
[MiniBooNE] Starting validation...
[MiniBooNE] Elapsed validation time:0.23s
[MiniBooNE] [Epoch=057] Train Loss=[QuantLoss=0.09849]Val loss = [QuantLoss=0.04695][QuantReg:0.51467]
[MiniBooNE] Starting epoch 58...
[MiniBooNE] Elapsed training time:2.38s
[MiniBooNE] Starting validation...
[MiniBooNE] Elapsed validation time:0.23s
[MiniBooNE] [Epoch=058] Train Loss=[QuantLoss=0.08400]Val loss = [QuantLoss=0.06710][QuantReg:0.51387]
[MiniBooNE] Starting epoch 59...
[MiniBooNE] Elapsed training time:2.35s
[MiniBooNE] Starting validation...
[MiniBooNE] Elapsed validation time:0.23s
[MiniBooNE] [Epoch=059] Train Loss=[QuantLoss=0.08516]Val loss = [QuantLoss=0.06862][QuantReg:0.51387]
[MiniBooNE] Starting epoch 60...
[MiniBooNE] Elapsed training time:2.43s
[MiniBooNE] Starting validation...
[MiniBooNE] Elapsed validation time:0.24s
[MiniBooNE] [Epoch=060] Train Loss=[QuantLoss=0.09518]Val loss = [QuantLoss=0.03934][QuantReg:0.51589]
[MiniBooNE] Starting epoch 61...
[MiniBooNE] Elapsed training time:2.32s
[MiniBooNE] Starting validation...
[MiniBooNE] Elapsed validation time:0.23s
[MiniBooNE] [Epoch=061] Train Loss=[QuantLoss=0.09083]Val loss = [QuantLoss=0.15948][QuantReg:0.50416]
[MiniBooNE] Starting epoch 62...
[MiniBooNE] Elapsed training time:2.38s
[MiniBooNE] Starting validation...
[MiniBooNE] Elapsed validation time:0.23s
[MiniBooNE] [Epoch=062] Train Loss=[QuantLoss=0.09110]Val loss = [QuantLoss=0.10460][QuantReg:0.51217]
[MiniBooNE] Starting epoch 63...
[MiniBooNE] Elapsed training time:2.41s
[MiniBooNE] Starting validation...
[MiniBooNE] Elapsed validation time:0.24s
[MiniBooNE] [Epoch=063] Train Loss=[QuantLoss=0.10043]Val loss = [QuantLoss=0.04540][QuantReg:0.51608]
[MiniBooNE] Starting epoch 64...
[MiniBooNE] Elapsed training time:2.36s
[MiniBooNE] Starting validation...
[MiniBooNE] Elapsed validation time:0.24s
[MiniBooNE] [Epoch=064] Train Loss=[QuantLoss=0.08377]Val loss = [QuantLoss=0.09086][QuantReg:0.50905]
[MiniBooNE] Starting epoch 65...
[MiniBooNE] Elapsed training time:2.33s
[MiniBooNE] Starting validation...
[MiniBooNE] Elapsed validation time:0.25s
[MiniBooNE] [Epoch=065] Train Loss=[QuantLoss=0.08379]Val loss = [QuantLoss=0.07158][QuantReg:0.50700]
[MiniBooNE] Starting epoch 66...
[MiniBooNE] Elapsed training time:2.33s
[MiniBooNE] Starting validation...
[MiniBooNE] Elapsed validation time:0.25s
[MiniBooNE] [Epoch=066] Train Loss=[QuantLoss=0.09212]Val loss = [QuantLoss=0.07264][QuantReg:0.50541]
[MiniBooNE] Starting epoch 67...
[MiniBooNE] Elapsed training time:2.36s
[MiniBooNE] Starting validation...
[MiniBooNE] Elapsed validation time:0.23s
[MiniBooNE] [Epoch=067] Train Loss=[QuantLoss=0.09374]Val loss = [QuantLoss=0.04868][QuantReg:0.50271]
[MiniBooNE] Starting epoch 68...
[MiniBooNE] Elapsed training time:2.35s
[MiniBooNE] Starting validation...
[MiniBooNE] Elapsed validation time:0.25s
[MiniBooNE] [Epoch=068] Train Loss=[QuantLoss=0.09315]Val loss = [QuantLoss=0.08839][QuantReg:0.50173]
[MiniBooNE] Starting epoch 69...
[MiniBooNE] Elapsed training time:2.35s
[MiniBooNE] Starting validation...
[MiniBooNE] Elapsed validation time:0.23s
[MiniBooNE] [Epoch=069] Train Loss=[QuantLoss=0.08565]Val loss = [QuantLoss=0.06961][QuantReg:0.50493]
[MiniBooNE] Starting epoch 70...
[MiniBooNE] Elapsed training time:2.39s
[MiniBooNE] Starting validation...
[MiniBooNE] Elapsed validation time:0.14s
[MiniBooNE] [Epoch=070] Train Loss=[QuantLoss=0.08172]Val loss = [QuantLoss=0.10515][QuantReg:0.51091]
[MiniBooNE] Starting epoch 71...
[MiniBooNE] Elapsed training time:2.25s
[MiniBooNE] Starting validation...
[MiniBooNE] Elapsed validation time:0.16s
[MiniBooNE] [Epoch=071] Train Loss=[QuantLoss=0.08702]Val loss = [QuantLoss=0.10858][QuantReg:0.51229]
[MiniBooNE] Starting epoch 72...
[MiniBooNE] Elapsed training time:2.27s
[MiniBooNE] Starting validation...
[MiniBooNE] Elapsed validation time:0.14s
[MiniBooNE] [Epoch=072] Train Loss=[QuantLoss=0.08897]Val loss = [QuantLoss=0.03767][QuantReg:0.51159]
[MiniBooNE] Starting epoch 73...
[MiniBooNE] Elapsed training time:2.32s
[MiniBooNE] Starting validation...
[MiniBooNE] Elapsed validation time:0.15s
[MiniBooNE] [Epoch=073] Train Loss=[QuantLoss=0.09328]Val loss = [QuantLoss=0.11554][QuantReg:0.51169]
[MiniBooNE] Starting epoch 74...
[MiniBooNE] Elapsed training time:2.39s
[MiniBooNE] Starting validation...
[MiniBooNE] Elapsed validation time:0.15s
[MiniBooNE] [Epoch=074] Train Loss=[QuantLoss=0.09360]Val loss = [QuantLoss=0.10341][QuantReg:0.50312]
[MiniBooNE] Starting epoch 75...
[MiniBooNE] Elapsed training time:2.30s
[MiniBooNE] Starting validation...
[MiniBooNE] Elapsed validation time:0.16s
[MiniBooNE] [Epoch=075] Train Loss=[QuantLoss=0.09075]Val loss = [QuantLoss=0.04711][QuantReg:0.50303]
[MiniBooNE] Starting epoch 76...
[MiniBooNE] Elapsed training time:2.34s
[MiniBooNE] Starting validation...
[MiniBooNE] Elapsed validation time:0.14s
[MiniBooNE] [Epoch=076] Train Loss=[QuantLoss=0.08890]Val loss = [QuantLoss=0.08029][QuantReg:0.50570]
[MiniBooNE] Starting epoch 77...
[MiniBooNE] Elapsed training time:2.35s
[MiniBooNE] Starting validation...
[MiniBooNE] Elapsed validation time:0.14s
[MiniBooNE] [Epoch=077] Train Loss=[QuantLoss=0.08859]Val loss = [QuantLoss=0.05313][QuantReg:0.50883]
[MiniBooNE] Starting epoch 78...
[MiniBooNE] Elapsed training time:2.37s
[MiniBooNE] Starting validation...
[MiniBooNE] Elapsed validation time:0.14s
[MiniBooNE] [Epoch=078] Train Loss=[QuantLoss=0.08810]Val loss = [QuantLoss=0.04875][QuantReg:0.50178]
[MiniBooNE] Starting epoch 79...
[MiniBooNE] Elapsed training time:2.33s
[MiniBooNE] Starting validation...
[MiniBooNE] Elapsed validation time:0.15s
[MiniBooNE] [Epoch=079] Train Loss=[QuantLoss=0.08960]Val loss = [QuantLoss=0.04790][QuantReg:0.50478]
[MiniBooNE] Starting epoch 80...
[MiniBooNE] Elapsed training time:2.35s
[MiniBooNE] Starting validation...
[MiniBooNE] Elapsed validation time:0.17s
[MiniBooNE] [Epoch=080] Train Loss=[QuantLoss=0.09067]Val loss = [QuantLoss=0.09401][QuantReg:0.50687]
[MiniBooNE] Starting epoch 81...
[MiniBooNE] Elapsed training time:2.41s
[MiniBooNE] Starting validation...
[MiniBooNE] Elapsed validation time:0.14s
[MiniBooNE] [Epoch=081] Train Loss=[QuantLoss=0.09306]Val loss = [QuantLoss=0.05156][QuantReg:0.52157]
[MiniBooNE] Starting epoch 82...
[MiniBooNE] Elapsed training time:2.34s
[MiniBooNE] Starting validation...
[MiniBooNE] Elapsed validation time:0.15s
[MiniBooNE] [Epoch=082] Train Loss=[QuantLoss=0.08776]Val loss = [QuantLoss=0.07316][QuantReg:0.52740]
[MiniBooNE] Starting epoch 83...
[MiniBooNE] Elapsed training time:2.31s
[MiniBooNE] Starting validation...
[MiniBooNE] Elapsed validation time:0.15s
[MiniBooNE] [Epoch=083] Train Loss=[QuantLoss=0.08751]Val loss = [QuantLoss=0.04752][QuantReg:0.52224]
[MiniBooNE] Starting epoch 84...
[MiniBooNE] Elapsed training time:2.36s
[MiniBooNE] Starting validation...
[MiniBooNE] Elapsed validation time:0.16s
[MiniBooNE] [Epoch=084] Train Loss=[QuantLoss=0.08406]Val loss = [QuantLoss=0.06635][QuantReg:0.51914]
[MiniBooNE] Starting epoch 85...
[MiniBooNE] Elapsed training time:2.30s
[MiniBooNE] Starting validation...
[MiniBooNE] Elapsed validation time:0.14s
[MiniBooNE] [Epoch=085] Train Loss=[QuantLoss=0.08920]Val loss = [QuantLoss=0.03899][QuantReg:0.51815]
[MiniBooNE] Starting epoch 86...
[MiniBooNE] Elapsed training time:2.37s
[MiniBooNE] Starting validation...
[MiniBooNE] Elapsed validation time:0.14s
[MiniBooNE] [Epoch=086] Train Loss=[QuantLoss=0.08258]Val loss = [QuantLoss=0.06739][QuantReg:0.52337]
[MiniBooNE] Starting epoch 87...
[MiniBooNE] Elapsed training time:2.32s
[MiniBooNE] Starting validation...
[MiniBooNE] Elapsed validation time:0.16s
[MiniBooNE] [Epoch=087] Train Loss=[QuantLoss=0.08849]Val loss = [QuantLoss=0.07830][QuantReg:0.51795]
[MiniBooNE] Starting epoch 88...
[MiniBooNE] Elapsed training time:2.25s
[MiniBooNE] Starting validation...
[MiniBooNE] Elapsed validation time:0.14s
[MiniBooNE] [Epoch=088] Train Loss=[QuantLoss=0.09120]Val loss = [QuantLoss=0.05500][QuantReg:0.51630]
[MiniBooNE] Starting epoch 89...
[MiniBooNE] Elapsed training time:2.35s
[MiniBooNE] Starting validation...
[MiniBooNE] Elapsed validation time:0.15s
[MiniBooNE] [Epoch=089] Train Loss=[QuantLoss=0.08582]Val loss = [QuantLoss=0.06348][QuantReg:0.51957]
[MiniBooNE] Starting epoch 90...
[MiniBooNE] Elapsed training time:2.35s
[MiniBooNE] Starting validation...
[MiniBooNE] Elapsed validation time:0.14s
[MiniBooNE] [Epoch=090] Train Loss=[QuantLoss=0.08708]Val loss = [QuantLoss=0.05034][QuantReg:0.51979]
[MiniBooNE] Starting epoch 91...
[MiniBooNE] Elapsed training time:2.37s
[MiniBooNE] Starting validation...
[MiniBooNE] Elapsed validation time:0.14s
[MiniBooNE] [Epoch=091] Train Loss=[QuantLoss=0.08114]Val loss = [QuantLoss=0.05707][QuantReg:0.52081]
[MiniBooNE] Starting epoch 92...
[MiniBooNE] Elapsed training time:2.30s
[MiniBooNE] Starting validation...
[MiniBooNE] Elapsed validation time:0.17s
[MiniBooNE] [Epoch=092] Train Loss=[QuantLoss=0.08475]Val loss = [QuantLoss=0.10022][QuantReg:0.51602]
[MiniBooNE] Starting epoch 93...
[MiniBooNE] Elapsed training time:2.36s
[MiniBooNE] Starting validation...
[MiniBooNE] Elapsed validation time:0.16s
[MiniBooNE] [Epoch=093] Train Loss=[QuantLoss=0.08583]Val loss = [QuantLoss=0.04695][QuantReg:0.52466]
[MiniBooNE] Starting epoch 94...
[MiniBooNE] Elapsed training time:2.35s
[MiniBooNE] Starting validation...
[MiniBooNE] Elapsed validation time:0.14s
[MiniBooNE] [Epoch=094] Train Loss=[QuantLoss=0.09083]Val loss = [QuantLoss=0.06189][QuantReg:0.52207]
[MiniBooNE] Starting epoch 95...
[MiniBooNE] Elapsed training time:2.39s
[MiniBooNE] Starting validation...
[MiniBooNE] Elapsed validation time:0.23s
[MiniBooNE] [Epoch=095] Train Loss=[QuantLoss=0.08643]Val loss = [QuantLoss=0.05073][QuantReg:0.52576]
[MiniBooNE] Starting epoch 96...
[MiniBooNE] Elapsed training time:2.38s
[MiniBooNE] Starting validation...
[MiniBooNE] Elapsed validation time:0.23s
[MiniBooNE] [Epoch=096] Train Loss=[QuantLoss=0.08646]Val loss = [QuantLoss=0.07740][QuantReg:0.52453]
[MiniBooNE] Starting epoch 97...
[MiniBooNE] Elapsed training time:2.38s
[MiniBooNE] Starting validation...
[MiniBooNE] Elapsed validation time:0.23s
[MiniBooNE] [Epoch=097] Train Loss=[QuantLoss=0.08525]Val loss = [QuantLoss=0.06250][QuantReg:0.52620]
[MiniBooNE] Starting epoch 98...
[MiniBooNE] Elapsed training time:2.43s
[MiniBooNE] Starting validation...
[MiniBooNE] Elapsed validation time:0.25s
[MiniBooNE] [Epoch=098] Train Loss=[QuantLoss=0.08272]Val loss = [QuantLoss=0.05457][QuantReg:0.52586]
[MiniBooNE] Starting epoch 99...
[MiniBooNE] Elapsed training time:2.42s
[MiniBooNE] Starting validation...
[MiniBooNE] Elapsed validation time:0.23s
[MiniBooNE] [Epoch=099] Train Loss=[QuantLoss=0.08214]Val loss = [QuantLoss=0.05555][QuantReg:0.52526]
[MiniBooNE] Starting epoch 100...
[MiniBooNE] Elapsed training time:2.41s
[MiniBooNE] Starting validation...
[MiniBooNE] Elapsed validation time:0.23s
[MiniBooNE] [Epoch=100] Train Loss=[QuantLoss=0.08015]Val loss = [QuantLoss=0.05609][QuantReg:0.52643]
[MiniBooNE] Starting epoch 101...
[MiniBooNE] Elapsed training time:2.35s
[MiniBooNE] Starting validation...
[MiniBooNE] Elapsed validation time:0.24s
[MiniBooNE] [Epoch=101] Train Loss=[QuantLoss=0.08089]Val loss = [QuantLoss=0.05346][QuantReg:0.52547]
[MiniBooNE] Starting epoch 102...
[MiniBooNE] Elapsed training time:2.41s
[MiniBooNE] Starting validation...
[MiniBooNE] Elapsed validation time:0.23s
[MiniBooNE] [Epoch=102] Train Loss=[QuantLoss=0.08085]Val loss = [QuantLoss=0.05765][QuantReg:0.52794]
[MiniBooNE] Starting epoch 103...
[MiniBooNE] Elapsed training time:2.34s
[MiniBooNE] Starting validation...
[MiniBooNE] Elapsed validation time:0.24s
[MiniBooNE] [Epoch=103] Train Loss=[QuantLoss=0.08310]Val loss = [QuantLoss=0.05397][QuantReg:0.52858]
[MiniBooNE] Starting epoch 104...
[MiniBooNE] Elapsed training time:2.35s
[MiniBooNE] Starting validation...
[MiniBooNE] Elapsed validation time:0.23s
[MiniBooNE] [Epoch=104] Train Loss=[QuantLoss=0.08155]Val loss = [QuantLoss=0.06281][QuantReg:0.52659]
[MiniBooNE] Starting epoch 105...
[MiniBooNE] Elapsed training time:2.38s
[MiniBooNE] Starting validation...
[MiniBooNE] Elapsed validation time:0.22s
[MiniBooNE] [Epoch=105] Train Loss=[QuantLoss=0.08284]Val loss = [QuantLoss=0.04641][QuantReg:0.52859]
[MiniBooNE] Starting epoch 106...
[MiniBooNE] Elapsed training time:2.35s
[MiniBooNE] Starting validation...
[MiniBooNE] Elapsed validation time:0.24s
[MiniBooNE] [Epoch=106] Train Loss=[QuantLoss=0.07782]Val loss = [QuantLoss=0.06045][QuantReg:0.52816]
[MiniBooNE] Starting epoch 107...
[MiniBooNE] Elapsed training time:2.40s
[MiniBooNE] Starting validation...
[MiniBooNE] Elapsed validation time:0.24s
[MiniBooNE] [Epoch=107] Train Loss=[QuantLoss=0.08227]Val loss = [QuantLoss=0.06291][QuantReg:0.52844]
[MiniBooNE] Starting epoch 108...
[MiniBooNE] Elapsed training time:2.37s
[MiniBooNE] Starting validation...
[MiniBooNE] Elapsed validation time:0.23s
[MiniBooNE] [Epoch=108] Train Loss=[QuantLoss=0.08392]Val loss = [QuantLoss=0.04595][QuantReg:0.52753]
[MiniBooNE] Starting epoch 109...
[MiniBooNE] Elapsed training time:2.41s
[MiniBooNE] Starting validation...
[MiniBooNE] Elapsed validation time:0.23s
[MiniBooNE] [Epoch=109] Train Loss=[QuantLoss=0.08244]Val loss = [QuantLoss=0.06094][QuantReg:0.53191]
[MiniBooNE] Starting epoch 110...
[MiniBooNE] Elapsed training time:2.43s
[MiniBooNE] Starting validation...
[MiniBooNE] Elapsed validation time:0.23s
[MiniBooNE] [Epoch=110] Train Loss=[QuantLoss=0.08062]Val loss = [QuantLoss=0.05239][QuantReg:0.53065]
[MiniBooNE] Starting epoch 111...
[MiniBooNE] Elapsed training time:2.41s
[MiniBooNE] Starting validation...
[MiniBooNE] Elapsed validation time:0.22s
[MiniBooNE] [Epoch=111] Train Loss=[QuantLoss=0.08040]Val loss = [QuantLoss=0.05519][QuantReg:0.53138]
[MiniBooNE] Starting epoch 112...
[MiniBooNE] Elapsed training time:2.35s
[MiniBooNE] Starting validation...
[MiniBooNE] Elapsed validation time:0.23s
[MiniBooNE] [Epoch=112] Train Loss=[QuantLoss=0.07975]Val loss = [QuantLoss=0.05480][QuantReg:0.53397]
[MiniBooNE] Starting epoch 113...
[MiniBooNE] Elapsed training time:2.42s
[MiniBooNE] Starting validation...
[MiniBooNE] Elapsed validation time:0.23s
[MiniBooNE] [Epoch=113] Train Loss=[QuantLoss=0.08105]Val loss = [QuantLoss=0.06087][QuantReg:0.53528]
[MiniBooNE] Starting epoch 114...
[MiniBooNE] Elapsed training time:2.36s
[MiniBooNE] Starting validation...
[MiniBooNE] Elapsed validation time:0.26s
[MiniBooNE] [Epoch=114] Train Loss=[QuantLoss=0.08063]Val loss = [QuantLoss=0.04938][QuantReg:0.53289]
[MiniBooNE] Starting epoch 115...
[MiniBooNE] Elapsed training time:2.43s
[MiniBooNE] Starting validation...
[MiniBooNE] Elapsed validation time:0.24s
[MiniBooNE] [Epoch=115] Train Loss=[QuantLoss=0.08012]Val loss = [QuantLoss=0.04593][QuantReg:0.53385]
[MiniBooNE] Starting epoch 116...
[MiniBooNE] Elapsed training time:2.38s
[MiniBooNE] Starting validation...
[MiniBooNE] Elapsed validation time:0.23s
[MiniBooNE] [Epoch=116] Train Loss=[QuantLoss=0.08361]Val loss = [QuantLoss=0.04901][QuantReg:0.53043]
[MiniBooNE] Starting epoch 117...
[MiniBooNE] Elapsed training time:2.41s
[MiniBooNE] Starting validation...
[MiniBooNE] Elapsed validation time:0.23s
[MiniBooNE] [Epoch=117] Train Loss=[QuantLoss=0.08171]Val loss = [QuantLoss=0.05481][QuantReg:0.52996]
[MiniBooNE] Starting epoch 118...
[MiniBooNE] Elapsed training time:2.41s
[MiniBooNE] Starting validation...
[MiniBooNE] Elapsed validation time:0.23s
[MiniBooNE] [Epoch=118] Train Loss=[QuantLoss=0.08289]Val loss = [QuantLoss=0.04960][QuantReg:0.53249]
[MiniBooNE] Starting epoch 119...
[MiniBooNE] Elapsed training time:2.44s
[MiniBooNE] Starting validation...
[MiniBooNE] Elapsed validation time:0.23s
[MiniBooNE] [Epoch=119] Train Loss=[QuantLoss=0.07917]Val loss = [QuantLoss=0.05887][QuantReg:0.53163]
[MiniBooNE] Starting epoch 120...
[MiniBooNE] Elapsed training time:2.36s
[MiniBooNE] Starting validation...
[MiniBooNE] Elapsed validation time:0.24s
[MiniBooNE] [Epoch=120] Train Loss=[QuantLoss=0.07747]Val loss = [QuantLoss=0.04411][QuantReg:0.53428]
[MiniBooNE] Starting epoch 121...
[MiniBooNE] Elapsed training time:2.40s
[MiniBooNE] Starting validation...
[MiniBooNE] Elapsed validation time:0.24s
[MiniBooNE] [Epoch=121] Train Loss=[QuantLoss=0.08074]Val loss = [QuantLoss=0.06203][QuantReg:0.53701]
[MiniBooNE] Starting epoch 122...
[MiniBooNE] Elapsed training time:2.41s
[MiniBooNE] Starting validation...
[MiniBooNE] Elapsed validation time:0.15s
[MiniBooNE] [Epoch=122] Train Loss=[QuantLoss=0.07980]Val loss = [QuantLoss=0.05336][QuantReg:0.53626]
[MiniBooNE] Starting epoch 123...
[MiniBooNE] Elapsed training time:2.29s
[MiniBooNE] Starting validation...
[MiniBooNE] Elapsed validation time:0.14s
[MiniBooNE] [Epoch=123] Train Loss=[QuantLoss=0.08116]Val loss = [QuantLoss=0.04928][QuantReg:0.53454]
[MiniBooNE] Starting epoch 124...
[MiniBooNE] Elapsed training time:2.31s
[MiniBooNE] Starting validation...
[MiniBooNE] Elapsed validation time:0.14s
[MiniBooNE] [Epoch=124] Train Loss=[QuantLoss=0.07858]Val loss = [QuantLoss=0.05322][QuantReg:0.53532]
[MiniBooNE] Starting epoch 125...
[MiniBooNE] Elapsed training time:2.29s
[MiniBooNE] Starting validation...
[MiniBooNE] Elapsed validation time:0.13s
[MiniBooNE] [Epoch=125] Train Loss=[QuantLoss=0.07674]Val loss = [QuantLoss=0.05485][QuantReg:0.53541]
[MiniBooNE] Starting epoch 126...
[MiniBooNE] Elapsed training time:2.27s
[MiniBooNE] Starting validation...
[MiniBooNE] Elapsed validation time:0.14s
[MiniBooNE] [Epoch=126] Train Loss=[QuantLoss=0.08008]Val loss = [QuantLoss=0.05874][QuantReg:0.53503]
[MiniBooNE] Starting epoch 127...
[MiniBooNE] Elapsed training time:2.29s
[MiniBooNE] Starting validation...
[MiniBooNE] Elapsed validation time:0.16s
[MiniBooNE] [Epoch=127] Train Loss=[QuantLoss=0.07779]Val loss = [QuantLoss=0.04989][QuantReg:0.53525]
[MiniBooNE] Starting epoch 128...
[MiniBooNE] Elapsed training time:2.31s
[MiniBooNE] Starting validation...
[MiniBooNE] Elapsed validation time:0.15s
[MiniBooNE] [Epoch=128] Train Loss=[QuantLoss=0.07660]Val loss = [QuantLoss=0.05256][QuantReg:0.53630]
[MiniBooNE] Starting epoch 129...
[MiniBooNE] Elapsed training time:2.34s
[MiniBooNE] Starting validation...
[MiniBooNE] Elapsed validation time:0.15s
[MiniBooNE] [Epoch=129] Train Loss=[QuantLoss=0.07912]Val loss = [QuantLoss=0.04872][QuantReg:0.54079]
[MiniBooNE] Starting epoch 130...
[MiniBooNE] Elapsed training time:2.34s
[MiniBooNE] Starting validation...
[MiniBooNE] Elapsed validation time:0.15s
[MiniBooNE] [Epoch=130] Train Loss=[QuantLoss=0.08056]Val loss = [QuantLoss=0.06389][QuantReg:0.54323]
[MiniBooNE] Starting epoch 131...
[MiniBooNE] Elapsed training time:2.32s
[MiniBooNE] Starting validation...
[MiniBooNE] Elapsed validation time:0.16s
[MiniBooNE] [Epoch=131] Train Loss=[QuantLoss=0.07801]Val loss = [QuantLoss=0.04490][QuantReg:0.54195]
[MiniBooNE] Starting epoch 132...
[MiniBooNE] Elapsed training time:2.32s
[MiniBooNE] Starting validation...
[MiniBooNE] Elapsed validation time:0.14s
[MiniBooNE] [Epoch=132] Train Loss=[QuantLoss=0.07910]Val loss = [QuantLoss=0.05812][QuantReg:0.54286]
[MiniBooNE] Starting epoch 133...
[MiniBooNE] Elapsed training time:2.32s
[MiniBooNE] Starting validation...
[MiniBooNE] Elapsed validation time:0.14s
[MiniBooNE] [Epoch=133] Train Loss=[QuantLoss=0.07526]Val loss = [QuantLoss=0.05928][QuantReg:0.54007]
[MiniBooNE] Starting epoch 134...
[MiniBooNE] Elapsed training time:2.38s
[MiniBooNE] Starting validation...
[MiniBooNE] Elapsed validation time:0.15s
[MiniBooNE] [Epoch=134] Train Loss=[QuantLoss=0.07909]Val loss = [QuantLoss=0.05536][QuantReg:0.54243]
[MiniBooNE] Starting epoch 135...
[MiniBooNE] Elapsed training time:2.36s
[MiniBooNE] Starting validation...
[MiniBooNE] Elapsed validation time:0.15s
[MiniBooNE] [Epoch=135] Train Loss=[QuantLoss=0.07453]Val loss = [QuantLoss=0.05300][QuantReg:0.54371]
[MiniBooNE] Starting epoch 136...
[MiniBooNE] Elapsed training time:2.36s
[MiniBooNE] Starting validation...
[MiniBooNE] Elapsed validation time:0.14s
[MiniBooNE] [Epoch=136] Train Loss=[QuantLoss=0.07720]Val loss = [QuantLoss=0.06079][QuantReg:0.54503]
[MiniBooNE] Starting epoch 137...
[MiniBooNE] Elapsed training time:2.35s
[MiniBooNE] Starting validation...
[MiniBooNE] Elapsed validation time:0.14s
[MiniBooNE] [Epoch=137] Train Loss=[QuantLoss=0.07889]Val loss = [QuantLoss=0.05745][QuantReg:0.54380]
[MiniBooNE] Starting epoch 138...
[MiniBooNE] Elapsed training time:2.31s
[MiniBooNE] Starting validation...
[MiniBooNE] Elapsed validation time:0.15s
[MiniBooNE] [Epoch=138] Train Loss=[QuantLoss=0.07656]Val loss = [QuantLoss=0.05655][QuantReg:0.54505]
[MiniBooNE] Starting epoch 139...
[MiniBooNE] Elapsed training time:2.30s
[MiniBooNE] Starting validation...
[MiniBooNE] Elapsed validation time:0.14s
[MiniBooNE] [Epoch=139] Train Loss=[QuantLoss=0.07546]Val loss = [QuantLoss=0.06153][QuantReg:0.54628]
[MiniBooNE] Starting epoch 140...
[MiniBooNE] Elapsed training time:2.29s
[MiniBooNE] Starting validation...
[MiniBooNE] Elapsed validation time:0.15s
[MiniBooNE] [Epoch=140] Train Loss=[QuantLoss=0.07666]Val loss = [QuantLoss=0.06270][QuantReg:0.54716]
[MiniBooNE] Starting epoch 141...
[MiniBooNE] Elapsed training time:2.31s
[MiniBooNE] Starting validation...
[MiniBooNE] Elapsed validation time:0.14s
[MiniBooNE] [Epoch=141] Train Loss=[QuantLoss=0.07574]Val loss = [QuantLoss=0.05255][QuantReg:0.54700]
[MiniBooNE] Starting epoch 142...
[MiniBooNE] Elapsed training time:2.31s
[MiniBooNE] Starting validation...
[MiniBooNE] Elapsed validation time:0.16s
[MiniBooNE] [Epoch=142] Train Loss=[QuantLoss=0.07550]Val loss = [QuantLoss=0.05599][QuantReg:0.54739]
[MiniBooNE] Starting epoch 143...
[MiniBooNE] Elapsed training time:2.32s
[MiniBooNE] Starting validation...
[MiniBooNE] Elapsed validation time:0.23s
[MiniBooNE] [Epoch=143] Train Loss=[QuantLoss=0.07643]Val loss = [QuantLoss=0.04970][QuantReg:0.54667]
[MiniBooNE] Starting epoch 144...
[MiniBooNE] Elapsed training time:2.32s
[MiniBooNE] Starting validation...
[MiniBooNE] Elapsed validation time:0.15s
[MiniBooNE] [Epoch=144] Train Loss=[QuantLoss=0.07452]Val loss = [QuantLoss=0.05251][QuantReg:0.54761]
[MiniBooNE] Starting epoch 145...
[MiniBooNE] Elapsed training time:2.32s
[MiniBooNE] Starting validation...
[MiniBooNE] Elapsed validation time:0.23s
[MiniBooNE] [Epoch=145] Train Loss=[QuantLoss=0.07739]Val loss = [QuantLoss=0.05190][QuantReg:0.55039]
[MiniBooNE] Starting epoch 146...
[MiniBooNE] Elapsed training time:2.39s
[MiniBooNE] Starting validation...
[MiniBooNE] Elapsed validation time:0.24s
[MiniBooNE] [Epoch=146] Train Loss=[QuantLoss=0.07880]Val loss = [QuantLoss=0.06452][QuantReg:0.55116]
[MiniBooNE] Starting epoch 147...
[MiniBooNE] Elapsed training time:2.38s
[MiniBooNE] Starting validation...
[MiniBooNE] Elapsed validation time:0.24s
[MiniBooNE] [Epoch=147] Train Loss=[QuantLoss=0.07691]Val loss = [QuantLoss=0.06032][QuantReg:0.55036]
[MiniBooNE] Starting epoch 148...
[MiniBooNE] Elapsed training time:2.40s
[MiniBooNE] Starting validation...
[MiniBooNE] Elapsed validation time:0.24s
[MiniBooNE] [Epoch=148] Train Loss=[QuantLoss=0.07639]Val loss = [QuantLoss=0.05452][QuantReg:0.55057]
[MiniBooNE] Starting epoch 149...
[MiniBooNE] Elapsed training time:2.37s
[MiniBooNE] Starting validation...
[MiniBooNE] Elapsed validation time:0.24s
[MiniBooNE] [Epoch=149] Train Loss=[QuantLoss=0.07613]Val loss = [QuantLoss=0.05051][QuantReg:0.55223]
[MiniBooNE] Starting epoch 150...
[MiniBooNE] Elapsed training time:2.37s
[MiniBooNE] Starting validation...
[MiniBooNE] Elapsed validation time:0.23s
[MiniBooNE] [Epoch=150] Train Loss=[QuantLoss=0.07675]Val loss = [QuantLoss=0.06621][QuantReg:0.55091]
[MiniBooNE] Starting epoch 151...
[MiniBooNE] Elapsed training time:2.37s
[MiniBooNE] Starting validation...
[MiniBooNE] Elapsed validation time:0.23s
[MiniBooNE] [Epoch=151] Train Loss=[QuantLoss=0.07858]Val loss = [QuantLoss=0.04192][QuantReg:0.54968]
[MiniBooNE] Starting epoch 152...
[MiniBooNE] Elapsed training time:2.36s
[MiniBooNE] Starting validation...
[MiniBooNE] Elapsed validation time:0.22s
[MiniBooNE] [Epoch=152] Train Loss=[QuantLoss=0.07375]Val loss = [QuantLoss=0.05491][QuantReg:0.55038]
[MiniBooNE] Starting epoch 153...
[MiniBooNE] Elapsed training time:2.39s
[MiniBooNE] Starting validation...
[MiniBooNE] Elapsed validation time:0.25s
[MiniBooNE] [Epoch=153] Train Loss=[QuantLoss=0.07796]Val loss = [QuantLoss=0.05524][QuantReg:0.55176]
[MiniBooNE] Starting epoch 154...
[MiniBooNE] Elapsed training time:2.34s
[MiniBooNE] Starting validation...
[MiniBooNE] Elapsed validation time:0.23s
[MiniBooNE] [Epoch=154] Train Loss=[QuantLoss=0.07559]Val loss = [QuantLoss=0.06621][QuantReg:0.55555]
[MiniBooNE] Starting epoch 155...
[MiniBooNE] Elapsed training time:2.39s
[MiniBooNE] Starting validation...
[MiniBooNE] Elapsed validation time:0.23s
[MiniBooNE] [Epoch=155] Train Loss=[QuantLoss=0.07857]Val loss = [QuantLoss=0.05898][QuantReg:0.55236]
[MiniBooNE] Starting epoch 156...
[MiniBooNE] Elapsed training time:2.38s
[MiniBooNE] Starting validation...
[MiniBooNE] Elapsed validation time:0.23s
[MiniBooNE] [Epoch=156] Train Loss=[QuantLoss=0.07730]Val loss = [QuantLoss=0.04883][QuantReg:0.55262]
[MiniBooNE] Starting epoch 157...
[MiniBooNE] Elapsed training time:2.35s
[MiniBooNE] Starting validation...
[MiniBooNE] Elapsed validation time:0.23s
[MiniBooNE] [Epoch=157] Train Loss=[QuantLoss=0.07550]Val loss = [QuantLoss=0.05484][QuantReg:0.55174]
[MiniBooNE] Starting epoch 158...
[MiniBooNE] Elapsed training time:2.40s
[MiniBooNE] Starting validation...
[MiniBooNE] Elapsed validation time:0.22s
[MiniBooNE] [Epoch=158] Train Loss=[QuantLoss=0.07779]Val loss = [QuantLoss=0.06560][QuantReg:0.55191]
[MiniBooNE] Starting epoch 159...
[MiniBooNE] Elapsed training time:2.37s
[MiniBooNE] Starting validation...
[MiniBooNE] Elapsed validation time:0.24s
[MiniBooNE] [Epoch=159] Train Loss=[QuantLoss=0.07716]Val loss = [QuantLoss=0.06273][QuantReg:0.55331]
[MiniBooNE] Starting epoch 160...
[MiniBooNE] Elapsed training time:2.42s
[MiniBooNE] Starting validation...
[MiniBooNE] Elapsed validation time:0.24s
[MiniBooNE] [Epoch=160] Train Loss=[QuantLoss=0.07830]Val loss = [QuantLoss=0.05080][QuantReg:0.55284]
[MiniBooNE] Starting epoch 161...
[MiniBooNE] Elapsed training time:2.37s
[MiniBooNE] Starting validation...
[MiniBooNE] Elapsed validation time:0.23s
[MiniBooNE] [Epoch=161] Train Loss=[QuantLoss=0.07490]Val loss = [QuantLoss=0.05048][QuantReg:0.54993]
[MiniBooNE] Starting epoch 162...
[MiniBooNE] Elapsed training time:2.34s
[MiniBooNE] Starting validation...
[MiniBooNE] Elapsed validation time:0.24s
[MiniBooNE] [Epoch=162] Train Loss=[QuantLoss=0.07573]Val loss = [QuantLoss=0.04181][QuantReg:0.55517]
[MiniBooNE] Starting epoch 163...
[MiniBooNE] Elapsed training time:2.42s
[MiniBooNE] Starting validation...
[MiniBooNE] Elapsed validation time:0.24s
[MiniBooNE] [Epoch=163] Train Loss=[QuantLoss=0.07467]Val loss = [QuantLoss=0.06072][QuantReg:0.55550]
[MiniBooNE] Starting epoch 164...
[MiniBooNE] Elapsed training time:2.37s
[MiniBooNE] Starting validation...
[MiniBooNE] Elapsed validation time:0.24s
[MiniBooNE] [Epoch=164] Train Loss=[QuantLoss=0.07493]Val loss = [QuantLoss=0.05406][QuantReg:0.55500]
[MiniBooNE] Starting epoch 165...
[MiniBooNE] Elapsed training time:2.36s
[MiniBooNE] Starting validation...
[MiniBooNE] Elapsed validation time:0.25s
[MiniBooNE] [Epoch=165] Train Loss=[QuantLoss=0.07407]Val loss = [QuantLoss=0.05853][QuantReg:0.55411]
[MiniBooNE] Starting epoch 166...
[MiniBooNE] Elapsed training time:2.39s
[MiniBooNE] Starting validation...
[MiniBooNE] Elapsed validation time:0.23s
[MiniBooNE] [Epoch=166] Train Loss=[QuantLoss=0.07611]Val loss = [QuantLoss=0.05314][QuantReg:0.55538]
[MiniBooNE] Starting epoch 167...
[MiniBooNE] Elapsed training time:2.34s
[MiniBooNE] Starting validation...
[MiniBooNE] Elapsed validation time:0.23s
[MiniBooNE] [Epoch=167] Train Loss=[QuantLoss=0.07489]Val loss = [QuantLoss=0.05025][QuantReg:0.55636]
[MiniBooNE] Starting epoch 168...
[MiniBooNE] Elapsed training time:2.33s
[MiniBooNE] Starting validation...
[MiniBooNE] Elapsed validation time:0.24s
[MiniBooNE] [Epoch=168] Train Loss=[QuantLoss=0.07480]Val loss = [QuantLoss=0.06915][QuantReg:0.55692]
[MiniBooNE] Starting epoch 169...
[MiniBooNE] Elapsed training time:2.37s
[MiniBooNE] Starting validation...
[MiniBooNE] Elapsed validation time:0.24s
[MiniBooNE] [Epoch=169] Train Loss=[QuantLoss=0.07412]Val loss = [QuantLoss=0.05964][QuantReg:0.55843]
[MiniBooNE] Starting epoch 170...
[MiniBooNE] Elapsed training time:2.37s
[MiniBooNE] Starting validation...
[MiniBooNE] Elapsed validation time:0.23s
[MiniBooNE] [Epoch=170] Train Loss=[QuantLoss=0.07613]Val loss = [QuantLoss=0.05776][QuantReg:0.55708]
[MiniBooNE] Starting epoch 171...
[MiniBooNE] Elapsed training time:2.49s
[MiniBooNE] Starting validation...
[MiniBooNE] Elapsed validation time:0.15s
[MiniBooNE] [Epoch=171] Train Loss=[QuantLoss=0.07546]Val loss = [QuantLoss=0.05479][QuantReg:0.55649]
[MiniBooNE] Starting epoch 172...
[MiniBooNE] Elapsed training time:2.37s
[MiniBooNE] Starting validation...
[MiniBooNE] Elapsed validation time:0.14s
[MiniBooNE] [Epoch=172] Train Loss=[QuantLoss=0.07550]Val loss = [QuantLoss=0.05917][QuantReg:0.55432]
[MiniBooNE] Starting epoch 173...
[MiniBooNE] Elapsed training time:2.33s
[MiniBooNE] Starting validation...
[MiniBooNE] Elapsed validation time:0.14s
[MiniBooNE] [Epoch=173] Train Loss=[QuantLoss=0.07367]Val loss = [QuantLoss=0.05470][QuantReg:0.55776]
[MiniBooNE] Starting epoch 174...
[MiniBooNE] Elapsed training time:2.33s
[MiniBooNE] Starting validation...
[MiniBooNE] Elapsed validation time:0.14s
[MiniBooNE] [Epoch=174] Train Loss=[QuantLoss=0.07599]Val loss = [QuantLoss=0.06434][QuantReg:0.55705]
[MiniBooNE] Starting epoch 175...
[MiniBooNE] Elapsed training time:2.30s
[MiniBooNE] Starting validation...
[MiniBooNE] Elapsed validation time:0.15s
[MiniBooNE] [Epoch=175] Train Loss=[QuantLoss=0.07418]Val loss = [QuantLoss=0.06285][QuantReg:0.55762]
[MiniBooNE] Starting epoch 176...
[MiniBooNE] Elapsed training time:2.32s
[MiniBooNE] Starting validation...
[MiniBooNE] Elapsed validation time:0.14s
[MiniBooNE] [Epoch=176] Train Loss=[QuantLoss=0.07462]Val loss = [QuantLoss=0.05500][QuantReg:0.55715]
[MiniBooNE] Starting epoch 177...
[MiniBooNE] Elapsed training time:2.33s
[MiniBooNE] Starting validation...
[MiniBooNE] Elapsed validation time:0.16s
[MiniBooNE] [Epoch=177] Train Loss=[QuantLoss=0.07435]Val loss = [QuantLoss=0.05138][QuantReg:0.55548]
[MiniBooNE] Starting epoch 178...
[MiniBooNE] Elapsed training time:2.39s
[MiniBooNE] Starting validation...
[MiniBooNE] Elapsed validation time:0.14s
[MiniBooNE] [Epoch=178] Train Loss=[QuantLoss=0.07441]Val loss = [QuantLoss=0.05858][QuantReg:0.55761]
[MiniBooNE] Starting epoch 179...
[MiniBooNE] Elapsed training time:2.31s
[MiniBooNE] Starting validation...
[MiniBooNE] Elapsed validation time:0.14s
[MiniBooNE] [Epoch=179] Train Loss=[QuantLoss=0.07479]Val loss = [QuantLoss=0.05305][QuantReg:0.55783]
[MiniBooNE] Starting epoch 180...
[MiniBooNE] Elapsed training time:2.35s
[MiniBooNE] Starting validation...
[MiniBooNE] Elapsed validation time:0.16s
[MiniBooNE] [Epoch=180] Train Loss=[QuantLoss=0.07516]Val loss = [QuantLoss=0.05856][QuantReg:0.55797]
[MiniBooNE] Early stopping in epoch 180!
[MiniBooNE] Restoring best model...
MAE médio por bag: 0.0332 ± 0.0309
Resultados, incluindo predições, salvos em: resultados_miniboone/resultados_miniboone_kl_easiest_5.csv
