Dataset: miniboone
Dificuldade: metric=l1, mode=hardest, top_k=None
Rodada: 5
Salvar resultados em: resultados_miniboone
Dispositivo de treino: cpu
Baixando e preparando o dataset MiniBooNE...
Dataset MiniBooNE pronto.
Ignoring val_split as train and val datasets where given to fit function
We have two datasets: training 155457 examples. validation 25900 examples.]
Using device cpu
[MiniBooNE] Starting epoch 0...
[MiniBooNE] Elapsed training time:2.34s
[MiniBooNE] Starting validation...
[MiniBooNE] Elapsed validation time:0.23s
[MiniBooNE] [Epoch=000] Train Loss=[QuantLoss=0.11845]Val loss = [QuantLoss=0.20173][QuantReg:0.66898][saved best model in this epoch]
[MiniBooNE] Starting epoch 1...
[MiniBooNE] Elapsed training time:2.37s
[MiniBooNE] Starting validation...
[MiniBooNE] Elapsed validation time:0.24s
[MiniBooNE] [Epoch=001] Train Loss=[QuantLoss=0.07224]Val loss = [QuantLoss=0.28183][QuantReg:0.73165]
[MiniBooNE] Starting epoch 2...
[MiniBooNE] Elapsed training time:2.37s
[MiniBooNE] Starting validation...
[MiniBooNE] Elapsed validation time:0.24s
[MiniBooNE] [Epoch=002] Train Loss=[QuantLoss=0.12830]Val loss = [QuantLoss=0.14929][QuantReg:0.71446][saved best model in this epoch]
[MiniBooNE] Starting epoch 3...
[MiniBooNE] Elapsed training time:2.36s
[MiniBooNE] Starting validation...
[MiniBooNE] Elapsed validation time:0.24s
[MiniBooNE] [Epoch=003] Train Loss=[QuantLoss=0.09227]Val loss = [QuantLoss=0.17881][QuantReg:0.73348]
[MiniBooNE] Starting epoch 4...
[MiniBooNE] Elapsed training time:2.33s
[MiniBooNE] Starting validation...
[MiniBooNE] Elapsed validation time:0.23s
[MiniBooNE] [Epoch=004] Train Loss=[QuantLoss=0.10154]Val loss = [QuantLoss=0.21888][QuantReg:0.74502]
[MiniBooNE] Starting epoch 5...
[MiniBooNE] Elapsed training time:2.47s
[MiniBooNE] Starting validation...
[MiniBooNE] Elapsed validation time:0.16s
[MiniBooNE] [Epoch=005] Train Loss=[QuantLoss=0.10295]Val loss = [QuantLoss=0.14165][QuantReg:0.76223][saved best model in this epoch]
[MiniBooNE] Starting epoch 6...
[MiniBooNE] Elapsed training time:2.29s
[MiniBooNE] Starting validation...
[MiniBooNE] Elapsed validation time:0.16s
[MiniBooNE] [Epoch=006] Train Loss=[QuantLoss=0.11618]Val loss = [QuantLoss=0.17792][QuantReg:0.77380]
[MiniBooNE] Starting epoch 7...
[MiniBooNE] Elapsed training time:2.23s
[MiniBooNE] Starting validation...
[MiniBooNE] Elapsed validation time:0.15s
[MiniBooNE] [Epoch=007] Train Loss=[QuantLoss=0.12490]Val loss = [QuantLoss=0.13378][QuantReg:0.76141][saved best model in this epoch]
[MiniBooNE] Starting epoch 8...
[MiniBooNE] Elapsed training time:2.25s
[MiniBooNE] Starting validation...
[MiniBooNE] Elapsed validation time:0.15s
[MiniBooNE] [Epoch=008] Train Loss=[QuantLoss=0.12044]Val loss = [QuantLoss=0.19341][QuantReg:0.74516]
[MiniBooNE] Starting epoch 9...
[MiniBooNE] Elapsed training time:2.31s
[MiniBooNE] Starting validation...
[MiniBooNE] Elapsed validation time:0.14s
[MiniBooNE] [Epoch=009] Train Loss=[QuantLoss=0.08949]Val loss = [QuantLoss=0.14895][QuantReg:0.71975]
[MiniBooNE] Starting epoch 10...
[MiniBooNE] Elapsed training time:2.29s
[MiniBooNE] Starting validation...
[MiniBooNE] Elapsed validation time:0.14s
[MiniBooNE] [Epoch=010] Train Loss=[QuantLoss=0.11402]Val loss = [QuantLoss=0.13370][QuantReg:0.74105][saved best model in this epoch]
[MiniBooNE] Starting epoch 11...
[MiniBooNE] Elapsed training time:2.26s
[MiniBooNE] Starting validation...
[MiniBooNE] Elapsed validation time:0.15s
[MiniBooNE] [Epoch=011] Train Loss=[QuantLoss=0.12275]Val loss = [QuantLoss=0.20205][QuantReg:0.69892]
[MiniBooNE] Starting epoch 12...
[MiniBooNE] Elapsed training time:2.31s
[MiniBooNE] Starting validation...
[MiniBooNE] Elapsed validation time:0.15s
[MiniBooNE] [Epoch=012] Train Loss=[QuantLoss=0.09894]Val loss = [QuantLoss=0.10486][QuantReg:0.69493][saved best model in this epoch]
[MiniBooNE] Starting epoch 13...
[MiniBooNE] Elapsed training time:2.30s
[MiniBooNE] Starting validation...
[MiniBooNE] Elapsed validation time:0.17s
[MiniBooNE] [Epoch=013] Train Loss=[QuantLoss=0.09336]Val loss = [QuantLoss=0.15807][QuantReg:0.71116]
[MiniBooNE] Starting epoch 14...
[MiniBooNE] Elapsed training time:2.33s
[MiniBooNE] Starting validation...
[MiniBooNE] Elapsed validation time:0.15s
[MiniBooNE] [Epoch=014] Train Loss=[QuantLoss=0.10811]Val loss = [QuantLoss=0.09937][QuantReg:0.71235][saved best model in this epoch]
[MiniBooNE] Starting epoch 15...
[MiniBooNE] Elapsed training time:2.30s
[MiniBooNE] Starting validation...
[MiniBooNE] Elapsed validation time:0.15s
[MiniBooNE] [Epoch=015] Train Loss=[QuantLoss=0.08569]Val loss = [QuantLoss=0.15528][QuantReg:0.71140]
[MiniBooNE] Starting epoch 16...
[MiniBooNE] Elapsed training time:2.25s
[MiniBooNE] Starting validation...
[MiniBooNE] Elapsed validation time:0.14s
[MiniBooNE] [Epoch=016] Train Loss=[QuantLoss=0.10297]Val loss = [QuantLoss=0.18830][QuantReg:0.72896]
[MiniBooNE] Starting epoch 17...
[MiniBooNE] Elapsed training time:2.28s
[MiniBooNE] Starting validation...
[MiniBooNE] Elapsed validation time:0.16s
[MiniBooNE] [Epoch=017] Train Loss=[QuantLoss=0.10554]Val loss = [QuantLoss=0.08533][QuantReg:0.72344][saved best model in this epoch]
[MiniBooNE] Starting epoch 18...
[MiniBooNE] Elapsed training time:2.30s
[MiniBooNE] Starting validation...
[MiniBooNE] Elapsed validation time:0.15s
[MiniBooNE] [Epoch=018] Train Loss=[QuantLoss=0.09707]Val loss = [QuantLoss=0.04640][QuantReg:0.73463][saved best model in this epoch]
[MiniBooNE] Starting epoch 19...
[MiniBooNE] Elapsed training time:2.35s
[MiniBooNE] Starting validation...
[MiniBooNE] Elapsed validation time:0.16s
[MiniBooNE] [Epoch=019] Train Loss=[QuantLoss=0.09158]Val loss = [QuantLoss=0.07613][QuantReg:0.71531]
[MiniBooNE] Starting epoch 20...
[MiniBooNE] Elapsed training time:2.28s
[MiniBooNE] Starting validation...
[MiniBooNE] Elapsed validation time:0.16s
[MiniBooNE] [Epoch=020] Train Loss=[QuantLoss=0.07641]Val loss = [QuantLoss=0.04408][QuantReg:0.70006][saved best model in this epoch]
[MiniBooNE] Starting epoch 21...
[MiniBooNE] Elapsed training time:2.25s
[MiniBooNE] Starting validation...
[MiniBooNE] Elapsed validation time:0.14s
[MiniBooNE] [Epoch=021] Train Loss=[QuantLoss=0.07546]Val loss = [QuantLoss=0.06627][QuantReg:0.68927]
[MiniBooNE] Starting epoch 22...
[MiniBooNE] Elapsed training time:2.30s
[MiniBooNE] Starting validation...
[MiniBooNE] Elapsed validation time:0.14s
[MiniBooNE] [Epoch=022] Train Loss=[QuantLoss=0.09463]Val loss = [QuantLoss=0.24954][QuantReg:0.70727]
[MiniBooNE] Starting epoch 23...
[MiniBooNE] Elapsed training time:2.29s
[MiniBooNE] Starting validation...
[MiniBooNE] Elapsed validation time:0.16s
[MiniBooNE] [Epoch=023] Train Loss=[QuantLoss=0.07912]Val loss = [QuantLoss=0.05339][QuantReg:0.72066]
[MiniBooNE] Starting epoch 24...
[MiniBooNE] Elapsed training time:2.28s
[MiniBooNE] Starting validation...
[MiniBooNE] Elapsed validation time:0.14s
[MiniBooNE] [Epoch=024] Train Loss=[QuantLoss=0.09486]Val loss = [QuantLoss=0.07745][QuantReg:0.69586]
[MiniBooNE] Starting epoch 25...
[MiniBooNE] Elapsed training time:2.28s
[MiniBooNE] Starting validation...
[MiniBooNE] Elapsed validation time:0.15s
[MiniBooNE] [Epoch=025] Train Loss=[QuantLoss=0.08925]Val loss = [QuantLoss=0.05564][QuantReg:0.69239]
[MiniBooNE] Starting epoch 26...
[MiniBooNE] Elapsed training time:2.27s
[MiniBooNE] Starting validation...
[MiniBooNE] Elapsed validation time:0.15s
[MiniBooNE] [Epoch=026] Train Loss=[QuantLoss=0.08723]Val loss = [QuantLoss=0.05732][QuantReg:0.69746]
[MiniBooNE] Starting epoch 27...
[MiniBooNE] Elapsed training time:2.32s
[MiniBooNE] Starting validation...
[MiniBooNE] Elapsed validation time:0.16s
[MiniBooNE] [Epoch=027] Train Loss=[QuantLoss=0.08420]Val loss = [QuantLoss=0.08050][QuantReg:0.69244]
[MiniBooNE] Starting epoch 28...
[MiniBooNE] Elapsed training time:2.30s
[MiniBooNE] Starting validation...
[MiniBooNE] Elapsed validation time:0.13s
[MiniBooNE] [Epoch=028] Train Loss=[QuantLoss=0.09448]Val loss = [QuantLoss=0.08276][QuantReg:0.69516]
[MiniBooNE] Starting epoch 29...
[MiniBooNE] Elapsed training time:2.30s
[MiniBooNE] Starting validation...
[MiniBooNE] Elapsed validation time:0.15s
[MiniBooNE] [Epoch=029] Train Loss=[QuantLoss=0.08448]Val loss = [QuantLoss=0.25638][QuantReg:0.70051]
[MiniBooNE] Starting epoch 30...
[MiniBooNE] Elapsed training time:2.30s
[MiniBooNE] Starting validation...
[MiniBooNE] Elapsed validation time:0.15s
[MiniBooNE] [Epoch=030] Train Loss=[QuantLoss=0.09216]Val loss = [QuantLoss=0.04587][QuantReg:0.68459]
[MiniBooNE] Starting epoch 31...
[MiniBooNE] Elapsed training time:2.28s
[MiniBooNE] Starting validation...
[MiniBooNE] Elapsed validation time:0.14s
[MiniBooNE] [Epoch=031] Train Loss=[QuantLoss=0.08111]Val loss = [QuantLoss=0.05082][QuantReg:0.65384]
[MiniBooNE] Starting epoch 32...
[MiniBooNE] Elapsed training time:2.27s
[MiniBooNE] Starting validation...
[MiniBooNE] Elapsed validation time:0.15s
[MiniBooNE] [Epoch=032] Train Loss=[QuantLoss=0.07028]Val loss = [QuantLoss=0.10992][QuantReg:0.68136]
[MiniBooNE] Starting epoch 33...
[MiniBooNE] Elapsed training time:2.27s
[MiniBooNE] Starting validation...
[MiniBooNE] Elapsed validation time:0.24s
[MiniBooNE] [Epoch=033] Train Loss=[QuantLoss=0.06255]Val loss = [QuantLoss=0.13898][QuantReg:0.67033]
[MiniBooNE] Starting epoch 34...
[MiniBooNE] Elapsed training time:2.32s
[MiniBooNE] Starting validation...
[MiniBooNE] Elapsed validation time:0.15s
[MiniBooNE] [Epoch=034] Train Loss=[QuantLoss=0.08392]Val loss = [QuantLoss=0.28011][QuantReg:0.68369]
[MiniBooNE] Starting epoch 35...
[MiniBooNE] Elapsed training time:2.24s
[MiniBooNE] Starting validation...
[MiniBooNE] Elapsed validation time:0.23s
[MiniBooNE] [Epoch=035] Train Loss=[QuantLoss=0.06724]Val loss = [QuantLoss=0.12168][QuantReg:0.67828]
[MiniBooNE] Starting epoch 36...
[MiniBooNE] Elapsed training time:2.36s
[MiniBooNE] Starting validation...
[MiniBooNE] Elapsed validation time:0.23s
[MiniBooNE] [Epoch=036] Train Loss=[QuantLoss=0.08134]Val loss = [QuantLoss=0.22300][QuantReg:0.68312]
[MiniBooNE] Starting epoch 37...
[MiniBooNE] Elapsed training time:2.34s
[MiniBooNE] Starting validation...
[MiniBooNE] Elapsed validation time:0.24s
[MiniBooNE] [Epoch=037] Train Loss=[QuantLoss=0.09268]Val loss = [QuantLoss=0.27320][QuantReg:0.68716]
[MiniBooNE] Starting epoch 38...
[MiniBooNE] Elapsed training time:2.34s
[MiniBooNE] Starting validation...
[MiniBooNE] Elapsed validation time:0.23s
[MiniBooNE] [Epoch=038] Train Loss=[QuantLoss=0.09202]Val loss = [QuantLoss=0.24582][QuantReg:0.66192]
[MiniBooNE] Starting epoch 39...
[MiniBooNE] Elapsed training time:2.36s
[MiniBooNE] Starting validation...
[MiniBooNE] Elapsed validation time:0.23s
[MiniBooNE] [Epoch=039] Train Loss=[QuantLoss=0.08214]Val loss = [QuantLoss=0.25286][QuantReg:0.66307]
[MiniBooNE] Starting epoch 40...
[MiniBooNE] Elapsed training time:2.33s
[MiniBooNE] Starting validation...
[MiniBooNE] Elapsed validation time:0.24s
[MiniBooNE] [Epoch=040] Train Loss=[QuantLoss=0.08424]Val loss = [QuantLoss=0.03422][QuantReg:0.64767][saved best model in this epoch]
[MiniBooNE] Starting epoch 41...
[MiniBooNE] Elapsed training time:2.40s
[MiniBooNE] Starting validation...
[MiniBooNE] Elapsed validation time:0.23s
[MiniBooNE] [Epoch=041] Train Loss=[QuantLoss=0.09088]Val loss = [QuantLoss=0.16747][QuantReg:0.63224]
[MiniBooNE] Starting epoch 42...
[MiniBooNE] Elapsed training time:2.34s
[MiniBooNE] Starting validation...
[MiniBooNE] Elapsed validation time:0.24s
[MiniBooNE] [Epoch=042] Train Loss=[QuantLoss=0.08286]Val loss = [QuantLoss=0.09707][QuantReg:0.64403]
[MiniBooNE] Starting epoch 43...
[MiniBooNE] Elapsed training time:2.38s
[MiniBooNE] Starting validation...
[MiniBooNE] Elapsed validation time:0.25s
[MiniBooNE] [Epoch=043] Train Loss=[QuantLoss=0.09587]Val loss = [QuantLoss=0.30308][QuantReg:0.65406]
[MiniBooNE] Starting epoch 44...
[MiniBooNE] Elapsed training time:2.34s
[MiniBooNE] Starting validation...
[MiniBooNE] Elapsed validation time:0.23s
[MiniBooNE] [Epoch=044] Train Loss=[QuantLoss=0.08425]Val loss = [QuantLoss=0.20132][QuantReg:0.66619]
[MiniBooNE] Starting epoch 45...
[MiniBooNE] Elapsed training time:2.35s
[MiniBooNE] Starting validation...
[MiniBooNE] Elapsed validation time:0.23s
[MiniBooNE] [Epoch=045] Train Loss=[QuantLoss=0.09170]Val loss = [QuantLoss=0.31332][QuantReg:0.67249]
[MiniBooNE] Starting epoch 46...
[MiniBooNE] Elapsed training time:2.39s
[MiniBooNE] Starting validation...
[MiniBooNE] Elapsed validation time:0.24s
[MiniBooNE] [Epoch=046] Train Loss=[QuantLoss=0.09910]Val loss = [QuantLoss=0.07486][QuantReg:0.67419]
[MiniBooNE] Starting epoch 47...
[MiniBooNE] Elapsed training time:2.32s
[MiniBooNE] Starting validation...
[MiniBooNE] Elapsed validation time:0.24s
[MiniBooNE] [Epoch=047] Train Loss=[QuantLoss=0.09520]Val loss = [QuantLoss=0.12168][QuantReg:0.66024]
[MiniBooNE] Starting epoch 48...
[MiniBooNE] Elapsed training time:2.36s
[MiniBooNE] Starting validation...
[MiniBooNE] Elapsed validation time:0.24s
[MiniBooNE] [Epoch=048] Train Loss=[QuantLoss=0.09771]Val loss = [QuantLoss=0.24021][QuantReg:0.65495]
[MiniBooNE] Starting epoch 49...
[MiniBooNE] Elapsed training time:2.43s
[MiniBooNE] Starting validation...
[MiniBooNE] Elapsed validation time:0.22s
[MiniBooNE] [Epoch=049] Train Loss=[QuantLoss=0.08671]Val loss = [QuantLoss=0.18323][QuantReg:0.65073]
[MiniBooNE] Starting epoch 50...
[MiniBooNE] Elapsed training time:2.35s
[MiniBooNE] Starting validation...
[MiniBooNE] Elapsed validation time:0.23s
[MiniBooNE] [Epoch=050] Train Loss=[QuantLoss=0.09900]Val loss = [QuantLoss=0.27421][QuantReg:0.65313]
[MiniBooNE] Starting epoch 51...
[MiniBooNE] Elapsed training time:2.32s
[MiniBooNE] Starting validation...
[MiniBooNE] Elapsed validation time:0.24s
[MiniBooNE] [Epoch=051] Train Loss=[QuantLoss=0.08873]Val loss = [QuantLoss=0.05566][QuantReg:0.63576]
[MiniBooNE] Starting epoch 52...
[MiniBooNE] Elapsed training time:2.39s
[MiniBooNE] Starting validation...
[MiniBooNE] Elapsed validation time:0.26s
[MiniBooNE] [Epoch=052] Train Loss=[QuantLoss=0.08654]Val loss = [QuantLoss=0.03355][QuantReg:0.62136][saved best model in this epoch]
[MiniBooNE] Starting epoch 53...
[MiniBooNE] Elapsed training time:2.32s
[MiniBooNE] Starting validation...
[MiniBooNE] Elapsed validation time:0.23s
[MiniBooNE] [Epoch=053] Train Loss=[QuantLoss=0.09422]Val loss = [QuantLoss=0.03804][QuantReg:0.61977]
[MiniBooNE] Starting epoch 54...
[MiniBooNE] Elapsed training time:2.39s
[MiniBooNE] Starting validation...
[MiniBooNE] Elapsed validation time:0.23s
[MiniBooNE] [Epoch=054] Train Loss=[QuantLoss=0.07540]Val loss = [QuantLoss=0.15049][QuantReg:0.62147]
[MiniBooNE] Starting epoch 55...
[MiniBooNE] Elapsed training time:2.37s
[MiniBooNE] Starting validation...
[MiniBooNE] Elapsed validation time:0.24s
[MiniBooNE] [Epoch=055] Train Loss=[QuantLoss=0.06390]Val loss = [QuantLoss=0.19889][QuantReg:0.61059]
[MiniBooNE] Starting epoch 56...
[MiniBooNE] Elapsed training time:2.40s
[MiniBooNE] Starting validation...
[MiniBooNE] Elapsed validation time:0.24s
[MiniBooNE] [Epoch=056] Train Loss=[QuantLoss=0.06530]Val loss = [QuantLoss=0.19070][QuantReg:0.60622]
[MiniBooNE] Starting epoch 57...
[MiniBooNE] Elapsed training time:2.41s
[MiniBooNE] Starting validation...
[MiniBooNE] Elapsed validation time:0.23s
[MiniBooNE] [Epoch=057] Train Loss=[QuantLoss=0.07198]Val loss = [QuantLoss=0.25401][QuantReg:0.61755]
[MiniBooNE] Starting epoch 58...
[MiniBooNE] Elapsed training time:2.34s
[MiniBooNE] Starting validation...
[MiniBooNE] Elapsed validation time:0.25s
[MiniBooNE] [Epoch=058] Train Loss=[QuantLoss=0.08008]Val loss = [QuantLoss=0.16808][QuantReg:0.62711]
[MiniBooNE] Starting epoch 59...
[MiniBooNE] Elapsed training time:2.42s
[MiniBooNE] Starting validation...
[MiniBooNE] Elapsed validation time:0.23s
[MiniBooNE] [Epoch=059] Train Loss=[QuantLoss=0.09935]Val loss = [QuantLoss=0.27757][QuantReg:0.63343]
[MiniBooNE] Starting epoch 60...
[MiniBooNE] Elapsed training time:2.30s
[MiniBooNE] Starting validation...
[MiniBooNE] Elapsed validation time:0.24s
[MiniBooNE] [Epoch=060] Train Loss=[QuantLoss=0.08791]Val loss = [QuantLoss=0.18358][QuantReg:0.63942]
[MiniBooNE] Starting epoch 61...
[MiniBooNE] Elapsed training time:2.48s
[MiniBooNE] Starting validation...
[MiniBooNE] Elapsed validation time:0.16s
[MiniBooNE] [Epoch=061] Train Loss=[QuantLoss=0.09851]Val loss = [QuantLoss=0.20169][QuantReg:0.64887]
[MiniBooNE] Starting epoch 62...
[MiniBooNE] Elapsed training time:2.28s
[MiniBooNE] Starting validation...
[MiniBooNE] Elapsed validation time:0.15s
[MiniBooNE] [Epoch=062] Train Loss=[QuantLoss=0.08820]Val loss = [QuantLoss=0.17918][QuantReg:0.64556]
[MiniBooNE] Starting epoch 63...
[MiniBooNE] Elapsed training time:2.29s
[MiniBooNE] Starting validation...
[MiniBooNE] Elapsed validation time:0.14s
[MiniBooNE] [Epoch=063] Train Loss=[QuantLoss=0.12278]Val loss = [QuantLoss=0.10743][QuantReg:0.64114]
[MiniBooNE] Starting epoch 64...
[MiniBooNE] Elapsed training time:2.29s
[MiniBooNE] Starting validation...
[MiniBooNE] Elapsed validation time:0.15s
[MiniBooNE] [Epoch=064] Train Loss=[QuantLoss=0.10579]Val loss = [QuantLoss=0.07950][QuantReg:0.63548]
[MiniBooNE] Starting epoch 65...
[MiniBooNE] Elapsed training time:2.40s
[MiniBooNE] Starting validation...
[MiniBooNE] Elapsed validation time:0.15s
[MiniBooNE] [Epoch=065] Train Loss=[QuantLoss=0.09355]Val loss = [QuantLoss=0.05400][QuantReg:0.62572]
[MiniBooNE] Starting epoch 66...
[MiniBooNE] Elapsed training time:2.35s
[MiniBooNE] Starting validation...
[MiniBooNE] Elapsed validation time:0.15s
[MiniBooNE] [Epoch=066] Train Loss=[QuantLoss=0.08536]Val loss = [QuantLoss=0.12608][QuantReg:0.63360]
[MiniBooNE] Starting epoch 67...
[MiniBooNE] Elapsed training time:2.33s
[MiniBooNE] Starting validation...
[MiniBooNE] Elapsed validation time:0.15s
[MiniBooNE] [Epoch=067] Train Loss=[QuantLoss=0.09049]Val loss = [QuantLoss=0.17185][QuantReg:0.64312]
[MiniBooNE] Starting epoch 68...
[MiniBooNE] Elapsed training time:2.40s
[MiniBooNE] Starting validation...
[MiniBooNE] Elapsed validation time:0.16s
[MiniBooNE] [Epoch=068] Train Loss=[QuantLoss=0.09710]Val loss = [QuantLoss=0.07755][QuantReg:0.63892]
[MiniBooNE] Starting epoch 69...
[MiniBooNE] Elapsed training time:2.33s
[MiniBooNE] Starting validation...
[MiniBooNE] Elapsed validation time:0.14s
[MiniBooNE] [Epoch=069] Train Loss=[QuantLoss=0.08653]Val loss = [QuantLoss=0.12652][QuantReg:0.63121]
[MiniBooNE] Starting epoch 70...
[MiniBooNE] Elapsed training time:2.37s
[MiniBooNE] Starting validation...
[MiniBooNE] Elapsed validation time:0.14s
[MiniBooNE] [Epoch=070] Train Loss=[QuantLoss=0.09129]Val loss = [QuantLoss=0.08897][QuantReg:0.62564]
[MiniBooNE] Starting epoch 71...
[MiniBooNE] Elapsed training time:2.33s
[MiniBooNE] Starting validation...
[MiniBooNE] Elapsed validation time:0.15s
[MiniBooNE] [Epoch=071] Train Loss=[QuantLoss=0.09313]Val loss = [QuantLoss=0.12349][QuantReg:0.61584]
[MiniBooNE] Starting epoch 72...
[MiniBooNE] Elapsed training time:2.35s
[MiniBooNE] Starting validation...
[MiniBooNE] Elapsed validation time:0.15s
[MiniBooNE] [Epoch=072] Train Loss=[QuantLoss=0.08759]Val loss = [QuantLoss=0.18765][QuantReg:0.61336]
[MiniBooNE] Starting epoch 73...
[MiniBooNE] Elapsed training time:2.36s
[MiniBooNE] Starting validation...
[MiniBooNE] Elapsed validation time:0.14s
[MiniBooNE] [Epoch=073] Train Loss=[QuantLoss=0.11669]Val loss = [QuantLoss=0.32081][QuantReg:0.61936]
[MiniBooNE] Starting epoch 74...
[MiniBooNE] Elapsed training time:2.26s
[MiniBooNE] Starting validation...
[MiniBooNE] Elapsed validation time:0.15s
[MiniBooNE] [Epoch=074] Train Loss=[QuantLoss=0.10635]Val loss = [QuantLoss=0.08206][QuantReg:0.61947]
[MiniBooNE] Starting epoch 75...
[MiniBooNE] Elapsed training time:2.37s
[MiniBooNE] Starting validation...
[MiniBooNE] Elapsed validation time:0.14s
[MiniBooNE] [Epoch=075] Train Loss=[QuantLoss=0.09729]Val loss = [QuantLoss=0.05263][QuantReg:0.61443]
[MiniBooNE] Starting epoch 76...
[MiniBooNE] Elapsed training time:2.39s
[MiniBooNE] Starting validation...
[MiniBooNE] Elapsed validation time:0.15s
[MiniBooNE] [Epoch=076] Train Loss=[QuantLoss=0.09178]Val loss = [QuantLoss=0.03227][QuantReg:0.60320][saved best model in this epoch]
[MiniBooNE] Starting epoch 77...
[MiniBooNE] Elapsed training time:2.28s
[MiniBooNE] Starting validation...
[MiniBooNE] Elapsed validation time:0.15s
[MiniBooNE] [Epoch=077] Train Loss=[QuantLoss=0.07597]Val loss = [QuantLoss=0.02421][QuantReg:0.58786][saved best model in this epoch]
[MiniBooNE] Starting epoch 78...
[MiniBooNE] Elapsed training time:2.38s
[MiniBooNE] Starting validation...
[MiniBooNE] Elapsed validation time:0.15s
[MiniBooNE] [Epoch=078] Train Loss=[QuantLoss=0.07747]Val loss = [QuantLoss=0.02351][QuantReg:0.59350][saved best model in this epoch]
[MiniBooNE] Starting epoch 79...
[MiniBooNE] Elapsed training time:2.36s
[MiniBooNE] Starting validation...
[MiniBooNE] Elapsed validation time:0.14s
[MiniBooNE] [Epoch=079] Train Loss=[QuantLoss=0.07505]Val loss = [QuantLoss=0.02366][QuantReg:0.59201]
[MiniBooNE] Starting epoch 80...
[MiniBooNE] Elapsed training time:2.37s
[MiniBooNE] Starting validation...
[MiniBooNE] Elapsed validation time:0.16s
[MiniBooNE] [Epoch=080] Train Loss=[QuantLoss=0.07951]Val loss = [QuantLoss=0.02598][QuantReg:0.60140]
[MiniBooNE] Starting epoch 81...
[MiniBooNE] Elapsed training time:2.30s
[MiniBooNE] Starting validation...
[MiniBooNE] Elapsed validation time:0.15s
[MiniBooNE] [Epoch=081] Train Loss=[QuantLoss=0.07352]Val loss = [QuantLoss=0.02741][QuantReg:0.59922]
[MiniBooNE] Starting epoch 82...
[MiniBooNE] Elapsed training time:2.36s
[MiniBooNE] Starting validation...
[MiniBooNE] Elapsed validation time:0.15s
[MiniBooNE] [Epoch=082] Train Loss=[QuantLoss=0.08138]Val loss = [QuantLoss=0.02366][QuantReg:0.60341]
[MiniBooNE] Starting epoch 83...
[MiniBooNE] Elapsed training time:2.32s
[MiniBooNE] Starting validation...
[MiniBooNE] Elapsed validation time:0.14s
[MiniBooNE] [Epoch=083] Train Loss=[QuantLoss=0.07140]Val loss = [QuantLoss=0.02543][QuantReg:0.59921]
[MiniBooNE] Starting epoch 84...
[MiniBooNE] Elapsed training time:2.33s
[MiniBooNE] Starting validation...
[MiniBooNE] Elapsed validation time:0.15s
[MiniBooNE] [Epoch=084] Train Loss=[QuantLoss=0.07418]Val loss = [QuantLoss=0.02347][QuantReg:0.59984][saved best model in this epoch]
[MiniBooNE] Starting epoch 85...
[MiniBooNE] Elapsed training time:2.30s
[MiniBooNE] Starting validation...
[MiniBooNE] Elapsed validation time:0.23s
[MiniBooNE] [Epoch=085] Train Loss=[QuantLoss=0.06950]Val loss = [QuantLoss=0.04421][QuantReg:0.60101]
[MiniBooNE] Starting epoch 86...
[MiniBooNE] Elapsed training time:2.40s
[MiniBooNE] Starting validation...
[MiniBooNE] Elapsed validation time:0.15s
[MiniBooNE] [Epoch=086] Train Loss=[QuantLoss=0.08666]Val loss = [QuantLoss=0.02635][QuantReg:0.60571]
[MiniBooNE] Starting epoch 87...
[MiniBooNE] Elapsed training time:2.32s
[MiniBooNE] Starting validation...
[MiniBooNE] Elapsed validation time:0.24s
[MiniBooNE] [Epoch=087] Train Loss=[QuantLoss=0.07332]Val loss = [QuantLoss=0.02403][QuantReg:0.60179]
[MiniBooNE] Starting epoch 88...
[MiniBooNE] Elapsed training time:2.37s
[MiniBooNE] Starting validation...
[MiniBooNE] Elapsed validation time:0.24s
[MiniBooNE] [Epoch=088] Train Loss=[QuantLoss=0.07698]Val loss = [QuantLoss=0.02419][QuantReg:0.60443]
[MiniBooNE] Starting epoch 89...
[MiniBooNE] Elapsed training time:2.39s
[MiniBooNE] Starting validation...
[MiniBooNE] Elapsed validation time:0.23s
[MiniBooNE] [Epoch=089] Train Loss=[QuantLoss=0.07278]Val loss = [QuantLoss=0.02333][QuantReg:0.60417][saved best model in this epoch]
[MiniBooNE] Starting epoch 90...
[MiniBooNE] Elapsed training time:2.38s
[MiniBooNE] Starting validation...
[MiniBooNE] Elapsed validation time:0.25s
[MiniBooNE] [Epoch=090] Train Loss=[QuantLoss=0.07793]Val loss = [QuantLoss=0.02512][QuantReg:0.60797]
[MiniBooNE] Starting epoch 91...
[MiniBooNE] Elapsed training time:2.36s
[MiniBooNE] Starting validation...
[MiniBooNE] Elapsed validation time:0.23s
[MiniBooNE] [Epoch=091] Train Loss=[QuantLoss=0.06682]Val loss = [QuantLoss=0.03060][QuantReg:0.60393]
[MiniBooNE] Starting epoch 92...
[MiniBooNE] Elapsed training time:2.37s
[MiniBooNE] Starting validation...
[MiniBooNE] Elapsed validation time:0.23s
[MiniBooNE] [Epoch=092] Train Loss=[QuantLoss=0.07055]Val loss = [QuantLoss=0.16266][QuantReg:0.60920]
[MiniBooNE] Starting epoch 93...
[MiniBooNE] Elapsed training time:2.38s
[MiniBooNE] Starting validation...
[MiniBooNE] Elapsed validation time:0.23s
[MiniBooNE] [Epoch=093] Train Loss=[QuantLoss=0.08729]Val loss = [QuantLoss=0.09479][QuantReg:0.60497]
[MiniBooNE] Starting epoch 94...
[MiniBooNE] Elapsed training time:2.36s
[MiniBooNE] Starting validation...
[MiniBooNE] Elapsed validation time:0.23s
[MiniBooNE] [Epoch=094] Train Loss=[QuantLoss=0.08214]Val loss = [QuantLoss=0.28223][QuantReg:0.59705]
[MiniBooNE] Starting epoch 95...
[MiniBooNE] Elapsed training time:2.38s
[MiniBooNE] Starting validation...
[MiniBooNE] Elapsed validation time:0.22s
[MiniBooNE] [Epoch=095] Train Loss=[QuantLoss=0.08471]Val loss = [QuantLoss=0.10482][QuantReg:0.59995]
[MiniBooNE] Starting epoch 96...
[MiniBooNE] Elapsed training time:2.39s
[MiniBooNE] Starting validation...
[MiniBooNE] Elapsed validation time:0.23s
[MiniBooNE] [Epoch=096] Train Loss=[QuantLoss=0.09003]Val loss = [QuantLoss=0.08110][QuantReg:0.60250]
[MiniBooNE] Starting epoch 97...
[MiniBooNE] Elapsed training time:2.38s
[MiniBooNE] Starting validation...
[MiniBooNE] Elapsed validation time:0.23s
[MiniBooNE] [Epoch=097] Train Loss=[QuantLoss=0.09081]Val loss = [QuantLoss=0.05759][QuantReg:0.60283]
[MiniBooNE] Starting epoch 98...
[MiniBooNE] Elapsed training time:2.36s
[MiniBooNE] Starting validation...
[MiniBooNE] Elapsed validation time:0.23s
[MiniBooNE] [Epoch=098] Train Loss=[QuantLoss=0.09350]Val loss = [QuantLoss=0.03559][QuantReg:0.59658]
[MiniBooNE] Starting epoch 99...
[MiniBooNE] Elapsed training time:2.35s
[MiniBooNE] Starting validation...
[MiniBooNE] Elapsed validation time:0.24s
[MiniBooNE] [Epoch=099] Train Loss=[QuantLoss=0.08069]Val loss = [QuantLoss=0.02898][QuantReg:0.59473]
[MiniBooNE] Starting epoch 100...
[MiniBooNE] Elapsed training time:2.41s
[MiniBooNE] Starting validation...
[MiniBooNE] Elapsed validation time:0.23s
[MiniBooNE] [Epoch=100] Train Loss=[QuantLoss=0.08006]Val loss = [QuantLoss=0.02633][QuantReg:0.60047]
[MiniBooNE] Starting epoch 101...
[MiniBooNE] Elapsed training time:2.42s
[MiniBooNE] Starting validation...
[MiniBooNE] Elapsed validation time:0.23s
[MiniBooNE] [Epoch=101] Train Loss=[QuantLoss=0.07084]Val loss = [QuantLoss=0.02833][QuantReg:0.59510]
[MiniBooNE] Starting epoch 102...
[MiniBooNE] Elapsed training time:2.44s
[MiniBooNE] Starting validation...
[MiniBooNE] Elapsed validation time:0.23s
[MiniBooNE] [Epoch=102] Train Loss=[QuantLoss=0.07662]Val loss = [QuantLoss=0.02467][QuantReg:0.60143]
[MiniBooNE] Starting epoch 103...
[MiniBooNE] Elapsed training time:2.40s
[MiniBooNE] Starting validation...
[MiniBooNE] Elapsed validation time:0.25s
[MiniBooNE] [Epoch=103] Train Loss=[QuantLoss=0.07399]Val loss = [QuantLoss=0.02599][QuantReg:0.60259]
[MiniBooNE] Starting epoch 104...
[MiniBooNE] Elapsed training time:2.43s
[MiniBooNE] Starting validation...
[MiniBooNE] Elapsed validation time:0.22s
[MiniBooNE] [Epoch=104] Train Loss=[QuantLoss=0.07458]Val loss = [QuantLoss=0.02434][QuantReg:0.60245]
[MiniBooNE] Starting epoch 105...
[MiniBooNE] Elapsed training time:2.40s
[MiniBooNE] Starting validation...
[MiniBooNE] Elapsed validation time:0.24s
[MiniBooNE] [Epoch=105] Train Loss=[QuantLoss=0.07307]Val loss = [QuantLoss=0.02597][QuantReg:0.60531]
[MiniBooNE] Starting epoch 106...
[MiniBooNE] Elapsed training time:2.39s
[MiniBooNE] Starting validation...
[MiniBooNE] Elapsed validation time:0.22s
[MiniBooNE] [Epoch=106] Train Loss=[QuantLoss=0.06847]Val loss = [QuantLoss=0.03634][QuantReg:0.60346]
[MiniBooNE] Starting epoch 107...
[MiniBooNE] Elapsed training time:2.42s
[MiniBooNE] Starting validation...
[MiniBooNE] Elapsed validation time:0.23s
[MiniBooNE] [Epoch=107] Train Loss=[QuantLoss=0.08296]Val loss = [QuantLoss=0.02632][QuantReg:0.60620]
[MiniBooNE] Starting epoch 108...
[MiniBooNE] Elapsed training time:2.47s
[MiniBooNE] Starting validation...
[MiniBooNE] Elapsed validation time:0.23s
[MiniBooNE] [Epoch=108] Train Loss=[QuantLoss=0.07486]Val loss = [QuantLoss=0.02614][QuantReg:0.60176]
[MiniBooNE] Starting epoch 109...
[MiniBooNE] Elapsed training time:2.34s
[MiniBooNE] Starting validation...
[MiniBooNE] Elapsed validation time:0.22s
[MiniBooNE] [Epoch=109] Train Loss=[QuantLoss=0.07979]Val loss = [QuantLoss=0.02841][QuantReg:0.60885]
[MiniBooNE] Starting epoch 110...
[MiniBooNE] Elapsed training time:2.38s
[MiniBooNE] Starting validation...
[MiniBooNE] Elapsed validation time:0.23s
[MiniBooNE] [Epoch=110] Train Loss=[QuantLoss=0.07290]Val loss = [QuantLoss=0.02658][QuantReg:0.60836]
[MiniBooNE] Starting epoch 111...
[MiniBooNE] Elapsed training time:2.46s
[MiniBooNE] Starting validation...
[MiniBooNE] Elapsed validation time:0.23s
[MiniBooNE] [Epoch=111] Train Loss=[QuantLoss=0.07349]Val loss = [QuantLoss=0.02385][QuantReg:0.61002]
[MiniBooNE] Starting epoch 112...
[MiniBooNE] Elapsed training time:2.45s
[MiniBooNE] Starting validation...
[MiniBooNE] Elapsed validation time:0.23s
[MiniBooNE] [Epoch=112] Train Loss=[QuantLoss=0.06509]Val loss = [QuantLoss=0.02827][QuantReg:0.60969]
[MiniBooNE] Starting epoch 113...
[MiniBooNE] Elapsed training time:2.42s
[MiniBooNE] Starting validation...
[MiniBooNE] Elapsed validation time:0.23s
[MiniBooNE] [Epoch=113] Train Loss=[QuantLoss=0.07165]Val loss = [QuantLoss=0.02379][QuantReg:0.61152]
[MiniBooNE] Starting epoch 114...
[MiniBooNE] Elapsed training time:2.40s
[MiniBooNE] Starting validation...
[MiniBooNE] Elapsed validation time:0.24s
[MiniBooNE] [Epoch=114] Train Loss=[QuantLoss=0.06696]Val loss = [QuantLoss=0.02484][QuantReg:0.60942]
[MiniBooNE] Starting epoch 115...
[MiniBooNE] Elapsed training time:2.42s
[MiniBooNE] Starting validation...
[MiniBooNE] Elapsed validation time:0.24s
[MiniBooNE] [Epoch=115] Train Loss=[QuantLoss=0.07032]Val loss = [QuantLoss=0.02437][QuantReg:0.61017]
[MiniBooNE] Starting epoch 116...
[MiniBooNE] Elapsed training time:2.45s
[MiniBooNE] Starting validation...
[MiniBooNE] Elapsed validation time:0.24s
[MiniBooNE] [Epoch=116] Train Loss=[QuantLoss=0.07205]Val loss = [QuantLoss=0.02424][QuantReg:0.60885]
[MiniBooNE] Starting epoch 117...
[MiniBooNE] Elapsed training time:2.38s
[MiniBooNE] Starting validation...
[MiniBooNE] Elapsed validation time:0.23s
[MiniBooNE] [Epoch=117] Train Loss=[QuantLoss=0.07150]Val loss = [QuantLoss=0.02793][QuantReg:0.60807]
[MiniBooNE] Starting epoch 118...
[MiniBooNE] Elapsed training time:2.42s
[MiniBooNE] Starting validation...
[MiniBooNE] Elapsed validation time:0.23s
[MiniBooNE] [Epoch=118] Train Loss=[QuantLoss=0.07098]Val loss = [QuantLoss=0.02196][QuantReg:0.60707][saved best model in this epoch]
[MiniBooNE] Starting epoch 119...
[MiniBooNE] Elapsed training time:2.50s
[MiniBooNE] Starting validation...
[MiniBooNE] Elapsed validation time:0.15s
[MiniBooNE] [Epoch=119] Train Loss=[QuantLoss=0.07090]Val loss = [QuantLoss=0.02389][QuantReg:0.60626]
[MiniBooNE] Starting epoch 120...
[MiniBooNE] Elapsed training time:2.37s
[MiniBooNE] Starting validation...
[MiniBooNE] Elapsed validation time:0.14s
[MiniBooNE] [Epoch=120] Train Loss=[QuantLoss=0.06646]Val loss = [QuantLoss=0.02352][QuantReg:0.60491]
[MiniBooNE] Starting epoch 121...
[MiniBooNE] Elapsed training time:2.37s
[MiniBooNE] Starting validation...
[MiniBooNE] Elapsed validation time:0.16s
[MiniBooNE] [Epoch=121] Train Loss=[QuantLoss=0.07339]Val loss = [QuantLoss=0.02508][QuantReg:0.60731]
[MiniBooNE] Starting epoch 122...
[MiniBooNE] Elapsed training time:2.36s
[MiniBooNE] Starting validation...
[MiniBooNE] Elapsed validation time:0.15s
[MiniBooNE] [Epoch=122] Train Loss=[QuantLoss=0.06831]Val loss = [QuantLoss=0.02521][QuantReg:0.60792]
[MiniBooNE] Starting epoch 123...
[MiniBooNE] Elapsed training time:2.33s
[MiniBooNE] Starting validation...
[MiniBooNE] Elapsed validation time:0.16s
[MiniBooNE] [Epoch=123] Train Loss=[QuantLoss=0.07304]Val loss = [QuantLoss=0.02365][QuantReg:0.60614]
[MiniBooNE] Starting epoch 124...
[MiniBooNE] Elapsed training time:2.37s
[MiniBooNE] Starting validation...
[MiniBooNE] Elapsed validation time:0.15s
[MiniBooNE] [Epoch=124] Train Loss=[QuantLoss=0.06790]Val loss = [QuantLoss=0.02453][QuantReg:0.60696]
[MiniBooNE] Starting epoch 125...
[MiniBooNE] Elapsed training time:2.42s
[MiniBooNE] Starting validation...
[MiniBooNE] Elapsed validation time:0.16s
[MiniBooNE] [Epoch=125] Train Loss=[QuantLoss=0.06866]Val loss = [QuantLoss=0.02549][QuantReg:0.60653]
[MiniBooNE] Starting epoch 126...
[MiniBooNE] Elapsed training time:2.37s
[MiniBooNE] Starting validation...
[MiniBooNE] Elapsed validation time:0.15s
[MiniBooNE] [Epoch=126] Train Loss=[QuantLoss=0.07159]Val loss = [QuantLoss=0.02313][QuantReg:0.60455]
[MiniBooNE] Starting epoch 127...
[MiniBooNE] Elapsed training time:2.32s
[MiniBooNE] Starting validation...
[MiniBooNE] Elapsed validation time:0.15s
[MiniBooNE] [Epoch=127] Train Loss=[QuantLoss=0.06894]Val loss = [QuantLoss=0.02661][QuantReg:0.60193]
[MiniBooNE] Starting epoch 128...
[MiniBooNE] Elapsed training time:2.35s
[MiniBooNE] Starting validation...
[MiniBooNE] Elapsed validation time:0.15s
[MiniBooNE] [Epoch=128] Train Loss=[QuantLoss=0.06904]Val loss = [QuantLoss=0.02597][QuantReg:0.59983]
[MiniBooNE] Starting epoch 129...
[MiniBooNE] Elapsed training time:2.41s
[MiniBooNE] Starting validation...
[MiniBooNE] Elapsed validation time:0.14s
[MiniBooNE] [Epoch=129] Train Loss=[QuantLoss=0.06920]Val loss = [QuantLoss=0.03023][QuantReg:0.59978]
[MiniBooNE] Starting epoch 130...
[MiniBooNE] Elapsed training time:2.38s
[MiniBooNE] Starting validation...
[MiniBooNE] Elapsed validation time:0.14s
[MiniBooNE] [Epoch=130] Train Loss=[QuantLoss=0.07443]Val loss = [QuantLoss=0.02538][QuantReg:0.60391]
[MiniBooNE] Starting epoch 131...
[MiniBooNE] Elapsed training time:2.39s
[MiniBooNE] Starting validation...
[MiniBooNE] Elapsed validation time:0.17s
[MiniBooNE] [Epoch=131] Train Loss=[QuantLoss=0.06639]Val loss = [QuantLoss=0.02490][QuantReg:0.59961]
[MiniBooNE] Starting epoch 132...
[MiniBooNE] Elapsed training time:2.30s
[MiniBooNE] Starting validation...
[MiniBooNE] Elapsed validation time:0.16s
[MiniBooNE] [Epoch=132] Train Loss=[QuantLoss=0.07205]Val loss = [QuantLoss=0.02550][QuantReg:0.59962]
[MiniBooNE] Starting epoch 133...
[MiniBooNE] Elapsed training time:2.38s
[MiniBooNE] Starting validation...
[MiniBooNE] Elapsed validation time:0.15s
[MiniBooNE] [Epoch=133] Train Loss=[QuantLoss=0.06520]Val loss = [QuantLoss=0.02413][QuantReg:0.59731]
[MiniBooNE] Starting epoch 134...
[MiniBooNE] Elapsed training time:2.37s
[MiniBooNE] Starting validation...
[MiniBooNE] Elapsed validation time:0.15s
[MiniBooNE] [Epoch=134] Train Loss=[QuantLoss=0.06848]Val loss = [QuantLoss=0.02841][QuantReg:0.59815]
[MiniBooNE] Starting epoch 135...
[MiniBooNE] Elapsed training time:2.36s
[MiniBooNE] Starting validation...
[MiniBooNE] Elapsed validation time:0.15s
[MiniBooNE] [Epoch=135] Train Loss=[QuantLoss=0.06468]Val loss = [QuantLoss=0.02540][QuantReg:0.59715]
[MiniBooNE] Starting epoch 136...
[MiniBooNE] Elapsed training time:2.38s
[MiniBooNE] Starting validation...
[MiniBooNE] Elapsed validation time:0.16s
[MiniBooNE] [Epoch=136] Train Loss=[QuantLoss=0.06882]Val loss = [QuantLoss=0.02643][QuantReg:0.59793]
[MiniBooNE] Starting epoch 137...
[MiniBooNE] Elapsed training time:2.38s
[MiniBooNE] Starting validation...
[MiniBooNE] Elapsed validation time:0.14s
[MiniBooNE] [Epoch=137] Train Loss=[QuantLoss=0.07153]Val loss = [QuantLoss=0.02883][QuantReg:0.59740]
[MiniBooNE] Starting epoch 138...
[MiniBooNE] Elapsed training time:2.40s
[MiniBooNE] Starting validation...
[MiniBooNE] Elapsed validation time:0.14s
[MiniBooNE] [Epoch=138] Train Loss=[QuantLoss=0.06753]Val loss = [QuantLoss=0.02602][QuantReg:0.59888]
[MiniBooNE] Starting epoch 139...
[MiniBooNE] Elapsed training time:2.38s
[MiniBooNE] Starting validation...
[MiniBooNE] Elapsed validation time:0.16s
[MiniBooNE] [Epoch=139] Train Loss=[QuantLoss=0.06844]Val loss = [QuantLoss=0.02871][QuantReg:0.59907]
[MiniBooNE] Starting epoch 140...
[MiniBooNE] Elapsed training time:2.36s
[MiniBooNE] Starting validation...
[MiniBooNE] Elapsed validation time:0.14s
[MiniBooNE] [Epoch=140] Train Loss=[QuantLoss=0.06818]Val loss = [QuantLoss=0.02452][QuantReg:0.60166]
[MiniBooNE] Starting epoch 141...
[MiniBooNE] Elapsed training time:2.38s
[MiniBooNE] Starting validation...
[MiniBooNE] Elapsed validation time:0.15s
[MiniBooNE] [Epoch=141] Train Loss=[QuantLoss=0.06479]Val loss = [QuantLoss=0.02575][QuantReg:0.59995]
[MiniBooNE] Starting epoch 142...
[MiniBooNE] Elapsed training time:2.32s
[MiniBooNE] Starting validation...
[MiniBooNE] Elapsed validation time:0.14s
[MiniBooNE] [Epoch=142] Train Loss=[QuantLoss=0.06470]Val loss = [QuantLoss=0.02559][QuantReg:0.60056]
[MiniBooNE] Starting epoch 143...
[MiniBooNE] Elapsed training time:2.37s
[MiniBooNE] Starting validation...
[MiniBooNE] Elapsed validation time:0.16s
[MiniBooNE] [Epoch=143] Train Loss=[QuantLoss=0.06690]Val loss = [QuantLoss=0.02502][QuantReg:0.60046]
[MiniBooNE] Starting epoch 144...
[MiniBooNE] Elapsed training time:2.42s
[MiniBooNE] Starting validation...
[MiniBooNE] Elapsed validation time:0.14s
[MiniBooNE] [Epoch=144] Train Loss=[QuantLoss=0.06418]Val loss = [QuantLoss=0.02670][QuantReg:0.60111]
[MiniBooNE] Starting epoch 145...
[MiniBooNE] Elapsed training time:2.34s
[MiniBooNE] Starting validation...
[MiniBooNE] Elapsed validation time:0.16s
[MiniBooNE] [Epoch=145] Train Loss=[QuantLoss=0.06628]Val loss = [QuantLoss=0.02861][QuantReg:0.60177]
[MiniBooNE] Starting epoch 146...
[MiniBooNE] Elapsed training time:2.43s
[MiniBooNE] Starting validation...
[MiniBooNE] Elapsed validation time:0.25s
[MiniBooNE] [Epoch=146] Train Loss=[QuantLoss=0.06989]Val loss = [QuantLoss=0.02297][QuantReg:0.60449]
[MiniBooNE] Starting epoch 147...
[MiniBooNE] Elapsed training time:2.39s
[MiniBooNE] Starting validation...
[MiniBooNE] Elapsed validation time:0.23s
[MiniBooNE] [Epoch=147] Train Loss=[QuantLoss=0.06748]Val loss = [QuantLoss=0.02507][QuantReg:0.60439]
[MiniBooNE] Starting epoch 148...
[MiniBooNE] Elapsed training time:2.41s
[MiniBooNE] Starting validation...
[MiniBooNE] Elapsed validation time:0.23s
[MiniBooNE] [Epoch=148] Train Loss=[QuantLoss=0.06665]Val loss = [QuantLoss=0.02502][QuantReg:0.60308]
[MiniBooNE] Starting epoch 149...
[MiniBooNE] Elapsed training time:2.37s
[MiniBooNE] Starting validation...
[MiniBooNE] Elapsed validation time:0.24s
[MiniBooNE] [Epoch=149] Train Loss=[QuantLoss=0.06649]Val loss = [QuantLoss=0.02664][QuantReg:0.60225]
[MiniBooNE] Starting epoch 150...
[MiniBooNE] Elapsed training time:2.40s
[MiniBooNE] Starting validation...
[MiniBooNE] Elapsed validation time:0.23s
[MiniBooNE] [Epoch=150] Train Loss=[QuantLoss=0.06812]Val loss = [QuantLoss=0.02400][QuantReg:0.60247]
[MiniBooNE] Starting epoch 151...
[MiniBooNE] Elapsed training time:2.38s
[MiniBooNE] Starting validation...
[MiniBooNE] Elapsed validation time:0.23s
[MiniBooNE] [Epoch=151] Train Loss=[QuantLoss=0.06604]Val loss = [QuantLoss=0.02825][QuantReg:0.60182]
[MiniBooNE] Starting epoch 152...
[MiniBooNE] Elapsed training time:2.40s
[MiniBooNE] Starting validation...
[MiniBooNE] Elapsed validation time:0.24s
[MiniBooNE] [Epoch=152] Train Loss=[QuantLoss=0.06359]Val loss = [QuantLoss=0.02780][QuantReg:0.60095]
[MiniBooNE] Starting epoch 153...
[MiniBooNE] Elapsed training time:2.42s
[MiniBooNE] Starting validation...
[MiniBooNE] Elapsed validation time:0.23s
[MiniBooNE] [Epoch=153] Train Loss=[QuantLoss=0.06738]Val loss = [QuantLoss=0.02618][QuantReg:0.60052]
[MiniBooNE] Starting epoch 154...
[MiniBooNE] Elapsed training time:2.41s
[MiniBooNE] Starting validation...
[MiniBooNE] Elapsed validation time:0.24s
[MiniBooNE] [Epoch=154] Train Loss=[QuantLoss=0.06559]Val loss = [QuantLoss=0.02606][QuantReg:0.60260]
[MiniBooNE] Starting epoch 155...
[MiniBooNE] Elapsed training time:2.45s
[MiniBooNE] Starting validation...
[MiniBooNE] Elapsed validation time:0.23s
[MiniBooNE] [Epoch=155] Train Loss=[QuantLoss=0.06897]Val loss = [QuantLoss=0.02637][QuantReg:0.60118]
[MiniBooNE] Starting epoch 156...
[MiniBooNE] Elapsed training time:2.40s
[MiniBooNE] Starting validation...
[MiniBooNE] Elapsed validation time:0.24s
[MiniBooNE] [Epoch=156] Train Loss=[QuantLoss=0.06610]Val loss = [QuantLoss=0.02542][QuantReg:0.60217]
[MiniBooNE] Starting epoch 157...
[MiniBooNE] Elapsed training time:2.47s
[MiniBooNE] Starting validation...
[MiniBooNE] Elapsed validation time:0.24s
[MiniBooNE] [Epoch=157] Train Loss=[QuantLoss=0.06564]Val loss = [QuantLoss=0.02594][QuantReg:0.60146]
[MiniBooNE] Starting epoch 158...
[MiniBooNE] Elapsed training time:2.44s
[MiniBooNE] Starting validation...
[MiniBooNE] Elapsed validation time:0.24s
[MiniBooNE] [Epoch=158] Train Loss=[QuantLoss=0.06708]Val loss = [QuantLoss=0.02386][QuantReg:0.60092]
[MiniBooNE] Starting epoch 159...
[MiniBooNE] Elapsed training time:2.45s
[MiniBooNE] Starting validation...
[MiniBooNE] Elapsed validation time:0.23s
[MiniBooNE] [Epoch=159] Train Loss=[QuantLoss=0.06899]Val loss = [QuantLoss=0.02439][QuantReg:0.60170]
[MiniBooNE] Starting epoch 160...
[MiniBooNE] Elapsed training time:2.41s
[MiniBooNE] Starting validation...
[MiniBooNE] Elapsed validation time:0.23s
[MiniBooNE] [Epoch=160] Train Loss=[QuantLoss=0.06617]Val loss = [QuantLoss=0.02693][QuantReg:0.60147]
[MiniBooNE] Starting epoch 161...
[MiniBooNE] Elapsed training time:2.39s
[MiniBooNE] Starting validation...
[MiniBooNE] Elapsed validation time:0.24s
[MiniBooNE] [Epoch=161] Train Loss=[QuantLoss=0.06508]Val loss = [QuantLoss=0.02481][QuantReg:0.59736]
[MiniBooNE] Starting epoch 162...
[MiniBooNE] Elapsed training time:2.43s
[MiniBooNE] Starting validation...
[MiniBooNE] Elapsed validation time:0.24s
[MiniBooNE] [Epoch=162] Train Loss=[QuantLoss=0.06287]Val loss = [QuantLoss=0.02738][QuantReg:0.60027]
[MiniBooNE] Starting epoch 163...
[MiniBooNE] Elapsed training time:2.42s
[MiniBooNE] Starting validation...
[MiniBooNE] Elapsed validation time:0.22s
[MiniBooNE] [Epoch=163] Train Loss=[QuantLoss=0.06509]Val loss = [QuantLoss=0.02934][QuantReg:0.60019]
[MiniBooNE] Starting epoch 164...
[MiniBooNE] Elapsed training time:2.37s
[MiniBooNE] Starting validation...
[MiniBooNE] Elapsed validation time:0.23s
[MiniBooNE] [Epoch=164] Train Loss=[QuantLoss=0.06432]Val loss = [QuantLoss=0.02584][QuantReg:0.60016]
[MiniBooNE] Starting epoch 165...
[MiniBooNE] Elapsed training time:2.46s
[MiniBooNE] Starting validation...
[MiniBooNE] Elapsed validation time:0.23s
[MiniBooNE] [Epoch=165] Train Loss=[QuantLoss=0.06198]Val loss = [QuantLoss=0.02474][QuantReg:0.59826]
[MiniBooNE] Starting epoch 166...
[MiniBooNE] Elapsed training time:2.42s
[MiniBooNE] Starting validation...
[MiniBooNE] Elapsed validation time:0.23s
[MiniBooNE] [Epoch=166] Train Loss=[QuantLoss=0.06396]Val loss = [QuantLoss=0.02991][QuantReg:0.59789]
[MiniBooNE] Starting epoch 167...
[MiniBooNE] Elapsed training time:2.38s
[MiniBooNE] Starting validation...
[MiniBooNE] Elapsed validation time:0.22s
[MiniBooNE] [Epoch=167] Train Loss=[QuantLoss=0.06357]Val loss = [QuantLoss=0.02581][QuantReg:0.59829]
[MiniBooNE] Starting epoch 168...
[MiniBooNE] Elapsed training time:2.44s
[MiniBooNE] Starting validation...
[MiniBooNE] Elapsed validation time:0.24s
[MiniBooNE] [Epoch=168] Train Loss=[QuantLoss=0.06479]Val loss = [QuantLoss=0.02772][QuantReg:0.59918]
[MiniBooNE] Starting epoch 169...
[MiniBooNE] Elapsed training time:2.43s
[MiniBooNE] Starting validation...
[MiniBooNE] Elapsed validation time:0.23s
[MiniBooNE] [Epoch=169] Train Loss=[QuantLoss=0.06279]Val loss = [QuantLoss=0.02916][QuantReg:0.59979]
[MiniBooNE] Starting epoch 170...
[MiniBooNE] Elapsed training time:2.41s
[MiniBooNE] Starting validation...
[MiniBooNE] Elapsed validation time:0.23s
[MiniBooNE] [Epoch=170] Train Loss=[QuantLoss=0.06443]Val loss = [QuantLoss=0.02762][QuantReg:0.59906]
[MiniBooNE] Starting epoch 171...
[MiniBooNE] Elapsed training time:2.41s
[MiniBooNE] Starting validation...
[MiniBooNE] Elapsed validation time:0.22s
[MiniBooNE] [Epoch=171] Train Loss=[QuantLoss=0.06494]Val loss = [QuantLoss=0.02579][QuantReg:0.59818]
[MiniBooNE] Starting epoch 172...
[MiniBooNE] Elapsed training time:2.42s
[MiniBooNE] Starting validation...
[MiniBooNE] Elapsed validation time:0.23s
[MiniBooNE] [Epoch=172] Train Loss=[QuantLoss=0.06413]Val loss = [QuantLoss=0.02810][QuantReg:0.59583]
[MiniBooNE] Starting epoch 173...
[MiniBooNE] Elapsed training time:2.44s
[MiniBooNE] Starting validation...
[MiniBooNE] Elapsed validation time:0.24s
[MiniBooNE] [Epoch=173] Train Loss=[QuantLoss=0.06284]Val loss = [QuantLoss=0.02705][QuantReg:0.59717]
[MiniBooNE] Starting epoch 174...
[MiniBooNE] Elapsed training time:2.39s
[MiniBooNE] Starting validation...
[MiniBooNE] Elapsed validation time:0.24s
[MiniBooNE] [Epoch=174] Train Loss=[QuantLoss=0.06586]Val loss = [QuantLoss=0.02521][QuantReg:0.59832]
[MiniBooNE] Starting epoch 175...
[MiniBooNE] Elapsed training time:2.40s
[MiniBooNE] Starting validation...
[MiniBooNE] Elapsed validation time:0.24s
[MiniBooNE] [Epoch=175] Train Loss=[QuantLoss=0.06450]Val loss = [QuantLoss=0.02732][QuantReg:0.59786]
[MiniBooNE] Starting epoch 176...
[MiniBooNE] Elapsed training time:2.43s
[MiniBooNE] Starting validation...
[MiniBooNE] Elapsed validation time:0.25s
[MiniBooNE] [Epoch=176] Train Loss=[QuantLoss=0.06318]Val loss = [QuantLoss=0.02673][QuantReg:0.59788]
[MiniBooNE] Starting epoch 177...
[MiniBooNE] Elapsed training time:2.43s
[MiniBooNE] Starting validation...
[MiniBooNE] Elapsed validation time:0.24s
[MiniBooNE] [Epoch=177] Train Loss=[QuantLoss=0.06220]Val loss = [QuantLoss=0.02763][QuantReg:0.59677]
[MiniBooNE] Starting epoch 178...
[MiniBooNE] Elapsed training time:2.41s
[MiniBooNE] Starting validation...
[MiniBooNE] Elapsed validation time:0.23s
[MiniBooNE] [Epoch=178] Train Loss=[QuantLoss=0.06319]Val loss = [QuantLoss=0.02776][QuantReg:0.59735]
[MiniBooNE] Starting epoch 179...
[MiniBooNE] Elapsed training time:2.46s
[MiniBooNE] Starting validation...
[MiniBooNE] Elapsed validation time:0.30s
[MiniBooNE] [Epoch=179] Train Loss=[QuantLoss=0.06329]Val loss = [QuantLoss=0.02693][QuantReg:0.59773]
[MiniBooNE] Starting epoch 180...
[MiniBooNE] Elapsed training time:2.35s
[MiniBooNE] Starting validation...
[MiniBooNE] Elapsed validation time:0.15s
[MiniBooNE] [Epoch=180] Train Loss=[QuantLoss=0.06504]Val loss = [QuantLoss=0.02672][QuantReg:0.59794]
[MiniBooNE] Starting epoch 181...
[MiniBooNE] Elapsed training time:2.32s
[MiniBooNE] Starting validation...
[MiniBooNE] Elapsed validation time:0.15s
[MiniBooNE] [Epoch=181] Train Loss=[QuantLoss=0.06237]Val loss = [QuantLoss=0.02533][QuantReg:0.59838]
[MiniBooNE] Starting epoch 182...
[MiniBooNE] Elapsed training time:2.33s
[MiniBooNE] Starting validation...
[MiniBooNE] Elapsed validation time:0.16s
[MiniBooNE] [Epoch=182] Train Loss=[QuantLoss=0.06233]Val loss = [QuantLoss=0.02529][QuantReg:0.59909]
[MiniBooNE] Starting epoch 183...
[MiniBooNE] Elapsed training time:2.40s
[MiniBooNE] Starting validation...
[MiniBooNE] Elapsed validation time:0.15s
[MiniBooNE] [Epoch=183] Train Loss=[QuantLoss=0.06333]Val loss = [QuantLoss=0.02712][QuantReg:0.59795]
[MiniBooNE] Starting epoch 184...
[MiniBooNE] Elapsed training time:2.38s
[MiniBooNE] Starting validation...
[MiniBooNE] Elapsed validation time:0.14s
[MiniBooNE] [Epoch=184] Train Loss=[QuantLoss=0.06317]Val loss = [QuantLoss=0.02812][QuantReg:0.59731]
[MiniBooNE] Starting epoch 185...
[MiniBooNE] Elapsed training time:2.40s
[MiniBooNE] Starting validation...
[MiniBooNE] Elapsed validation time:0.15s
[MiniBooNE] [Epoch=185] Train Loss=[QuantLoss=0.06583]Val loss = [QuantLoss=0.02629][QuantReg:0.59770]
[MiniBooNE] Starting epoch 186...
[MiniBooNE] Elapsed training time:2.32s
[MiniBooNE] Starting validation...
[MiniBooNE] Elapsed validation time:0.15s
[MiniBooNE] [Epoch=186] Train Loss=[QuantLoss=0.06396]Val loss = [QuantLoss=0.02659][QuantReg:0.59685]
[MiniBooNE] Starting epoch 187...
[MiniBooNE] Elapsed training time:2.39s
[MiniBooNE] Starting validation...
[MiniBooNE] Elapsed validation time:0.15s
[MiniBooNE] [Epoch=187] Train Loss=[QuantLoss=0.06518]Val loss = [QuantLoss=0.02968][QuantReg:0.59604]
[MiniBooNE] Starting epoch 188...
[MiniBooNE] Elapsed training time:2.35s
[MiniBooNE] Starting validation...
[MiniBooNE] Elapsed validation time:0.15s
[MiniBooNE] [Epoch=188] Train Loss=[QuantLoss=0.06352]Val loss = [QuantLoss=0.02583][QuantReg:0.59773]
[MiniBooNE] Starting epoch 189...
[MiniBooNE] Elapsed training time:2.35s
[MiniBooNE] Starting validation...
[MiniBooNE] Elapsed validation time:0.14s
[MiniBooNE] [Epoch=189] Train Loss=[QuantLoss=0.06528]Val loss = [QuantLoss=0.02900][QuantReg:0.59616]
[MiniBooNE] Starting epoch 190...
[MiniBooNE] Elapsed training time:2.37s
[MiniBooNE] Starting validation...
[MiniBooNE] Elapsed validation time:0.15s
[MiniBooNE] [Epoch=190] Train Loss=[QuantLoss=0.06330]Val loss = [QuantLoss=0.02464][QuantReg:0.59808]
[MiniBooNE] Starting epoch 191...
[MiniBooNE] Elapsed training time:2.43s
[MiniBooNE] Starting validation...
[MiniBooNE] Elapsed validation time:0.15s
[MiniBooNE] [Epoch=191] Train Loss=[QuantLoss=0.06503]Val loss = [QuantLoss=0.02692][QuantReg:0.59585]
[MiniBooNE] Starting epoch 192...
[MiniBooNE] Elapsed training time:2.41s
[MiniBooNE] Starting validation...
[MiniBooNE] Elapsed validation time:0.15s
[MiniBooNE] [Epoch=192] Train Loss=[QuantLoss=0.06447]Val loss = [QuantLoss=0.02731][QuantReg:0.59663]
[MiniBooNE] Starting epoch 193...
[MiniBooNE] Elapsed training time:2.40s
[MiniBooNE] Starting validation...
[MiniBooNE] Elapsed validation time:0.14s
[MiniBooNE] [Epoch=193] Train Loss=[QuantLoss=0.06159]Val loss = [QuantLoss=0.02633][QuantReg:0.59509]
[MiniBooNE] Starting epoch 194...
[MiniBooNE] Elapsed training time:2.37s
[MiniBooNE] Starting validation...
[MiniBooNE] Elapsed validation time:0.15s
[MiniBooNE] [Epoch=194] Train Loss=[QuantLoss=0.06149]Val loss = [QuantLoss=0.02787][QuantReg:0.59800]
[MiniBooNE] Starting epoch 195...
[MiniBooNE] Elapsed training time:2.36s
[MiniBooNE] Starting validation...
[MiniBooNE] Elapsed validation time:0.15s
[MiniBooNE] [Epoch=195] Train Loss=[QuantLoss=0.06267]Val loss = [QuantLoss=0.02773][QuantReg:0.59779]
[MiniBooNE] Starting epoch 196...
[MiniBooNE] Elapsed training time:2.39s
[MiniBooNE] Starting validation...
[MiniBooNE] Elapsed validation time:0.14s
[MiniBooNE] [Epoch=196] Train Loss=[QuantLoss=0.06300]Val loss = [QuantLoss=0.02521][QuantReg:0.59762]
[MiniBooNE] Starting epoch 197...
[MiniBooNE] Elapsed training time:2.35s
[MiniBooNE] Starting validation...
[MiniBooNE] Elapsed validation time:0.15s
[MiniBooNE] [Epoch=197] Train Loss=[QuantLoss=0.06425]Val loss = [QuantLoss=0.02619][QuantReg:0.59654]
[MiniBooNE] Starting epoch 198...
[MiniBooNE] Elapsed training time:2.32s
[MiniBooNE] Starting validation...
[MiniBooNE] Elapsed validation time:0.14s
[MiniBooNE] [Epoch=198] Train Loss=[QuantLoss=0.06115]Val loss = [QuantLoss=0.02498][QuantReg:0.59563]
[MiniBooNE] Starting epoch 199...
[MiniBooNE] Elapsed training time:2.34s
[MiniBooNE] Starting validation...
[MiniBooNE] Elapsed validation time:0.16s
[MiniBooNE] [Epoch=199] Train Loss=[QuantLoss=0.06391]Val loss = [QuantLoss=0.02746][QuantReg:0.59780]
[MiniBooNE] Starting epoch 200...
[MiniBooNE] Elapsed training time:2.35s
[MiniBooNE] Starting validation...
[MiniBooNE] Elapsed validation time:0.14s
[MiniBooNE] [Epoch=200] Train Loss=[QuantLoss=0.06172]Val loss = [QuantLoss=0.02591][QuantReg:0.59649]
[MiniBooNE] Starting epoch 201...
[MiniBooNE] Elapsed training time:2.36s
[MiniBooNE] Starting validation...
[MiniBooNE] Elapsed validation time:0.15s
[MiniBooNE] [Epoch=201] Train Loss=[QuantLoss=0.06344]Val loss = [QuantLoss=0.02568][QuantReg:0.59617]
[MiniBooNE] Starting epoch 202...
[MiniBooNE] Elapsed training time:2.41s
[MiniBooNE] Starting validation...
[MiniBooNE] Elapsed validation time:0.15s
[MiniBooNE] [Epoch=202] Train Loss=[QuantLoss=0.06346]Val loss = [QuantLoss=0.02761][QuantReg:0.59636]
[MiniBooNE] Early stopping in epoch 202!
[MiniBooNE] Restoring best model...
MAE médio por bag: 0.0291 ± 0.0245
Resultados, incluindo predições, salvos em: resultados_miniboone/resultados_miniboone_l1_hardest_5.csv
