Dataset: miniboone
Dificuldade: metric=kl, mode=hardest, top_k=None
Rodada: 2
Salvar resultados em: resultados_miniboone
Dispositivo de treino: cpu
Baixando e preparando o dataset MiniBooNE...
Dataset MiniBooNE pronto.
Ignoring val_split as train and val datasets where given to fit function
We have two datasets: training 155457 examples. validation 25900 examples.]
Using device cpu
[MiniBooNE] Starting epoch 0...
[MiniBooNE] Elapsed training time:2.30s
[MiniBooNE] Starting validation...
[MiniBooNE] Elapsed validation time:0.23s
[MiniBooNE] [Epoch=000] Train Loss=[QuantLoss=0.11316]Val loss = [QuantLoss=0.30664][QuantReg:0.69406][saved best model in this epoch]
[MiniBooNE] Starting epoch 1...
[MiniBooNE] Elapsed training time:2.36s
[MiniBooNE] Starting validation...
[MiniBooNE] Elapsed validation time:0.23s
[MiniBooNE] [Epoch=001] Train Loss=[QuantLoss=0.07108]Val loss = [QuantLoss=0.23772][QuantReg:0.76857][saved best model in this epoch]
[MiniBooNE] Starting epoch 2...
[MiniBooNE] Elapsed training time:2.39s
[MiniBooNE] Starting validation...
[MiniBooNE] Elapsed validation time:0.24s
[MiniBooNE] [Epoch=002] Train Loss=[QuantLoss=0.11427]Val loss = [QuantLoss=0.29823][QuantReg:0.70237]
[MiniBooNE] Starting epoch 3...
[MiniBooNE] Elapsed training time:2.32s
[MiniBooNE] Starting validation...
[MiniBooNE] Elapsed validation time:0.23s
[MiniBooNE] [Epoch=003] Train Loss=[QuantLoss=0.13646]Val loss = [QuantLoss=0.14891][QuantReg:0.66392][saved best model in this epoch]
[MiniBooNE] Starting epoch 4...
[MiniBooNE] Elapsed training time:2.32s
[MiniBooNE] Starting validation...
[MiniBooNE] Elapsed validation time:0.24s
[MiniBooNE] [Epoch=004] Train Loss=[QuantLoss=0.13227]Val loss = [QuantLoss=0.18681][QuantReg:0.70547]
[MiniBooNE] Starting epoch 5...
[MiniBooNE] Elapsed training time:2.39s
[MiniBooNE] Starting validation...
[MiniBooNE] Elapsed validation time:0.14s
[MiniBooNE] [Epoch=005] Train Loss=[QuantLoss=0.11977]Val loss = [QuantLoss=0.20058][QuantReg:0.74505]
[MiniBooNE] Starting epoch 6...
[MiniBooNE] Elapsed training time:2.24s
[MiniBooNE] Starting validation...
[MiniBooNE] Elapsed validation time:0.14s
[MiniBooNE] [Epoch=006] Train Loss=[QuantLoss=0.11202]Val loss = [QuantLoss=0.17847][QuantReg:0.71933]
[MiniBooNE] Starting epoch 7...
[MiniBooNE] Elapsed training time:2.29s
[MiniBooNE] Starting validation...
[MiniBooNE] Elapsed validation time:0.15s
[MiniBooNE] [Epoch=007] Train Loss=[QuantLoss=0.11539]Val loss = [QuantLoss=0.18816][QuantReg:0.68612]
[MiniBooNE] Starting epoch 8...
[MiniBooNE] Elapsed training time:2.25s
[MiniBooNE] Starting validation...
[MiniBooNE] Elapsed validation time:0.16s
[MiniBooNE] [Epoch=008] Train Loss=[QuantLoss=0.11939]Val loss = [QuantLoss=0.13554][QuantReg:0.67864][saved best model in this epoch]
[MiniBooNE] Starting epoch 9...
[MiniBooNE] Elapsed training time:2.24s
[MiniBooNE] Starting validation...
[MiniBooNE] Elapsed validation time:0.16s
[MiniBooNE] [Epoch=009] Train Loss=[QuantLoss=0.11398]Val loss = [QuantLoss=0.16670][QuantReg:0.67430]
[MiniBooNE] Starting epoch 10...
[MiniBooNE] Elapsed training time:2.30s
[MiniBooNE] Starting validation...
[MiniBooNE] Elapsed validation time:0.15s
[MiniBooNE] [Epoch=010] Train Loss=[QuantLoss=0.11578]Val loss = [QuantLoss=0.12580][QuantReg:0.69287][saved best model in this epoch]
[MiniBooNE] Starting epoch 11...
[MiniBooNE] Elapsed training time:2.26s
[MiniBooNE] Starting validation...
[MiniBooNE] Elapsed validation time:0.15s
[MiniBooNE] [Epoch=011] Train Loss=[QuantLoss=0.10971]Val loss = [QuantLoss=0.18067][QuantReg:0.67948]
[MiniBooNE] Starting epoch 12...
[MiniBooNE] Elapsed training time:2.27s
[MiniBooNE] Starting validation...
[MiniBooNE] Elapsed validation time:0.14s
[MiniBooNE] [Epoch=012] Train Loss=[QuantLoss=0.11126]Val loss = [QuantLoss=0.22643][QuantReg:0.63341]
[MiniBooNE] Starting epoch 13...
[MiniBooNE] Elapsed training time:2.27s
[MiniBooNE] Starting validation...
[MiniBooNE] Elapsed validation time:0.16s
[MiniBooNE] [Epoch=013] Train Loss=[QuantLoss=0.10070]Val loss = [QuantLoss=0.20006][QuantReg:0.58955]
[MiniBooNE] Starting epoch 14...
[MiniBooNE] Elapsed training time:2.36s
[MiniBooNE] Starting validation...
[MiniBooNE] Elapsed validation time:0.15s
[MiniBooNE] [Epoch=014] Train Loss=[QuantLoss=0.09916]Val loss = [QuantLoss=0.18642][QuantReg:0.59537]
[MiniBooNE] Starting epoch 15...
[MiniBooNE] Elapsed training time:2.30s
[MiniBooNE] Starting validation...
[MiniBooNE] Elapsed validation time:0.15s
[MiniBooNE] [Epoch=015] Train Loss=[QuantLoss=0.10918]Val loss = [QuantLoss=0.29961][QuantReg:0.62096]
[MiniBooNE] Starting epoch 16...
[MiniBooNE] Elapsed training time:2.35s
[MiniBooNE] Starting validation...
[MiniBooNE] Elapsed validation time:0.15s
[MiniBooNE] [Epoch=016] Train Loss=[QuantLoss=0.10900]Val loss = [QuantLoss=0.21425][QuantReg:0.63451]
[MiniBooNE] Starting epoch 17...
[MiniBooNE] Elapsed training time:2.32s
[MiniBooNE] Starting validation...
[MiniBooNE] Elapsed validation time:0.15s
[MiniBooNE] [Epoch=017] Train Loss=[QuantLoss=0.10724]Val loss = [QuantLoss=0.20185][QuantReg:0.65769]
[MiniBooNE] Starting epoch 18...
[MiniBooNE] Elapsed training time:2.33s
[MiniBooNE] Starting validation...
[MiniBooNE] Elapsed validation time:0.16s
[MiniBooNE] [Epoch=018] Train Loss=[QuantLoss=0.10021]Val loss = [QuantLoss=0.14208][QuantReg:0.66742]
[MiniBooNE] Starting epoch 19...
[MiniBooNE] Elapsed training time:2.36s
[MiniBooNE] Starting validation...
[MiniBooNE] Elapsed validation time:0.15s
[MiniBooNE] [Epoch=019] Train Loss=[QuantLoss=0.10748]Val loss = [QuantLoss=0.11000][QuantReg:0.65138][saved best model in this epoch]
[MiniBooNE] Starting epoch 20...
[MiniBooNE] Elapsed training time:2.39s
[MiniBooNE] Starting validation...
[MiniBooNE] Elapsed validation time:0.14s
[MiniBooNE] [Epoch=020] Train Loss=[QuantLoss=0.10126]Val loss = [QuantLoss=0.12773][QuantReg:0.63586]
[MiniBooNE] Starting epoch 21...
[MiniBooNE] Elapsed training time:2.26s
[MiniBooNE] Starting validation...
[MiniBooNE] Elapsed validation time:0.16s
[MiniBooNE] [Epoch=021] Train Loss=[QuantLoss=0.09681]Val loss = [QuantLoss=0.10343][QuantReg:0.62385][saved best model in this epoch]
[MiniBooNE] Starting epoch 22...
[MiniBooNE] Elapsed training time:2.28s
[MiniBooNE] Starting validation...
[MiniBooNE] Elapsed validation time:0.15s
[MiniBooNE] [Epoch=022] Train Loss=[QuantLoss=0.10847]Val loss = [QuantLoss=0.07547][QuantReg:0.63636][saved best model in this epoch]
[MiniBooNE] Starting epoch 23...
[MiniBooNE] Elapsed training time:2.29s
[MiniBooNE] Starting validation...
[MiniBooNE] Elapsed validation time:0.15s
[MiniBooNE] [Epoch=023] Train Loss=[QuantLoss=0.11070]Val loss = [QuantLoss=0.19551][QuantReg:0.63041]
[MiniBooNE] Starting epoch 24...
[MiniBooNE] Elapsed training time:2.29s
[MiniBooNE] Starting validation...
[MiniBooNE] Elapsed validation time:0.15s
[MiniBooNE] [Epoch=024] Train Loss=[QuantLoss=0.09084]Val loss = [QuantLoss=0.19160][QuantReg:0.63081]
[MiniBooNE] Starting epoch 25...
[MiniBooNE] Elapsed training time:2.30s
[MiniBooNE] Starting validation...
[MiniBooNE] Elapsed validation time:0.16s
[MiniBooNE] [Epoch=025] Train Loss=[QuantLoss=0.09043]Val loss = [QuantLoss=0.07173][QuantReg:0.63815][saved best model in this epoch]
[MiniBooNE] Starting epoch 26...
[MiniBooNE] Elapsed training time:2.33s
[MiniBooNE] Starting validation...
[MiniBooNE] Elapsed validation time:0.15s
[MiniBooNE] [Epoch=026] Train Loss=[QuantLoss=0.10908]Val loss = [QuantLoss=0.09016][QuantReg:0.64215]
[MiniBooNE] Starting epoch 27...
[MiniBooNE] Elapsed training time:2.39s
[MiniBooNE] Starting validation...
[MiniBooNE] Elapsed validation time:0.15s
[MiniBooNE] [Epoch=027] Train Loss=[QuantLoss=0.09061]Val loss = [QuantLoss=0.06150][QuantReg:0.63651][saved best model in this epoch]
[MiniBooNE] Starting epoch 28...
[MiniBooNE] Elapsed training time:2.24s
[MiniBooNE] Starting validation...
[MiniBooNE] Elapsed validation time:0.15s
[MiniBooNE] [Epoch=028] Train Loss=[QuantLoss=0.08363]Val loss = [QuantLoss=0.05302][QuantReg:0.62479][saved best model in this epoch]
[MiniBooNE] Starting epoch 29...
[MiniBooNE] Elapsed training time:2.35s
[MiniBooNE] Starting validation...
[MiniBooNE] Elapsed validation time:0.15s
[MiniBooNE] [Epoch=029] Train Loss=[QuantLoss=0.10143]Val loss = [QuantLoss=0.33675][QuantReg:0.61690]
[MiniBooNE] Starting epoch 30...
[MiniBooNE] Elapsed training time:2.27s
[MiniBooNE] Starting validation...
[MiniBooNE] Elapsed validation time:0.14s
[MiniBooNE] [Epoch=030] Train Loss=[QuantLoss=0.07317]Val loss = [QuantLoss=0.10757][QuantReg:0.61977]
[MiniBooNE] Starting epoch 31...
[MiniBooNE] Elapsed training time:2.31s
[MiniBooNE] Starting validation...
[MiniBooNE] Elapsed validation time:0.14s
[MiniBooNE] [Epoch=031] Train Loss=[QuantLoss=0.08759]Val loss = [QuantLoss=0.08379][QuantReg:0.61803]
[MiniBooNE] Starting epoch 32...
[MiniBooNE] Elapsed training time:2.29s
[MiniBooNE] Starting validation...
[MiniBooNE] Elapsed validation time:0.14s
[MiniBooNE] [Epoch=032] Train Loss=[QuantLoss=0.09501]Val loss = [QuantLoss=0.04595][QuantReg:0.60933][saved best model in this epoch]
[MiniBooNE] Starting epoch 33...
[MiniBooNE] Elapsed training time:2.37s
[MiniBooNE] Starting validation...
[MiniBooNE] Elapsed validation time:0.15s
[MiniBooNE] [Epoch=033] Train Loss=[QuantLoss=0.08759]Val loss = [QuantLoss=0.06735][QuantReg:0.60723]
[MiniBooNE] Starting epoch 34...
[MiniBooNE] Elapsed training time:2.30s
[MiniBooNE] Starting validation...
[MiniBooNE] Elapsed validation time:0.24s
[MiniBooNE] [Epoch=034] Train Loss=[QuantLoss=0.09651]Val loss = [QuantLoss=0.04462][QuantReg:0.60044][saved best model in this epoch]
[MiniBooNE] Starting epoch 35...
[MiniBooNE] Elapsed training time:2.33s
[MiniBooNE] Starting validation...
[MiniBooNE] Elapsed validation time:0.15s
[MiniBooNE] [Epoch=035] Train Loss=[QuantLoss=0.07326]Val loss = [QuantLoss=0.03974][QuantReg:0.58760][saved best model in this epoch]
[MiniBooNE] Starting epoch 36...
[MiniBooNE] Elapsed training time:2.30s
[MiniBooNE] Starting validation...
[MiniBooNE] Elapsed validation time:0.23s
[MiniBooNE] [Epoch=036] Train Loss=[QuantLoss=0.07820]Val loss = [QuantLoss=0.09202][QuantReg:0.58658]
[MiniBooNE] Starting epoch 37...
[MiniBooNE] Elapsed training time:2.37s
[MiniBooNE] Starting validation...
[MiniBooNE] Elapsed validation time:0.24s
[MiniBooNE] [Epoch=037] Train Loss=[QuantLoss=0.07728]Val loss = [QuantLoss=0.13417][QuantReg:0.59624]
[MiniBooNE] Starting epoch 38...
[MiniBooNE] Elapsed training time:2.36s
[MiniBooNE] Starting validation...
[MiniBooNE] Elapsed validation time:0.23s
[MiniBooNE] [Epoch=038] Train Loss=[QuantLoss=0.06531]Val loss = [QuantLoss=0.05924][QuantReg:0.60163]
[MiniBooNE] Starting epoch 39...
[MiniBooNE] Elapsed training time:2.33s
[MiniBooNE] Starting validation...
[MiniBooNE] Elapsed validation time:0.23s
[MiniBooNE] [Epoch=039] Train Loss=[QuantLoss=0.07517]Val loss = [QuantLoss=0.13751][QuantReg:0.60196]
[MiniBooNE] Starting epoch 40...
[MiniBooNE] Elapsed training time:2.29s
[MiniBooNE] Starting validation...
[MiniBooNE] Elapsed validation time:0.22s
[MiniBooNE] [Epoch=040] Train Loss=[QuantLoss=0.08689]Val loss = [QuantLoss=0.10279][QuantReg:0.60207]
[MiniBooNE] Starting epoch 41...
[MiniBooNE] Elapsed training time:2.40s
[MiniBooNE] Starting validation...
[MiniBooNE] Elapsed validation time:0.24s
[MiniBooNE] [Epoch=041] Train Loss=[QuantLoss=0.10458]Val loss = [QuantLoss=0.11298][QuantReg:0.59151]
[MiniBooNE] Starting epoch 42...
[MiniBooNE] Elapsed training time:2.37s
[MiniBooNE] Starting validation...
[MiniBooNE] Elapsed validation time:0.23s
[MiniBooNE] [Epoch=042] Train Loss=[QuantLoss=0.08234]Val loss = [QuantLoss=0.16262][QuantReg:0.60569]
[MiniBooNE] Starting epoch 43...
[MiniBooNE] Elapsed training time:2.32s
[MiniBooNE] Starting validation...
[MiniBooNE] Elapsed validation time:0.25s
[MiniBooNE] [Epoch=043] Train Loss=[QuantLoss=0.07496]Val loss = [QuantLoss=0.27578][QuantReg:0.61054]
[MiniBooNE] Starting epoch 44...
[MiniBooNE] Elapsed training time:2.35s
[MiniBooNE] Starting validation...
[MiniBooNE] Elapsed validation time:0.22s
[MiniBooNE] [Epoch=044] Train Loss=[QuantLoss=0.07491]Val loss = [QuantLoss=0.17621][QuantReg:0.59756]
[MiniBooNE] Starting epoch 45...
[MiniBooNE] Elapsed training time:2.36s
[MiniBooNE] Starting validation...
[MiniBooNE] Elapsed validation time:0.23s
[MiniBooNE] [Epoch=045] Train Loss=[QuantLoss=0.08433]Val loss = [QuantLoss=0.18278][QuantReg:0.60245]
[MiniBooNE] Starting epoch 46...
[MiniBooNE] Elapsed training time:2.31s
[MiniBooNE] Starting validation...
[MiniBooNE] Elapsed validation time:0.23s
[MiniBooNE] [Epoch=046] Train Loss=[QuantLoss=0.08097]Val loss = [QuantLoss=0.05155][QuantReg:0.59939]
[MiniBooNE] Starting epoch 47...
[MiniBooNE] Elapsed training time:2.36s
[MiniBooNE] Starting validation...
[MiniBooNE] Elapsed validation time:0.23s
[MiniBooNE] [Epoch=047] Train Loss=[QuantLoss=0.08793]Val loss = [QuantLoss=0.03771][QuantReg:0.59651][saved best model in this epoch]
[MiniBooNE] Starting epoch 48...
[MiniBooNE] Elapsed training time:2.37s
[MiniBooNE] Starting validation...
[MiniBooNE] Elapsed validation time:0.23s
[MiniBooNE] [Epoch=048] Train Loss=[QuantLoss=0.08651]Val loss = [QuantLoss=0.03815][QuantReg:0.59324]
[MiniBooNE] Starting epoch 49...
[MiniBooNE] Elapsed training time:2.33s
[MiniBooNE] Starting validation...
[MiniBooNE] Elapsed validation time:0.23s
[MiniBooNE] [Epoch=049] Train Loss=[QuantLoss=0.08382]Val loss = [QuantLoss=0.11491][QuantReg:0.60948]
[MiniBooNE] Starting epoch 50...
[MiniBooNE] Elapsed training time:2.35s
[MiniBooNE] Starting validation...
[MiniBooNE] Elapsed validation time:0.23s
[MiniBooNE] [Epoch=050] Train Loss=[QuantLoss=0.09516]Val loss = [QuantLoss=0.04908][QuantReg:0.61701]
[MiniBooNE] Starting epoch 51...
[MiniBooNE] Elapsed training time:2.37s
[MiniBooNE] Starting validation...
[MiniBooNE] Elapsed validation time:0.25s
[MiniBooNE] [Epoch=051] Train Loss=[QuantLoss=0.07964]Val loss = [QuantLoss=0.25690][QuantReg:0.61468]
[MiniBooNE] Starting epoch 52...
[MiniBooNE] Elapsed training time:2.42s
[MiniBooNE] Starting validation...
[MiniBooNE] Elapsed validation time:0.24s
[MiniBooNE] [Epoch=052] Train Loss=[QuantLoss=0.06780]Val loss = [QuantLoss=0.21157][QuantReg:0.61762]
[MiniBooNE] Starting epoch 53...
[MiniBooNE] Elapsed training time:2.31s
[MiniBooNE] Starting validation...
[MiniBooNE] Elapsed validation time:0.23s
[MiniBooNE] [Epoch=053] Train Loss=[QuantLoss=0.06096]Val loss = [QuantLoss=0.19867][QuantReg:0.61807]
[MiniBooNE] Starting epoch 54...
[MiniBooNE] Elapsed training time:2.38s
[MiniBooNE] Starting validation...
[MiniBooNE] Elapsed validation time:0.23s
[MiniBooNE] [Epoch=054] Train Loss=[QuantLoss=0.08384]Val loss = [QuantLoss=0.30651][QuantReg:0.61298]
[MiniBooNE] Starting epoch 55...
[MiniBooNE] Elapsed training time:2.37s
[MiniBooNE] Starting validation...
[MiniBooNE] Elapsed validation time:0.23s
[MiniBooNE] [Epoch=055] Train Loss=[QuantLoss=0.06725]Val loss = [QuantLoss=0.18819][QuantReg:0.60544]
[MiniBooNE] Starting epoch 56...
[MiniBooNE] Elapsed training time:2.35s
[MiniBooNE] Starting validation...
[MiniBooNE] Elapsed validation time:0.23s
[MiniBooNE] [Epoch=056] Train Loss=[QuantLoss=0.09002]Val loss = [QuantLoss=0.25081][QuantReg:0.61625]
[MiniBooNE] Starting epoch 57...
[MiniBooNE] Elapsed training time:2.35s
[MiniBooNE] Starting validation...
[MiniBooNE] Elapsed validation time:0.23s
[MiniBooNE] [Epoch=057] Train Loss=[QuantLoss=0.07203]Val loss = [QuantLoss=0.11722][QuantReg:0.62480]
[MiniBooNE] Starting epoch 58...
[MiniBooNE] Elapsed training time:2.41s
[MiniBooNE] Starting validation...
[MiniBooNE] Elapsed validation time:0.22s
[MiniBooNE] [Epoch=058] Train Loss=[QuantLoss=0.08835]Val loss = [QuantLoss=0.11570][QuantReg:0.62613]
[MiniBooNE] Starting epoch 59...
[MiniBooNE] Elapsed training time:2.34s
[MiniBooNE] Starting validation...
[MiniBooNE] Elapsed validation time:0.24s
[MiniBooNE] [Epoch=059] Train Loss=[QuantLoss=0.09393]Val loss = [QuantLoss=0.24026][QuantReg:0.64309]
[MiniBooNE] Starting epoch 60...
[MiniBooNE] Elapsed training time:2.36s
[MiniBooNE] Starting validation...
[MiniBooNE] Elapsed validation time:0.23s
[MiniBooNE] [Epoch=060] Train Loss=[QuantLoss=0.07919]Val loss = [QuantLoss=0.16569][QuantReg:0.66202]
[MiniBooNE] Starting epoch 61...
[MiniBooNE] Elapsed training time:2.34s
[MiniBooNE] Starting validation...
[MiniBooNE] Elapsed validation time:0.24s
[MiniBooNE] [Epoch=061] Train Loss=[QuantLoss=0.08140]Val loss = [QuantLoss=0.11160][QuantReg:0.66728]
[MiniBooNE] Starting epoch 62...
[MiniBooNE] Elapsed training time:2.40s
[MiniBooNE] Starting validation...
[MiniBooNE] Elapsed validation time:0.23s
[MiniBooNE] [Epoch=062] Train Loss=[QuantLoss=0.08613]Val loss = [QuantLoss=0.16954][QuantReg:0.66926]
[MiniBooNE] Starting epoch 63...
[MiniBooNE] Elapsed training time:2.41s
[MiniBooNE] Starting validation...
[MiniBooNE] Elapsed validation time:0.24s
[MiniBooNE] [Epoch=063] Train Loss=[QuantLoss=0.08473]Val loss = [QuantLoss=0.20632][QuantReg:0.67240]
[MiniBooNE] Starting epoch 64...
[MiniBooNE] Elapsed training time:2.34s
[MiniBooNE] Starting validation...
[MiniBooNE] Elapsed validation time:0.23s
[MiniBooNE] [Epoch=064] Train Loss=[QuantLoss=0.09156]Val loss = [QuantLoss=0.18806][QuantReg:0.68051]
[MiniBooNE] Starting epoch 65...
[MiniBooNE] Elapsed training time:2.32s
[MiniBooNE] Starting validation...
[MiniBooNE] Elapsed validation time:0.23s
[MiniBooNE] [Epoch=065] Train Loss=[QuantLoss=0.06907]Val loss = [QuantLoss=0.19240][QuantReg:0.68126]
[MiniBooNE] Starting epoch 66...
[MiniBooNE] Elapsed training time:2.41s
[MiniBooNE] Starting validation...
[MiniBooNE] Elapsed validation time:0.24s
[MiniBooNE] [Epoch=066] Train Loss=[QuantLoss=0.08948]Val loss = [QuantLoss=0.15181][QuantReg:0.68927]
[MiniBooNE] Starting epoch 67...
[MiniBooNE] Elapsed training time:2.30s
[MiniBooNE] Starting validation...
[MiniBooNE] Elapsed validation time:0.23s
[MiniBooNE] [Epoch=067] Train Loss=[QuantLoss=0.07381]Val loss = [QuantLoss=0.04164][QuantReg:0.67716]
[MiniBooNE] Starting epoch 68...
[MiniBooNE] Elapsed training time:2.32s
[MiniBooNE] Starting validation...
[MiniBooNE] Elapsed validation time:0.23s
[MiniBooNE] [Epoch=068] Train Loss=[QuantLoss=0.08372]Val loss = [QuantLoss=0.03809][QuantReg:0.68005]
[MiniBooNE] Starting epoch 69...
[MiniBooNE] Elapsed training time:2.30s
[MiniBooNE] Starting validation...
[MiniBooNE] Elapsed validation time:0.24s
[MiniBooNE] [Epoch=069] Train Loss=[QuantLoss=0.07741]Val loss = [QuantLoss=0.02917][QuantReg:0.67763][saved best model in this epoch]
[MiniBooNE] Starting epoch 70...
[MiniBooNE] Elapsed training time:2.37s
[MiniBooNE] Starting validation...
[MiniBooNE] Elapsed validation time:0.23s
[MiniBooNE] [Epoch=070] Train Loss=[QuantLoss=0.07624]Val loss = [QuantLoss=0.02560][QuantReg:0.67534][saved best model in this epoch]
[MiniBooNE] Starting epoch 71...
[MiniBooNE] Elapsed training time:2.42s
[MiniBooNE] Starting validation...
[MiniBooNE] Elapsed validation time:0.14s
[MiniBooNE] [Epoch=071] Train Loss=[QuantLoss=0.08206]Val loss = [QuantLoss=0.02676][QuantReg:0.68046]
[MiniBooNE] Starting epoch 72...
[MiniBooNE] Elapsed training time:2.33s
[MiniBooNE] Starting validation...
[MiniBooNE] Elapsed validation time:0.15s
[MiniBooNE] [Epoch=072] Train Loss=[QuantLoss=0.07225]Val loss = [QuantLoss=0.02432][QuantReg:0.67639][saved best model in this epoch]
[MiniBooNE] Starting epoch 73...
[MiniBooNE] Elapsed training time:2.30s
[MiniBooNE] Starting validation...
[MiniBooNE] Elapsed validation time:0.14s
[MiniBooNE] [Epoch=073] Train Loss=[QuantLoss=0.08004]Val loss = [QuantLoss=0.02323][QuantReg:0.67865][saved best model in this epoch]
[MiniBooNE] Starting epoch 74...
[MiniBooNE] Elapsed training time:2.26s
[MiniBooNE] Starting validation...
[MiniBooNE] Elapsed validation time:0.14s
[MiniBooNE] [Epoch=074] Train Loss=[QuantLoss=0.07255]Val loss = [QuantLoss=0.02635][QuantReg:0.67695]
[MiniBooNE] Starting epoch 75...
[MiniBooNE] Elapsed training time:2.30s
[MiniBooNE] Starting validation...
[MiniBooNE] Elapsed validation time:0.14s
[MiniBooNE] [Epoch=075] Train Loss=[QuantLoss=0.07920]Val loss = [QuantLoss=0.02747][QuantReg:0.67458]
[MiniBooNE] Starting epoch 76...
[MiniBooNE] Elapsed training time:2.27s
[MiniBooNE] Starting validation...
[MiniBooNE] Elapsed validation time:0.18s
[MiniBooNE] [Epoch=076] Train Loss=[QuantLoss=0.07568]Val loss = [QuantLoss=0.02974][QuantReg:0.67367]
[MiniBooNE] Starting epoch 77...
[MiniBooNE] Elapsed training time:2.37s
[MiniBooNE] Starting validation...
[MiniBooNE] Elapsed validation time:0.15s
[MiniBooNE] [Epoch=077] Train Loss=[QuantLoss=0.07481]Val loss = [QuantLoss=0.02304][QuantReg:0.67249][saved best model in this epoch]
[MiniBooNE] Starting epoch 78...
[MiniBooNE] Elapsed training time:2.31s
[MiniBooNE] Starting validation...
[MiniBooNE] Elapsed validation time:0.15s
[MiniBooNE] [Epoch=078] Train Loss=[QuantLoss=0.07796]Val loss = [QuantLoss=0.02298][QuantReg:0.66993][saved best model in this epoch]
[MiniBooNE] Starting epoch 79...
[MiniBooNE] Elapsed training time:2.30s
[MiniBooNE] Starting validation...
[MiniBooNE] Elapsed validation time:0.14s
[MiniBooNE] [Epoch=079] Train Loss=[QuantLoss=0.07366]Val loss = [QuantLoss=0.02767][QuantReg:0.67012]
[MiniBooNE] Starting epoch 80...
[MiniBooNE] Elapsed training time:2.32s
[MiniBooNE] Starting validation...
[MiniBooNE] Elapsed validation time:0.15s
[MiniBooNE] [Epoch=080] Train Loss=[QuantLoss=0.08108]Val loss = [QuantLoss=0.02906][QuantReg:0.67538]
[MiniBooNE] Starting epoch 81...
[MiniBooNE] Elapsed training time:2.32s
[MiniBooNE] Starting validation...
[MiniBooNE] Elapsed validation time:0.15s
[MiniBooNE] [Epoch=081] Train Loss=[QuantLoss=0.07148]Val loss = [QuantLoss=0.02616][QuantReg:0.67425]
[MiniBooNE] Starting epoch 82...
[MiniBooNE] Elapsed training time:2.32s
[MiniBooNE] Starting validation...
[MiniBooNE] Elapsed validation time:0.15s
[MiniBooNE] [Epoch=082] Train Loss=[QuantLoss=0.07864]Val loss = [QuantLoss=0.02428][QuantReg:0.67407]
[MiniBooNE] Starting epoch 83...
[MiniBooNE] Elapsed training time:2.30s
[MiniBooNE] Starting validation...
[MiniBooNE] Elapsed validation time:0.15s
[MiniBooNE] [Epoch=083] Train Loss=[QuantLoss=0.06850]Val loss = [QuantLoss=0.02640][QuantReg:0.67206]
[MiniBooNE] Starting epoch 84...
[MiniBooNE] Elapsed training time:2.27s
[MiniBooNE] Starting validation...
[MiniBooNE] Elapsed validation time:0.14s
[MiniBooNE] [Epoch=084] Train Loss=[QuantLoss=0.07474]Val loss = [QuantLoss=0.02373][QuantReg:0.66951]
[MiniBooNE] Starting epoch 85...
[MiniBooNE] Elapsed training time:2.28s
[MiniBooNE] Starting validation...
[MiniBooNE] Elapsed validation time:0.14s
[MiniBooNE] [Epoch=085] Train Loss=[QuantLoss=0.06848]Val loss = [QuantLoss=0.03721][QuantReg:0.66952]
[MiniBooNE] Starting epoch 86...
[MiniBooNE] Elapsed training time:2.26s
[MiniBooNE] Starting validation...
[MiniBooNE] Elapsed validation time:0.14s
[MiniBooNE] [Epoch=086] Train Loss=[QuantLoss=0.08596]Val loss = [QuantLoss=0.05253][QuantReg:0.67154]
[MiniBooNE] Starting epoch 87...
[MiniBooNE] Elapsed training time:2.35s
[MiniBooNE] Starting validation...
[MiniBooNE] Elapsed validation time:0.14s
[MiniBooNE] [Epoch=087] Train Loss=[QuantLoss=0.07486]Val loss = [QuantLoss=0.06470][QuantReg:0.67034]
[MiniBooNE] Starting epoch 88...
[MiniBooNE] Elapsed training time:2.31s
[MiniBooNE] Starting validation...
[MiniBooNE] Elapsed validation time:0.14s
[MiniBooNE] [Epoch=088] Train Loss=[QuantLoss=0.08018]Val loss = [QuantLoss=0.15875][QuantReg:0.67140]
[MiniBooNE] Starting epoch 89...
[MiniBooNE] Elapsed training time:2.23s
[MiniBooNE] Starting validation...
[MiniBooNE] Elapsed validation time:0.14s
[MiniBooNE] [Epoch=089] Train Loss=[QuantLoss=0.08871]Val loss = [QuantLoss=0.12000][QuantReg:0.67785]
[MiniBooNE] Starting epoch 90...
[MiniBooNE] Elapsed training time:2.31s
[MiniBooNE] Starting validation...
[MiniBooNE] Elapsed validation time:0.14s
[MiniBooNE] [Epoch=090] Train Loss=[QuantLoss=0.09856]Val loss = [QuantLoss=0.07804][QuantReg:0.67620]
[MiniBooNE] Starting epoch 91...
[MiniBooNE] Elapsed training time:2.32s
[MiniBooNE] Starting validation...
[MiniBooNE] Elapsed validation time:0.15s
[MiniBooNE] [Epoch=091] Train Loss=[QuantLoss=0.10169]Val loss = [QuantLoss=0.05705][QuantReg:0.66935]
[MiniBooNE] Starting epoch 92...
[MiniBooNE] Elapsed training time:2.33s
[MiniBooNE] Starting validation...
[MiniBooNE] Elapsed validation time:0.15s
[MiniBooNE] [Epoch=092] Train Loss=[QuantLoss=0.09525]Val loss = [QuantLoss=0.03805][QuantReg:0.66397]
[MiniBooNE] Starting epoch 93...
[MiniBooNE] Elapsed training time:2.32s
[MiniBooNE] Starting validation...
[MiniBooNE] Elapsed validation time:0.15s
[MiniBooNE] [Epoch=093] Train Loss=[QuantLoss=0.07895]Val loss = [QuantLoss=0.02904][QuantReg:0.65850]
[MiniBooNE] Starting epoch 94...
[MiniBooNE] Elapsed training time:2.32s
[MiniBooNE] Starting validation...
[MiniBooNE] Elapsed validation time:0.23s
[MiniBooNE] [Epoch=094] Train Loss=[QuantLoss=0.08010]Val loss = [QuantLoss=0.02426][QuantReg:0.65430]
[MiniBooNE] Starting epoch 95...
[MiniBooNE] Elapsed training time:2.36s
[MiniBooNE] Starting validation...
[MiniBooNE] Elapsed validation time:0.14s
[MiniBooNE] [Epoch=095] Train Loss=[QuantLoss=0.07546]Val loss = [QuantLoss=0.02665][QuantReg:0.66424]
[MiniBooNE] Starting epoch 96...
[MiniBooNE] Elapsed training time:2.26s
[MiniBooNE] Starting validation...
[MiniBooNE] Elapsed validation time:0.23s
[MiniBooNE] [Epoch=096] Train Loss=[QuantLoss=0.07215]Val loss = [QuantLoss=0.02571][QuantReg:0.66463]
[MiniBooNE] Starting epoch 97...
[MiniBooNE] Elapsed training time:2.37s
[MiniBooNE] Starting validation...
[MiniBooNE] Elapsed validation time:0.23s
[MiniBooNE] [Epoch=097] Train Loss=[QuantLoss=0.07636]Val loss = [QuantLoss=0.02466][QuantReg:0.66794]
[MiniBooNE] Starting epoch 98...
[MiniBooNE] Elapsed training time:2.37s
[MiniBooNE] Starting validation...
[MiniBooNE] Elapsed validation time:0.23s
[MiniBooNE] [Epoch=098] Train Loss=[QuantLoss=0.07588]Val loss = [QuantLoss=0.02462][QuantReg:0.67000]
[MiniBooNE] Starting epoch 99...
[MiniBooNE] Elapsed training time:2.39s
[MiniBooNE] Starting validation...
[MiniBooNE] Elapsed validation time:0.24s
[MiniBooNE] [Epoch=099] Train Loss=[QuantLoss=0.07059]Val loss = [QuantLoss=0.03185][QuantReg:0.67078]
[MiniBooNE] Starting epoch 100...
[MiniBooNE] Elapsed training time:2.37s
[MiniBooNE] Starting validation...
[MiniBooNE] Elapsed validation time:0.24s
[MiniBooNE] [Epoch=100] Train Loss=[QuantLoss=0.07855]Val loss = [QuantLoss=0.02688][QuantReg:0.67434]
[MiniBooNE] Starting epoch 101...
[MiniBooNE] Elapsed training time:2.35s
[MiniBooNE] Starting validation...
[MiniBooNE] Elapsed validation time:0.23s
[MiniBooNE] [Epoch=101] Train Loss=[QuantLoss=0.06823]Val loss = [QuantLoss=0.02737][QuantReg:0.67400]
[MiniBooNE] Starting epoch 102...
[MiniBooNE] Elapsed training time:2.38s
[MiniBooNE] Starting validation...
[MiniBooNE] Elapsed validation time:0.24s
[MiniBooNE] [Epoch=102] Train Loss=[QuantLoss=0.07298]Val loss = [QuantLoss=0.02481][QuantReg:0.67202]
[MiniBooNE] Starting epoch 103...
[MiniBooNE] Elapsed training time:2.37s
[MiniBooNE] Starting validation...
[MiniBooNE] Elapsed validation time:0.23s
[MiniBooNE] [Epoch=103] Train Loss=[QuantLoss=0.07009]Val loss = [QuantLoss=0.02632][QuantReg:0.67442]
[MiniBooNE] Starting epoch 104...
[MiniBooNE] Elapsed training time:2.38s
[MiniBooNE] Starting validation...
[MiniBooNE] Elapsed validation time:0.23s
[MiniBooNE] [Epoch=104] Train Loss=[QuantLoss=0.06963]Val loss = [QuantLoss=0.02463][QuantReg:0.67113]
[MiniBooNE] Starting epoch 105...
[MiniBooNE] Elapsed training time:2.39s
[MiniBooNE] Starting validation...
[MiniBooNE] Elapsed validation time:0.23s
[MiniBooNE] [Epoch=105] Train Loss=[QuantLoss=0.07054]Val loss = [QuantLoss=0.02445][QuantReg:0.67286]
[MiniBooNE] Starting epoch 106...
[MiniBooNE] Elapsed training time:2.35s
[MiniBooNE] Starting validation...
[MiniBooNE] Elapsed validation time:0.23s
[MiniBooNE] [Epoch=106] Train Loss=[QuantLoss=0.06615]Val loss = [QuantLoss=0.02883][QuantReg:0.66795]
[MiniBooNE] Starting epoch 107...
[MiniBooNE] Elapsed training time:2.37s
[MiniBooNE] Starting validation...
[MiniBooNE] Elapsed validation time:0.23s
[MiniBooNE] [Epoch=107] Train Loss=[QuantLoss=0.07136]Val loss = [QuantLoss=0.02281][QuantReg:0.66855][saved best model in this epoch]
[MiniBooNE] Starting epoch 108...
[MiniBooNE] Elapsed training time:2.34s
[MiniBooNE] Starting validation...
[MiniBooNE] Elapsed validation time:0.22s
[MiniBooNE] [Epoch=108] Train Loss=[QuantLoss=0.07236]Val loss = [QuantLoss=0.02430][QuantReg:0.66547]
[MiniBooNE] Starting epoch 109...
[MiniBooNE] Elapsed training time:2.34s
[MiniBooNE] Starting validation...
[MiniBooNE] Elapsed validation time:0.23s
[MiniBooNE] [Epoch=109] Train Loss=[QuantLoss=0.07063]Val loss = [QuantLoss=0.02461][QuantReg:0.66938]
[MiniBooNE] Starting epoch 110...
[MiniBooNE] Elapsed training time:2.32s
[MiniBooNE] Starting validation...
[MiniBooNE] Elapsed validation time:0.24s
[MiniBooNE] [Epoch=110] Train Loss=[QuantLoss=0.06965]Val loss = [QuantLoss=0.02607][QuantReg:0.67284]
[MiniBooNE] Starting epoch 111...
[MiniBooNE] Elapsed training time:2.36s
[MiniBooNE] Starting validation...
[MiniBooNE] Elapsed validation time:0.22s
[MiniBooNE] [Epoch=111] Train Loss=[QuantLoss=0.07040]Val loss = [QuantLoss=0.02246][QuantReg:0.67219][saved best model in this epoch]
[MiniBooNE] Starting epoch 112...
[MiniBooNE] Elapsed training time:2.37s
[MiniBooNE] Starting validation...
[MiniBooNE] Elapsed validation time:0.22s
[MiniBooNE] [Epoch=112] Train Loss=[QuantLoss=0.06631]Val loss = [QuantLoss=0.02623][QuantReg:0.67569]
[MiniBooNE] Starting epoch 113...
[MiniBooNE] Elapsed training time:2.37s
[MiniBooNE] Starting validation...
[MiniBooNE] Elapsed validation time:0.24s
[MiniBooNE] [Epoch=113] Train Loss=[QuantLoss=0.06911]Val loss = [QuantLoss=0.02498][QuantReg:0.67461]
[MiniBooNE] Starting epoch 114...
[MiniBooNE] Elapsed training time:2.32s
[MiniBooNE] Starting validation...
[MiniBooNE] Elapsed validation time:0.25s
[MiniBooNE] [Epoch=114] Train Loss=[QuantLoss=0.06837]Val loss = [QuantLoss=0.02497][QuantReg:0.67532]
[MiniBooNE] Starting epoch 115...
[MiniBooNE] Elapsed training time:2.41s
[MiniBooNE] Starting validation...
[MiniBooNE] Elapsed validation time:0.23s
[MiniBooNE] [Epoch=115] Train Loss=[QuantLoss=0.06941]Val loss = [QuantLoss=0.02495][QuantReg:0.67419]
[MiniBooNE] Starting epoch 116...
[MiniBooNE] Elapsed training time:2.39s
[MiniBooNE] Starting validation...
[MiniBooNE] Elapsed validation time:0.24s
[MiniBooNE] [Epoch=116] Train Loss=[QuantLoss=0.07233]Val loss = [QuantLoss=0.02407][QuantReg:0.67208]
[MiniBooNE] Starting epoch 117...
[MiniBooNE] Elapsed training time:2.41s
[MiniBooNE] Starting validation...
[MiniBooNE] Elapsed validation time:0.24s
[MiniBooNE] [Epoch=117] Train Loss=[QuantLoss=0.07004]Val loss = [QuantLoss=0.02821][QuantReg:0.67178]
[MiniBooNE] Starting epoch 118...
[MiniBooNE] Elapsed training time:2.39s
[MiniBooNE] Starting validation...
[MiniBooNE] Elapsed validation time:0.23s
[MiniBooNE] [Epoch=118] Train Loss=[QuantLoss=0.07187]Val loss = [QuantLoss=0.02211][QuantReg:0.67281][saved best model in this epoch]
[MiniBooNE] Starting epoch 119...
[MiniBooNE] Elapsed training time:2.40s
[MiniBooNE] Starting validation...
[MiniBooNE] Elapsed validation time:0.24s
[MiniBooNE] [Epoch=119] Train Loss=[QuantLoss=0.07012]Val loss = [QuantLoss=0.02435][QuantReg:0.67160]
[MiniBooNE] Starting epoch 120...
[MiniBooNE] Elapsed training time:2.37s
[MiniBooNE] Starting validation...
[MiniBooNE] Elapsed validation time:0.23s
[MiniBooNE] [Epoch=120] Train Loss=[QuantLoss=0.06830]Val loss = [QuantLoss=0.02282][QuantReg:0.67277]
[MiniBooNE] Starting epoch 121...
[MiniBooNE] Elapsed training time:2.38s
[MiniBooNE] Starting validation...
[MiniBooNE] Elapsed validation time:0.23s
[MiniBooNE] [Epoch=121] Train Loss=[QuantLoss=0.07171]Val loss = [QuantLoss=0.02446][QuantReg:0.67010]
[MiniBooNE] Starting epoch 122...
[MiniBooNE] Elapsed training time:2.40s
[MiniBooNE] Starting validation...
[MiniBooNE] Elapsed validation time:0.24s
[MiniBooNE] [Epoch=122] Train Loss=[QuantLoss=0.07050]Val loss = [QuantLoss=0.02516][QuantReg:0.66991]
[MiniBooNE] Starting epoch 123...
[MiniBooNE] Elapsed training time:2.33s
[MiniBooNE] Starting validation...
[MiniBooNE] Elapsed validation time:0.23s
[MiniBooNE] [Epoch=123] Train Loss=[QuantLoss=0.07170]Val loss = [QuantLoss=0.02442][QuantReg:0.66866]
[MiniBooNE] Starting epoch 124...
[MiniBooNE] Elapsed training time:2.37s
[MiniBooNE] Starting validation...
[MiniBooNE] Elapsed validation time:0.24s
[MiniBooNE] [Epoch=124] Train Loss=[QuantLoss=0.06938]Val loss = [QuantLoss=0.02356][QuantReg:0.66876]
[MiniBooNE] Starting epoch 125...
[MiniBooNE] Elapsed training time:2.36s
[MiniBooNE] Starting validation...
[MiniBooNE] Elapsed validation time:0.23s
[MiniBooNE] [Epoch=125] Train Loss=[QuantLoss=0.06792]Val loss = [QuantLoss=0.02452][QuantReg:0.66839]
[MiniBooNE] Starting epoch 126...
[MiniBooNE] Elapsed training time:2.34s
[MiniBooNE] Starting validation...
[MiniBooNE] Elapsed validation time:0.24s
[MiniBooNE] [Epoch=126] Train Loss=[QuantLoss=0.07221]Val loss = [QuantLoss=0.02453][QuantReg:0.66846]
[MiniBooNE] Starting epoch 127...
[MiniBooNE] Elapsed training time:2.38s
[MiniBooNE] Starting validation...
[MiniBooNE] Elapsed validation time:0.31s
[MiniBooNE] [Epoch=127] Train Loss=[QuantLoss=0.06880]Val loss = [QuantLoss=0.02460][QuantReg:0.67023]
[MiniBooNE] Starting epoch 128...
[MiniBooNE] Elapsed training time:2.33s
[MiniBooNE] Starting validation...
[MiniBooNE] Elapsed validation time:0.15s
[MiniBooNE] [Epoch=128] Train Loss=[QuantLoss=0.06849]Val loss = [QuantLoss=0.02722][QuantReg:0.67222]
[MiniBooNE] Starting epoch 129...
[MiniBooNE] Elapsed training time:2.34s
[MiniBooNE] Starting validation...
[MiniBooNE] Elapsed validation time:0.13s
[MiniBooNE] [Epoch=129] Train Loss=[QuantLoss=0.07014]Val loss = [QuantLoss=0.02995][QuantReg:0.67314]
[MiniBooNE] Starting epoch 130...
[MiniBooNE] Elapsed training time:2.33s
[MiniBooNE] Starting validation...
[MiniBooNE] Elapsed validation time:0.13s
[MiniBooNE] [Epoch=130] Train Loss=[QuantLoss=0.07508]Val loss = [QuantLoss=0.02627][QuantReg:0.67491]
[MiniBooNE] Starting epoch 131...
[MiniBooNE] Elapsed training time:2.29s
[MiniBooNE] Starting validation...
[MiniBooNE] Elapsed validation time:0.15s
[MiniBooNE] [Epoch=131] Train Loss=[QuantLoss=0.06703]Val loss = [QuantLoss=0.02476][QuantReg:0.67376]
[MiniBooNE] Starting epoch 132...
[MiniBooNE] Elapsed training time:2.28s
[MiniBooNE] Starting validation...
[MiniBooNE] Elapsed validation time:0.15s
[MiniBooNE] [Epoch=132] Train Loss=[QuantLoss=0.07315]Val loss = [QuantLoss=0.02634][QuantReg:0.67394]
[MiniBooNE] Starting epoch 133...
[MiniBooNE] Elapsed training time:2.35s
[MiniBooNE] Starting validation...
[MiniBooNE] Elapsed validation time:0.14s
[MiniBooNE] [Epoch=133] Train Loss=[QuantLoss=0.06587]Val loss = [QuantLoss=0.02346][QuantReg:0.67168]
[MiniBooNE] Starting epoch 134...
[MiniBooNE] Elapsed training time:2.32s
[MiniBooNE] Starting validation...
[MiniBooNE] Elapsed validation time:0.14s
[MiniBooNE] [Epoch=134] Train Loss=[QuantLoss=0.06874]Val loss = [QuantLoss=0.02930][QuantReg:0.67148]
[MiniBooNE] Starting epoch 135...
[MiniBooNE] Elapsed training time:2.35s
[MiniBooNE] Starting validation...
[MiniBooNE] Elapsed validation time:0.14s
[MiniBooNE] [Epoch=135] Train Loss=[QuantLoss=0.06660]Val loss = [QuantLoss=0.02677][QuantReg:0.67267]
[MiniBooNE] Starting epoch 136...
[MiniBooNE] Elapsed training time:2.32s
[MiniBooNE] Starting validation...
[MiniBooNE] Elapsed validation time:0.15s
[MiniBooNE] [Epoch=136] Train Loss=[QuantLoss=0.06802]Val loss = [QuantLoss=0.02589][QuantReg:0.67345]
[MiniBooNE] Starting epoch 137...
[MiniBooNE] Elapsed training time:2.25s
[MiniBooNE] Starting validation...
[MiniBooNE] Elapsed validation time:0.15s
[MiniBooNE] [Epoch=137] Train Loss=[QuantLoss=0.07155]Val loss = [QuantLoss=0.02797][QuantReg:0.67339]
[MiniBooNE] Starting epoch 138...
[MiniBooNE] Elapsed training time:2.32s
[MiniBooNE] Starting validation...
[MiniBooNE] Elapsed validation time:0.14s
[MiniBooNE] [Epoch=138] Train Loss=[QuantLoss=0.06901]Val loss = [QuantLoss=0.02783][QuantReg:0.67576]
[MiniBooNE] Starting epoch 139...
[MiniBooNE] Elapsed training time:2.31s
[MiniBooNE] Starting validation...
[MiniBooNE] Elapsed validation time:0.14s
[MiniBooNE] [Epoch=139] Train Loss=[QuantLoss=0.06882]Val loss = [QuantLoss=0.02812][QuantReg:0.67146]
[MiniBooNE] Starting epoch 140...
[MiniBooNE] Elapsed training time:2.32s
[MiniBooNE] Starting validation...
[MiniBooNE] Elapsed validation time:0.14s
[MiniBooNE] [Epoch=140] Train Loss=[QuantLoss=0.07035]Val loss = [QuantLoss=0.02524][QuantReg:0.67247]
[MiniBooNE] Starting epoch 141...
[MiniBooNE] Elapsed training time:2.26s
[MiniBooNE] Starting validation...
[MiniBooNE] Elapsed validation time:0.14s
[MiniBooNE] [Epoch=141] Train Loss=[QuantLoss=0.06619]Val loss = [QuantLoss=0.02698][QuantReg:0.67319]
[MiniBooNE] Starting epoch 142...
[MiniBooNE] Elapsed training time:2.33s
[MiniBooNE] Starting validation...
[MiniBooNE] Elapsed validation time:0.14s
[MiniBooNE] [Epoch=142] Train Loss=[QuantLoss=0.06615]Val loss = [QuantLoss=0.02719][QuantReg:0.67541]
[MiniBooNE] Starting epoch 143...
[MiniBooNE] Elapsed training time:2.33s
[MiniBooNE] Starting validation...
[MiniBooNE] Elapsed validation time:0.15s
[MiniBooNE] [Epoch=143] Train Loss=[QuantLoss=0.06616]Val loss = [QuantLoss=0.02530][QuantReg:0.67429]
[MiniBooNE] Starting epoch 144...
[MiniBooNE] Elapsed training time:2.31s
[MiniBooNE] Starting validation...
[MiniBooNE] Elapsed validation time:0.14s
[MiniBooNE] [Epoch=144] Train Loss=[QuantLoss=0.06504]Val loss = [QuantLoss=0.02638][QuantReg:0.67394]
[MiniBooNE] Starting epoch 145...
[MiniBooNE] Elapsed training time:2.29s
[MiniBooNE] Starting validation...
[MiniBooNE] Elapsed validation time:0.14s
[MiniBooNE] [Epoch=145] Train Loss=[QuantLoss=0.06690]Val loss = [QuantLoss=0.02886][QuantReg:0.67470]
[MiniBooNE] Starting epoch 146...
[MiniBooNE] Elapsed training time:2.32s
[MiniBooNE] Starting validation...
[MiniBooNE] Elapsed validation time:0.15s
[MiniBooNE] [Epoch=146] Train Loss=[QuantLoss=0.06995]Val loss = [QuantLoss=0.02292][QuantReg:0.67710]
[MiniBooNE] Starting epoch 147...
[MiniBooNE] Elapsed training time:2.29s
[MiniBooNE] Starting validation...
[MiniBooNE] Elapsed validation time:0.16s
[MiniBooNE] [Epoch=147] Train Loss=[QuantLoss=0.06762]Val loss = [QuantLoss=0.02615][QuantReg:0.67636]
[MiniBooNE] Starting epoch 148...
[MiniBooNE] Elapsed training time:2.32s
[MiniBooNE] Starting validation...
[MiniBooNE] Elapsed validation time:0.14s
[MiniBooNE] [Epoch=148] Train Loss=[QuantLoss=0.06748]Val loss = [QuantLoss=0.02667][QuantReg:0.67682]
[MiniBooNE] Starting epoch 149...
[MiniBooNE] Elapsed training time:2.31s
[MiniBooNE] Starting validation...
[MiniBooNE] Elapsed validation time:0.15s
[MiniBooNE] [Epoch=149] Train Loss=[QuantLoss=0.06563]Val loss = [QuantLoss=0.02674][QuantReg:0.67644]
[MiniBooNE] Starting epoch 150...
[MiniBooNE] Elapsed training time:2.26s
[MiniBooNE] Starting validation...
[MiniBooNE] Elapsed validation time:0.16s
[MiniBooNE] [Epoch=150] Train Loss=[QuantLoss=0.06753]Val loss = [QuantLoss=0.02575][QuantReg:0.67561]
[MiniBooNE] Starting epoch 151...
[MiniBooNE] Elapsed training time:2.31s
[MiniBooNE] Starting validation...
[MiniBooNE] Elapsed validation time:0.14s
[MiniBooNE] [Epoch=151] Train Loss=[QuantLoss=0.06608]Val loss = [QuantLoss=0.02761][QuantReg:0.67752]
[MiniBooNE] Starting epoch 152...
[MiniBooNE] Elapsed training time:2.30s
[MiniBooNE] Starting validation...
[MiniBooNE] Elapsed validation time:0.15s
[MiniBooNE] [Epoch=152] Train Loss=[QuantLoss=0.06435]Val loss = [QuantLoss=0.02778][QuantReg:0.67658]
[MiniBooNE] Starting epoch 153...
[MiniBooNE] Elapsed training time:2.29s
[MiniBooNE] Starting validation...
[MiniBooNE] Elapsed validation time:0.15s
[MiniBooNE] [Epoch=153] Train Loss=[QuantLoss=0.06810]Val loss = [QuantLoss=0.02638][QuantReg:0.67754]
[MiniBooNE] Starting epoch 154...
[MiniBooNE] Elapsed training time:2.32s
[MiniBooNE] Starting validation...
[MiniBooNE] Elapsed validation time:0.16s
[MiniBooNE] [Epoch=154] Train Loss=[QuantLoss=0.06472]Val loss = [QuantLoss=0.02775][QuantReg:0.67884]
[MiniBooNE] Starting epoch 155...
[MiniBooNE] Elapsed training time:2.30s
[MiniBooNE] Starting validation...
[MiniBooNE] Elapsed validation time:0.15s
[MiniBooNE] [Epoch=155] Train Loss=[QuantLoss=0.06965]Val loss = [QuantLoss=0.02724][QuantReg:0.67442]
[MiniBooNE] Starting epoch 156...
[MiniBooNE] Elapsed training time:2.30s
[MiniBooNE] Starting validation...
[MiniBooNE] Elapsed validation time:0.18s
[MiniBooNE] [Epoch=156] Train Loss=[QuantLoss=0.06619]Val loss = [QuantLoss=0.02573][QuantReg:0.67532]
[MiniBooNE] Starting epoch 157...
[MiniBooNE] Elapsed training time:2.25s
[MiniBooNE] Starting validation...
[MiniBooNE] Elapsed validation time:0.23s
[MiniBooNE] [Epoch=157] Train Loss=[QuantLoss=0.06531]Val loss = [QuantLoss=0.02580][QuantReg:0.67477]
[MiniBooNE] Starting epoch 158...
[MiniBooNE] Elapsed training time:2.34s
[MiniBooNE] Starting validation...
[MiniBooNE] Elapsed validation time:0.24s
[MiniBooNE] [Epoch=158] Train Loss=[QuantLoss=0.06735]Val loss = [QuantLoss=0.02447][QuantReg:0.67431]
[MiniBooNE] Starting epoch 159...
[MiniBooNE] Elapsed training time:2.32s
[MiniBooNE] Starting validation...
[MiniBooNE] Elapsed validation time:0.22s
[MiniBooNE] [Epoch=159] Train Loss=[QuantLoss=0.06840]Val loss = [QuantLoss=0.02437][QuantReg:0.67533]
[MiniBooNE] Starting epoch 160...
[MiniBooNE] Elapsed training time:2.33s
[MiniBooNE] Starting validation...
[MiniBooNE] Elapsed validation time:0.24s
[MiniBooNE] [Epoch=160] Train Loss=[QuantLoss=0.06824]Val loss = [QuantLoss=0.02771][QuantReg:0.67557]
[MiniBooNE] Starting epoch 161...
[MiniBooNE] Elapsed training time:2.35s
[MiniBooNE] Starting validation...
[MiniBooNE] Elapsed validation time:0.24s
[MiniBooNE] [Epoch=161] Train Loss=[QuantLoss=0.06449]Val loss = [QuantLoss=0.02578][QuantReg:0.67276]
[MiniBooNE] Starting epoch 162...
[MiniBooNE] Elapsed training time:2.36s
[MiniBooNE] Starting validation...
[MiniBooNE] Elapsed validation time:0.22s
[MiniBooNE] [Epoch=162] Train Loss=[QuantLoss=0.06272]Val loss = [QuantLoss=0.02811][QuantReg:0.67736]
[MiniBooNE] Starting epoch 163...
[MiniBooNE] Elapsed training time:2.31s
[MiniBooNE] Starting validation...
[MiniBooNE] Elapsed validation time:0.23s
[MiniBooNE] [Epoch=163] Train Loss=[QuantLoss=0.06541]Val loss = [QuantLoss=0.02978][QuantReg:0.67649]
[MiniBooNE] Starting epoch 164...
[MiniBooNE] Elapsed training time:2.41s
[MiniBooNE] Starting validation...
[MiniBooNE] Elapsed validation time:0.24s
[MiniBooNE] [Epoch=164] Train Loss=[QuantLoss=0.06539]Val loss = [QuantLoss=0.02668][QuantReg:0.67643]
[MiniBooNE] Starting epoch 165...
[MiniBooNE] Elapsed training time:2.36s
[MiniBooNE] Starting validation...
[MiniBooNE] Elapsed validation time:0.24s
[MiniBooNE] [Epoch=165] Train Loss=[QuantLoss=0.06337]Val loss = [QuantLoss=0.02527][QuantReg:0.67480]
[MiniBooNE] Starting epoch 166...
[MiniBooNE] Elapsed training time:2.33s
[MiniBooNE] Starting validation...
[MiniBooNE] Elapsed validation time:0.23s
[MiniBooNE] [Epoch=166] Train Loss=[QuantLoss=0.06388]Val loss = [QuantLoss=0.02973][QuantReg:0.67608]
[MiniBooNE] Starting epoch 167...
[MiniBooNE] Elapsed training time:2.33s
[MiniBooNE] Starting validation...
[MiniBooNE] Elapsed validation time:0.23s
[MiniBooNE] [Epoch=167] Train Loss=[QuantLoss=0.06401]Val loss = [QuantLoss=0.02650][QuantReg:0.67721]
[MiniBooNE] Starting epoch 168...
[MiniBooNE] Elapsed training time:2.40s
[MiniBooNE] Starting validation...
[MiniBooNE] Elapsed validation time:0.23s
[MiniBooNE] [Epoch=168] Train Loss=[QuantLoss=0.06476]Val loss = [QuantLoss=0.02817][QuantReg:0.67661]
[MiniBooNE] Starting epoch 169...
[MiniBooNE] Elapsed training time:2.36s
[MiniBooNE] Starting validation...
[MiniBooNE] Elapsed validation time:0.23s
[MiniBooNE] [Epoch=169] Train Loss=[QuantLoss=0.06304]Val loss = [QuantLoss=0.03144][QuantReg:0.67811]
[MiniBooNE] Starting epoch 170...
[MiniBooNE] Elapsed training time:2.35s
[MiniBooNE] Starting validation...
[MiniBooNE] Elapsed validation time:0.22s
[MiniBooNE] [Epoch=170] Train Loss=[QuantLoss=0.06485]Val loss = [QuantLoss=0.02792][QuantReg:0.67696]
[MiniBooNE] Starting epoch 171...
[MiniBooNE] Elapsed training time:2.33s
[MiniBooNE] Starting validation...
[MiniBooNE] Elapsed validation time:0.23s
[MiniBooNE] [Epoch=171] Train Loss=[QuantLoss=0.06542]Val loss = [QuantLoss=0.02702][QuantReg:0.67424]
[MiniBooNE] Starting epoch 172...
[MiniBooNE] Elapsed training time:2.33s
[MiniBooNE] Starting validation...
[MiniBooNE] Elapsed validation time:0.25s
[MiniBooNE] [Epoch=172] Train Loss=[QuantLoss=0.06521]Val loss = [QuantLoss=0.02765][QuantReg:0.67162]
[MiniBooNE] Starting epoch 173...
[MiniBooNE] Elapsed training time:2.32s
[MiniBooNE] Starting validation...
[MiniBooNE] Elapsed validation time:0.24s
[MiniBooNE] [Epoch=173] Train Loss=[QuantLoss=0.06367]Val loss = [QuantLoss=0.02808][QuantReg:0.67385]
[MiniBooNE] Starting epoch 174...
[MiniBooNE] Elapsed training time:2.31s
[MiniBooNE] Starting validation...
[MiniBooNE] Elapsed validation time:0.24s
[MiniBooNE] [Epoch=174] Train Loss=[QuantLoss=0.06559]Val loss = [QuantLoss=0.02630][QuantReg:0.67227]
[MiniBooNE] Starting epoch 175...
[MiniBooNE] Elapsed training time:2.38s
[MiniBooNE] Starting validation...
[MiniBooNE] Elapsed validation time:0.23s
[MiniBooNE] [Epoch=175] Train Loss=[QuantLoss=0.06526]Val loss = [QuantLoss=0.02775][QuantReg:0.67218]
[MiniBooNE] Starting epoch 176...
[MiniBooNE] Elapsed training time:2.36s
[MiniBooNE] Starting validation...
[MiniBooNE] Elapsed validation time:0.23s
[MiniBooNE] [Epoch=176] Train Loss=[QuantLoss=0.06400]Val loss = [QuantLoss=0.02742][QuantReg:0.67222]
[MiniBooNE] Starting epoch 177...
[MiniBooNE] Elapsed training time:2.38s
[MiniBooNE] Starting validation...
[MiniBooNE] Elapsed validation time:0.24s
[MiniBooNE] [Epoch=177] Train Loss=[QuantLoss=0.06251]Val loss = [QuantLoss=0.02822][QuantReg:0.67086]
[MiniBooNE] Starting epoch 178...
[MiniBooNE] Elapsed training time:2.41s
[MiniBooNE] Starting validation...
[MiniBooNE] Elapsed validation time:0.23s
[MiniBooNE] [Epoch=178] Train Loss=[QuantLoss=0.06360]Val loss = [QuantLoss=0.02742][QuantReg:0.67119]
[MiniBooNE] Starting epoch 179...
[MiniBooNE] Elapsed training time:2.36s
[MiniBooNE] Starting validation...
[MiniBooNE] Elapsed validation time:0.24s
[MiniBooNE] [Epoch=179] Train Loss=[QuantLoss=0.06385]Val loss = [QuantLoss=0.02804][QuantReg:0.67327]
[MiniBooNE] Starting epoch 180...
[MiniBooNE] Elapsed training time:2.35s
[MiniBooNE] Starting validation...
[MiniBooNE] Elapsed validation time:0.24s
[MiniBooNE] [Epoch=180] Train Loss=[QuantLoss=0.06482]Val loss = [QuantLoss=0.02584][QuantReg:0.67337]
[MiniBooNE] Starting epoch 181...
[MiniBooNE] Elapsed training time:2.35s
[MiniBooNE] Starting validation...
[MiniBooNE] Elapsed validation time:0.24s
[MiniBooNE] [Epoch=181] Train Loss=[QuantLoss=0.06251]Val loss = [QuantLoss=0.02438][QuantReg:0.67463]
[MiniBooNE] Starting epoch 182...
[MiniBooNE] Elapsed training time:2.33s
[MiniBooNE] Starting validation...
[MiniBooNE] Elapsed validation time:0.23s
[MiniBooNE] [Epoch=182] Train Loss=[QuantLoss=0.06339]Val loss = [QuantLoss=0.02499][QuantReg:0.67643]
[MiniBooNE] Starting epoch 183...
[MiniBooNE] Elapsed training time:2.44s
[MiniBooNE] Starting validation...
[MiniBooNE] Elapsed validation time:0.15s
[MiniBooNE] [Epoch=183] Train Loss=[QuantLoss=0.06330]Val loss = [QuantLoss=0.02782][QuantReg:0.67477]
[MiniBooNE] Starting epoch 184...
[MiniBooNE] Elapsed training time:2.29s
[MiniBooNE] Starting validation...
[MiniBooNE] Elapsed validation time:0.15s
[MiniBooNE] [Epoch=184] Train Loss=[QuantLoss=0.06380]Val loss = [QuantLoss=0.02740][QuantReg:0.67507]
[MiniBooNE] Starting epoch 185...
[MiniBooNE] Elapsed training time:2.28s
[MiniBooNE] Starting validation...
[MiniBooNE] Elapsed validation time:0.14s
[MiniBooNE] [Epoch=185] Train Loss=[QuantLoss=0.06725]Val loss = [QuantLoss=0.02628][QuantReg:0.67629]
[MiniBooNE] Starting epoch 186...
[MiniBooNE] Elapsed training time:2.33s
[MiniBooNE] Starting validation...
[MiniBooNE] Elapsed validation time:0.14s
[MiniBooNE] [Epoch=186] Train Loss=[QuantLoss=0.06417]Val loss = [QuantLoss=0.02755][QuantReg:0.67637]
[MiniBooNE] Starting epoch 187...
[MiniBooNE] Elapsed training time:2.31s
[MiniBooNE] Starting validation...
[MiniBooNE] Elapsed validation time:0.15s
[MiniBooNE] [Epoch=187] Train Loss=[QuantLoss=0.06494]Val loss = [QuantLoss=0.03189][QuantReg:0.67670]
[MiniBooNE] Starting epoch 188...
[MiniBooNE] Elapsed training time:2.29s
[MiniBooNE] Starting validation...
[MiniBooNE] Elapsed validation time:0.15s
[MiniBooNE] [Epoch=188] Train Loss=[QuantLoss=0.06393]Val loss = [QuantLoss=0.02774][QuantReg:0.67854]
[MiniBooNE] Starting epoch 189...
[MiniBooNE] Elapsed training time:2.30s
[MiniBooNE] Starting validation...
[MiniBooNE] Elapsed validation time:0.14s
[MiniBooNE] [Epoch=189] Train Loss=[QuantLoss=0.06569]Val loss = [QuantLoss=0.02970][QuantReg:0.67632]
[MiniBooNE] Starting epoch 190...
[MiniBooNE] Elapsed training time:2.33s
[MiniBooNE] Starting validation...
[MiniBooNE] Elapsed validation time:0.16s
[MiniBooNE] [Epoch=190] Train Loss=[QuantLoss=0.06408]Val loss = [QuantLoss=0.02601][QuantReg:0.67891]
[MiniBooNE] Starting epoch 191...
[MiniBooNE] Elapsed training time:2.35s
[MiniBooNE] Starting validation...
[MiniBooNE] Elapsed validation time:0.15s
[MiniBooNE] [Epoch=191] Train Loss=[QuantLoss=0.06496]Val loss = [QuantLoss=0.02713][QuantReg:0.67653]
[MiniBooNE] Starting epoch 192...
[MiniBooNE] Elapsed training time:2.34s
[MiniBooNE] Starting validation...
[MiniBooNE] Elapsed validation time:0.15s
[MiniBooNE] [Epoch=192] Train Loss=[QuantLoss=0.06500]Val loss = [QuantLoss=0.02863][QuantReg:0.67705]
[MiniBooNE] Starting epoch 193...
[MiniBooNE] Elapsed training time:2.31s
[MiniBooNE] Starting validation...
[MiniBooNE] Elapsed validation time:0.14s
[MiniBooNE] [Epoch=193] Train Loss=[QuantLoss=0.06248]Val loss = [QuantLoss=0.02649][QuantReg:0.67649]
[MiniBooNE] Starting epoch 194...
[MiniBooNE] Elapsed training time:2.29s
[MiniBooNE] Starting validation...
[MiniBooNE] Elapsed validation time:0.16s
[MiniBooNE] [Epoch=194] Train Loss=[QuantLoss=0.06116]Val loss = [QuantLoss=0.02647][QuantReg:0.68058]
[MiniBooNE] Starting epoch 195...
[MiniBooNE] Elapsed training time:2.35s
[MiniBooNE] Starting validation...
[MiniBooNE] Elapsed validation time:0.14s
[MiniBooNE] [Epoch=195] Train Loss=[QuantLoss=0.06218]Val loss = [QuantLoss=0.02834][QuantReg:0.68096]
[MiniBooNE] Starting epoch 196...
[MiniBooNE] Elapsed training time:2.29s
[MiniBooNE] Starting validation...
[MiniBooNE] Elapsed validation time:0.15s
[MiniBooNE] [Epoch=196] Train Loss=[QuantLoss=0.06279]Val loss = [QuantLoss=0.02443][QuantReg:0.67939]
[MiniBooNE] Starting epoch 197...
[MiniBooNE] Elapsed training time:2.27s
[MiniBooNE] Starting validation...
[MiniBooNE] Elapsed validation time:0.16s
[MiniBooNE] [Epoch=197] Train Loss=[QuantLoss=0.06441]Val loss = [QuantLoss=0.02706][QuantReg:0.67863]
[MiniBooNE] Starting epoch 198...
[MiniBooNE] Elapsed training time:2.30s
[MiniBooNE] Starting validation...
[MiniBooNE] Elapsed validation time:0.15s
[MiniBooNE] [Epoch=198] Train Loss=[QuantLoss=0.06161]Val loss = [QuantLoss=0.02446][QuantReg:0.67809]
[MiniBooNE] Starting epoch 199...
[MiniBooNE] Elapsed training time:2.26s
[MiniBooNE] Starting validation...
[MiniBooNE] Elapsed validation time:0.15s
[MiniBooNE] [Epoch=199] Train Loss=[QuantLoss=0.06446]Val loss = [QuantLoss=0.02957][QuantReg:0.68044]
[MiniBooNE] Starting epoch 200...
[MiniBooNE] Elapsed training time:2.26s
[MiniBooNE] Starting validation...
[MiniBooNE] Elapsed validation time:0.15s
[MiniBooNE] [Epoch=200] Train Loss=[QuantLoss=0.06271]Val loss = [QuantLoss=0.02650][QuantReg:0.67901]
[MiniBooNE] Starting epoch 201...
[MiniBooNE] Elapsed training time:2.32s
[MiniBooNE] Starting validation...
[MiniBooNE] Elapsed validation time:0.15s
[MiniBooNE] [Epoch=201] Train Loss=[QuantLoss=0.06435]Val loss = [QuantLoss=0.02640][QuantReg:0.67870]
[MiniBooNE] Starting epoch 202...
[MiniBooNE] Elapsed training time:2.29s
[MiniBooNE] Starting validation...
[MiniBooNE] Elapsed validation time:0.14s
[MiniBooNE] [Epoch=202] Train Loss=[QuantLoss=0.06377]Val loss = [QuantLoss=0.02870][QuantReg:0.67914]
[MiniBooNE] Early stopping in epoch 202!
[MiniBooNE] Restoring best model...
MAE médio por bag: 0.0288 ± 0.0241
Resultados, incluindo predições, salvos em: resultados_miniboone/resultados_miniboone_kl_hardest_2.csv
