Dataset: miniboone
Dificuldade: metric=l1, mode=hardest, top_k=None
Rodada: 1
Salvar resultados em: resultados_miniboone
Dispositivo de treino: cpu
Baixando e preparando o dataset MiniBooNE...
Dataset MiniBooNE pronto.
Model savedmodels/miniboone_l1_hardest_run1.pkl exists. Loading weights ...
Ignoring val_split as train and val datasets where given to fit function
We have two datasets: training 155457 examples. validation 25900 examples.]
Using device cpu
[MiniBooNE] Starting epoch 0...
[MiniBooNE] Elapsed training time:2.32s
[MiniBooNE] Starting validation...
[MiniBooNE] Elapsed validation time:0.23s
[MiniBooNE] [Epoch=000] Train Loss=[QuantLoss=0.03894]Val loss = [QuantLoss=0.20723][QuantReg:0.51273][saved best model in this epoch]
[MiniBooNE] Starting epoch 1...
[MiniBooNE] Elapsed training time:2.47s
[MiniBooNE] Starting validation...
[MiniBooNE] Elapsed validation time:0.23s
[MiniBooNE] [Epoch=001] Train Loss=[QuantLoss=0.06419]Val loss = [QuantLoss=0.09981][QuantReg:0.52375][saved best model in this epoch]
[MiniBooNE] Starting epoch 2...
[MiniBooNE] Elapsed training time:2.47s
[MiniBooNE] Starting validation...
[MiniBooNE] Elapsed validation time:0.24s
[MiniBooNE] [Epoch=002] Train Loss=[QuantLoss=0.07868]Val loss = [QuantLoss=0.23745][QuantReg:0.52443]
[MiniBooNE] Starting epoch 3...
[MiniBooNE] Elapsed training time:2.57s
[MiniBooNE] Starting validation...
[MiniBooNE] Elapsed validation time:0.23s
[MiniBooNE] [Epoch=003] Train Loss=[QuantLoss=0.09343]Val loss = [QuantLoss=0.07961][QuantReg:0.52416][saved best model in this epoch]
[MiniBooNE] Starting epoch 4...
[MiniBooNE] Elapsed training time:2.56s
[MiniBooNE] Starting validation...
[MiniBooNE] Elapsed validation time:0.24s
[MiniBooNE] [Epoch=004] Train Loss=[QuantLoss=0.08390]Val loss = [QuantLoss=0.08016][QuantReg:0.52585]
[MiniBooNE] Starting epoch 5...
[MiniBooNE] Elapsed training time:2.54s
[MiniBooNE] Starting validation...
[MiniBooNE] Elapsed validation time:0.23s
[MiniBooNE] [Epoch=005] Train Loss=[QuantLoss=0.08250]Val loss = [QuantLoss=0.09682][QuantReg:0.52309]
[MiniBooNE] Starting epoch 6...
[MiniBooNE] Elapsed training time:2.61s
[MiniBooNE] Starting validation...
[MiniBooNE] Elapsed validation time:0.24s
[MiniBooNE] [Epoch=006] Train Loss=[QuantLoss=0.08409]Val loss = [QuantLoss=0.09270][QuantReg:0.53180]
[MiniBooNE] Starting epoch 7...
[MiniBooNE] Elapsed training time:2.66s
[MiniBooNE] Starting validation...
[MiniBooNE] Elapsed validation time:0.14s
[MiniBooNE] [Epoch=007] Train Loss=[QuantLoss=0.09294]Val loss = [QuantLoss=0.20007][QuantReg:0.52515]
[MiniBooNE] Starting epoch 8...
[MiniBooNE] Elapsed training time:2.59s
[MiniBooNE] Starting validation...
[MiniBooNE] Elapsed validation time:0.15s
[MiniBooNE] [Epoch=008] Train Loss=[QuantLoss=0.09886]Val loss = [QuantLoss=0.11096][QuantReg:0.51253]
[MiniBooNE] Starting epoch 9...
[MiniBooNE] Elapsed training time:2.57s
[MiniBooNE] Starting validation...
[MiniBooNE] Elapsed validation time:0.14s
[MiniBooNE] [Epoch=009] Train Loss=[QuantLoss=0.07802]Val loss = [QuantLoss=0.11779][QuantReg:0.50544]
[MiniBooNE] Starting epoch 10...
[MiniBooNE] Elapsed training time:2.46s
[MiniBooNE] Starting validation...
[MiniBooNE] Elapsed validation time:0.15s
[MiniBooNE] [Epoch=010] Train Loss=[QuantLoss=0.11053]Val loss = [QuantLoss=0.17175][QuantReg:0.49861]
[MiniBooNE] Starting epoch 11...
[MiniBooNE] Elapsed training time:2.52s
[MiniBooNE] Starting validation...
[MiniBooNE] Elapsed validation time:0.14s
[MiniBooNE] [Epoch=011] Train Loss=[QuantLoss=0.08520]Val loss = [QuantLoss=0.09680][QuantReg:0.50128]
[MiniBooNE] Starting epoch 12...
[MiniBooNE] Elapsed training time:2.58s
[MiniBooNE] Starting validation...
[MiniBooNE] Elapsed validation time:0.14s
[MiniBooNE] [Epoch=012] Train Loss=[QuantLoss=0.08524]Val loss = [QuantLoss=0.09071][QuantReg:0.49700]
[MiniBooNE] Starting epoch 13...
[MiniBooNE] Elapsed training time:2.63s
[MiniBooNE] Starting validation...
[MiniBooNE] Elapsed validation time:0.14s
[MiniBooNE] [Epoch=013] Train Loss=[QuantLoss=0.08820]Val loss = [QuantLoss=0.07165][QuantReg:0.50030][saved best model in this epoch]
[MiniBooNE] Starting epoch 14...
[MiniBooNE] Elapsed training time:2.68s
[MiniBooNE] Starting validation...
[MiniBooNE] Elapsed validation time:0.15s
[MiniBooNE] [Epoch=014] Train Loss=[QuantLoss=0.08928]Val loss = [QuantLoss=0.03953][QuantReg:0.49347][saved best model in this epoch]
[MiniBooNE] Starting epoch 15...
[MiniBooNE] Elapsed training time:2.62s
[MiniBooNE] Starting validation...
[MiniBooNE] Elapsed validation time:0.14s
[MiniBooNE] [Epoch=015] Train Loss=[QuantLoss=0.09228]Val loss = [QuantLoss=0.03155][QuantReg:0.49773][saved best model in this epoch]
[MiniBooNE] Starting epoch 16...
[MiniBooNE] Elapsed training time:2.58s
[MiniBooNE] Starting validation...
[MiniBooNE] Elapsed validation time:0.15s
[MiniBooNE] [Epoch=016] Train Loss=[QuantLoss=0.06857]Val loss = [QuantLoss=0.05342][QuantReg:0.50093]
[MiniBooNE] Starting epoch 17...
[MiniBooNE] Elapsed training time:2.59s
[MiniBooNE] Starting validation...
[MiniBooNE] Elapsed validation time:0.14s
[MiniBooNE] [Epoch=017] Train Loss=[QuantLoss=0.07297]Val loss = [QuantLoss=0.22007][QuantReg:0.50383]
[MiniBooNE] Starting epoch 18...
[MiniBooNE] Elapsed training time:2.55s
[MiniBooNE] Starting validation...
[MiniBooNE] Elapsed validation time:0.14s
[MiniBooNE] [Epoch=018] Train Loss=[QuantLoss=0.08751]Val loss = [QuantLoss=0.14272][QuantReg:0.51355]
[MiniBooNE] Starting epoch 19...
[MiniBooNE] Elapsed training time:2.71s
[MiniBooNE] Starting validation...
[MiniBooNE] Elapsed validation time:0.15s
[MiniBooNE] [Epoch=019] Train Loss=[QuantLoss=0.09572]Val loss = [QuantLoss=0.13478][QuantReg:0.50901]
[MiniBooNE] Starting epoch 20...
[MiniBooNE] Elapsed training time:2.68s
[MiniBooNE] Starting validation...
[MiniBooNE] Elapsed validation time:0.14s
[MiniBooNE] [Epoch=020] Train Loss=[QuantLoss=0.09973]Val loss = [QuantLoss=0.07571][QuantReg:0.50821]
[MiniBooNE] Starting epoch 21...
[MiniBooNE] Elapsed training time:2.61s
[MiniBooNE] Starting validation...
[MiniBooNE] Elapsed validation time:0.15s
[MiniBooNE] [Epoch=021] Train Loss=[QuantLoss=0.08477]Val loss = [QuantLoss=0.06800][QuantReg:0.51480]
[MiniBooNE] Starting epoch 22...
[MiniBooNE] Elapsed training time:2.70s
[MiniBooNE] Starting validation...
[MiniBooNE] Elapsed validation time:0.14s
[MiniBooNE] [Epoch=022] Train Loss=[QuantLoss=0.09413]Val loss = [QuantLoss=0.03478][QuantReg:0.50573]
[MiniBooNE] Starting epoch 23...
[MiniBooNE] Elapsed training time:2.61s
[MiniBooNE] Starting validation...
[MiniBooNE] Elapsed validation time:0.14s
[MiniBooNE] [Epoch=023] Train Loss=[QuantLoss=0.08921]Val loss = [QuantLoss=0.02704][QuantReg:0.50327][saved best model in this epoch]
[MiniBooNE] Starting epoch 24...
[MiniBooNE] Elapsed training time:2.67s
[MiniBooNE] Starting validation...
[MiniBooNE] Elapsed validation time:0.14s
[MiniBooNE] [Epoch=024] Train Loss=[QuantLoss=0.07650]Val loss = [QuantLoss=0.09266][QuantReg:0.50617]
[MiniBooNE] Starting epoch 25...
[MiniBooNE] Elapsed training time:2.54s
[MiniBooNE] Starting validation...
[MiniBooNE] Elapsed validation time:0.16s
[MiniBooNE] [Epoch=025] Train Loss=[QuantLoss=0.06627]Val loss = [QuantLoss=0.21885][QuantReg:0.50431]
[MiniBooNE] Starting epoch 26...
[MiniBooNE] Elapsed training time:2.50s
[MiniBooNE] Starting validation...
[MiniBooNE] Elapsed validation time:0.16s
[MiniBooNE] [Epoch=026] Train Loss=[QuantLoss=0.06825]Val loss = [QuantLoss=0.09157][QuantReg:0.51121]
[MiniBooNE] Starting epoch 27...
[MiniBooNE] Elapsed training time:2.54s
[MiniBooNE] Starting validation...
[MiniBooNE] Elapsed validation time:0.15s
[MiniBooNE] [Epoch=027] Train Loss=[QuantLoss=0.06732]Val loss = [QuantLoss=0.24385][QuantReg:0.50888]
[MiniBooNE] Starting epoch 28...
[MiniBooNE] Elapsed training time:2.58s
[MiniBooNE] Starting validation...
[MiniBooNE] Elapsed validation time:0.14s
[MiniBooNE] [Epoch=028] Train Loss=[QuantLoss=0.07400]Val loss = [QuantLoss=0.17622][QuantReg:0.50858]
[MiniBooNE] Starting epoch 29...
[MiniBooNE] Elapsed training time:2.65s
[MiniBooNE] Starting validation...
[MiniBooNE] Elapsed validation time:0.14s
[MiniBooNE] [Epoch=029] Train Loss=[QuantLoss=0.07796]Val loss = [QuantLoss=0.10841][QuantReg:0.50749]
[MiniBooNE] Starting epoch 30...
[MiniBooNE] Elapsed training time:2.66s
[MiniBooNE] Starting validation...
[MiniBooNE] Elapsed validation time:0.15s
[MiniBooNE] [Epoch=030] Train Loss=[QuantLoss=0.06682]Val loss = [QuantLoss=0.26624][QuantReg:0.49960]
[MiniBooNE] Starting epoch 31...
[MiniBooNE] Elapsed training time:2.60s
[MiniBooNE] Starting validation...
[MiniBooNE] Elapsed validation time:0.14s
[MiniBooNE] [Epoch=031] Train Loss=[QuantLoss=0.07006]Val loss = [QuantLoss=0.05802][QuantReg:0.49720]
[MiniBooNE] Starting epoch 32...
[MiniBooNE] Elapsed training time:2.69s
[MiniBooNE] Starting validation...
[MiniBooNE] Elapsed validation time:0.17s
[MiniBooNE] [Epoch=032] Train Loss=[QuantLoss=0.08327]Val loss = [QuantLoss=0.23490][QuantReg:0.49311]
[MiniBooNE] Starting epoch 33...
[MiniBooNE] Elapsed training time:2.65s
[MiniBooNE] Starting validation...
[MiniBooNE] Elapsed validation time:0.14s
[MiniBooNE] [Epoch=033] Train Loss=[QuantLoss=0.08976]Val loss = [QuantLoss=0.17121][QuantReg:0.50559]
[MiniBooNE] Starting epoch 34...
[MiniBooNE] Elapsed training time:2.81s
[MiniBooNE] Starting validation...
[MiniBooNE] Elapsed validation time:0.15s
[MiniBooNE] [Epoch=034] Train Loss=[QuantLoss=0.08532]Val loss = [QuantLoss=0.16017][QuantReg:0.51771]
[MiniBooNE] Starting epoch 35...
[MiniBooNE] Elapsed training time:2.74s
[MiniBooNE] Starting validation...
[MiniBooNE] Elapsed validation time:0.16s
[MiniBooNE] [Epoch=035] Train Loss=[QuantLoss=0.08882]Val loss = [QuantLoss=0.18521][QuantReg:0.52368]
[MiniBooNE] Starting epoch 36...
[MiniBooNE] Elapsed training time:2.80s
[MiniBooNE] Starting validation...
[MiniBooNE] Elapsed validation time:0.15s
[MiniBooNE] [Epoch=036] Train Loss=[QuantLoss=0.07958]Val loss = [QuantLoss=0.03046][QuantReg:0.52728]
[MiniBooNE] Starting epoch 37...
[MiniBooNE] Elapsed training time:2.83s
[MiniBooNE] Starting validation...
[MiniBooNE] Elapsed validation time:0.24s
[MiniBooNE] [Epoch=037] Train Loss=[QuantLoss=0.07373]Val loss = [QuantLoss=0.08375][QuantReg:0.52554]
[MiniBooNE] Starting epoch 38...
[MiniBooNE] Elapsed training time:2.94s
[MiniBooNE] Starting validation...
[MiniBooNE] Elapsed validation time:0.15s
[MiniBooNE] [Epoch=038] Train Loss=[QuantLoss=0.07815]Val loss = [QuantLoss=0.05591][QuantReg:0.52401]
[MiniBooNE] Starting epoch 39...
[MiniBooNE] Elapsed training time:2.93s
[MiniBooNE] Starting validation...
[MiniBooNE] Elapsed validation time:0.24s
[MiniBooNE] [Epoch=039] Train Loss=[QuantLoss=0.07935]Val loss = [QuantLoss=0.19051][QuantReg:0.52465]
[MiniBooNE] Starting epoch 40...
[MiniBooNE] Elapsed training time:2.87s
[MiniBooNE] Starting validation...
[MiniBooNE] Elapsed validation time:0.23s
[MiniBooNE] [Epoch=040] Train Loss=[QuantLoss=0.07045]Val loss = [QuantLoss=0.22381][QuantReg:0.52959]
[MiniBooNE] Starting epoch 41...
[MiniBooNE] Elapsed training time:2.86s
[MiniBooNE] Starting validation...
[MiniBooNE] Elapsed validation time:0.23s
[MiniBooNE] [Epoch=041] Train Loss=[QuantLoss=0.07316]Val loss = [QuantLoss=0.20060][QuantReg:0.51047]
[MiniBooNE] Starting epoch 42...
[MiniBooNE] Elapsed training time:2.90s
[MiniBooNE] Starting validation...
[MiniBooNE] Elapsed validation time:0.22s
[MiniBooNE] [Epoch=042] Train Loss=[QuantLoss=0.07419]Val loss = [QuantLoss=0.18727][QuantReg:0.50851]
[MiniBooNE] Starting epoch 43...
[MiniBooNE] Elapsed training time:2.88s
[MiniBooNE] Starting validation...
[MiniBooNE] Elapsed validation time:0.24s
[MiniBooNE] [Epoch=043] Train Loss=[QuantLoss=0.07898]Val loss = [QuantLoss=0.16774][QuantReg:0.50795]
[MiniBooNE] Starting epoch 44...
[MiniBooNE] Elapsed training time:3.02s
[MiniBooNE] Starting validation...
[MiniBooNE] Elapsed validation time:0.24s
[MiniBooNE] [Epoch=044] Train Loss=[QuantLoss=0.08170]Val loss = [QuantLoss=0.04081][QuantReg:0.49646]
[MiniBooNE] Starting epoch 45...
[MiniBooNE] Elapsed training time:2.95s
[MiniBooNE] Starting validation...
[MiniBooNE] Elapsed validation time:0.24s
[MiniBooNE] [Epoch=045] Train Loss=[QuantLoss=0.07915]Val loss = [QuantLoss=0.03403][QuantReg:0.49500]
[MiniBooNE] Starting epoch 46...
[MiniBooNE] Elapsed training time:3.00s
[MiniBooNE] Starting validation...
[MiniBooNE] Elapsed validation time:0.23s
[MiniBooNE] [Epoch=046] Train Loss=[QuantLoss=0.07827]Val loss = [QuantLoss=0.02864][QuantReg:0.49422]
[MiniBooNE] Starting epoch 47...
[MiniBooNE] Elapsed training time:3.00s
[MiniBooNE] Starting validation...
[MiniBooNE] Elapsed validation time:0.23s
[MiniBooNE] [Epoch=047] Train Loss=[QuantLoss=0.07849]Val loss = [QuantLoss=0.02498][QuantReg:0.50081][saved best model in this epoch]
[MiniBooNE] Starting epoch 48...
[MiniBooNE] Elapsed training time:2.99s
[MiniBooNE] Starting validation...
[MiniBooNE] Elapsed validation time:0.23s
[MiniBooNE] [Epoch=048] Train Loss=[QuantLoss=0.07333]Val loss = [QuantLoss=0.02416][QuantReg:0.50537][saved best model in this epoch]
[MiniBooNE] Starting epoch 49...
[MiniBooNE] Elapsed training time:2.99s
[MiniBooNE] Starting validation...
[MiniBooNE] Elapsed validation time:0.23s
[MiniBooNE] [Epoch=049] Train Loss=[QuantLoss=0.07385]Val loss = [QuantLoss=0.02736][QuantReg:0.50311]
[MiniBooNE] Starting epoch 50...
[MiniBooNE] Elapsed training time:3.00s
[MiniBooNE] Starting validation...
[MiniBooNE] Elapsed validation time:0.24s
[MiniBooNE] [Epoch=050] Train Loss=[QuantLoss=0.08118]Val loss = [QuantLoss=0.02616][QuantReg:0.50685]
[MiniBooNE] Starting epoch 51...
[MiniBooNE] Elapsed training time:3.19s
[MiniBooNE] Starting validation...
[MiniBooNE] Elapsed validation time:0.24s
[MiniBooNE] [Epoch=051] Train Loss=[QuantLoss=0.07511]Val loss = [QuantLoss=0.02726][QuantReg:0.51085]
[MiniBooNE] Starting epoch 52...
[MiniBooNE] Elapsed training time:3.05s
[MiniBooNE] Starting validation...
[MiniBooNE] Elapsed validation time:0.23s
[MiniBooNE] [Epoch=052] Train Loss=[QuantLoss=0.07215]Val loss = [QuantLoss=0.02594][QuantReg:0.51365]
[MiniBooNE] Starting epoch 53...
[MiniBooNE] Elapsed training time:3.10s
[MiniBooNE] Starting validation...
[MiniBooNE] Elapsed validation time:0.23s
[MiniBooNE] [Epoch=053] Train Loss=[QuantLoss=0.07190]Val loss = [QuantLoss=0.02378][QuantReg:0.51443][saved best model in this epoch]
[MiniBooNE] Starting epoch 54...
[MiniBooNE] Elapsed training time:2.95s
[MiniBooNE] Starting validation...
[MiniBooNE] Elapsed validation time:0.23s
[MiniBooNE] [Epoch=054] Train Loss=[QuantLoss=0.07632]Val loss = [QuantLoss=0.02638][QuantReg:0.51341]
[MiniBooNE] Starting epoch 55...
[MiniBooNE] Elapsed training time:2.98s
[MiniBooNE] Starting validation...
[MiniBooNE] Elapsed validation time:0.23s
[MiniBooNE] [Epoch=055] Train Loss=[QuantLoss=0.06861]Val loss = [QuantLoss=0.02415][QuantReg:0.51338]
[MiniBooNE] Starting epoch 56...
[MiniBooNE] Elapsed training time:2.98s
[MiniBooNE] Starting validation...
[MiniBooNE] Elapsed validation time:0.24s
[MiniBooNE] [Epoch=056] Train Loss=[QuantLoss=0.07504]Val loss = [QuantLoss=0.02517][QuantReg:0.51051]
[MiniBooNE] Starting epoch 57...
[MiniBooNE] Elapsed training time:3.02s
[MiniBooNE] Starting validation...
[MiniBooNE] Elapsed validation time:0.23s
[MiniBooNE] [Epoch=057] Train Loss=[QuantLoss=0.07214]Val loss = [QuantLoss=0.02817][QuantReg:0.51176]
[MiniBooNE] Starting epoch 58...
[MiniBooNE] Elapsed training time:2.93s
[MiniBooNE] Starting validation...
[MiniBooNE] Elapsed validation time:0.23s
[MiniBooNE] [Epoch=058] Train Loss=[QuantLoss=0.07112]Val loss = [QuantLoss=0.02614][QuantReg:0.50859]
[MiniBooNE] Starting epoch 59...
[MiniBooNE] Elapsed training time:3.03s
[MiniBooNE] Starting validation...
[MiniBooNE] Elapsed validation time:0.24s
[MiniBooNE] [Epoch=059] Train Loss=[QuantLoss=0.07297]Val loss = [QuantLoss=0.02693][QuantReg:0.50984]
[MiniBooNE] Starting epoch 60...
[MiniBooNE] Elapsed training time:2.95s
[MiniBooNE] Starting validation...
[MiniBooNE] Elapsed validation time:0.24s
[MiniBooNE] [Epoch=060] Train Loss=[QuantLoss=0.07415]Val loss = [QuantLoss=0.02440][QuantReg:0.50902]
[MiniBooNE] Starting epoch 61...
[MiniBooNE] Elapsed training time:3.06s
[MiniBooNE] Starting validation...
[MiniBooNE] Elapsed validation time:0.23s
[MiniBooNE] [Epoch=061] Train Loss=[QuantLoss=0.07488]Val loss = [QuantLoss=0.02384][QuantReg:0.50721]
[MiniBooNE] Starting epoch 62...
[MiniBooNE] Elapsed training time:2.91s
[MiniBooNE] Starting validation...
[MiniBooNE] Elapsed validation time:0.23s
[MiniBooNE] [Epoch=062] Train Loss=[QuantLoss=0.06865]Val loss = [QuantLoss=0.02937][QuantReg:0.50857]
[MiniBooNE] Starting epoch 63...
[MiniBooNE] Elapsed training time:3.00s
[MiniBooNE] Starting validation...
[MiniBooNE] Elapsed validation time:0.23s
[MiniBooNE] [Epoch=063] Train Loss=[QuantLoss=0.07656]Val loss = [QuantLoss=0.02536][QuantReg:0.50464]
[MiniBooNE] Starting epoch 64...
[MiniBooNE] Elapsed training time:2.93s
[MiniBooNE] Starting validation...
[MiniBooNE] Elapsed validation time:0.24s
[MiniBooNE] [Epoch=064] Train Loss=[QuantLoss=0.07223]Val loss = [QuantLoss=0.02801][QuantReg:0.50153]
[MiniBooNE] Starting epoch 65...
[MiniBooNE] Elapsed training time:3.03s
[MiniBooNE] Starting validation...
[MiniBooNE] Elapsed validation time:0.23s
[MiniBooNE] [Epoch=065] Train Loss=[QuantLoss=0.06861]Val loss = [QuantLoss=0.02739][QuantReg:0.49899]
[MiniBooNE] Starting epoch 66...
[MiniBooNE] Elapsed training time:3.06s
[MiniBooNE] Starting validation...
[MiniBooNE] Elapsed validation time:0.22s
[MiniBooNE] [Epoch=066] Train Loss=[QuantLoss=0.07484]Val loss = [QuantLoss=0.02526][QuantReg:0.49909]
[MiniBooNE] Starting epoch 67...
[MiniBooNE] Elapsed training time:3.01s
[MiniBooNE] Starting validation...
[MiniBooNE] Elapsed validation time:0.22s
[MiniBooNE] [Epoch=067] Train Loss=[QuantLoss=0.06834]Val loss = [QuantLoss=0.02930][QuantReg:0.49593]
[MiniBooNE] Starting epoch 68...
[MiniBooNE] Elapsed training time:3.09s
[MiniBooNE] Starting validation...
[MiniBooNE] Elapsed validation time:0.14s
[MiniBooNE] [Epoch=068] Train Loss=[QuantLoss=0.07085]Val loss = [QuantLoss=0.02738][QuantReg:0.49854]
[MiniBooNE] Starting epoch 69...
[MiniBooNE] Elapsed training time:2.97s
[MiniBooNE] Starting validation...
[MiniBooNE] Elapsed validation time:0.15s
[MiniBooNE] [Epoch=069] Train Loss=[QuantLoss=0.07486]Val loss = [QuantLoss=0.03124][QuantReg:0.49486]
[MiniBooNE] Starting epoch 70...
[MiniBooNE] Elapsed training time:3.05s
[MiniBooNE] Starting validation...
[MiniBooNE] Elapsed validation time:0.14s
[MiniBooNE] [Epoch=070] Train Loss=[QuantLoss=0.06849]Val loss = [QuantLoss=0.02485][QuantReg:0.49175]
[MiniBooNE] Starting epoch 71...
[MiniBooNE] Elapsed training time:2.89s
[MiniBooNE] Starting validation...
[MiniBooNE] Elapsed validation time:0.16s
[MiniBooNE] [Epoch=071] Train Loss=[QuantLoss=0.07318]Val loss = [QuantLoss=0.02734][QuantReg:0.49175]
[MiniBooNE] Starting epoch 72...
[MiniBooNE] Elapsed training time:3.02s
[MiniBooNE] Starting validation...
[MiniBooNE] Elapsed validation time:0.14s
[MiniBooNE] [Epoch=072] Train Loss=[QuantLoss=0.06887]Val loss = [QuantLoss=0.02492][QuantReg:0.49653]
[MiniBooNE] Starting epoch 73...
[MiniBooNE] Elapsed training time:3.14s
[MiniBooNE] Starting validation...
[MiniBooNE] Elapsed validation time:0.16s
[MiniBooNE] [Epoch=073] Train Loss=[QuantLoss=0.07501]Val loss = [QuantLoss=0.02675][QuantReg:0.49450]
[MiniBooNE] Starting epoch 74...
[MiniBooNE] Elapsed training time:2.92s
[MiniBooNE] Starting validation...
[MiniBooNE] Elapsed validation time:0.14s
[MiniBooNE] [Epoch=074] Train Loss=[QuantLoss=0.06386]Val loss = [QuantLoss=0.05538][QuantReg:0.48920]
[MiniBooNE] Starting epoch 75...
[MiniBooNE] Elapsed training time:2.86s
[MiniBooNE] Starting validation...
[MiniBooNE] Elapsed validation time:0.16s
[MiniBooNE] [Epoch=075] Train Loss=[QuantLoss=0.07978]Val loss = [QuantLoss=0.03576][QuantReg:0.49116]
[MiniBooNE] Starting epoch 76...
[MiniBooNE] Elapsed training time:2.92s
[MiniBooNE] Starting validation...
[MiniBooNE] Elapsed validation time:0.15s
[MiniBooNE] [Epoch=076] Train Loss=[QuantLoss=0.07564]Val loss = [QuantLoss=0.03081][QuantReg:0.49092]
[MiniBooNE] Starting epoch 77...
[MiniBooNE] Elapsed training time:2.99s
[MiniBooNE] Starting validation...
[MiniBooNE] Elapsed validation time:0.16s
[MiniBooNE] [Epoch=077] Train Loss=[QuantLoss=0.06767]Val loss = [QuantLoss=0.02413][QuantReg:0.49008]
[MiniBooNE] Starting epoch 78...
[MiniBooNE] Elapsed training time:2.94s
[MiniBooNE] Starting validation...
[MiniBooNE] Elapsed validation time:0.15s
[MiniBooNE] [Epoch=078] Train Loss=[QuantLoss=0.06884]Val loss = [QuantLoss=0.02388][QuantReg:0.48836]
[MiniBooNE] Starting epoch 79...
[MiniBooNE] Elapsed training time:2.97s
[MiniBooNE] Starting validation...
[MiniBooNE] Elapsed validation time:0.14s
[MiniBooNE] [Epoch=079] Train Loss=[QuantLoss=0.06818]Val loss = [QuantLoss=0.02436][QuantReg:0.48887]
[MiniBooNE] Starting epoch 80...
[MiniBooNE] Elapsed training time:2.92s
[MiniBooNE] Starting validation...
[MiniBooNE] Elapsed validation time:0.14s
[MiniBooNE] [Epoch=080] Train Loss=[QuantLoss=0.07115]Val loss = [QuantLoss=0.02579][QuantReg:0.49311]
[MiniBooNE] Starting epoch 81...
[MiniBooNE] Elapsed training time:3.03s
[MiniBooNE] Starting validation...
[MiniBooNE] Elapsed validation time:0.15s
[MiniBooNE] [Epoch=081] Train Loss=[QuantLoss=0.06664]Val loss = [QuantLoss=0.02699][QuantReg:0.49183]
[MiniBooNE] Starting epoch 82...
[MiniBooNE] Elapsed training time:2.95s
[MiniBooNE] Starting validation...
[MiniBooNE] Elapsed validation time:0.14s
[MiniBooNE] [Epoch=082] Train Loss=[QuantLoss=0.06998]Val loss = [QuantLoss=0.02437][QuantReg:0.49146]
[MiniBooNE] Starting epoch 83...
[MiniBooNE] Elapsed training time:3.08s
[MiniBooNE] Starting validation...
[MiniBooNE] Elapsed validation time:0.14s
[MiniBooNE] [Epoch=083] Train Loss=[QuantLoss=0.06356]Val loss = [QuantLoss=0.02785][QuantReg:0.49112]
[MiniBooNE] Starting epoch 84...
[MiniBooNE] Elapsed training time:2.92s
[MiniBooNE] Starting validation...
[MiniBooNE] Elapsed validation time:0.14s
[MiniBooNE] [Epoch=084] Train Loss=[QuantLoss=0.06634]Val loss = [QuantLoss=0.02332][QuantReg:0.49008][saved best model in this epoch]
[MiniBooNE] Starting epoch 85...
[MiniBooNE] Elapsed training time:3.07s
[MiniBooNE] Starting validation...
[MiniBooNE] Elapsed validation time:0.14s
[MiniBooNE] [Epoch=085] Train Loss=[QuantLoss=0.06500]Val loss = [QuantLoss=0.02867][QuantReg:0.49061]
[MiniBooNE] Starting epoch 86...
[MiniBooNE] Elapsed training time:2.95s
[MiniBooNE] Starting validation...
[MiniBooNE] Elapsed validation time:0.14s
[MiniBooNE] [Epoch=086] Train Loss=[QuantLoss=0.07353]Val loss = [QuantLoss=0.02490][QuantReg:0.48941]
[MiniBooNE] Starting epoch 87...
[MiniBooNE] Elapsed training time:2.96s
[MiniBooNE] Starting validation...
[MiniBooNE] Elapsed validation time:0.14s
[MiniBooNE] [Epoch=087] Train Loss=[QuantLoss=0.06756]Val loss = [QuantLoss=0.02355][QuantReg:0.49146]
[MiniBooNE] Starting epoch 88...
[MiniBooNE] Elapsed training time:2.91s
[MiniBooNE] Starting validation...
[MiniBooNE] Elapsed validation time:0.16s
[MiniBooNE] [Epoch=088] Train Loss=[QuantLoss=0.06977]Val loss = [QuantLoss=0.02403][QuantReg:0.49414]
[MiniBooNE] Starting epoch 89...
[MiniBooNE] Elapsed training time:2.80s
[MiniBooNE] Starting validation...
[MiniBooNE] Elapsed validation time:0.15s
[MiniBooNE] [Epoch=089] Train Loss=[QuantLoss=0.06542]Val loss = [QuantLoss=0.02502][QuantReg:0.49685]
[MiniBooNE] Starting epoch 90...
[MiniBooNE] Elapsed training time:2.93s
[MiniBooNE] Starting validation...
[MiniBooNE] Elapsed validation time:0.14s
[MiniBooNE] [Epoch=090] Train Loss=[QuantLoss=0.06972]Val loss = [QuantLoss=0.02555][QuantReg:0.49644]
[MiniBooNE] Starting epoch 91...
[MiniBooNE] Elapsed training time:3.00s
[MiniBooNE] Starting validation...
[MiniBooNE] Elapsed validation time:0.15s
[MiniBooNE] [Epoch=091] Train Loss=[QuantLoss=0.06237]Val loss = [QuantLoss=0.02792][QuantReg:0.49947]
[MiniBooNE] Starting epoch 92...
[MiniBooNE] Elapsed training time:2.99s
[MiniBooNE] Starting validation...
[MiniBooNE] Elapsed validation time:0.17s
[MiniBooNE] [Epoch=092] Train Loss=[QuantLoss=0.06936]Val loss = [QuantLoss=0.02473][QuantReg:0.49699]
[MiniBooNE] Starting epoch 93...
[MiniBooNE] Elapsed training time:2.93s
[MiniBooNE] Starting validation...
[MiniBooNE] Elapsed validation time:0.15s
[MiniBooNE] [Epoch=093] Train Loss=[QuantLoss=0.06567]Val loss = [QuantLoss=0.02313][QuantReg:0.49833][saved best model in this epoch]
[MiniBooNE] Starting epoch 94...
[MiniBooNE] Elapsed training time:2.89s
[MiniBooNE] Starting validation...
[MiniBooNE] Elapsed validation time:0.14s
[MiniBooNE] [Epoch=094] Train Loss=[QuantLoss=0.06915]Val loss = [QuantLoss=0.02298][QuantReg:0.49543][saved best model in this epoch]
[MiniBooNE] Starting epoch 95...
[MiniBooNE] Elapsed training time:2.83s
[MiniBooNE] Starting validation...
[MiniBooNE] Elapsed validation time:0.15s
[MiniBooNE] [Epoch=095] Train Loss=[QuantLoss=0.06542]Val loss = [QuantLoss=0.02546][QuantReg:0.49978]
[MiniBooNE] Starting epoch 96...
[MiniBooNE] Elapsed training time:2.94s
[MiniBooNE] Starting validation...
[MiniBooNE] Elapsed validation time:0.15s
[MiniBooNE] [Epoch=096] Train Loss=[QuantLoss=0.06563]Val loss = [QuantLoss=0.02467][QuantReg:0.49799]
[MiniBooNE] Starting epoch 97...
[MiniBooNE] Elapsed training time:3.04s
[MiniBooNE] Starting validation...
[MiniBooNE] Elapsed validation time:0.24s
[MiniBooNE] [Epoch=097] Train Loss=[QuantLoss=0.06771]Val loss = [QuantLoss=0.02474][QuantReg:0.49887]
[MiniBooNE] Starting epoch 98...
[MiniBooNE] Elapsed training time:3.18s
[MiniBooNE] Starting validation...
[MiniBooNE] Elapsed validation time:0.13s
[MiniBooNE] [Epoch=098] Train Loss=[QuantLoss=0.06819]Val loss = [QuantLoss=0.02529][QuantReg:0.49812]
[MiniBooNE] Starting epoch 99...
[MiniBooNE] Elapsed training time:3.00s
[MiniBooNE] Starting validation...
[MiniBooNE] Elapsed validation time:0.24s
[MiniBooNE] [Epoch=099] Train Loss=[QuantLoss=0.06464]Val loss = [QuantLoss=0.02843][QuantReg:0.49769]
[MiniBooNE] Starting epoch 100...
[MiniBooNE] Elapsed training time:3.07s
[MiniBooNE] Starting validation...
[MiniBooNE] Elapsed validation time:0.24s
[MiniBooNE] [Epoch=100] Train Loss=[QuantLoss=0.06949]Val loss = [QuantLoss=0.02522][QuantReg:0.50103]
[MiniBooNE] Starting epoch 101...
[MiniBooNE] Elapsed training time:3.02s
[MiniBooNE] Starting validation...
[MiniBooNE] Elapsed validation time:0.23s
[MiniBooNE] [Epoch=101] Train Loss=[QuantLoss=0.06509]Val loss = [QuantLoss=0.03130][QuantReg:0.50348]
[MiniBooNE] Starting epoch 102...
[MiniBooNE] Elapsed training time:3.04s
[MiniBooNE] Starting validation...
[MiniBooNE] Elapsed validation time:0.23s
[MiniBooNE] [Epoch=102] Train Loss=[QuantLoss=0.07013]Val loss = [QuantLoss=0.02455][QuantReg:0.49928]
[MiniBooNE] Starting epoch 103...
[MiniBooNE] Elapsed training time:3.12s
[MiniBooNE] Starting validation...
[MiniBooNE] Elapsed validation time:0.24s
[MiniBooNE] [Epoch=103] Train Loss=[QuantLoss=0.06809]Val loss = [QuantLoss=0.02841][QuantReg:0.50128]
[MiniBooNE] Starting epoch 104...
[MiniBooNE] Elapsed training time:3.07s
[MiniBooNE] Starting validation...
[MiniBooNE] Elapsed validation time:0.24s
[MiniBooNE] [Epoch=104] Train Loss=[QuantLoss=0.06719]Val loss = [QuantLoss=0.02384][QuantReg:0.49722]
[MiniBooNE] Starting epoch 105...
[MiniBooNE] Elapsed training time:3.00s
[MiniBooNE] Starting validation...
[MiniBooNE] Elapsed validation time:0.23s
[MiniBooNE] [Epoch=105] Train Loss=[QuantLoss=0.06728]Val loss = [QuantLoss=0.02761][QuantReg:0.50265]
[MiniBooNE] Starting epoch 106...
[MiniBooNE] Elapsed training time:3.04s
[MiniBooNE] Starting validation...
[MiniBooNE] Elapsed validation time:0.23s
[MiniBooNE] [Epoch=106] Train Loss=[QuantLoss=0.06227]Val loss = [QuantLoss=0.02888][QuantReg:0.50129]
[MiniBooNE] Starting epoch 107...
[MiniBooNE] Elapsed training time:2.99s
[MiniBooNE] Starting validation...
[MiniBooNE] Elapsed validation time:0.25s
[MiniBooNE] [Epoch=107] Train Loss=[QuantLoss=0.06980]Val loss = [QuantLoss=0.02219][QuantReg:0.49983][saved best model in this epoch]
[MiniBooNE] Starting epoch 108...
[MiniBooNE] Elapsed training time:3.06s
[MiniBooNE] Starting validation...
[MiniBooNE] Elapsed validation time:0.25s
[MiniBooNE] [Epoch=108] Train Loss=[QuantLoss=0.06983]Val loss = [QuantLoss=0.02512][QuantReg:0.49934]
[MiniBooNE] Starting epoch 109...
[MiniBooNE] Elapsed training time:3.04s
[MiniBooNE] Starting validation...
[MiniBooNE] Elapsed validation time:0.24s
[MiniBooNE] [Epoch=109] Train Loss=[QuantLoss=0.07001]Val loss = [QuantLoss=0.02756][QuantReg:0.50194]
[MiniBooNE] Starting epoch 110...
[MiniBooNE] Elapsed training time:2.99s
[MiniBooNE] Starting validation...
[MiniBooNE] Elapsed validation time:0.26s
[MiniBooNE] [Epoch=110] Train Loss=[QuantLoss=0.06437]Val loss = [QuantLoss=0.02524][QuantReg:0.50018]
[MiniBooNE] Starting epoch 111...
[MiniBooNE] Elapsed training time:3.06s
[MiniBooNE] Starting validation...
[MiniBooNE] Elapsed validation time:0.23s
[MiniBooNE] [Epoch=111] Train Loss=[QuantLoss=0.07081]Val loss = [QuantLoss=0.02365][QuantReg:0.49567]
[MiniBooNE] Starting epoch 112...
[MiniBooNE] Elapsed training time:3.04s
[MiniBooNE] Starting validation...
[MiniBooNE] Elapsed validation time:0.24s
[MiniBooNE] [Epoch=112] Train Loss=[QuantLoss=0.06328]Val loss = [QuantLoss=0.02737][QuantReg:0.49791]
[MiniBooNE] Starting epoch 113...
[MiniBooNE] Elapsed training time:3.05s
[MiniBooNE] Starting validation...
[MiniBooNE] Elapsed validation time:0.24s
[MiniBooNE] [Epoch=113] Train Loss=[QuantLoss=0.06760]Val loss = [QuantLoss=0.02383][QuantReg:0.49462]
[MiniBooNE] Starting epoch 114...
[MiniBooNE] Elapsed training time:2.90s
[MiniBooNE] Starting validation...
[MiniBooNE] Elapsed validation time:0.23s
[MiniBooNE] [Epoch=114] Train Loss=[QuantLoss=0.06455]Val loss = [QuantLoss=0.02580][QuantReg:0.49358]
[MiniBooNE] Starting epoch 115...
[MiniBooNE] Elapsed training time:3.03s
[MiniBooNE] Starting validation...
[MiniBooNE] Elapsed validation time:0.24s
[MiniBooNE] [Epoch=115] Train Loss=[QuantLoss=0.06846]Val loss = [QuantLoss=0.02372][QuantReg:0.49342]
[MiniBooNE] Starting epoch 116...
[MiniBooNE] Elapsed training time:3.01s
[MiniBooNE] Starting validation...
[MiniBooNE] Elapsed validation time:0.24s
[MiniBooNE] [Epoch=116] Train Loss=[QuantLoss=0.06760]Val loss = [QuantLoss=0.02504][QuantReg:0.49375]
[MiniBooNE] Starting epoch 117...
[MiniBooNE] Elapsed training time:3.08s
[MiniBooNE] Starting validation...
[MiniBooNE] Elapsed validation time:0.23s
[MiniBooNE] [Epoch=117] Train Loss=[QuantLoss=0.06939]Val loss = [QuantLoss=0.02781][QuantReg:0.49367]
[MiniBooNE] Starting epoch 118...
[MiniBooNE] Elapsed training time:3.07s
[MiniBooNE] Starting validation...
[MiniBooNE] Elapsed validation time:0.22s
[MiniBooNE] [Epoch=118] Train Loss=[QuantLoss=0.06713]Val loss = [QuantLoss=0.02217][QuantReg:0.49849][saved best model in this epoch]
[MiniBooNE] Starting epoch 119...
[MiniBooNE] Elapsed training time:2.95s
[MiniBooNE] Starting validation...
[MiniBooNE] Elapsed validation time:0.24s
[MiniBooNE] [Epoch=119] Train Loss=[QuantLoss=0.06809]Val loss = [QuantLoss=0.02305][QuantReg:0.49422]
[MiniBooNE] Starting epoch 120...
[MiniBooNE] Elapsed training time:2.94s
[MiniBooNE] Starting validation...
[MiniBooNE] Elapsed validation time:0.24s
[MiniBooNE] [Epoch=120] Train Loss=[QuantLoss=0.06417]Val loss = [QuantLoss=0.02371][QuantReg:0.49301]
[MiniBooNE] Starting epoch 121...
[MiniBooNE] Elapsed training time:2.92s
[MiniBooNE] Starting validation...
[MiniBooNE] Elapsed validation time:0.23s
[MiniBooNE] [Epoch=121] Train Loss=[QuantLoss=0.07020]Val loss = [QuantLoss=0.02547][QuantReg:0.49525]
[MiniBooNE] Starting epoch 122...
[MiniBooNE] Elapsed training time:2.96s
[MiniBooNE] Starting validation...
[MiniBooNE] Elapsed validation time:0.24s
[MiniBooNE] [Epoch=122] Train Loss=[QuantLoss=0.06638]Val loss = [QuantLoss=0.02488][QuantReg:0.49766]
[MiniBooNE] Starting epoch 123...
[MiniBooNE] Elapsed training time:3.00s
[MiniBooNE] Starting validation...
[MiniBooNE] Elapsed validation time:0.23s
[MiniBooNE] [Epoch=123] Train Loss=[QuantLoss=0.06952]Val loss = [QuantLoss=0.02436][QuantReg:0.49285]
[MiniBooNE] Starting epoch 124...
[MiniBooNE] Elapsed training time:2.96s
[MiniBooNE] Starting validation...
[MiniBooNE] Elapsed validation time:0.22s
[MiniBooNE] [Epoch=124] Train Loss=[QuantLoss=0.06556]Val loss = [QuantLoss=0.02428][QuantReg:0.49613]
[MiniBooNE] Starting epoch 125...
[MiniBooNE] Elapsed training time:2.87s
[MiniBooNE] Starting validation...
[MiniBooNE] Elapsed validation time:0.23s
[MiniBooNE] [Epoch=125] Train Loss=[QuantLoss=0.06088]Val loss = [QuantLoss=0.03670][QuantReg:0.49554]
[MiniBooNE] Starting epoch 126...
[MiniBooNE] Elapsed training time:2.92s
[MiniBooNE] Starting validation...
[MiniBooNE] Elapsed validation time:0.23s
[MiniBooNE] [Epoch=126] Train Loss=[QuantLoss=0.06860]Val loss = [QuantLoss=0.03297][QuantReg:0.49481]
[MiniBooNE] Starting epoch 127...
[MiniBooNE] Elapsed training time:3.08s
[MiniBooNE] Starting validation...
[MiniBooNE] Elapsed validation time:0.24s
[MiniBooNE] [Epoch=127] Train Loss=[QuantLoss=0.06791]Val loss = [QuantLoss=0.03408][QuantReg:0.49572]
[MiniBooNE] Starting epoch 128...
[MiniBooNE] Elapsed training time:3.16s
[MiniBooNE] Starting validation...
[MiniBooNE] Elapsed validation time:0.24s
[MiniBooNE] [Epoch=128] Train Loss=[QuantLoss=0.07509]Val loss = [QuantLoss=0.03312][QuantReg:0.49340]
[MiniBooNE] Starting epoch 129...
[MiniBooNE] Elapsed training time:3.01s
[MiniBooNE] Starting validation...
[MiniBooNE] Elapsed validation time:0.23s
[MiniBooNE] [Epoch=129] Train Loss=[QuantLoss=0.06985]Val loss = [QuantLoss=0.03274][QuantReg:0.49482]
[MiniBooNE] Starting epoch 130...
[MiniBooNE] Elapsed training time:2.97s
[MiniBooNE] Starting validation...
[MiniBooNE] Elapsed validation time:0.24s
[MiniBooNE] [Epoch=130] Train Loss=[QuantLoss=0.07248]Val loss = [QuantLoss=0.02634][QuantReg:0.49547]
[MiniBooNE] Starting epoch 131...
[MiniBooNE] Elapsed training time:2.99s
[MiniBooNE] Starting validation...
[MiniBooNE] Elapsed validation time:0.23s
[MiniBooNE] [Epoch=131] Train Loss=[QuantLoss=0.06578]Val loss = [QuantLoss=0.02719][QuantReg:0.49772]
[MiniBooNE] Starting epoch 132...
[MiniBooNE] Elapsed training time:2.97s
[MiniBooNE] Starting validation...
[MiniBooNE] Elapsed validation time:0.23s
[MiniBooNE] [Epoch=132] Train Loss=[QuantLoss=0.06994]Val loss = [QuantLoss=0.02531][QuantReg:0.49577]
[MiniBooNE] Starting epoch 133...
[MiniBooNE] Elapsed training time:3.07s
[MiniBooNE] Starting validation...
[MiniBooNE] Elapsed validation time:0.16s
[MiniBooNE] [Epoch=133] Train Loss=[QuantLoss=0.06344]Val loss = [QuantLoss=0.02401][QuantReg:0.49261]
[MiniBooNE] Starting epoch 134...
[MiniBooNE] Elapsed training time:2.90s
[MiniBooNE] Starting validation...
[MiniBooNE] Elapsed validation time:0.15s
[MiniBooNE] [Epoch=134] Train Loss=[QuantLoss=0.06678]Val loss = [QuantLoss=0.02915][QuantReg:0.49506]
[MiniBooNE] Starting epoch 135...
[MiniBooNE] Elapsed training time:2.89s
[MiniBooNE] Starting validation...
[MiniBooNE] Elapsed validation time:0.14s
[MiniBooNE] [Epoch=135] Train Loss=[QuantLoss=0.06287]Val loss = [QuantLoss=0.02710][QuantReg:0.49634]
[MiniBooNE] Starting epoch 136...
[MiniBooNE] Elapsed training time:2.98s
[MiniBooNE] Starting validation...
[MiniBooNE] Elapsed validation time:0.14s
[MiniBooNE] [Epoch=136] Train Loss=[QuantLoss=0.06610]Val loss = [QuantLoss=0.02583][QuantReg:0.49662]
[MiniBooNE] Starting epoch 137...
[MiniBooNE] Elapsed training time:3.05s
[MiniBooNE] Starting validation...
[MiniBooNE] Elapsed validation time:0.16s
[MiniBooNE] [Epoch=137] Train Loss=[QuantLoss=0.06823]Val loss = [QuantLoss=0.02999][QuantReg:0.49451]
[MiniBooNE] Starting epoch 138...
[MiniBooNE] Elapsed training time:2.95s
[MiniBooNE] Starting validation...
[MiniBooNE] Elapsed validation time:0.15s
[MiniBooNE] [Epoch=138] Train Loss=[QuantLoss=0.06520]Val loss = [QuantLoss=0.02561][QuantReg:0.49474]
[MiniBooNE] Starting epoch 139...
[MiniBooNE] Elapsed training time:2.97s
[MiniBooNE] Starting validation...
[MiniBooNE] Elapsed validation time:0.15s
[MiniBooNE] [Epoch=139] Train Loss=[QuantLoss=0.06610]Val loss = [QuantLoss=0.03009][QuantReg:0.49335]
[MiniBooNE] Starting epoch 140...
[MiniBooNE] Elapsed training time:2.77s
[MiniBooNE] Starting validation...
[MiniBooNE] Elapsed validation time:0.15s
[MiniBooNE] [Epoch=140] Train Loss=[QuantLoss=0.06680]Val loss = [QuantLoss=0.02404][QuantReg:0.49409]
[MiniBooNE] Starting epoch 141...
[MiniBooNE] Elapsed training time:3.02s
[MiniBooNE] Starting validation...
[MiniBooNE] Elapsed validation time:0.16s
[MiniBooNE] [Epoch=141] Train Loss=[QuantLoss=0.06195]Val loss = [QuantLoss=0.02528][QuantReg:0.49436]
[MiniBooNE] Starting epoch 142...
[MiniBooNE] Elapsed training time:2.89s
[MiniBooNE] Starting validation...
[MiniBooNE] Elapsed validation time:0.14s
[MiniBooNE] [Epoch=142] Train Loss=[QuantLoss=0.06330]Val loss = [QuantLoss=0.02535][QuantReg:0.49421]
[MiniBooNE] Starting epoch 143...
[MiniBooNE] Elapsed training time:3.05s
[MiniBooNE] Starting validation...
[MiniBooNE] Elapsed validation time:0.14s
[MiniBooNE] [Epoch=143] Train Loss=[QuantLoss=0.06423]Val loss = [QuantLoss=0.02532][QuantReg:0.49269]
[MiniBooNE] Starting epoch 144...
[MiniBooNE] Elapsed training time:2.89s
[MiniBooNE] Starting validation...
[MiniBooNE] Elapsed validation time:0.14s
[MiniBooNE] [Epoch=144] Train Loss=[QuantLoss=0.06251]Val loss = [QuantLoss=0.02664][QuantReg:0.49231]
[MiniBooNE] Starting epoch 145...
[MiniBooNE] Elapsed training time:2.99s
[MiniBooNE] Starting validation...
[MiniBooNE] Elapsed validation time:0.15s
[MiniBooNE] [Epoch=145] Train Loss=[QuantLoss=0.06354]Val loss = [QuantLoss=0.02897][QuantReg:0.49390]
[MiniBooNE] Starting epoch 146...
[MiniBooNE] Elapsed training time:3.08s
[MiniBooNE] Starting validation...
[MiniBooNE] Elapsed validation time:0.15s
[MiniBooNE] [Epoch=146] Train Loss=[QuantLoss=0.06656]Val loss = [QuantLoss=0.02329][QuantReg:0.49374]
[MiniBooNE] Starting epoch 147...
[MiniBooNE] Elapsed training time:2.90s
[MiniBooNE] Starting validation...
[MiniBooNE] Elapsed validation time:0.14s
[MiniBooNE] [Epoch=147] Train Loss=[QuantLoss=0.06393]Val loss = [QuantLoss=0.02523][QuantReg:0.49474]
[MiniBooNE] Starting epoch 148...
[MiniBooNE] Elapsed training time:2.94s
[MiniBooNE] Starting validation...
[MiniBooNE] Elapsed validation time:0.14s
[MiniBooNE] [Epoch=148] Train Loss=[QuantLoss=0.06508]Val loss = [QuantLoss=0.02596][QuantReg:0.49437]
[MiniBooNE] Starting epoch 149...
[MiniBooNE] Elapsed training time:2.98s
[MiniBooNE] Starting validation...
[MiniBooNE] Elapsed validation time:0.14s
[MiniBooNE] [Epoch=149] Train Loss=[QuantLoss=0.06284]Val loss = [QuantLoss=0.02775][QuantReg:0.49680]
[MiniBooNE] Starting epoch 150...
[MiniBooNE] Elapsed training time:2.91s
[MiniBooNE] Starting validation...
[MiniBooNE] Elapsed validation time:0.14s
[MiniBooNE] [Epoch=150] Train Loss=[QuantLoss=0.06599]Val loss = [QuantLoss=0.02480][QuantReg:0.49461]
[MiniBooNE] Starting epoch 151...
[MiniBooNE] Elapsed training time:3.00s
[MiniBooNE] Starting validation...
[MiniBooNE] Elapsed validation time:0.14s
[MiniBooNE] [Epoch=151] Train Loss=[QuantLoss=0.06300]Val loss = [QuantLoss=0.02876][QuantReg:0.49709]
[MiniBooNE] Starting epoch 152...
[MiniBooNE] Elapsed training time:2.93s
[MiniBooNE] Starting validation...
[MiniBooNE] Elapsed validation time:0.15s
[MiniBooNE] [Epoch=152] Train Loss=[QuantLoss=0.06245]Val loss = [QuantLoss=0.03033][QuantReg:0.49505]
[MiniBooNE] Starting epoch 153...
[MiniBooNE] Elapsed training time:3.09s
[MiniBooNE] Starting validation...
[MiniBooNE] Elapsed validation time:0.15s
[MiniBooNE] [Epoch=153] Train Loss=[QuantLoss=0.06446]Val loss = [QuantLoss=0.02634][QuantReg:0.49279]
[MiniBooNE] Starting epoch 154...
[MiniBooNE] Elapsed training time:2.92s
[MiniBooNE] Starting validation...
[MiniBooNE] Elapsed validation time:0.14s
[MiniBooNE] [Epoch=154] Train Loss=[QuantLoss=0.06164]Val loss = [QuantLoss=0.02548][QuantReg:0.49627]
[MiniBooNE] Starting epoch 155...
[MiniBooNE] Elapsed training time:2.87s
[MiniBooNE] Starting validation...
[MiniBooNE] Elapsed validation time:0.23s
[MiniBooNE] [Epoch=155] Train Loss=[QuantLoss=0.06676]Val loss = [QuantLoss=0.02671][QuantReg:0.49141]
[MiniBooNE] Starting epoch 156...
[MiniBooNE] Elapsed training time:3.11s
[MiniBooNE] Starting validation...
[MiniBooNE] Elapsed validation time:0.14s
[MiniBooNE] [Epoch=156] Train Loss=[QuantLoss=0.06276]Val loss = [QuantLoss=0.02592][QuantReg:0.49427]
[MiniBooNE] Starting epoch 157...
[MiniBooNE] Elapsed training time:2.93s
[MiniBooNE] Starting validation...
[MiniBooNE] Elapsed validation time:0.23s
[MiniBooNE] [Epoch=157] Train Loss=[QuantLoss=0.06239]Val loss = [QuantLoss=0.02534][QuantReg:0.49341]
[MiniBooNE] Starting epoch 158...
[MiniBooNE] Elapsed training time:2.94s
[MiniBooNE] Starting validation...
[MiniBooNE] Elapsed validation time:0.24s
[MiniBooNE] [Epoch=158] Train Loss=[QuantLoss=0.06405]Val loss = [QuantLoss=0.02461][QuantReg:0.49242]
[MiniBooNE] Starting epoch 159...
[MiniBooNE] Elapsed training time:2.98s
[MiniBooNE] Starting validation...
[MiniBooNE] Elapsed validation time:0.24s
[MiniBooNE] [Epoch=159] Train Loss=[QuantLoss=0.06509]Val loss = [QuantLoss=0.02438][QuantReg:0.49463]
[MiniBooNE] Starting epoch 160...
[MiniBooNE] Elapsed training time:3.04s
[MiniBooNE] Starting validation...
[MiniBooNE] Elapsed validation time:0.23s
[MiniBooNE] [Epoch=160] Train Loss=[QuantLoss=0.06440]Val loss = [QuantLoss=0.02817][QuantReg:0.49498]
[MiniBooNE] Starting epoch 161...
[MiniBooNE] Elapsed training time:3.08s
[MiniBooNE] Starting validation...
[MiniBooNE] Elapsed validation time:0.24s
[MiniBooNE] [Epoch=161] Train Loss=[QuantLoss=0.06151]Val loss = [QuantLoss=0.02527][QuantReg:0.49089]
[MiniBooNE] Starting epoch 162...
[MiniBooNE] Elapsed training time:3.02s
[MiniBooNE] Starting validation...
[MiniBooNE] Elapsed validation time:0.24s
[MiniBooNE] [Epoch=162] Train Loss=[QuantLoss=0.06043]Val loss = [QuantLoss=0.02820][QuantReg:0.49830]
[MiniBooNE] Starting epoch 163...
[MiniBooNE] Elapsed training time:2.93s
[MiniBooNE] Starting validation...
[MiniBooNE] Elapsed validation time:0.23s
[MiniBooNE] [Epoch=163] Train Loss=[QuantLoss=0.06237]Val loss = [QuantLoss=0.02953][QuantReg:0.49530]
[MiniBooNE] Starting epoch 164...
[MiniBooNE] Elapsed training time:3.06s
[MiniBooNE] Starting validation...
[MiniBooNE] Elapsed validation time:0.22s
[MiniBooNE] [Epoch=164] Train Loss=[QuantLoss=0.06150]Val loss = [QuantLoss=0.02646][QuantReg:0.49503]
[MiniBooNE] Starting epoch 165...
[MiniBooNE] Elapsed training time:2.93s
[MiniBooNE] Starting validation...
[MiniBooNE] Elapsed validation time:0.23s
[MiniBooNE] [Epoch=165] Train Loss=[QuantLoss=0.05994]Val loss = [QuantLoss=0.02497][QuantReg:0.49483]
[MiniBooNE] Starting epoch 166...
[MiniBooNE] Elapsed training time:2.99s
[MiniBooNE] Starting validation...
[MiniBooNE] Elapsed validation time:0.24s
[MiniBooNE] [Epoch=166] Train Loss=[QuantLoss=0.06052]Val loss = [QuantLoss=0.03000][QuantReg:0.49671]
[MiniBooNE] Starting epoch 167...
[MiniBooNE] Elapsed training time:3.04s
[MiniBooNE] Starting validation...
[MiniBooNE] Elapsed validation time:0.23s
[MiniBooNE] [Epoch=167] Train Loss=[QuantLoss=0.06027]Val loss = [QuantLoss=0.02730][QuantReg:0.49788]
[MiniBooNE] Starting epoch 168...
[MiniBooNE] Elapsed training time:2.89s
[MiniBooNE] Starting validation...
[MiniBooNE] Elapsed validation time:0.24s
[MiniBooNE] [Epoch=168] Train Loss=[QuantLoss=0.06093]Val loss = [QuantLoss=0.02784][QuantReg:0.49742]
[MiniBooNE] Starting epoch 169...
[MiniBooNE] Elapsed training time:3.01s
[MiniBooNE] Starting validation...
[MiniBooNE] Elapsed validation time:0.22s
[MiniBooNE] [Epoch=169] Train Loss=[QuantLoss=0.06033]Val loss = [QuantLoss=0.02930][QuantReg:0.49992]
[MiniBooNE] Starting epoch 170...
[MiniBooNE] Elapsed training time:3.06s
[MiniBooNE] Starting validation...
[MiniBooNE] Elapsed validation time:0.23s
[MiniBooNE] [Epoch=170] Train Loss=[QuantLoss=0.06174]Val loss = [QuantLoss=0.02857][QuantReg:0.49809]
[MiniBooNE] Starting epoch 171...
[MiniBooNE] Elapsed training time:3.12s
[MiniBooNE] Starting validation...
[MiniBooNE] Elapsed validation time:0.24s
[MiniBooNE] [Epoch=171] Train Loss=[QuantLoss=0.06182]Val loss = [QuantLoss=0.02695][QuantReg:0.49625]
[MiniBooNE] Starting epoch 172...
[MiniBooNE] Elapsed training time:3.03s
[MiniBooNE] Starting validation...
[MiniBooNE] Elapsed validation time:0.22s
[MiniBooNE] [Epoch=172] Train Loss=[QuantLoss=0.06132]Val loss = [QuantLoss=0.02789][QuantReg:0.49245]
[MiniBooNE] Starting epoch 173...
[MiniBooNE] Elapsed training time:3.00s
[MiniBooNE] Starting validation...
[MiniBooNE] Elapsed validation time:0.23s
[MiniBooNE] [Epoch=173] Train Loss=[QuantLoss=0.06061]Val loss = [QuantLoss=0.02652][QuantReg:0.49836]
[MiniBooNE] Starting epoch 174...
[MiniBooNE] Elapsed training time:3.06s
[MiniBooNE] Starting validation...
[MiniBooNE] Elapsed validation time:0.23s
[MiniBooNE] [Epoch=174] Train Loss=[QuantLoss=0.06223]Val loss = [QuantLoss=0.02546][QuantReg:0.49633]
[MiniBooNE] Starting epoch 175...
[MiniBooNE] Elapsed training time:3.08s
[MiniBooNE] Starting validation...
[MiniBooNE] Elapsed validation time:0.23s
[MiniBooNE] [Epoch=175] Train Loss=[QuantLoss=0.06084]Val loss = [QuantLoss=0.02696][QuantReg:0.49755]
[MiniBooNE] Starting epoch 176...
[MiniBooNE] Elapsed training time:2.89s
[MiniBooNE] Starting validation...
[MiniBooNE] Elapsed validation time:0.22s
[MiniBooNE] [Epoch=176] Train Loss=[QuantLoss=0.06163]Val loss = [QuantLoss=0.02702][QuantReg:0.49689]
[MiniBooNE] Starting epoch 177...
[MiniBooNE] Elapsed training time:3.04s
[MiniBooNE] Starting validation...
[MiniBooNE] Elapsed validation time:0.24s
[MiniBooNE] [Epoch=177] Train Loss=[QuantLoss=0.05942]Val loss = [QuantLoss=0.02881][QuantReg:0.49679]
[MiniBooNE] Starting epoch 178...
[MiniBooNE] Elapsed training time:2.94s
[MiniBooNE] Starting validation...
[MiniBooNE] Elapsed validation time:0.25s
[MiniBooNE] [Epoch=178] Train Loss=[QuantLoss=0.06095]Val loss = [QuantLoss=0.02776][QuantReg:0.49856]
[MiniBooNE] Starting epoch 179...
[MiniBooNE] Elapsed training time:2.97s
[MiniBooNE] Starting validation...
[MiniBooNE] Elapsed validation time:0.23s
[MiniBooNE] [Epoch=179] Train Loss=[QuantLoss=0.06085]Val loss = [QuantLoss=0.02763][QuantReg:0.49844]
[MiniBooNE] Starting epoch 180...
[MiniBooNE] Elapsed training time:3.04s
[MiniBooNE] Starting validation...
[MiniBooNE] Elapsed validation time:0.23s
[MiniBooNE] [Epoch=180] Train Loss=[QuantLoss=0.06179]Val loss = [QuantLoss=0.02563][QuantReg:0.49632]
[MiniBooNE] Starting epoch 181...
[MiniBooNE] Elapsed training time:2.96s
[MiniBooNE] Starting validation...
[MiniBooNE] Elapsed validation time:0.23s
[MiniBooNE] [Epoch=181] Train Loss=[QuantLoss=0.05933]Val loss = [QuantLoss=0.02499][QuantReg:0.50036]
[MiniBooNE] Starting epoch 182...
[MiniBooNE] Elapsed training time:3.09s
[MiniBooNE] Starting validation...
[MiniBooNE] Elapsed validation time:0.22s
[MiniBooNE] [Epoch=182] Train Loss=[QuantLoss=0.05923]Val loss = [QuantLoss=0.02461][QuantReg:0.50096]
[MiniBooNE] Starting epoch 183...
[MiniBooNE] Elapsed training time:3.06s
[MiniBooNE] Starting validation...
[MiniBooNE] Elapsed validation time:0.24s
[MiniBooNE] [Epoch=183] Train Loss=[QuantLoss=0.06017]Val loss = [QuantLoss=0.02626][QuantReg:0.49813]
[MiniBooNE] Starting epoch 184...
[MiniBooNE] Elapsed training time:2.94s
[MiniBooNE] Starting validation...
[MiniBooNE] Elapsed validation time:0.23s
[MiniBooNE] [Epoch=184] Train Loss=[QuantLoss=0.06098]Val loss = [QuantLoss=0.02809][QuantReg:0.49793]
[MiniBooNE] Starting epoch 185...
[MiniBooNE] Elapsed training time:3.16s
[MiniBooNE] Starting validation...
[MiniBooNE] Elapsed validation time:0.15s
[MiniBooNE] [Epoch=185] Train Loss=[QuantLoss=0.06354]Val loss = [QuantLoss=0.02605][QuantReg:0.49887]
[MiniBooNE] Starting epoch 186...
[MiniBooNE] Elapsed training time:2.93s
[MiniBooNE] Starting validation...
[MiniBooNE] Elapsed validation time:0.15s
[MiniBooNE] [Epoch=186] Train Loss=[QuantLoss=0.06117]Val loss = [QuantLoss=0.02713][QuantReg:0.49882]
[MiniBooNE] Starting epoch 187...
[MiniBooNE] Elapsed training time:2.97s
[MiniBooNE] Starting validation...
[MiniBooNE] Elapsed validation time:0.15s
[MiniBooNE] [Epoch=187] Train Loss=[QuantLoss=0.06258]Val loss = [QuantLoss=0.03101][QuantReg:0.49908]
[MiniBooNE] Starting epoch 188...
[MiniBooNE] Elapsed training time:3.03s
[MiniBooNE] Starting validation...
[MiniBooNE] Elapsed validation time:0.14s
[MiniBooNE] [Epoch=188] Train Loss=[QuantLoss=0.05987]Val loss = [QuantLoss=0.02668][QuantReg:0.50139]
[MiniBooNE] Starting epoch 189...
[MiniBooNE] Elapsed training time:2.89s
[MiniBooNE] Starting validation...
[MiniBooNE] Elapsed validation time:0.14s
[MiniBooNE] [Epoch=189] Train Loss=[QuantLoss=0.06217]Val loss = [QuantLoss=0.02917][QuantReg:0.49736]
[MiniBooNE] Starting epoch 190...
[MiniBooNE] Elapsed training time:3.05s
[MiniBooNE] Starting validation...
[MiniBooNE] Elapsed validation time:0.14s
[MiniBooNE] [Epoch=190] Train Loss=[QuantLoss=0.06014]Val loss = [QuantLoss=0.02469][QuantReg:0.50095]
[MiniBooNE] Starting epoch 191...
[MiniBooNE] Elapsed training time:2.95s
[MiniBooNE] Starting validation...
[MiniBooNE] Elapsed validation time:0.14s
[MiniBooNE] [Epoch=191] Train Loss=[QuantLoss=0.06177]Val loss = [QuantLoss=0.02716][QuantReg:0.49963]
[MiniBooNE] Starting epoch 192...
[MiniBooNE] Elapsed training time:2.87s
[MiniBooNE] Starting validation...
[MiniBooNE] Elapsed validation time:0.16s
[MiniBooNE] [Epoch=192] Train Loss=[QuantLoss=0.06130]Val loss = [QuantLoss=0.02796][QuantReg:0.50035]
[MiniBooNE] Starting epoch 193...
[MiniBooNE] Elapsed training time:2.98s
[MiniBooNE] Starting validation...
[MiniBooNE] Elapsed validation time:0.15s
[MiniBooNE] [Epoch=193] Train Loss=[QuantLoss=0.05890]Val loss = [QuantLoss=0.02638][QuantReg:0.49772]
[MiniBooNE] Starting epoch 194...
[MiniBooNE] Elapsed training time:2.88s
[MiniBooNE] Starting validation...
[MiniBooNE] Elapsed validation time:0.15s
[MiniBooNE] [Epoch=194] Train Loss=[QuantLoss=0.05818]Val loss = [QuantLoss=0.02758][QuantReg:0.50331]
[MiniBooNE] Starting epoch 195...
[MiniBooNE] Elapsed training time:2.98s
[MiniBooNE] Starting validation...
[MiniBooNE] Elapsed validation time:0.14s
[MiniBooNE] [Epoch=195] Train Loss=[QuantLoss=0.05963]Val loss = [QuantLoss=0.02848][QuantReg:0.50258]
[MiniBooNE] Starting epoch 196...
[MiniBooNE] Elapsed training time:2.84s
[MiniBooNE] Starting validation...
[MiniBooNE] Elapsed validation time:0.16s
[MiniBooNE] [Epoch=196] Train Loss=[QuantLoss=0.06050]Val loss = [QuantLoss=0.02449][QuantReg:0.49900]
[MiniBooNE] Starting epoch 197...
[MiniBooNE] Elapsed training time:2.89s
[MiniBooNE] Starting validation...
[MiniBooNE] Elapsed validation time:0.15s
[MiniBooNE] [Epoch=197] Train Loss=[QuantLoss=0.06126]Val loss = [QuantLoss=0.02631][QuantReg:0.50030]
[MiniBooNE] Starting epoch 198...
[MiniBooNE] Elapsed training time:2.88s
[MiniBooNE] Starting validation...
[MiniBooNE] Elapsed validation time:0.16s
[MiniBooNE] [Epoch=198] Train Loss=[QuantLoss=0.05821]Val loss = [QuantLoss=0.02463][QuantReg:0.50110]
[MiniBooNE] Starting epoch 199...
[MiniBooNE] Elapsed training time:2.92s
[MiniBooNE] Starting validation...
[MiniBooNE] Elapsed validation time:0.14s
[MiniBooNE] [Epoch=199] Train Loss=[QuantLoss=0.06088]Val loss = [QuantLoss=0.02876][QuantReg:0.50082]
[MiniBooNE] Starting epoch 200...
[MiniBooNE] Elapsed training time:2.83s
[MiniBooNE] Starting validation...
[MiniBooNE] Elapsed validation time:0.15s
[MiniBooNE] [Epoch=200] Train Loss=[QuantLoss=0.05941]Val loss = [QuantLoss=0.02656][QuantReg:0.50073]
[MiniBooNE] Starting epoch 201...
[MiniBooNE] Elapsed training time:2.96s
[MiniBooNE] Starting validation...
[MiniBooNE] Elapsed validation time:0.14s
[MiniBooNE] [Epoch=201] Train Loss=[QuantLoss=0.06029]Val loss = [QuantLoss=0.02591][QuantReg:0.49927]
[MiniBooNE] Starting epoch 202...
[MiniBooNE] Elapsed training time:2.94s
[MiniBooNE] Starting validation...
[MiniBooNE] Elapsed validation time:0.14s
[MiniBooNE] [Epoch=202] Train Loss=[QuantLoss=0.06080]Val loss = [QuantLoss=0.02760][QuantReg:0.50188]
[MiniBooNE] Early stopping in epoch 202!
[MiniBooNE] Restoring best model...
MAE médio por bag: 0.0306 ± 0.0255
Resultados, incluindo predições, salvos em: resultados_miniboone/resultados_miniboone_l1_hardest_1.csv
