Dataset: miniboone
Dificuldade: metric=None, mode=None, top_k=None
Rodada: 1
Salvar resultados em: resultados_miniboone
Dispositivo de treino: cpu
Baixando e preparando o dataset MiniBooNE...
Dataset MiniBooNE pronto.
Model savedmodels/miniboone_none_run1.pkl exists. Loading weights ...
Ignoring val_split as train and val datasets where given to fit function
We have two datasets: training 155457 examples. validation 25900 examples.]
Using device cpu
[MiniBooNE] Starting epoch 0...
[MiniBooNE] Elapsed training time:2.35s
[MiniBooNE] Starting validation...
[MiniBooNE] Elapsed validation time:0.23s
[MiniBooNE] [Epoch=000] Train Loss=[QuantLoss=0.04368]Val loss = [QuantLoss=0.02513][QuantReg:0.43473][saved best model in this epoch]
[MiniBooNE] Starting epoch 1...
[MiniBooNE] Elapsed training time:2.37s
[MiniBooNE] Starting validation...
[MiniBooNE] Elapsed validation time:0.23s
[MiniBooNE] [Epoch=001] Train Loss=[QuantLoss=0.03983]Val loss = [QuantLoss=0.03185][QuantReg:0.43428]
[MiniBooNE] Starting epoch 2...
[MiniBooNE] Elapsed training time:2.40s
[MiniBooNE] Starting validation...
[MiniBooNE] Elapsed validation time:0.23s
[MiniBooNE] [Epoch=002] Train Loss=[QuantLoss=0.03746]Val loss = [QuantLoss=0.02507][QuantReg:0.44023][saved best model in this epoch]
[MiniBooNE] Starting epoch 3...
[MiniBooNE] Elapsed training time:2.35s
[MiniBooNE] Starting validation...
[MiniBooNE] Elapsed validation time:0.24s
[MiniBooNE] [Epoch=003] Train Loss=[QuantLoss=0.04165]Val loss = [QuantLoss=0.02672][QuantReg:0.44961]
[MiniBooNE] Starting epoch 4...
[MiniBooNE] Elapsed training time:2.35s
[MiniBooNE] Starting validation...
[MiniBooNE] Elapsed validation time:0.24s
[MiniBooNE] [Epoch=004] Train Loss=[QuantLoss=0.04044]Val loss = [QuantLoss=0.02770][QuantReg:0.46475]
[MiniBooNE] Starting epoch 5...
[MiniBooNE] Elapsed training time:2.33s
[MiniBooNE] Starting validation...
[MiniBooNE] Elapsed validation time:0.23s
[MiniBooNE] [Epoch=005] Train Loss=[QuantLoss=0.04108]Val loss = [QuantLoss=0.02865][QuantReg:0.47327]
[MiniBooNE] Starting epoch 6...
[MiniBooNE] Elapsed training time:2.41s
[MiniBooNE] Starting validation...
[MiniBooNE] Elapsed validation time:0.24s
[MiniBooNE] [Epoch=006] Train Loss=[QuantLoss=0.03900]Val loss = [QuantLoss=0.02614][QuantReg:0.47021]
[MiniBooNE] Starting epoch 7...
[MiniBooNE] Elapsed training time:2.40s
[MiniBooNE] Starting validation...
[MiniBooNE] Elapsed validation time:0.15s
[MiniBooNE] [Epoch=007] Train Loss=[QuantLoss=0.03718]Val loss = [QuantLoss=0.02721][QuantReg:0.45831]
[MiniBooNE] Starting epoch 8...
[MiniBooNE] Elapsed training time:2.33s
[MiniBooNE] Starting validation...
[MiniBooNE] Elapsed validation time:0.14s
[MiniBooNE] [Epoch=008] Train Loss=[QuantLoss=0.03876]Val loss = [QuantLoss=0.02553][QuantReg:0.47523]
[MiniBooNE] Starting epoch 9...
[MiniBooNE] Elapsed training time:2.28s
[MiniBooNE] Starting validation...
[MiniBooNE] Elapsed validation time:0.15s
[MiniBooNE] [Epoch=009] Train Loss=[QuantLoss=0.03905]Val loss = [QuantLoss=0.02601][QuantReg:0.48267]
[MiniBooNE] Starting epoch 10...
[MiniBooNE] Elapsed training time:2.32s
[MiniBooNE] Starting validation...
[MiniBooNE] Elapsed validation time:0.14s
[MiniBooNE] [Epoch=010] Train Loss=[QuantLoss=0.04087]Val loss = [QuantLoss=0.03004][QuantReg:0.49311]
[MiniBooNE] Starting epoch 11...
[MiniBooNE] Elapsed training time:2.31s
[MiniBooNE] Starting validation...
[MiniBooNE] Elapsed validation time:0.15s
[MiniBooNE] [Epoch=011] Train Loss=[QuantLoss=0.03864]Val loss = [QuantLoss=0.02684][QuantReg:0.49270]
[MiniBooNE] Starting epoch 12...
[MiniBooNE] Elapsed training time:2.31s
[MiniBooNE] Starting validation...
[MiniBooNE] Elapsed validation time:0.14s
[MiniBooNE] [Epoch=012] Train Loss=[QuantLoss=0.03695]Val loss = [QuantLoss=0.02548][QuantReg:0.49754]
[MiniBooNE] Starting epoch 13...
[MiniBooNE] Elapsed training time:2.28s
[MiniBooNE] Starting validation...
[MiniBooNE] Elapsed validation time:0.16s
[MiniBooNE] [Epoch=013] Train Loss=[QuantLoss=0.03581]Val loss = [QuantLoss=0.02647][QuantReg:0.49816]
[MiniBooNE] Starting epoch 14...
[MiniBooNE] Elapsed training time:2.30s
[MiniBooNE] Starting validation...
[MiniBooNE] Elapsed validation time:0.14s
[MiniBooNE] [Epoch=014] Train Loss=[QuantLoss=0.03784]Val loss = [QuantLoss=0.02487][QuantReg:0.48557][saved best model in this epoch]
[MiniBooNE] Starting epoch 15...
[MiniBooNE] Elapsed training time:2.30s
[MiniBooNE] Starting validation...
[MiniBooNE] Elapsed validation time:0.14s
[MiniBooNE] [Epoch=015] Train Loss=[QuantLoss=0.03666]Val loss = [QuantLoss=0.02810][QuantReg:0.48751]
[MiniBooNE] Starting epoch 16...
[MiniBooNE] Elapsed training time:2.24s
[MiniBooNE] Starting validation...
[MiniBooNE] Elapsed validation time:0.14s
[MiniBooNE] [Epoch=016] Train Loss=[QuantLoss=0.03891]Val loss = [QuantLoss=0.02973][QuantReg:0.47085]
[MiniBooNE] Starting epoch 17...
[MiniBooNE] Elapsed training time:2.34s
[MiniBooNE] Starting validation...
[MiniBooNE] Elapsed validation time:0.15s
[MiniBooNE] [Epoch=017] Train Loss=[QuantLoss=0.04115]Val loss = [QuantLoss=0.02823][QuantReg:0.47111]
[MiniBooNE] Starting epoch 18...
[MiniBooNE] Elapsed training time:2.30s
[MiniBooNE] Starting validation...
[MiniBooNE] Elapsed validation time:0.15s
[MiniBooNE] [Epoch=018] Train Loss=[QuantLoss=0.03540]Val loss = [QuantLoss=0.02745][QuantReg:0.49011]
[MiniBooNE] Starting epoch 19...
[MiniBooNE] Elapsed training time:2.27s
[MiniBooNE] Starting validation...
[MiniBooNE] Elapsed validation time:0.14s
[MiniBooNE] [Epoch=019] Train Loss=[QuantLoss=0.03593]Val loss = [QuantLoss=0.02742][QuantReg:0.48949]
[MiniBooNE] Starting epoch 20...
[MiniBooNE] Elapsed training time:2.31s
[MiniBooNE] Starting validation...
[MiniBooNE] Elapsed validation time:0.14s
[MiniBooNE] [Epoch=020] Train Loss=[QuantLoss=0.03844]Val loss = [QuantLoss=0.02479][QuantReg:0.49015][saved best model in this epoch]
[MiniBooNE] Starting epoch 21...
[MiniBooNE] Elapsed training time:2.32s
[MiniBooNE] Starting validation...
[MiniBooNE] Elapsed validation time:0.14s
[MiniBooNE] [Epoch=021] Train Loss=[QuantLoss=0.04010]Val loss = [QuantLoss=0.03094][QuantReg:0.49511]
[MiniBooNE] Starting epoch 22...
[MiniBooNE] Elapsed training time:2.32s
[MiniBooNE] Starting validation...
[MiniBooNE] Elapsed validation time:0.16s
[MiniBooNE] [Epoch=022] Train Loss=[QuantLoss=0.03577]Val loss = [QuantLoss=0.02659][QuantReg:0.50440]
[MiniBooNE] Starting epoch 23...
[MiniBooNE] Elapsed training time:2.30s
[MiniBooNE] Starting validation...
[MiniBooNE] Elapsed validation time:0.16s
[MiniBooNE] [Epoch=023] Train Loss=[QuantLoss=0.03724]Val loss = [QuantLoss=0.02818][QuantReg:0.49498]
[MiniBooNE] Starting epoch 24...
[MiniBooNE] Elapsed training time:2.35s
[MiniBooNE] Starting validation...
[MiniBooNE] Elapsed validation time:0.15s
[MiniBooNE] [Epoch=024] Train Loss=[QuantLoss=0.03839]Val loss = [QuantLoss=0.02998][QuantReg:0.49270]
[MiniBooNE] Starting epoch 25...
[MiniBooNE] Elapsed training time:2.28s
[MiniBooNE] Starting validation...
[MiniBooNE] Elapsed validation time:0.14s
[MiniBooNE] [Epoch=025] Train Loss=[QuantLoss=0.03939]Val loss = [QuantLoss=0.02891][QuantReg:0.50678]
[MiniBooNE] Starting epoch 26...
[MiniBooNE] Elapsed training time:2.28s
[MiniBooNE] Starting validation...
[MiniBooNE] Elapsed validation time:0.15s
[MiniBooNE] [Epoch=026] Train Loss=[QuantLoss=0.03719]Val loss = [QuantLoss=0.02306][QuantReg:0.51981][saved best model in this epoch]
[MiniBooNE] Starting epoch 27...
[MiniBooNE] Elapsed training time:2.30s
[MiniBooNE] Starting validation...
[MiniBooNE] Elapsed validation time:0.14s
[MiniBooNE] [Epoch=027] Train Loss=[QuantLoss=0.04268]Val loss = [QuantLoss=0.02424][QuantReg:0.51741]
[MiniBooNE] Starting epoch 28...
[MiniBooNE] Elapsed training time:2.29s
[MiniBooNE] Starting validation...
[MiniBooNE] Elapsed validation time:0.14s
[MiniBooNE] [Epoch=028] Train Loss=[QuantLoss=0.03585]Val loss = [QuantLoss=0.03180][QuantReg:0.51772]
[MiniBooNE] Starting epoch 29...
[MiniBooNE] Elapsed training time:2.27s
[MiniBooNE] Starting validation...
[MiniBooNE] Elapsed validation time:0.15s
[MiniBooNE] [Epoch=029] Train Loss=[QuantLoss=0.03571]Val loss = [QuantLoss=0.02921][QuantReg:0.52562]
[MiniBooNE] Starting epoch 30...
[MiniBooNE] Elapsed training time:2.28s
[MiniBooNE] Starting validation...
[MiniBooNE] Elapsed validation time:0.15s
[MiniBooNE] [Epoch=030] Train Loss=[QuantLoss=0.03662]Val loss = [QuantLoss=0.02908][QuantReg:0.50490]
[MiniBooNE] Starting epoch 31...
[MiniBooNE] Elapsed training time:2.34s
[MiniBooNE] Starting validation...
[MiniBooNE] Elapsed validation time:0.14s
[MiniBooNE] [Epoch=031] Train Loss=[QuantLoss=0.03911]Val loss = [QuantLoss=0.02678][QuantReg:0.51314]
[MiniBooNE] Starting epoch 32...
[MiniBooNE] Elapsed training time:2.31s
[MiniBooNE] Starting validation...
[MiniBooNE] Elapsed validation time:0.14s
[MiniBooNE] [Epoch=032] Train Loss=[QuantLoss=0.03496]Val loss = [QuantLoss=0.02592][QuantReg:0.50761]
[MiniBooNE] Starting epoch 33...
[MiniBooNE] Elapsed training time:2.29s
[MiniBooNE] Starting validation...
[MiniBooNE] Elapsed validation time:0.14s
[MiniBooNE] [Epoch=033] Train Loss=[QuantLoss=0.03601]Val loss = [QuantLoss=0.02663][QuantReg:0.50651]
[MiniBooNE] Starting epoch 34...
[MiniBooNE] Elapsed training time:2.32s
[MiniBooNE] Starting validation...
[MiniBooNE] Elapsed validation time:0.23s
[MiniBooNE] [Epoch=034] Train Loss=[QuantLoss=0.03721]Val loss = [QuantLoss=0.02633][QuantReg:0.53109]
[MiniBooNE] Starting epoch 35...
[MiniBooNE] Elapsed training time:2.32s
[MiniBooNE] Starting validation...
[MiniBooNE] Elapsed validation time:0.15s
[MiniBooNE] [Epoch=035] Train Loss=[QuantLoss=0.04181]Val loss = [QuantLoss=0.02795][QuantReg:0.53133]
[MiniBooNE] Starting epoch 36...
[MiniBooNE] Elapsed training time:2.35s
[MiniBooNE] Starting validation...
[MiniBooNE] Elapsed validation time:0.25s
[MiniBooNE] [Epoch=036] Train Loss=[QuantLoss=0.03813]Val loss = [QuantLoss=0.02655][QuantReg:0.53266]
[MiniBooNE] Starting epoch 37...
[MiniBooNE] Elapsed training time:2.34s
[MiniBooNE] Starting validation...
[MiniBooNE] Elapsed validation time:0.25s
[MiniBooNE] [Epoch=037] Train Loss=[QuantLoss=0.03824]Val loss = [QuantLoss=0.02646][QuantReg:0.51294]
[MiniBooNE] Starting epoch 38...
[MiniBooNE] Elapsed training time:2.32s
[MiniBooNE] Starting validation...
[MiniBooNE] Elapsed validation time:0.22s
[MiniBooNE] [Epoch=038] Train Loss=[QuantLoss=0.03817]Val loss = [QuantLoss=0.02886][QuantReg:0.50176]
[MiniBooNE] Starting epoch 39...
[MiniBooNE] Elapsed training time:2.33s
[MiniBooNE] Starting validation...
[MiniBooNE] Elapsed validation time:0.24s
[MiniBooNE] [Epoch=039] Train Loss=[QuantLoss=0.03702]Val loss = [QuantLoss=0.02688][QuantReg:0.49653]
[MiniBooNE] Starting epoch 40...
[MiniBooNE] Elapsed training time:2.33s
[MiniBooNE] Starting validation...
[MiniBooNE] Elapsed validation time:0.23s
[MiniBooNE] [Epoch=040] Train Loss=[QuantLoss=0.04008]Val loss = [QuantLoss=0.02345][QuantReg:0.49532]
[MiniBooNE] Starting epoch 41...
[MiniBooNE] Elapsed training time:2.32s
[MiniBooNE] Starting validation...
[MiniBooNE] Elapsed validation time:0.23s
[MiniBooNE] [Epoch=041] Train Loss=[QuantLoss=0.03874]Val loss = [QuantLoss=0.02484][QuantReg:0.49920]
[MiniBooNE] Starting epoch 42...
[MiniBooNE] Elapsed training time:2.32s
[MiniBooNE] Starting validation...
[MiniBooNE] Elapsed validation time:0.23s
[MiniBooNE] [Epoch=042] Train Loss=[QuantLoss=0.03888]Val loss = [QuantLoss=0.02777][QuantReg:0.48818]
[MiniBooNE] Starting epoch 43...
[MiniBooNE] Elapsed training time:2.33s
[MiniBooNE] Starting validation...
[MiniBooNE] Elapsed validation time:0.22s
[MiniBooNE] [Epoch=043] Train Loss=[QuantLoss=0.03629]Val loss = [QuantLoss=0.02521][QuantReg:0.48867]
[MiniBooNE] Starting epoch 44...
[MiniBooNE] Elapsed training time:2.39s
[MiniBooNE] Starting validation...
[MiniBooNE] Elapsed validation time:0.22s
[MiniBooNE] [Epoch=044] Train Loss=[QuantLoss=0.03589]Val loss = [QuantLoss=0.03001][QuantReg:0.49053]
[MiniBooNE] Starting epoch 45...
[MiniBooNE] Elapsed training time:2.38s
[MiniBooNE] Starting validation...
[MiniBooNE] Elapsed validation time:0.22s
[MiniBooNE] [Epoch=045] Train Loss=[QuantLoss=0.03601]Val loss = [QuantLoss=0.02961][QuantReg:0.49554]
[MiniBooNE] Starting epoch 46...
[MiniBooNE] Elapsed training time:2.41s
[MiniBooNE] Starting validation...
[MiniBooNE] Elapsed validation time:0.23s
[MiniBooNE] [Epoch=046] Train Loss=[QuantLoss=0.03844]Val loss = [QuantLoss=0.02434][QuantReg:0.48939]
[MiniBooNE] Starting epoch 47...
[MiniBooNE] Elapsed training time:2.36s
[MiniBooNE] Starting validation...
[MiniBooNE] Elapsed validation time:0.24s
[MiniBooNE] [Epoch=047] Train Loss=[QuantLoss=0.03714]Val loss = [QuantLoss=0.02484][QuantReg:0.48629]
[MiniBooNE] Starting epoch 48...
[MiniBooNE] Elapsed training time:2.39s
[MiniBooNE] Starting validation...
[MiniBooNE] Elapsed validation time:0.23s
[MiniBooNE] [Epoch=048] Train Loss=[QuantLoss=0.03818]Val loss = [QuantLoss=0.02588][QuantReg:0.49149]
[MiniBooNE] Starting epoch 49...
[MiniBooNE] Elapsed training time:2.38s
[MiniBooNE] Starting validation...
[MiniBooNE] Elapsed validation time:0.24s
[MiniBooNE] [Epoch=049] Train Loss=[QuantLoss=0.03543]Val loss = [QuantLoss=0.02766][QuantReg:0.49517]
[MiniBooNE] Starting epoch 50...
[MiniBooNE] Elapsed training time:2.35s
[MiniBooNE] Starting validation...
[MiniBooNE] Elapsed validation time:0.23s
[MiniBooNE] [Epoch=050] Train Loss=[QuantLoss=0.03448]Val loss = [QuantLoss=0.02803][QuantReg:0.49985]
[MiniBooNE] Starting epoch 51...
[MiniBooNE] Elapsed training time:2.43s
[MiniBooNE] Starting validation...
[MiniBooNE] Elapsed validation time:0.24s
[MiniBooNE] [Epoch=051] Train Loss=[QuantLoss=0.03591]Val loss = [QuantLoss=0.02656][QuantReg:0.50227]
[MiniBooNE] Starting epoch 52...
[MiniBooNE] Elapsed training time:2.35s
[MiniBooNE] Starting validation...
[MiniBooNE] Elapsed validation time:0.23s
[MiniBooNE] [Epoch=052] Train Loss=[QuantLoss=0.03712]Val loss = [QuantLoss=0.02529][QuantReg:0.50268]
[MiniBooNE] Starting epoch 53...
[MiniBooNE] Elapsed training time:2.37s
[MiniBooNE] Starting validation...
[MiniBooNE] Elapsed validation time:0.23s
[MiniBooNE] [Epoch=053] Train Loss=[QuantLoss=0.03434]Val loss = [QuantLoss=0.02653][QuantReg:0.49945]
[MiniBooNE] Starting epoch 54...
[MiniBooNE] Elapsed training time:2.35s
[MiniBooNE] Starting validation...
[MiniBooNE] Elapsed validation time:0.23s
[MiniBooNE] [Epoch=054] Train Loss=[QuantLoss=0.03477]Val loss = [QuantLoss=0.02520][QuantReg:0.49937]
[MiniBooNE] Starting epoch 55...
[MiniBooNE] Elapsed training time:2.37s
[MiniBooNE] Starting validation...
[MiniBooNE] Elapsed validation time:0.23s
[MiniBooNE] [Epoch=055] Train Loss=[QuantLoss=0.03497]Val loss = [QuantLoss=0.02631][QuantReg:0.48995]
[MiniBooNE] Starting epoch 56...
[MiniBooNE] Elapsed training time:2.38s
[MiniBooNE] Starting validation...
[MiniBooNE] Elapsed validation time:0.24s
[MiniBooNE] [Epoch=056] Train Loss=[QuantLoss=0.03628]Val loss = [QuantLoss=0.02435][QuantReg:0.48310]
[MiniBooNE] Starting epoch 57...
[MiniBooNE] Elapsed training time:2.40s
[MiniBooNE] Starting validation...
[MiniBooNE] Elapsed validation time:0.23s
[MiniBooNE] [Epoch=057] Train Loss=[QuantLoss=0.03692]Val loss = [QuantLoss=0.02568][QuantReg:0.47734]
[MiniBooNE] Starting epoch 58...
[MiniBooNE] Elapsed training time:2.36s
[MiniBooNE] Starting validation...
[MiniBooNE] Elapsed validation time:0.25s
[MiniBooNE] [Epoch=058] Train Loss=[QuantLoss=0.03375]Val loss = [QuantLoss=0.02858][QuantReg:0.47909]
[MiniBooNE] Starting epoch 59...
[MiniBooNE] Elapsed training time:2.36s
[MiniBooNE] Starting validation...
[MiniBooNE] Elapsed validation time:0.24s
[MiniBooNE] [Epoch=059] Train Loss=[QuantLoss=0.03749]Val loss = [QuantLoss=0.02539][QuantReg:0.47978]
[MiniBooNE] Starting epoch 60...
[MiniBooNE] Elapsed training time:2.41s
[MiniBooNE] Starting validation...
[MiniBooNE] Elapsed validation time:0.23s
[MiniBooNE] [Epoch=060] Train Loss=[QuantLoss=0.03462]Val loss = [QuantLoss=0.02618][QuantReg:0.47738]
[MiniBooNE] Starting epoch 61...
[MiniBooNE] Elapsed training time:2.41s
[MiniBooNE] Starting validation...
[MiniBooNE] Elapsed validation time:0.22s
[MiniBooNE] [Epoch=061] Train Loss=[QuantLoss=0.03708]Val loss = [QuantLoss=0.03017][QuantReg:0.47663]
[MiniBooNE] Starting epoch 62...
[MiniBooNE] Elapsed training time:2.35s
[MiniBooNE] Starting validation...
[MiniBooNE] Elapsed validation time:0.24s
[MiniBooNE] [Epoch=062] Train Loss=[QuantLoss=0.03520]Val loss = [QuantLoss=0.02810][QuantReg:0.47650]
[MiniBooNE] Starting epoch 63...
[MiniBooNE] Elapsed training time:2.38s
[MiniBooNE] Starting validation...
[MiniBooNE] Elapsed validation time:0.24s
[MiniBooNE] [Epoch=063] Train Loss=[QuantLoss=0.03595]Val loss = [QuantLoss=0.02381][QuantReg:0.48034]
[MiniBooNE] Starting epoch 64...
[MiniBooNE] Elapsed training time:2.43s
[MiniBooNE] Starting validation...
[MiniBooNE] Elapsed validation time:0.24s
[MiniBooNE] [Epoch=064] Train Loss=[QuantLoss=0.03598]Val loss = [QuantLoss=0.03040][QuantReg:0.47446]
[MiniBooNE] Starting epoch 65...
[MiniBooNE] Elapsed training time:2.38s
[MiniBooNE] Starting validation...
[MiniBooNE] Elapsed validation time:0.15s
[MiniBooNE] [Epoch=065] Train Loss=[QuantLoss=0.03619]Val loss = [QuantLoss=0.02639][QuantReg:0.47454]
[MiniBooNE] Starting epoch 66...
[MiniBooNE] Elapsed training time:2.40s
[MiniBooNE] Starting validation...
[MiniBooNE] Elapsed validation time:0.14s
[MiniBooNE] [Epoch=066] Train Loss=[QuantLoss=0.03288]Val loss = [QuantLoss=0.02875][QuantReg:0.47883]
[MiniBooNE] Starting epoch 67...
[MiniBooNE] Elapsed training time:2.31s
[MiniBooNE] Starting validation...
[MiniBooNE] Elapsed validation time:0.15s
[MiniBooNE] [Epoch=067] Train Loss=[QuantLoss=0.03645]Val loss = [QuantLoss=0.02638][QuantReg:0.47791]
[MiniBooNE] Starting epoch 68...
[MiniBooNE] Elapsed training time:2.34s
[MiniBooNE] Starting validation...
[MiniBooNE] Elapsed validation time:0.14s
[MiniBooNE] [Epoch=068] Train Loss=[QuantLoss=0.03467]Val loss = [QuantLoss=0.02661][QuantReg:0.48119]
[MiniBooNE] Starting epoch 69...
[MiniBooNE] Elapsed training time:2.24s
[MiniBooNE] Starting validation...
[MiniBooNE] Elapsed validation time:0.14s
[MiniBooNE] [Epoch=069] Train Loss=[QuantLoss=0.03319]Val loss = [QuantLoss=0.02813][QuantReg:0.48203]
[MiniBooNE] Starting epoch 70...
[MiniBooNE] Elapsed training time:2.26s
[MiniBooNE] Starting validation...
[MiniBooNE] Elapsed validation time:0.15s
[MiniBooNE] [Epoch=070] Train Loss=[QuantLoss=0.03367]Val loss = [QuantLoss=0.02591][QuantReg:0.47101]
[MiniBooNE] Starting epoch 71...
[MiniBooNE] Elapsed training time:2.35s
[MiniBooNE] Starting validation...
[MiniBooNE] Elapsed validation time:0.15s
[MiniBooNE] [Epoch=071] Train Loss=[QuantLoss=0.03304]Val loss = [QuantLoss=0.02767][QuantReg:0.47284]
[MiniBooNE] Starting epoch 72...
[MiniBooNE] Elapsed training time:2.27s
[MiniBooNE] Starting validation...
[MiniBooNE] Elapsed validation time:0.14s
[MiniBooNE] [Epoch=072] Train Loss=[QuantLoss=0.03241]Val loss = [QuantLoss=0.02610][QuantReg:0.47854]
[MiniBooNE] Starting epoch 73...
[MiniBooNE] Elapsed training time:2.35s
[MiniBooNE] Starting validation...
[MiniBooNE] Elapsed validation time:0.15s
[MiniBooNE] [Epoch=073] Train Loss=[QuantLoss=0.03396]Val loss = [QuantLoss=0.02551][QuantReg:0.48355]
[MiniBooNE] Starting epoch 74...
[MiniBooNE] Elapsed training time:2.22s
[MiniBooNE] Starting validation...
[MiniBooNE] Elapsed validation time:0.14s
[MiniBooNE] [Epoch=074] Train Loss=[QuantLoss=0.03683]Val loss = [QuantLoss=0.02813][QuantReg:0.47730]
[MiniBooNE] Starting epoch 75...
[MiniBooNE] Elapsed training time:2.29s
[MiniBooNE] Starting validation...
[MiniBooNE] Elapsed validation time:0.15s
[MiniBooNE] [Epoch=075] Train Loss=[QuantLoss=0.03493]Val loss = [QuantLoss=0.02919][QuantReg:0.48323]
[MiniBooNE] Starting epoch 76...
[MiniBooNE] Elapsed training time:2.31s
[MiniBooNE] Starting validation...
[MiniBooNE] Elapsed validation time:0.15s
[MiniBooNE] [Epoch=076] Train Loss=[QuantLoss=0.03284]Val loss = [QuantLoss=0.02879][QuantReg:0.48240]
[MiniBooNE] Starting epoch 77...
[MiniBooNE] Elapsed training time:2.37s
[MiniBooNE] Starting validation...
[MiniBooNE] Elapsed validation time:0.15s
[MiniBooNE] [Epoch=077] Train Loss=[QuantLoss=0.03378]Val loss = [QuantLoss=0.02545][QuantReg:0.47979]
[MiniBooNE] Starting epoch 78...
[MiniBooNE] Elapsed training time:2.41s
[MiniBooNE] Starting validation...
[MiniBooNE] Elapsed validation time:0.14s
[MiniBooNE] [Epoch=078] Train Loss=[QuantLoss=0.03436]Val loss = [QuantLoss=0.02582][QuantReg:0.47566]
[MiniBooNE] Starting epoch 79...
[MiniBooNE] Elapsed training time:2.28s
[MiniBooNE] Starting validation...
[MiniBooNE] Elapsed validation time:0.15s
[MiniBooNE] [Epoch=079] Train Loss=[QuantLoss=0.03290]Val loss = [QuantLoss=0.02428][QuantReg:0.47296]
[MiniBooNE] Starting epoch 80...
[MiniBooNE] Elapsed training time:2.31s
[MiniBooNE] Starting validation...
[MiniBooNE] Elapsed validation time:0.16s
[MiniBooNE] [Epoch=080] Train Loss=[QuantLoss=0.03275]Val loss = [QuantLoss=0.02862][QuantReg:0.47722]
[MiniBooNE] Starting epoch 81...
[MiniBooNE] Elapsed training time:2.33s
[MiniBooNE] Starting validation...
[MiniBooNE] Elapsed validation time:0.15s
[MiniBooNE] [Epoch=081] Train Loss=[QuantLoss=0.03434]Val loss = [QuantLoss=0.02701][QuantReg:0.47491]
[MiniBooNE] Starting epoch 82...
[MiniBooNE] Elapsed training time:2.29s
[MiniBooNE] Starting validation...
[MiniBooNE] Elapsed validation time:0.14s
[MiniBooNE] [Epoch=082] Train Loss=[QuantLoss=0.03263]Val loss = [QuantLoss=0.02610][QuantReg:0.47915]
[MiniBooNE] Starting epoch 83...
[MiniBooNE] Elapsed training time:2.33s
[MiniBooNE] Starting validation...
[MiniBooNE] Elapsed validation time:0.14s
[MiniBooNE] [Epoch=083] Train Loss=[QuantLoss=0.03243]Val loss = [QuantLoss=0.02806][QuantReg:0.48270]
[MiniBooNE] Starting epoch 84...
[MiniBooNE] Elapsed training time:2.30s
[MiniBooNE] Starting validation...
[MiniBooNE] Elapsed validation time:0.15s
[MiniBooNE] [Epoch=084] Train Loss=[QuantLoss=0.03653]Val loss = [QuantLoss=0.02861][QuantReg:0.48462]
[MiniBooNE] Starting epoch 85...
[MiniBooNE] Elapsed training time:2.31s
[MiniBooNE] Starting validation...
[MiniBooNE] Elapsed validation time:0.14s
[MiniBooNE] [Epoch=085] Train Loss=[QuantLoss=0.03286]Val loss = [QuantLoss=0.02868][QuantReg:0.47765]
[MiniBooNE] Starting epoch 86...
[MiniBooNE] Elapsed training time:2.32s
[MiniBooNE] Starting validation...
[MiniBooNE] Elapsed validation time:0.14s
[MiniBooNE] [Epoch=086] Train Loss=[QuantLoss=0.03459]Val loss = [QuantLoss=0.02938][QuantReg:0.48006]
[MiniBooNE] Starting epoch 87...
[MiniBooNE] Elapsed training time:2.30s
[MiniBooNE] Starting validation...
[MiniBooNE] Elapsed validation time:0.17s
[MiniBooNE] [Epoch=087] Train Loss=[QuantLoss=0.03428]Val loss = [QuantLoss=0.02483][QuantReg:0.47903]
[MiniBooNE] Starting epoch 88...
[MiniBooNE] Elapsed training time:2.37s
[MiniBooNE] Starting validation...
[MiniBooNE] Elapsed validation time:0.15s
[MiniBooNE] [Epoch=088] Train Loss=[QuantLoss=0.03497]Val loss = [QuantLoss=0.02901][QuantReg:0.48378]
[MiniBooNE] Starting epoch 89...
[MiniBooNE] Elapsed training time:2.27s
[MiniBooNE] Starting validation...
[MiniBooNE] Elapsed validation time:0.15s
[MiniBooNE] [Epoch=089] Train Loss=[QuantLoss=0.03103]Val loss = [QuantLoss=0.02687][QuantReg:0.48126]
[MiniBooNE] Starting epoch 90...
[MiniBooNE] Elapsed training time:2.32s
[MiniBooNE] Starting validation...
[MiniBooNE] Elapsed validation time:0.14s
[MiniBooNE] [Epoch=090] Train Loss=[QuantLoss=0.03371]Val loss = [QuantLoss=0.02907][QuantReg:0.48252]
[MiniBooNE] Starting epoch 91...
[MiniBooNE] Elapsed training time:2.29s
[MiniBooNE] Starting validation...
[MiniBooNE] Elapsed validation time:0.16s
[MiniBooNE] [Epoch=091] Train Loss=[QuantLoss=0.03481]Val loss = [QuantLoss=0.02543][QuantReg:0.47885]
[MiniBooNE] Starting epoch 92...
[MiniBooNE] Elapsed training time:2.29s
[MiniBooNE] Starting validation...
[MiniBooNE] Elapsed validation time:0.24s
[MiniBooNE] [Epoch=092] Train Loss=[QuantLoss=0.03182]Val loss = [QuantLoss=0.02574][QuantReg:0.47577]
[MiniBooNE] Starting epoch 93...
[MiniBooNE] Elapsed training time:2.34s
[MiniBooNE] Starting validation...
[MiniBooNE] Elapsed validation time:0.16s
[MiniBooNE] [Epoch=093] Train Loss=[QuantLoss=0.03263]Val loss = [QuantLoss=0.02699][QuantReg:0.47707]
[MiniBooNE] Starting epoch 94...
[MiniBooNE] Elapsed training time:2.29s
[MiniBooNE] Starting validation...
[MiniBooNE] Elapsed validation time:0.24s
[MiniBooNE] [Epoch=094] Train Loss=[QuantLoss=0.03384]Val loss = [QuantLoss=0.02662][QuantReg:0.47465]
[MiniBooNE] Starting epoch 95...
[MiniBooNE] Elapsed training time:2.33s
[MiniBooNE] Starting validation...
[MiniBooNE] Elapsed validation time:0.23s
[MiniBooNE] [Epoch=095] Train Loss=[QuantLoss=0.03161]Val loss = [QuantLoss=0.02882][QuantReg:0.47569]
[MiniBooNE] Starting epoch 96...
[MiniBooNE] Elapsed training time:2.33s
[MiniBooNE] Starting validation...
[MiniBooNE] Elapsed validation time:0.22s
[MiniBooNE] [Epoch=096] Train Loss=[QuantLoss=0.03151]Val loss = [QuantLoss=0.02590][QuantReg:0.47332]
[MiniBooNE] Starting epoch 97...
[MiniBooNE] Elapsed training time:2.34s
[MiniBooNE] Starting validation...
[MiniBooNE] Elapsed validation time:0.23s
[MiniBooNE] [Epoch=097] Train Loss=[QuantLoss=0.03159]Val loss = [QuantLoss=0.02565][QuantReg:0.47517]
[MiniBooNE] Starting epoch 98...
[MiniBooNE] Elapsed training time:2.38s
[MiniBooNE] Starting validation...
[MiniBooNE] Elapsed validation time:0.24s
[MiniBooNE] [Epoch=098] Train Loss=[QuantLoss=0.03359]Val loss = [QuantLoss=0.02863][QuantReg:0.47586]
[MiniBooNE] Starting epoch 99...
[MiniBooNE] Elapsed training time:2.34s
[MiniBooNE] Starting validation...
[MiniBooNE] Elapsed validation time:0.23s
[MiniBooNE] [Epoch=099] Train Loss=[QuantLoss=0.03466]Val loss = [QuantLoss=0.02765][QuantReg:0.47437]
[MiniBooNE] Starting epoch 100...
[MiniBooNE] Elapsed training time:2.33s
[MiniBooNE] Starting validation...
[MiniBooNE] Elapsed validation time:0.24s
[MiniBooNE] [Epoch=100] Train Loss=[QuantLoss=0.03285]Val loss = [QuantLoss=0.02685][QuantReg:0.47837]
[MiniBooNE] Starting epoch 101...
[MiniBooNE] Elapsed training time:2.36s
[MiniBooNE] Starting validation...
[MiniBooNE] Elapsed validation time:0.23s
[MiniBooNE] [Epoch=101] Train Loss=[QuantLoss=0.03158]Val loss = [QuantLoss=0.02784][QuantReg:0.47882]
[MiniBooNE] Starting epoch 102...
[MiniBooNE] Elapsed training time:2.35s
[MiniBooNE] Starting validation...
[MiniBooNE] Elapsed validation time:0.24s
[MiniBooNE] [Epoch=102] Train Loss=[QuantLoss=0.03170]Val loss = [QuantLoss=0.02778][QuantReg:0.47884]
[MiniBooNE] Starting epoch 103...
[MiniBooNE] Elapsed training time:2.34s
[MiniBooNE] Starting validation...
[MiniBooNE] Elapsed validation time:0.23s
[MiniBooNE] [Epoch=103] Train Loss=[QuantLoss=0.03515]Val loss = [QuantLoss=0.02779][QuantReg:0.48380]
[MiniBooNE] Starting epoch 104...
[MiniBooNE] Elapsed training time:2.41s
[MiniBooNE] Starting validation...
[MiniBooNE] Elapsed validation time:0.24s
[MiniBooNE] [Epoch=104] Train Loss=[QuantLoss=0.03375]Val loss = [QuantLoss=0.02893][QuantReg:0.48139]
[MiniBooNE] Starting epoch 105...
[MiniBooNE] Elapsed training time:2.32s
[MiniBooNE] Starting validation...
[MiniBooNE] Elapsed validation time:0.24s
[MiniBooNE] [Epoch=105] Train Loss=[QuantLoss=0.03235]Val loss = [QuantLoss=0.02414][QuantReg:0.48315]
[MiniBooNE] Starting epoch 106...
[MiniBooNE] Elapsed training time:2.35s
[MiniBooNE] Starting validation...
[MiniBooNE] Elapsed validation time:0.23s
[MiniBooNE] [Epoch=106] Train Loss=[QuantLoss=0.03349]Val loss = [QuantLoss=0.02950][QuantReg:0.47918]
[MiniBooNE] Starting epoch 107...
[MiniBooNE] Elapsed training time:2.38s
[MiniBooNE] Starting validation...
[MiniBooNE] Elapsed validation time:0.23s
[MiniBooNE] [Epoch=107] Train Loss=[QuantLoss=0.03187]Val loss = [QuantLoss=0.02502][QuantReg:0.48068]
[MiniBooNE] Starting epoch 108...
[MiniBooNE] Elapsed training time:2.36s
[MiniBooNE] Starting validation...
[MiniBooNE] Elapsed validation time:0.23s
[MiniBooNE] [Epoch=108] Train Loss=[QuantLoss=0.03276]Val loss = [QuantLoss=0.02872][QuantReg:0.47842]
[MiniBooNE] Starting epoch 109...
[MiniBooNE] Elapsed training time:2.39s
[MiniBooNE] Starting validation...
[MiniBooNE] Elapsed validation time:0.23s
[MiniBooNE] [Epoch=109] Train Loss=[QuantLoss=0.03309]Val loss = [QuantLoss=0.02651][QuantReg:0.48084]
[MiniBooNE] Starting epoch 110...
[MiniBooNE] Elapsed training time:2.35s
[MiniBooNE] Starting validation...
[MiniBooNE] Elapsed validation time:0.23s
[MiniBooNE] [Epoch=110] Train Loss=[QuantLoss=0.03484]Val loss = [QuantLoss=0.02794][QuantReg:0.47983]
[MiniBooNE] Starting epoch 111...
[MiniBooNE] Elapsed training time:2.36s
[MiniBooNE] Starting validation...
[MiniBooNE] Elapsed validation time:0.23s
[MiniBooNE] [Epoch=111] Train Loss=[QuantLoss=0.03245]Val loss = [QuantLoss=0.02765][QuantReg:0.47915]
[MiniBooNE] Starting epoch 112...
[MiniBooNE] Elapsed training time:2.37s
[MiniBooNE] Starting validation...
[MiniBooNE] Elapsed validation time:0.22s
[MiniBooNE] [Epoch=112] Train Loss=[QuantLoss=0.03176]Val loss = [QuantLoss=0.03285][QuantReg:0.47918]
[MiniBooNE] Starting epoch 113...
[MiniBooNE] Elapsed training time:2.41s
[MiniBooNE] Starting validation...
[MiniBooNE] Elapsed validation time:0.24s
[MiniBooNE] [Epoch=113] Train Loss=[QuantLoss=0.03302]Val loss = [QuantLoss=0.02866][QuantReg:0.47749]
[MiniBooNE] Starting epoch 114...
[MiniBooNE] Elapsed training time:2.36s
[MiniBooNE] Starting validation...
[MiniBooNE] Elapsed validation time:0.24s
[MiniBooNE] [Epoch=114] Train Loss=[QuantLoss=0.03175]Val loss = [QuantLoss=0.02719][QuantReg:0.47882]
[MiniBooNE] Starting epoch 115...
[MiniBooNE] Elapsed training time:2.39s
[MiniBooNE] Starting validation...
[MiniBooNE] Elapsed validation time:0.26s
[MiniBooNE] [Epoch=115] Train Loss=[QuantLoss=0.03174]Val loss = [QuantLoss=0.02813][QuantReg:0.47716]
[MiniBooNE] Starting epoch 116...
[MiniBooNE] Elapsed training time:2.36s
[MiniBooNE] Starting validation...
[MiniBooNE] Elapsed validation time:0.24s
[MiniBooNE] [Epoch=116] Train Loss=[QuantLoss=0.03256]Val loss = [QuantLoss=0.02728][QuantReg:0.47559]
[MiniBooNE] Starting epoch 117...
[MiniBooNE] Elapsed training time:2.39s
[MiniBooNE] Starting validation...
[MiniBooNE] Elapsed validation time:0.25s
[MiniBooNE] [Epoch=117] Train Loss=[QuantLoss=0.03300]Val loss = [QuantLoss=0.03023][QuantReg:0.47560]
[MiniBooNE] Starting epoch 118...
[MiniBooNE] Elapsed training time:2.32s
[MiniBooNE] Starting validation...
[MiniBooNE] Elapsed validation time:0.24s
[MiniBooNE] [Epoch=118] Train Loss=[QuantLoss=0.03069]Val loss = [QuantLoss=0.02483][QuantReg:0.47977]
[MiniBooNE] Starting epoch 119...
[MiniBooNE] Elapsed training time:2.41s
[MiniBooNE] Starting validation...
[MiniBooNE] Elapsed validation time:0.24s
[MiniBooNE] [Epoch=119] Train Loss=[QuantLoss=0.03140]Val loss = [QuantLoss=0.02631][QuantReg:0.47501]
[MiniBooNE] Starting epoch 120...
[MiniBooNE] Elapsed training time:2.34s
[MiniBooNE] Starting validation...
[MiniBooNE] Elapsed validation time:0.24s
[MiniBooNE] [Epoch=120] Train Loss=[QuantLoss=0.03304]Val loss = [QuantLoss=0.02729][QuantReg:0.47571]
[MiniBooNE] Starting epoch 121...
[MiniBooNE] Elapsed training time:2.35s
[MiniBooNE] Starting validation...
[MiniBooNE] Elapsed validation time:0.26s
[MiniBooNE] [Epoch=121] Train Loss=[QuantLoss=0.03159]Val loss = [QuantLoss=0.02875][QuantReg:0.47735]
[MiniBooNE] Starting epoch 122...
[MiniBooNE] Elapsed training time:2.42s
[MiniBooNE] Starting validation...
[MiniBooNE] Elapsed validation time:0.15s
[MiniBooNE] [Epoch=122] Train Loss=[QuantLoss=0.03214]Val loss = [QuantLoss=0.02910][QuantReg:0.47728]
[MiniBooNE] Starting epoch 123...
[MiniBooNE] Elapsed training time:2.26s
[MiniBooNE] Starting validation...
[MiniBooNE] Elapsed validation time:0.15s
[MiniBooNE] [Epoch=123] Train Loss=[QuantLoss=0.03382]Val loss = [QuantLoss=0.02855][QuantReg:0.47268]
[MiniBooNE] Starting epoch 124...
[MiniBooNE] Elapsed training time:2.29s
[MiniBooNE] Starting validation...
[MiniBooNE] Elapsed validation time:0.14s
[MiniBooNE] [Epoch=124] Train Loss=[QuantLoss=0.03111]Val loss = [QuantLoss=0.02418][QuantReg:0.47480]
[MiniBooNE] Starting epoch 125...
[MiniBooNE] Elapsed training time:2.34s
[MiniBooNE] Starting validation...
[MiniBooNE] Elapsed validation time:0.14s
[MiniBooNE] [Epoch=125] Train Loss=[QuantLoss=0.03183]Val loss = [QuantLoss=0.02538][QuantReg:0.47616]
[MiniBooNE] Starting epoch 126...
[MiniBooNE] Elapsed training time:2.30s
[MiniBooNE] Starting validation...
[MiniBooNE] Elapsed validation time:0.14s
[MiniBooNE] [Epoch=126] Train Loss=[QuantLoss=0.03126]Val loss = [QuantLoss=0.02697][QuantReg:0.47402]
[MiniBooNE] Starting epoch 127...
[MiniBooNE] Elapsed training time:2.29s
[MiniBooNE] Starting validation...
[MiniBooNE] Elapsed validation time:0.15s
[MiniBooNE] [Epoch=127] Train Loss=[QuantLoss=0.03276]Val loss = [QuantLoss=0.02669][QuantReg:0.47547]
[MiniBooNE] Starting epoch 128...
[MiniBooNE] Elapsed training time:2.33s
[MiniBooNE] Starting validation...
[MiniBooNE] Elapsed validation time:0.14s
[MiniBooNE] [Epoch=128] Train Loss=[QuantLoss=0.03258]Val loss = [QuantLoss=0.02576][QuantReg:0.47290]
[MiniBooNE] Starting epoch 129...
[MiniBooNE] Elapsed training time:2.27s
[MiniBooNE] Starting validation...
[MiniBooNE] Elapsed validation time:0.15s
[MiniBooNE] [Epoch=129] Train Loss=[QuantLoss=0.03226]Val loss = [QuantLoss=0.02656][QuantReg:0.47410]
[MiniBooNE] Starting epoch 130...
[MiniBooNE] Elapsed training time:2.28s
[MiniBooNE] Starting validation...
[MiniBooNE] Elapsed validation time:0.15s
[MiniBooNE] [Epoch=130] Train Loss=[QuantLoss=0.03135]Val loss = [QuantLoss=0.02792][QuantReg:0.47641]
[MiniBooNE] Starting epoch 131...
[MiniBooNE] Elapsed training time:2.35s
[MiniBooNE] Starting validation...
[MiniBooNE] Elapsed validation time:0.15s
[MiniBooNE] [Epoch=131] Train Loss=[QuantLoss=0.03070]Val loss = [QuantLoss=0.02661][QuantReg:0.47532]
[MiniBooNE] Starting epoch 132...
[MiniBooNE] Elapsed training time:2.30s
[MiniBooNE] Starting validation...
[MiniBooNE] Elapsed validation time:0.14s
[MiniBooNE] [Epoch=132] Train Loss=[QuantLoss=0.03232]Val loss = [QuantLoss=0.02644][QuantReg:0.47432]
[MiniBooNE] Starting epoch 133...
[MiniBooNE] Elapsed training time:2.32s
[MiniBooNE] Starting validation...
[MiniBooNE] Elapsed validation time:0.15s
[MiniBooNE] [Epoch=133] Train Loss=[QuantLoss=0.03150]Val loss = [QuantLoss=0.02750][QuantReg:0.47106]
[MiniBooNE] Starting epoch 134...
[MiniBooNE] Elapsed training time:2.30s
[MiniBooNE] Starting validation...
[MiniBooNE] Elapsed validation time:0.15s
[MiniBooNE] [Epoch=134] Train Loss=[QuantLoss=0.03140]Val loss = [QuantLoss=0.03098][QuantReg:0.47167]
[MiniBooNE] Starting epoch 135...
[MiniBooNE] Elapsed training time:2.33s
[MiniBooNE] Starting validation...
[MiniBooNE] Elapsed validation time:0.14s
[MiniBooNE] [Epoch=135] Train Loss=[QuantLoss=0.03103]Val loss = [QuantLoss=0.02627][QuantReg:0.47287]
[MiniBooNE] Starting epoch 136...
[MiniBooNE] Elapsed training time:2.31s
[MiniBooNE] Starting validation...
[MiniBooNE] Elapsed validation time:0.13s
[MiniBooNE] [Epoch=136] Train Loss=[QuantLoss=0.03306]Val loss = [QuantLoss=0.02899][QuantReg:0.47345]
[MiniBooNE] Starting epoch 137...
[MiniBooNE] Elapsed training time:2.31s
[MiniBooNE] Starting validation...
[MiniBooNE] Elapsed validation time:0.15s
[MiniBooNE] [Epoch=137] Train Loss=[QuantLoss=0.03140]Val loss = [QuantLoss=0.02732][QuantReg:0.47100]
[MiniBooNE] Starting epoch 138...
[MiniBooNE] Elapsed training time:2.31s
[MiniBooNE] Starting validation...
[MiniBooNE] Elapsed validation time:0.15s
[MiniBooNE] [Epoch=138] Train Loss=[QuantLoss=0.03250]Val loss = [QuantLoss=0.02723][QuantReg:0.47321]
[MiniBooNE] Starting epoch 139...
[MiniBooNE] Elapsed training time:2.33s
[MiniBooNE] Starting validation...
[MiniBooNE] Elapsed validation time:0.14s
[MiniBooNE] [Epoch=139] Train Loss=[QuantLoss=0.03124]Val loss = [QuantLoss=0.03039][QuantReg:0.47229]
[MiniBooNE] Starting epoch 140...
[MiniBooNE] Elapsed training time:2.32s
[MiniBooNE] Starting validation...
[MiniBooNE] Elapsed validation time:0.14s
[MiniBooNE] [Epoch=140] Train Loss=[QuantLoss=0.03279]Val loss = [QuantLoss=0.02675][QuantReg:0.47460]
[MiniBooNE] Starting epoch 141...
[MiniBooNE] Elapsed training time:2.30s
[MiniBooNE] Starting validation...
[MiniBooNE] Elapsed validation time:0.16s
[MiniBooNE] [Epoch=141] Train Loss=[QuantLoss=0.03248]Val loss = [QuantLoss=0.02508][QuantReg:0.47471]
[MiniBooNE] Starting epoch 142...
[MiniBooNE] Elapsed training time:2.27s
[MiniBooNE] Starting validation...
[MiniBooNE] Elapsed validation time:0.14s
[MiniBooNE] [Epoch=142] Train Loss=[QuantLoss=0.03111]Val loss = [QuantLoss=0.02677][QuantReg:0.47437]
[MiniBooNE] Starting epoch 143...
[MiniBooNE] Elapsed training time:2.34s
[MiniBooNE] Starting validation...
[MiniBooNE] Elapsed validation time:0.25s
[MiniBooNE] [Epoch=143] Train Loss=[QuantLoss=0.03197]Val loss = [QuantLoss=0.02615][QuantReg:0.47236]
[MiniBooNE] Starting epoch 144...
[MiniBooNE] Elapsed training time:2.38s
[MiniBooNE] Starting validation...
[MiniBooNE] Elapsed validation time:0.22s
[MiniBooNE] [Epoch=144] Train Loss=[QuantLoss=0.03103]Val loss = [QuantLoss=0.02883][QuantReg:0.47324]
[MiniBooNE] Starting epoch 145...
[MiniBooNE] Elapsed training time:2.31s
[MiniBooNE] Starting validation...
[MiniBooNE] Elapsed validation time:0.24s
[MiniBooNE] [Epoch=145] Train Loss=[QuantLoss=0.03190]Val loss = [QuantLoss=0.02924][QuantReg:0.47417]
[MiniBooNE] Starting epoch 146...
[MiniBooNE] Elapsed training time:2.35s
[MiniBooNE] Starting validation...
[MiniBooNE] Elapsed validation time:0.23s
[MiniBooNE] [Epoch=146] Train Loss=[QuantLoss=0.03323]Val loss = [QuantLoss=0.02619][QuantReg:0.47715]
[MiniBooNE] Starting epoch 147...
[MiniBooNE] Elapsed training time:2.31s
[MiniBooNE] Starting validation...
[MiniBooNE] Elapsed validation time:0.23s
[MiniBooNE] [Epoch=147] Train Loss=[QuantLoss=0.03185]Val loss = [QuantLoss=0.02767][QuantReg:0.47514]
[MiniBooNE] Starting epoch 148...
[MiniBooNE] Elapsed training time:2.36s
[MiniBooNE] Starting validation...
[MiniBooNE] Elapsed validation time:0.23s
[MiniBooNE] [Epoch=148] Train Loss=[QuantLoss=0.03112]Val loss = [QuantLoss=0.02848][QuantReg:0.47464]
[MiniBooNE] Starting epoch 149...
[MiniBooNE] Elapsed training time:2.37s
[MiniBooNE] Starting validation...
[MiniBooNE] Elapsed validation time:0.23s
[MiniBooNE] [Epoch=149] Train Loss=[QuantLoss=0.03213]Val loss = [QuantLoss=0.02787][QuantReg:0.47580]
[MiniBooNE] Starting epoch 150...
[MiniBooNE] Elapsed training time:2.36s
[MiniBooNE] Starting validation...
[MiniBooNE] Elapsed validation time:0.24s
[MiniBooNE] [Epoch=150] Train Loss=[QuantLoss=0.03262]Val loss = [QuantLoss=0.02778][QuantReg:0.47428]
[MiniBooNE] Starting epoch 151...
[MiniBooNE] Elapsed training time:2.38s
[MiniBooNE] Starting validation...
[MiniBooNE] Elapsed validation time:0.23s
[MiniBooNE] [Epoch=151] Train Loss=[QuantLoss=0.03213]Val loss = [QuantLoss=0.02781][QuantReg:0.47366]
[MiniBooNE] Starting epoch 152...
[MiniBooNE] Elapsed training time:2.32s
[MiniBooNE] Starting validation...
[MiniBooNE] Elapsed validation time:0.23s
[MiniBooNE] [Epoch=152] Train Loss=[QuantLoss=0.03050]Val loss = [QuantLoss=0.02934][QuantReg:0.47150]
[MiniBooNE] Early stopping in epoch 152!
[MiniBooNE] Restoring best model...
MAE médio por bag: 0.0304 ± 0.0261
Resultados, incluindo predições, salvos em: resultados_miniboone/resultados_miniboone_1.csv
