Dataset: miniboone
Dificuldade: metric=l1, mode=easiest, top_k=None
Rodada: 5
Salvar resultados em: resultados_miniboone
Dispositivo de treino: cpu
Baixando e preparando o dataset MiniBooNE...
Dataset MiniBooNE pronto.
Ignoring val_split as train and val datasets where given to fit function
We have two datasets: training 155457 examples. validation 25900 examples.]
Using device cpu
[MiniBooNE] Starting epoch 0...
[MiniBooNE] Elapsed training time:2.35s
[MiniBooNE] Starting validation...
[MiniBooNE] Elapsed validation time:0.24s
[MiniBooNE] [Epoch=000] Train Loss=[QuantLoss=0.06730]Val loss = [QuantLoss=0.19990][QuantReg:0.45469][saved best model in this epoch]
[MiniBooNE] Starting epoch 1...
[MiniBooNE] Elapsed training time:2.35s
[MiniBooNE] Starting validation...
[MiniBooNE] Elapsed validation time:0.23s
[MiniBooNE] [Epoch=001] Train Loss=[QuantLoss=0.10129]Val loss = [QuantLoss=0.19413][QuantReg:0.54241][saved best model in this epoch]
[MiniBooNE] Starting epoch 2...
[MiniBooNE] Elapsed training time:2.35s
[MiniBooNE] Starting validation...
[MiniBooNE] Elapsed validation time:0.24s
[MiniBooNE] [Epoch=002] Train Loss=[QuantLoss=0.10452]Val loss = [QuantLoss=0.17514][QuantReg:0.57177][saved best model in this epoch]
[MiniBooNE] Starting epoch 3...
[MiniBooNE] Elapsed training time:2.34s
[MiniBooNE] Starting validation...
[MiniBooNE] Elapsed validation time:0.23s
[MiniBooNE] [Epoch=003] Train Loss=[QuantLoss=0.10700]Val loss = [QuantLoss=0.17931][QuantReg:0.65818]
[MiniBooNE] Starting epoch 4...
[MiniBooNE] Elapsed training time:2.32s
[MiniBooNE] Starting validation...
[MiniBooNE] Elapsed validation time:0.23s
[MiniBooNE] [Epoch=004] Train Loss=[QuantLoss=0.11184]Val loss = [QuantLoss=0.17690][QuantReg:0.66890]
[MiniBooNE] Starting epoch 5...
[MiniBooNE] Elapsed training time:2.38s
[MiniBooNE] Starting validation...
[MiniBooNE] Elapsed validation time:0.23s
[MiniBooNE] [Epoch=005] Train Loss=[QuantLoss=0.10706]Val loss = [QuantLoss=0.19138][QuantReg:0.70771]
[MiniBooNE] Starting epoch 6...
[MiniBooNE] Elapsed training time:2.34s
[MiniBooNE] Starting validation...
[MiniBooNE] Elapsed validation time:0.22s
[MiniBooNE] [Epoch=006] Train Loss=[QuantLoss=0.10951]Val loss = [QuantLoss=0.14482][QuantReg:0.72858][saved best model in this epoch]
[MiniBooNE] Starting epoch 7...
[MiniBooNE] Elapsed training time:2.38s
[MiniBooNE] Starting validation...
[MiniBooNE] Elapsed validation time:0.15s
[MiniBooNE] [Epoch=007] Train Loss=[QuantLoss=0.10794]Val loss = [QuantLoss=0.16668][QuantReg:0.70301]
[MiniBooNE] Starting epoch 8...
[MiniBooNE] Elapsed training time:2.33s
[MiniBooNE] Starting validation...
[MiniBooNE] Elapsed validation time:0.15s
[MiniBooNE] [Epoch=008] Train Loss=[QuantLoss=0.10689]Val loss = [QuantLoss=0.17961][QuantReg:0.74268]
[MiniBooNE] Starting epoch 9...
[MiniBooNE] Elapsed training time:2.25s
[MiniBooNE] Starting validation...
[MiniBooNE] Elapsed validation time:0.15s
[MiniBooNE] [Epoch=009] Train Loss=[QuantLoss=0.09974]Val loss = [QuantLoss=0.19905][QuantReg:0.73553]
[MiniBooNE] Starting epoch 10...
[MiniBooNE] Elapsed training time:2.23s
[MiniBooNE] Starting validation...
[MiniBooNE] Elapsed validation time:0.15s
[MiniBooNE] [Epoch=010] Train Loss=[QuantLoss=0.11294]Val loss = [QuantLoss=0.21847][QuantReg:0.69552]
[MiniBooNE] Starting epoch 11...
[MiniBooNE] Elapsed training time:2.30s
[MiniBooNE] Starting validation...
[MiniBooNE] Elapsed validation time:0.17s
[MiniBooNE] [Epoch=011] Train Loss=[QuantLoss=0.11512]Val loss = [QuantLoss=0.17738][QuantReg:0.68607]
[MiniBooNE] Starting epoch 12...
[MiniBooNE] Elapsed training time:2.27s
[MiniBooNE] Starting validation...
[MiniBooNE] Elapsed validation time:0.14s
[MiniBooNE] [Epoch=012] Train Loss=[QuantLoss=0.10707]Val loss = [QuantLoss=0.09967][QuantReg:0.66507][saved best model in this epoch]
[MiniBooNE] Starting epoch 13...
[MiniBooNE] Elapsed training time:2.26s
[MiniBooNE] Starting validation...
[MiniBooNE] Elapsed validation time:0.15s
[MiniBooNE] [Epoch=013] Train Loss=[QuantLoss=0.10466]Val loss = [QuantLoss=0.09569][QuantReg:0.70312][saved best model in this epoch]
[MiniBooNE] Starting epoch 14...
[MiniBooNE] Elapsed training time:2.28s
[MiniBooNE] Starting validation...
[MiniBooNE] Elapsed validation time:0.14s
[MiniBooNE] [Epoch=014] Train Loss=[QuantLoss=0.09665]Val loss = [QuantLoss=0.14680][QuantReg:0.68533]
[MiniBooNE] Starting epoch 15...
[MiniBooNE] Elapsed training time:2.28s
[MiniBooNE] Starting validation...
[MiniBooNE] Elapsed validation time:0.15s
[MiniBooNE] [Epoch=015] Train Loss=[QuantLoss=0.09590]Val loss = [QuantLoss=0.11881][QuantReg:0.67976]
[MiniBooNE] Starting epoch 16...
[MiniBooNE] Elapsed training time:2.30s
[MiniBooNE] Starting validation...
[MiniBooNE] Elapsed validation time:0.15s
[MiniBooNE] [Epoch=016] Train Loss=[QuantLoss=0.09452]Val loss = [QuantLoss=0.08637][QuantReg:0.66631][saved best model in this epoch]
[MiniBooNE] Starting epoch 17...
[MiniBooNE] Elapsed training time:2.32s
[MiniBooNE] Starting validation...
[MiniBooNE] Elapsed validation time:0.15s
[MiniBooNE] [Epoch=017] Train Loss=[QuantLoss=0.09046]Val loss = [QuantLoss=0.11871][QuantReg:0.67136]
[MiniBooNE] Starting epoch 18...
[MiniBooNE] Elapsed training time:2.26s
[MiniBooNE] Starting validation...
[MiniBooNE] Elapsed validation time:0.15s
[MiniBooNE] [Epoch=018] Train Loss=[QuantLoss=0.09997]Val loss = [QuantLoss=0.11155][QuantReg:0.68041]
[MiniBooNE] Starting epoch 19...
[MiniBooNE] Elapsed training time:2.37s
[MiniBooNE] Starting validation...
[MiniBooNE] Elapsed validation time:0.14s
[MiniBooNE] [Epoch=019] Train Loss=[QuantLoss=0.09578]Val loss = [QuantLoss=0.07221][QuantReg:0.66613][saved best model in this epoch]
[MiniBooNE] Starting epoch 20...
[MiniBooNE] Elapsed training time:2.24s
[MiniBooNE] Starting validation...
[MiniBooNE] Elapsed validation time:0.15s
[MiniBooNE] [Epoch=020] Train Loss=[QuantLoss=0.09882]Val loss = [QuantLoss=0.10521][QuantReg:0.65594]
[MiniBooNE] Starting epoch 21...
[MiniBooNE] Elapsed training time:2.37s
[MiniBooNE] Starting validation...
[MiniBooNE] Elapsed validation time:0.14s
[MiniBooNE] [Epoch=021] Train Loss=[QuantLoss=0.09504]Val loss = [QuantLoss=0.09854][QuantReg:0.67665]
[MiniBooNE] Starting epoch 22...
[MiniBooNE] Elapsed training time:2.28s
[MiniBooNE] Starting validation...
[MiniBooNE] Elapsed validation time:0.15s
[MiniBooNE] [Epoch=022] Train Loss=[QuantLoss=0.09222]Val loss = [QuantLoss=0.09464][QuantReg:0.67973]
[MiniBooNE] Starting epoch 23...
[MiniBooNE] Elapsed training time:2.27s
[MiniBooNE] Starting validation...
[MiniBooNE] Elapsed validation time:0.16s
[MiniBooNE] [Epoch=023] Train Loss=[QuantLoss=0.09718]Val loss = [QuantLoss=0.08849][QuantReg:0.65678]
[MiniBooNE] Starting epoch 24...
[MiniBooNE] Elapsed training time:2.29s
[MiniBooNE] Starting validation...
[MiniBooNE] Elapsed validation time:0.15s
[MiniBooNE] [Epoch=024] Train Loss=[QuantLoss=0.10155]Val loss = [QuantLoss=0.04528][QuantReg:0.67527][saved best model in this epoch]
[MiniBooNE] Starting epoch 25...
[MiniBooNE] Elapsed training time:2.33s
[MiniBooNE] Starting validation...
[MiniBooNE] Elapsed validation time:0.14s
[MiniBooNE] [Epoch=025] Train Loss=[QuantLoss=0.09252]Val loss = [QuantLoss=0.06694][QuantReg:0.67501]
[MiniBooNE] Starting epoch 26...
[MiniBooNE] Elapsed training time:2.29s
[MiniBooNE] Starting validation...
[MiniBooNE] Elapsed validation time:0.14s
[MiniBooNE] [Epoch=026] Train Loss=[QuantLoss=0.09306]Val loss = [QuantLoss=0.09924][QuantReg:0.66357]
[MiniBooNE] Starting epoch 27...
[MiniBooNE] Elapsed training time:2.23s
[MiniBooNE] Starting validation...
[MiniBooNE] Elapsed validation time:0.14s
[MiniBooNE] [Epoch=027] Train Loss=[QuantLoss=0.09396]Val loss = [QuantLoss=0.04835][QuantReg:0.65762]
[MiniBooNE] Starting epoch 28...
[MiniBooNE] Elapsed training time:2.25s
[MiniBooNE] Starting validation...
[MiniBooNE] Elapsed validation time:0.16s
[MiniBooNE] [Epoch=028] Train Loss=[QuantLoss=0.09028]Val loss = [QuantLoss=0.07453][QuantReg:0.65926]
[MiniBooNE] Starting epoch 29...
[MiniBooNE] Elapsed training time:2.29s
[MiniBooNE] Starting validation...
[MiniBooNE] Elapsed validation time:0.15s
[MiniBooNE] [Epoch=029] Train Loss=[QuantLoss=0.09895]Val loss = [QuantLoss=0.12782][QuantReg:0.66256]
[MiniBooNE] Starting epoch 30...
[MiniBooNE] Elapsed training time:2.28s
[MiniBooNE] Starting validation...
[MiniBooNE] Elapsed validation time:0.16s
[MiniBooNE] [Epoch=030] Train Loss=[QuantLoss=0.09517]Val loss = [QuantLoss=0.12443][QuantReg:0.65087]
[MiniBooNE] Starting epoch 31...
[MiniBooNE] Elapsed training time:2.29s
[MiniBooNE] Starting validation...
[MiniBooNE] Elapsed validation time:0.15s
[MiniBooNE] [Epoch=031] Train Loss=[QuantLoss=0.09204]Val loss = [QuantLoss=0.06956][QuantReg:0.64796]
[MiniBooNE] Starting epoch 32...
[MiniBooNE] Elapsed training time:2.25s
[MiniBooNE] Starting validation...
[MiniBooNE] Elapsed validation time:0.16s
[MiniBooNE] [Epoch=032] Train Loss=[QuantLoss=0.09280]Val loss = [QuantLoss=0.03874][QuantReg:0.66664][saved best model in this epoch]
[MiniBooNE] Starting epoch 33...
[MiniBooNE] Elapsed training time:2.33s
[MiniBooNE] Starting validation...
[MiniBooNE] Elapsed validation time:0.14s
[MiniBooNE] [Epoch=033] Train Loss=[QuantLoss=0.08837]Val loss = [QuantLoss=0.11842][QuantReg:0.66464]
[MiniBooNE] Starting epoch 34...
[MiniBooNE] Elapsed training time:2.33s
[MiniBooNE] Starting validation...
[MiniBooNE] Elapsed validation time:0.15s
[MiniBooNE] [Epoch=034] Train Loss=[QuantLoss=0.09267]Val loss = [QuantLoss=0.12924][QuantReg:0.66702]
[MiniBooNE] Starting epoch 35...
[MiniBooNE] Elapsed training time:2.29s
[MiniBooNE] Starting validation...
[MiniBooNE] Elapsed validation time:0.23s
[MiniBooNE] [Epoch=035] Train Loss=[QuantLoss=0.10186]Val loss = [QuantLoss=0.07517][QuantReg:0.62879]
[MiniBooNE] Starting epoch 36...
[MiniBooNE] Elapsed training time:2.35s
[MiniBooNE] Starting validation...
[MiniBooNE] Elapsed validation time:0.25s
[MiniBooNE] [Epoch=036] Train Loss=[QuantLoss=0.09265]Val loss = [QuantLoss=0.08156][QuantReg:0.60820]
[MiniBooNE] Starting epoch 37...
[MiniBooNE] Elapsed training time:2.36s
[MiniBooNE] Starting validation...
[MiniBooNE] Elapsed validation time:0.23s
[MiniBooNE] [Epoch=037] Train Loss=[QuantLoss=0.08934]Val loss = [QuantLoss=0.06369][QuantReg:0.65852]
[MiniBooNE] Starting epoch 38...
[MiniBooNE] Elapsed training time:2.32s
[MiniBooNE] Starting validation...
[MiniBooNE] Elapsed validation time:0.23s
[MiniBooNE] [Epoch=038] Train Loss=[QuantLoss=0.09463]Val loss = [QuantLoss=0.05349][QuantReg:0.66886]
[MiniBooNE] Starting epoch 39...
[MiniBooNE] Elapsed training time:2.33s
[MiniBooNE] Starting validation...
[MiniBooNE] Elapsed validation time:0.26s
[MiniBooNE] [Epoch=039] Train Loss=[QuantLoss=0.08870]Val loss = [QuantLoss=0.08022][QuantReg:0.65726]
[MiniBooNE] Starting epoch 40...
[MiniBooNE] Elapsed training time:2.36s
[MiniBooNE] Starting validation...
[MiniBooNE] Elapsed validation time:0.24s
[MiniBooNE] [Epoch=040] Train Loss=[QuantLoss=0.08239]Val loss = [QuantLoss=0.11205][QuantReg:0.65037]
[MiniBooNE] Starting epoch 41...
[MiniBooNE] Elapsed training time:2.35s
[MiniBooNE] Starting validation...
[MiniBooNE] Elapsed validation time:0.24s
[MiniBooNE] [Epoch=041] Train Loss=[QuantLoss=0.10434]Val loss = [QuantLoss=0.04385][QuantReg:0.65384]
[MiniBooNE] Starting epoch 42...
[MiniBooNE] Elapsed training time:2.36s
[MiniBooNE] Starting validation...
[MiniBooNE] Elapsed validation time:0.23s
[MiniBooNE] [Epoch=042] Train Loss=[QuantLoss=0.09071]Val loss = [QuantLoss=0.11769][QuantReg:0.64717]
[MiniBooNE] Starting epoch 43...
[MiniBooNE] Elapsed training time:2.36s
[MiniBooNE] Starting validation...
[MiniBooNE] Elapsed validation time:0.23s
[MiniBooNE] [Epoch=043] Train Loss=[QuantLoss=0.09264]Val loss = [QuantLoss=0.07556][QuantReg:0.64770]
[MiniBooNE] Starting epoch 44...
[MiniBooNE] Elapsed training time:2.32s
[MiniBooNE] Starting validation...
[MiniBooNE] Elapsed validation time:0.23s
[MiniBooNE] [Epoch=044] Train Loss=[QuantLoss=0.09361]Val loss = [QuantLoss=0.08139][QuantReg:0.62796]
[MiniBooNE] Starting epoch 45...
[MiniBooNE] Elapsed training time:2.35s
[MiniBooNE] Starting validation...
[MiniBooNE] Elapsed validation time:0.24s
[MiniBooNE] [Epoch=045] Train Loss=[QuantLoss=0.08926]Val loss = [QuantLoss=0.07227][QuantReg:0.62952]
[MiniBooNE] Starting epoch 46...
[MiniBooNE] Elapsed training time:2.31s
[MiniBooNE] Starting validation...
[MiniBooNE] Elapsed validation time:0.24s
[MiniBooNE] [Epoch=046] Train Loss=[QuantLoss=0.09465]Val loss = [QuantLoss=0.13904][QuantReg:0.61671]
[MiniBooNE] Starting epoch 47...
[MiniBooNE] Elapsed training time:2.32s
[MiniBooNE] Starting validation...
[MiniBooNE] Elapsed validation time:0.24s
[MiniBooNE] [Epoch=047] Train Loss=[QuantLoss=0.08805]Val loss = [QuantLoss=0.07122][QuantReg:0.64982]
[MiniBooNE] Starting epoch 48...
[MiniBooNE] Elapsed training time:2.36s
[MiniBooNE] Starting validation...
[MiniBooNE] Elapsed validation time:0.24s
[MiniBooNE] [Epoch=048] Train Loss=[QuantLoss=0.09474]Val loss = [QuantLoss=0.06195][QuantReg:0.65306]
[MiniBooNE] Starting epoch 49...
[MiniBooNE] Elapsed training time:2.35s
[MiniBooNE] Starting validation...
[MiniBooNE] Elapsed validation time:0.24s
[MiniBooNE] [Epoch=049] Train Loss=[QuantLoss=0.08928]Val loss = [QuantLoss=0.09973][QuantReg:0.65903]
[MiniBooNE] Starting epoch 50...
[MiniBooNE] Elapsed training time:2.35s
[MiniBooNE] Starting validation...
[MiniBooNE] Elapsed validation time:0.25s
[MiniBooNE] [Epoch=050] Train Loss=[QuantLoss=0.09283]Val loss = [QuantLoss=0.06573][QuantReg:0.65058]
[MiniBooNE] Starting epoch 51...
[MiniBooNE] Elapsed training time:2.40s
[MiniBooNE] Starting validation...
[MiniBooNE] Elapsed validation time:0.25s
[MiniBooNE] [Epoch=051] Train Loss=[QuantLoss=0.09553]Val loss = [QuantLoss=0.10663][QuantReg:0.64916]
[MiniBooNE] Starting epoch 52...
[MiniBooNE] Elapsed training time:2.36s
[MiniBooNE] Starting validation...
[MiniBooNE] Elapsed validation time:0.23s
[MiniBooNE] [Epoch=052] Train Loss=[QuantLoss=0.09211]Val loss = [QuantLoss=0.05760][QuantReg:0.64668]
[MiniBooNE] Starting epoch 53...
[MiniBooNE] Elapsed training time:2.37s
[MiniBooNE] Starting validation...
[MiniBooNE] Elapsed validation time:0.22s
[MiniBooNE] [Epoch=053] Train Loss=[QuantLoss=0.09340]Val loss = [QuantLoss=0.04605][QuantReg:0.64583]
[MiniBooNE] Starting epoch 54...
[MiniBooNE] Elapsed training time:2.37s
[MiniBooNE] Starting validation...
[MiniBooNE] Elapsed validation time:0.23s
[MiniBooNE] [Epoch=054] Train Loss=[QuantLoss=0.08883]Val loss = [QuantLoss=0.07128][QuantReg:0.63704]
[MiniBooNE] Starting epoch 55...
[MiniBooNE] Elapsed training time:2.34s
[MiniBooNE] Starting validation...
[MiniBooNE] Elapsed validation time:0.23s
[MiniBooNE] [Epoch=055] Train Loss=[QuantLoss=0.09141]Val loss = [QuantLoss=0.05624][QuantReg:0.63433]
[MiniBooNE] Starting epoch 56...
[MiniBooNE] Elapsed training time:2.41s
[MiniBooNE] Starting validation...
[MiniBooNE] Elapsed validation time:0.21s
[MiniBooNE] [Epoch=056] Train Loss=[QuantLoss=0.08979]Val loss = [QuantLoss=0.06114][QuantReg:0.63365]
[MiniBooNE] Starting epoch 57...
[MiniBooNE] Elapsed training time:2.39s
[MiniBooNE] Starting validation...
[MiniBooNE] Elapsed validation time:0.24s
[MiniBooNE] [Epoch=057] Train Loss=[QuantLoss=0.09567]Val loss = [QuantLoss=0.05292][QuantReg:0.63922]
[MiniBooNE] Starting epoch 58...
[MiniBooNE] Elapsed training time:2.35s
[MiniBooNE] Starting validation...
[MiniBooNE] Elapsed validation time:0.23s
[MiniBooNE] [Epoch=058] Train Loss=[QuantLoss=0.08349]Val loss = [QuantLoss=0.05648][QuantReg:0.62889]
[MiniBooNE] Starting epoch 59...
[MiniBooNE] Elapsed training time:2.33s
[MiniBooNE] Starting validation...
[MiniBooNE] Elapsed validation time:0.23s
[MiniBooNE] [Epoch=059] Train Loss=[QuantLoss=0.09026]Val loss = [QuantLoss=0.06387][QuantReg:0.63807]
[MiniBooNE] Starting epoch 60...
[MiniBooNE] Elapsed training time:2.38s
[MiniBooNE] Starting validation...
[MiniBooNE] Elapsed validation time:0.24s
[MiniBooNE] [Epoch=060] Train Loss=[QuantLoss=0.08557]Val loss = [QuantLoss=0.07660][QuantReg:0.63161]
[MiniBooNE] Starting epoch 61...
[MiniBooNE] Elapsed training time:2.38s
[MiniBooNE] Starting validation...
[MiniBooNE] Elapsed validation time:0.24s
[MiniBooNE] [Epoch=061] Train Loss=[QuantLoss=0.09179]Val loss = [QuantLoss=0.06396][QuantReg:0.63884]
[MiniBooNE] Starting epoch 62...
[MiniBooNE] Elapsed training time:2.36s
[MiniBooNE] Starting validation...
[MiniBooNE] Elapsed validation time:0.23s
[MiniBooNE] [Epoch=062] Train Loss=[QuantLoss=0.08588]Val loss = [QuantLoss=0.06036][QuantReg:0.63901]
[MiniBooNE] Starting epoch 63...
[MiniBooNE] Elapsed training time:2.38s
[MiniBooNE] Starting validation...
[MiniBooNE] Elapsed validation time:0.23s
[MiniBooNE] [Epoch=063] Train Loss=[QuantLoss=0.08862]Val loss = [QuantLoss=0.06166][QuantReg:0.63549]
[MiniBooNE] Starting epoch 64...
[MiniBooNE] Elapsed training time:2.42s
[MiniBooNE] Starting validation...
[MiniBooNE] Elapsed validation time:0.23s
[MiniBooNE] [Epoch=064] Train Loss=[QuantLoss=0.08651]Val loss = [QuantLoss=0.05680][QuantReg:0.63329]
[MiniBooNE] Starting epoch 65...
[MiniBooNE] Elapsed training time:2.41s
[MiniBooNE] Starting validation...
[MiniBooNE] Elapsed validation time:0.26s
[MiniBooNE] [Epoch=065] Train Loss=[QuantLoss=0.08357]Val loss = [QuantLoss=0.06208][QuantReg:0.63050]
[MiniBooNE] Starting epoch 66...
[MiniBooNE] Elapsed training time:2.42s
[MiniBooNE] Starting validation...
[MiniBooNE] Elapsed validation time:0.23s
[MiniBooNE] [Epoch=066] Train Loss=[QuantLoss=0.08740]Val loss = [QuantLoss=0.07490][QuantReg:0.63442]
[MiniBooNE] Starting epoch 67...
[MiniBooNE] Elapsed training time:2.33s
[MiniBooNE] Starting validation...
[MiniBooNE] Elapsed validation time:0.23s
[MiniBooNE] [Epoch=067] Train Loss=[QuantLoss=0.09256]Val loss = [QuantLoss=0.08457][QuantReg:0.63185]
[MiniBooNE] Starting epoch 68...
[MiniBooNE] Elapsed training time:2.33s
[MiniBooNE] Starting validation...
[MiniBooNE] Elapsed validation time:0.23s
[MiniBooNE] [Epoch=068] Train Loss=[QuantLoss=0.09342]Val loss = [QuantLoss=0.07202][QuantReg:0.63293]
[MiniBooNE] Starting epoch 69...
[MiniBooNE] Elapsed training time:2.35s
[MiniBooNE] Starting validation...
[MiniBooNE] Elapsed validation time:0.25s
[MiniBooNE] [Epoch=069] Train Loss=[QuantLoss=0.08769]Val loss = [QuantLoss=0.08979][QuantReg:0.63565]
[MiniBooNE] Starting epoch 70...
[MiniBooNE] Elapsed training time:2.39s
[MiniBooNE] Starting validation...
[MiniBooNE] Elapsed validation time:0.24s
[MiniBooNE] [Epoch=070] Train Loss=[QuantLoss=0.08932]Val loss = [QuantLoss=0.06112][QuantReg:0.64187]
[MiniBooNE] Starting epoch 71...
[MiniBooNE] Elapsed training time:2.33s
[MiniBooNE] Starting validation...
[MiniBooNE] Elapsed validation time:0.24s
[MiniBooNE] [Epoch=071] Train Loss=[QuantLoss=0.08796]Val loss = [QuantLoss=0.10233][QuantReg:0.64116]
[MiniBooNE] Starting epoch 72...
[MiniBooNE] Elapsed training time:2.45s
[MiniBooNE] Starting validation...
[MiniBooNE] Elapsed validation time:0.14s
[MiniBooNE] [Epoch=072] Train Loss=[QuantLoss=0.09036]Val loss = [QuantLoss=0.07606][QuantReg:0.64235]
[MiniBooNE] Starting epoch 73...
[MiniBooNE] Elapsed training time:2.28s
[MiniBooNE] Starting validation...
[MiniBooNE] Elapsed validation time:0.14s
[MiniBooNE] [Epoch=073] Train Loss=[QuantLoss=0.09175]Val loss = [QuantLoss=0.06489][QuantReg:0.64023]
[MiniBooNE] Starting epoch 74...
[MiniBooNE] Elapsed training time:2.32s
[MiniBooNE] Starting validation...
[MiniBooNE] Elapsed validation time:0.15s
[MiniBooNE] [Epoch=074] Train Loss=[QuantLoss=0.08628]Val loss = [QuantLoss=0.08414][QuantReg:0.62922]
[MiniBooNE] Starting epoch 75...
[MiniBooNE] Elapsed training time:2.27s
[MiniBooNE] Starting validation...
[MiniBooNE] Elapsed validation time:0.15s
[MiniBooNE] [Epoch=075] Train Loss=[QuantLoss=0.08798]Val loss = [QuantLoss=0.06863][QuantReg:0.64023]
[MiniBooNE] Starting epoch 76...
[MiniBooNE] Elapsed training time:2.31s
[MiniBooNE] Starting validation...
[MiniBooNE] Elapsed validation time:0.16s
[MiniBooNE] [Epoch=076] Train Loss=[QuantLoss=0.08248]Val loss = [QuantLoss=0.05644][QuantReg:0.63871]
[MiniBooNE] Starting epoch 77...
[MiniBooNE] Elapsed training time:2.30s
[MiniBooNE] Starting validation...
[MiniBooNE] Elapsed validation time:0.15s
[MiniBooNE] [Epoch=077] Train Loss=[QuantLoss=0.08014]Val loss = [QuantLoss=0.05228][QuantReg:0.63731]
[MiniBooNE] Starting epoch 78...
[MiniBooNE] Elapsed training time:2.32s
[MiniBooNE] Starting validation...
[MiniBooNE] Elapsed validation time:0.14s
[MiniBooNE] [Epoch=078] Train Loss=[QuantLoss=0.07862]Val loss = [QuantLoss=0.04739][QuantReg:0.63400]
[MiniBooNE] Starting epoch 79...
[MiniBooNE] Elapsed training time:2.28s
[MiniBooNE] Starting validation...
[MiniBooNE] Elapsed validation time:0.14s
[MiniBooNE] [Epoch=079] Train Loss=[QuantLoss=0.08341]Val loss = [QuantLoss=0.05082][QuantReg:0.63350]
[MiniBooNE] Starting epoch 80...
[MiniBooNE] Elapsed training time:2.35s
[MiniBooNE] Starting validation...
[MiniBooNE] Elapsed validation time:0.14s
[MiniBooNE] [Epoch=080] Train Loss=[QuantLoss=0.08338]Val loss = [QuantLoss=0.04959][QuantReg:0.63588]
[MiniBooNE] Starting epoch 81...
[MiniBooNE] Elapsed training time:2.24s
[MiniBooNE] Starting validation...
[MiniBooNE] Elapsed validation time:0.15s
[MiniBooNE] [Epoch=081] Train Loss=[QuantLoss=0.08218]Val loss = [QuantLoss=0.05275][QuantReg:0.63444]
[MiniBooNE] Starting epoch 82...
[MiniBooNE] Elapsed training time:2.31s
[MiniBooNE] Starting validation...
[MiniBooNE] Elapsed validation time:0.14s
[MiniBooNE] [Epoch=082] Train Loss=[QuantLoss=0.08131]Val loss = [QuantLoss=0.04556][QuantReg:0.63451]
[MiniBooNE] Starting epoch 83...
[MiniBooNE] Elapsed training time:2.40s
[MiniBooNE] Starting validation...
[MiniBooNE] Elapsed validation time:0.14s
[MiniBooNE] [Epoch=083] Train Loss=[QuantLoss=0.08013]Val loss = [QuantLoss=0.05688][QuantReg:0.63509]
[MiniBooNE] Starting epoch 84...
[MiniBooNE] Elapsed training time:2.31s
[MiniBooNE] Starting validation...
[MiniBooNE] Elapsed validation time:0.15s
[MiniBooNE] [Epoch=084] Train Loss=[QuantLoss=0.07860]Val loss = [QuantLoss=0.05520][QuantReg:0.62941]
[MiniBooNE] Starting epoch 85...
[MiniBooNE] Elapsed training time:2.28s
[MiniBooNE] Starting validation...
[MiniBooNE] Elapsed validation time:0.15s
[MiniBooNE] [Epoch=085] Train Loss=[QuantLoss=0.08021]Val loss = [QuantLoss=0.05253][QuantReg:0.62648]
[MiniBooNE] Starting epoch 86...
[MiniBooNE] Elapsed training time:2.36s
[MiniBooNE] Starting validation...
[MiniBooNE] Elapsed validation time:0.16s
[MiniBooNE] [Epoch=086] Train Loss=[QuantLoss=0.08163]Val loss = [QuantLoss=0.07806][QuantReg:0.62606]
[MiniBooNE] Starting epoch 87...
[MiniBooNE] Elapsed training time:2.24s
[MiniBooNE] Starting validation...
[MiniBooNE] Elapsed validation time:0.16s
[MiniBooNE] [Epoch=087] Train Loss=[QuantLoss=0.08402]Val loss = [QuantLoss=0.05719][QuantReg:0.62628]
[MiniBooNE] Starting epoch 88...
[MiniBooNE] Elapsed training time:2.27s
[MiniBooNE] Starting validation...
[MiniBooNE] Elapsed validation time:0.15s
[MiniBooNE] [Epoch=088] Train Loss=[QuantLoss=0.08023]Val loss = [QuantLoss=0.05472][QuantReg:0.62460]
[MiniBooNE] Starting epoch 89...
[MiniBooNE] Elapsed training time:2.22s
[MiniBooNE] Starting validation...
[MiniBooNE] Elapsed validation time:0.15s
[MiniBooNE] [Epoch=089] Train Loss=[QuantLoss=0.08187]Val loss = [QuantLoss=0.05794][QuantReg:0.62683]
[MiniBooNE] Starting epoch 90...
[MiniBooNE] Elapsed training time:2.21s
[MiniBooNE] Starting validation...
[MiniBooNE] Elapsed validation time:0.15s
[MiniBooNE] [Epoch=090] Train Loss=[QuantLoss=0.08264]Val loss = [QuantLoss=0.05588][QuantReg:0.62941]
[MiniBooNE] Starting epoch 91...
[MiniBooNE] Elapsed training time:2.29s
[MiniBooNE] Starting validation...
[MiniBooNE] Elapsed validation time:0.15s
[MiniBooNE] [Epoch=091] Train Loss=[QuantLoss=0.07731]Val loss = [QuantLoss=0.06173][QuantReg:0.63317]
[MiniBooNE] Starting epoch 92...
[MiniBooNE] Elapsed training time:2.38s
[MiniBooNE] Starting validation...
[MiniBooNE] Elapsed validation time:0.15s
[MiniBooNE] [Epoch=092] Train Loss=[QuantLoss=0.08143]Val loss = [QuantLoss=0.06412][QuantReg:0.62705]
[MiniBooNE] Starting epoch 93...
[MiniBooNE] Elapsed training time:2.29s
[MiniBooNE] Starting validation...
[MiniBooNE] Elapsed validation time:0.15s
[MiniBooNE] [Epoch=093] Train Loss=[QuantLoss=0.08047]Val loss = [QuantLoss=0.05894][QuantReg:0.62980]
[MiniBooNE] Starting epoch 94...
[MiniBooNE] Elapsed training time:2.29s
[MiniBooNE] Starting validation...
[MiniBooNE] Elapsed validation time:0.16s
[MiniBooNE] [Epoch=094] Train Loss=[QuantLoss=0.08210]Val loss = [QuantLoss=0.04839][QuantReg:0.62744]
[MiniBooNE] Starting epoch 95...
[MiniBooNE] Elapsed training time:2.33s
[MiniBooNE] Starting validation...
[MiniBooNE] Elapsed validation time:0.14s
[MiniBooNE] [Epoch=095] Train Loss=[QuantLoss=0.08043]Val loss = [QuantLoss=0.04790][QuantReg:0.63315]
[MiniBooNE] Starting epoch 96...
[MiniBooNE] Elapsed training time:2.29s
[MiniBooNE] Starting validation...
[MiniBooNE] Elapsed validation time:0.14s
[MiniBooNE] [Epoch=096] Train Loss=[QuantLoss=0.07766]Val loss = [QuantLoss=0.05855][QuantReg:0.63051]
[MiniBooNE] Starting epoch 97...
[MiniBooNE] Elapsed training time:2.28s
[MiniBooNE] Starting validation...
[MiniBooNE] Elapsed validation time:0.15s
[MiniBooNE] [Epoch=097] Train Loss=[QuantLoss=0.07921]Val loss = [QuantLoss=0.05945][QuantReg:0.63040]
[MiniBooNE] Starting epoch 98...
[MiniBooNE] Elapsed training time:2.37s
[MiniBooNE] Starting validation...
[MiniBooNE] Elapsed validation time:0.14s
[MiniBooNE] [Epoch=098] Train Loss=[QuantLoss=0.07817]Val loss = [QuantLoss=0.05833][QuantReg:0.62959]
[MiniBooNE] Starting epoch 99...
[MiniBooNE] Elapsed training time:2.28s
[MiniBooNE] Starting validation...
[MiniBooNE] Elapsed validation time:0.24s
[MiniBooNE] [Epoch=099] Train Loss=[QuantLoss=0.07808]Val loss = [QuantLoss=0.05773][QuantReg:0.62781]
[MiniBooNE] Starting epoch 100...
[MiniBooNE] Elapsed training time:2.35s
[MiniBooNE] Starting validation...
[MiniBooNE] Elapsed validation time:0.15s
[MiniBooNE] [Epoch=100] Train Loss=[QuantLoss=0.07747]Val loss = [QuantLoss=0.05853][QuantReg:0.63079]
[MiniBooNE] Starting epoch 101...
[MiniBooNE] Elapsed training time:2.30s
[MiniBooNE] Starting validation...
[MiniBooNE] Elapsed validation time:0.23s
[MiniBooNE] [Epoch=101] Train Loss=[QuantLoss=0.07747]Val loss = [QuantLoss=0.05234][QuantReg:0.62869]
[MiniBooNE] Starting epoch 102...
[MiniBooNE] Elapsed training time:2.36s
[MiniBooNE] Starting validation...
[MiniBooNE] Elapsed validation time:0.23s
[MiniBooNE] [Epoch=102] Train Loss=[QuantLoss=0.07785]Val loss = [QuantLoss=0.05663][QuantReg:0.62511]
[MiniBooNE] Starting epoch 103...
[MiniBooNE] Elapsed training time:2.36s
[MiniBooNE] Starting validation...
[MiniBooNE] Elapsed validation time:0.24s
[MiniBooNE] [Epoch=103] Train Loss=[QuantLoss=0.07969]Val loss = [QuantLoss=0.05330][QuantReg:0.62873]
[MiniBooNE] Starting epoch 104...
[MiniBooNE] Elapsed training time:2.37s
[MiniBooNE] Starting validation...
[MiniBooNE] Elapsed validation time:0.23s
[MiniBooNE] [Epoch=104] Train Loss=[QuantLoss=0.07789]Val loss = [QuantLoss=0.06022][QuantReg:0.62563]
[MiniBooNE] Starting epoch 105...
[MiniBooNE] Elapsed training time:2.31s
[MiniBooNE] Starting validation...
[MiniBooNE] Elapsed validation time:0.23s
[MiniBooNE] [Epoch=105] Train Loss=[QuantLoss=0.07835]Val loss = [QuantLoss=0.05053][QuantReg:0.62811]
[MiniBooNE] Starting epoch 106...
[MiniBooNE] Elapsed training time:2.36s
[MiniBooNE] Starting validation...
[MiniBooNE] Elapsed validation time:0.24s
[MiniBooNE] [Epoch=106] Train Loss=[QuantLoss=0.07456]Val loss = [QuantLoss=0.05663][QuantReg:0.62471]
[MiniBooNE] Starting epoch 107...
[MiniBooNE] Elapsed training time:2.35s
[MiniBooNE] Starting validation...
[MiniBooNE] Elapsed validation time:0.24s
[MiniBooNE] [Epoch=107] Train Loss=[QuantLoss=0.07894]Val loss = [QuantLoss=0.06303][QuantReg:0.62425]
[MiniBooNE] Starting epoch 108...
[MiniBooNE] Elapsed training time:2.35s
[MiniBooNE] Starting validation...
[MiniBooNE] Elapsed validation time:0.23s
[MiniBooNE] [Epoch=108] Train Loss=[QuantLoss=0.08059]Val loss = [QuantLoss=0.05160][QuantReg:0.62227]
[MiniBooNE] Starting epoch 109...
[MiniBooNE] Elapsed training time:2.35s
[MiniBooNE] Starting validation...
[MiniBooNE] Elapsed validation time:0.23s
[MiniBooNE] [Epoch=109] Train Loss=[QuantLoss=0.07798]Val loss = [QuantLoss=0.05464][QuantReg:0.62360]
[MiniBooNE] Starting epoch 110...
[MiniBooNE] Elapsed training time:2.37s
[MiniBooNE] Starting validation...
[MiniBooNE] Elapsed validation time:0.23s
[MiniBooNE] [Epoch=110] Train Loss=[QuantLoss=0.07678]Val loss = [QuantLoss=0.05411][QuantReg:0.62349]
[MiniBooNE] Starting epoch 111...
[MiniBooNE] Elapsed training time:2.37s
[MiniBooNE] Starting validation...
[MiniBooNE] Elapsed validation time:0.24s
[MiniBooNE] [Epoch=111] Train Loss=[QuantLoss=0.07858]Val loss = [QuantLoss=0.05641][QuantReg:0.62235]
[MiniBooNE] Starting epoch 112...
[MiniBooNE] Elapsed training time:2.37s
[MiniBooNE] Starting validation...
[MiniBooNE] Elapsed validation time:0.23s
[MiniBooNE] [Epoch=112] Train Loss=[QuantLoss=0.07596]Val loss = [QuantLoss=0.05439][QuantReg:0.62288]
[MiniBooNE] Starting epoch 113...
[MiniBooNE] Elapsed training time:2.31s
[MiniBooNE] Starting validation...
[MiniBooNE] Elapsed validation time:0.26s
[MiniBooNE] [Epoch=113] Train Loss=[QuantLoss=0.07680]Val loss = [QuantLoss=0.06231][QuantReg:0.62123]
[MiniBooNE] Starting epoch 114...
[MiniBooNE] Elapsed training time:2.33s
[MiniBooNE] Starting validation...
[MiniBooNE] Elapsed validation time:0.25s
[MiniBooNE] [Epoch=114] Train Loss=[QuantLoss=0.07745]Val loss = [QuantLoss=0.05261][QuantReg:0.62139]
[MiniBooNE] Starting epoch 115...
[MiniBooNE] Elapsed training time:2.36s
[MiniBooNE] Starting validation...
[MiniBooNE] Elapsed validation time:0.24s
[MiniBooNE] [Epoch=115] Train Loss=[QuantLoss=0.07721]Val loss = [QuantLoss=0.04861][QuantReg:0.62319]
[MiniBooNE] Starting epoch 116...
[MiniBooNE] Elapsed training time:2.41s
[MiniBooNE] Starting validation...
[MiniBooNE] Elapsed validation time:0.24s
[MiniBooNE] [Epoch=116] Train Loss=[QuantLoss=0.08085]Val loss = [QuantLoss=0.05672][QuantReg:0.62270]
[MiniBooNE] Starting epoch 117...
[MiniBooNE] Elapsed training time:2.32s
[MiniBooNE] Starting validation...
[MiniBooNE] Elapsed validation time:0.23s
[MiniBooNE] [Epoch=117] Train Loss=[QuantLoss=0.07658]Val loss = [QuantLoss=0.05365][QuantReg:0.62271]
[MiniBooNE] Starting epoch 118...
[MiniBooNE] Elapsed training time:2.31s
[MiniBooNE] Starting validation...
[MiniBooNE] Elapsed validation time:0.24s
[MiniBooNE] [Epoch=118] Train Loss=[QuantLoss=0.07959]Val loss = [QuantLoss=0.04507][QuantReg:0.62608]
[MiniBooNE] Starting epoch 119...
[MiniBooNE] Elapsed training time:2.39s
[MiniBooNE] Starting validation...
[MiniBooNE] Elapsed validation time:0.22s
[MiniBooNE] [Epoch=119] Train Loss=[QuantLoss=0.07628]Val loss = [QuantLoss=0.05638][QuantReg:0.62330]
[MiniBooNE] Starting epoch 120...
[MiniBooNE] Elapsed training time:2.36s
[MiniBooNE] Starting validation...
[MiniBooNE] Elapsed validation time:0.23s
[MiniBooNE] [Epoch=120] Train Loss=[QuantLoss=0.07543]Val loss = [QuantLoss=0.04446][QuantReg:0.62489]
[MiniBooNE] Starting epoch 121...
[MiniBooNE] Elapsed training time:2.36s
[MiniBooNE] Starting validation...
[MiniBooNE] Elapsed validation time:0.23s
[MiniBooNE] [Epoch=121] Train Loss=[QuantLoss=0.07829]Val loss = [QuantLoss=0.05951][QuantReg:0.62680]
[MiniBooNE] Starting epoch 122...
[MiniBooNE] Elapsed training time:2.35s
[MiniBooNE] Starting validation...
[MiniBooNE] Elapsed validation time:0.24s
[MiniBooNE] [Epoch=122] Train Loss=[QuantLoss=0.07750]Val loss = [QuantLoss=0.05501][QuantReg:0.62603]
[MiniBooNE] Starting epoch 123...
[MiniBooNE] Elapsed training time:2.34s
[MiniBooNE] Starting validation...
[MiniBooNE] Elapsed validation time:0.25s
[MiniBooNE] [Epoch=123] Train Loss=[QuantLoss=0.07785]Val loss = [QuantLoss=0.05220][QuantReg:0.62379]
[MiniBooNE] Starting epoch 124...
[MiniBooNE] Elapsed training time:2.33s
[MiniBooNE] Starting validation...
[MiniBooNE] Elapsed validation time:0.24s
[MiniBooNE] [Epoch=124] Train Loss=[QuantLoss=0.07654]Val loss = [QuantLoss=0.05120][QuantReg:0.62569]
[MiniBooNE] Starting epoch 125...
[MiniBooNE] Elapsed training time:2.34s
[MiniBooNE] Starting validation...
[MiniBooNE] Elapsed validation time:0.24s
[MiniBooNE] [Epoch=125] Train Loss=[QuantLoss=0.07479]Val loss = [QuantLoss=0.05383][QuantReg:0.62567]
[MiniBooNE] Starting epoch 126...
[MiniBooNE] Elapsed training time:2.34s
[MiniBooNE] Starting validation...
[MiniBooNE] Elapsed validation time:0.24s
[MiniBooNE] [Epoch=126] Train Loss=[QuantLoss=0.07818]Val loss = [QuantLoss=0.06089][QuantReg:0.62370]
[MiniBooNE] Starting epoch 127...
[MiniBooNE] Elapsed training time:2.37s
[MiniBooNE] Starting validation...
[MiniBooNE] Elapsed validation time:0.23s
[MiniBooNE] [Epoch=127] Train Loss=[QuantLoss=0.07536]Val loss = [QuantLoss=0.04992][QuantReg:0.62493]
[MiniBooNE] Starting epoch 128...
[MiniBooNE] Elapsed training time:2.32s
[MiniBooNE] Starting validation...
[MiniBooNE] Elapsed validation time:0.23s
[MiniBooNE] [Epoch=128] Train Loss=[QuantLoss=0.07542]Val loss = [QuantLoss=0.05053][QuantReg:0.62253]
[MiniBooNE] Starting epoch 129...
[MiniBooNE] Elapsed training time:2.39s
[MiniBooNE] Starting validation...
[MiniBooNE] Elapsed validation time:0.23s
[MiniBooNE] [Epoch=129] Train Loss=[QuantLoss=0.07699]Val loss = [QuantLoss=0.04810][QuantReg:0.62358]
[MiniBooNE] Starting epoch 130...
[MiniBooNE] Elapsed training time:2.34s
[MiniBooNE] Starting validation...
[MiniBooNE] Elapsed validation time:0.23s
[MiniBooNE] [Epoch=130] Train Loss=[QuantLoss=0.07959]Val loss = [QuantLoss=0.06510][QuantReg:0.62510]
[MiniBooNE] Starting epoch 131...
[MiniBooNE] Elapsed training time:2.33s
[MiniBooNE] Starting validation...
[MiniBooNE] Elapsed validation time:0.22s
[MiniBooNE] [Epoch=131] Train Loss=[QuantLoss=0.07446]Val loss = [QuantLoss=0.04858][QuantReg:0.62541]
[MiniBooNE] Starting epoch 132...
[MiniBooNE] Elapsed training time:2.35s
[MiniBooNE] Starting validation...
[MiniBooNE] Elapsed validation time:0.24s
[MiniBooNE] [Epoch=132] Train Loss=[QuantLoss=0.07713]Val loss = [QuantLoss=0.05998][QuantReg:0.62370]
[MiniBooNE] Starting epoch 133...
[MiniBooNE] Elapsed training time:2.44s
[MiniBooNE] Starting validation...
[MiniBooNE] Elapsed validation time:0.14s
[MiniBooNE] [Epoch=133] Train Loss=[QuantLoss=0.07401]Val loss = [QuantLoss=0.05920][QuantReg:0.62002]
[MiniBooNE] Starting epoch 134...
[MiniBooNE] Elapsed training time:2.25s
[MiniBooNE] Starting validation...
[MiniBooNE] Elapsed validation time:0.17s
[MiniBooNE] [Epoch=134] Train Loss=[QuantLoss=0.07609]Val loss = [QuantLoss=0.05417][QuantReg:0.62378]
[MiniBooNE] Starting epoch 135...
[MiniBooNE] Elapsed training time:2.23s
[MiniBooNE] Starting validation...
[MiniBooNE] Elapsed validation time:0.15s
[MiniBooNE] [Epoch=135] Train Loss=[QuantLoss=0.07165]Val loss = [QuantLoss=0.05291][QuantReg:0.62626]
[MiniBooNE] Starting epoch 136...
[MiniBooNE] Elapsed training time:2.28s
[MiniBooNE] Starting validation...
[MiniBooNE] Elapsed validation time:0.14s
[MiniBooNE] [Epoch=136] Train Loss=[QuantLoss=0.07505]Val loss = [QuantLoss=0.06221][QuantReg:0.62658]
[MiniBooNE] Starting epoch 137...
[MiniBooNE] Elapsed training time:2.23s
[MiniBooNE] Starting validation...
[MiniBooNE] Elapsed validation time:0.15s
[MiniBooNE] [Epoch=137] Train Loss=[QuantLoss=0.07675]Val loss = [QuantLoss=0.05792][QuantReg:0.62362]
[MiniBooNE] Starting epoch 138...
[MiniBooNE] Elapsed training time:2.27s
[MiniBooNE] Starting validation...
[MiniBooNE] Elapsed validation time:0.14s
[MiniBooNE] [Epoch=138] Train Loss=[QuantLoss=0.07418]Val loss = [QuantLoss=0.05860][QuantReg:0.62373]
[MiniBooNE] Starting epoch 139...
[MiniBooNE] Elapsed training time:2.27s
[MiniBooNE] Starting validation...
[MiniBooNE] Elapsed validation time:0.14s
[MiniBooNE] [Epoch=139] Train Loss=[QuantLoss=0.07411]Val loss = [QuantLoss=0.06203][QuantReg:0.62288]
[MiniBooNE] Starting epoch 140...
[MiniBooNE] Elapsed training time:2.31s
[MiniBooNE] Starting validation...
[MiniBooNE] Elapsed validation time:0.15s
[MiniBooNE] [Epoch=140] Train Loss=[QuantLoss=0.07631]Val loss = [QuantLoss=0.06605][QuantReg:0.62531]
[MiniBooNE] Starting epoch 141...
[MiniBooNE] Elapsed training time:2.32s
[MiniBooNE] Starting validation...
[MiniBooNE] Elapsed validation time:0.16s
[MiniBooNE] [Epoch=141] Train Loss=[QuantLoss=0.07432]Val loss = [QuantLoss=0.05795][QuantReg:0.62552]
[MiniBooNE] Starting epoch 142...
[MiniBooNE] Elapsed training time:2.29s
[MiniBooNE] Starting validation...
[MiniBooNE] Elapsed validation time:0.15s
[MiniBooNE] [Epoch=142] Train Loss=[QuantLoss=0.07385]Val loss = [QuantLoss=0.05842][QuantReg:0.62559]
[MiniBooNE] Starting epoch 143...
[MiniBooNE] Elapsed training time:2.34s
[MiniBooNE] Starting validation...
[MiniBooNE] Elapsed validation time:0.16s
[MiniBooNE] [Epoch=143] Train Loss=[QuantLoss=0.07542]Val loss = [QuantLoss=0.05028][QuantReg:0.62549]
[MiniBooNE] Starting epoch 144...
[MiniBooNE] Elapsed training time:2.30s
[MiniBooNE] Starting validation...
[MiniBooNE] Elapsed validation time:0.15s
[MiniBooNE] [Epoch=144] Train Loss=[QuantLoss=0.07385]Val loss = [QuantLoss=0.05443][QuantReg:0.62564]
[MiniBooNE] Starting epoch 145...
[MiniBooNE] Elapsed training time:2.25s
[MiniBooNE] Starting validation...
[MiniBooNE] Elapsed validation time:0.15s
[MiniBooNE] [Epoch=145] Train Loss=[QuantLoss=0.07572]Val loss = [QuantLoss=0.05272][QuantReg:0.62702]
[MiniBooNE] Starting epoch 146...
[MiniBooNE] Elapsed training time:2.24s
[MiniBooNE] Starting validation...
[MiniBooNE] Elapsed validation time:0.15s
[MiniBooNE] [Epoch=146] Train Loss=[QuantLoss=0.07704]Val loss = [QuantLoss=0.06403][QuantReg:0.62780]
[MiniBooNE] Starting epoch 147...
[MiniBooNE] Elapsed training time:2.33s
[MiniBooNE] Starting validation...
[MiniBooNE] Elapsed validation time:0.14s
[MiniBooNE] [Epoch=147] Train Loss=[QuantLoss=0.07632]Val loss = [QuantLoss=0.06328][QuantReg:0.62598]
[MiniBooNE] Starting epoch 148...
[MiniBooNE] Elapsed training time:2.27s
[MiniBooNE] Starting validation...
[MiniBooNE] Elapsed validation time:0.16s
[MiniBooNE] [Epoch=148] Train Loss=[QuantLoss=0.07484]Val loss = [QuantLoss=0.05713][QuantReg:0.62619]
[MiniBooNE] Starting epoch 149...
[MiniBooNE] Elapsed training time:2.35s
[MiniBooNE] Starting validation...
[MiniBooNE] Elapsed validation time:0.16s
[MiniBooNE] [Epoch=149] Train Loss=[QuantLoss=0.07506]Val loss = [QuantLoss=0.05000][QuantReg:0.62827]
[MiniBooNE] Starting epoch 150...
[MiniBooNE] Elapsed training time:2.27s
[MiniBooNE] Starting validation...
[MiniBooNE] Elapsed validation time:0.15s
[MiniBooNE] [Epoch=150] Train Loss=[QuantLoss=0.07511]Val loss = [QuantLoss=0.06711][QuantReg:0.62691]
[MiniBooNE] Starting epoch 151...
[MiniBooNE] Elapsed training time:2.31s
[MiniBooNE] Starting validation...
[MiniBooNE] Elapsed validation time:0.15s
[MiniBooNE] [Epoch=151] Train Loss=[QuantLoss=0.07701]Val loss = [QuantLoss=0.04287][QuantReg:0.62701]
[MiniBooNE] Starting epoch 152...
[MiniBooNE] Elapsed training time:2.28s
[MiniBooNE] Starting validation...
[MiniBooNE] Elapsed validation time:0.15s
[MiniBooNE] [Epoch=152] Train Loss=[QuantLoss=0.07259]Val loss = [QuantLoss=0.05246][QuantReg:0.62492]
[MiniBooNE] Starting epoch 153...
[MiniBooNE] Elapsed training time:2.31s
[MiniBooNE] Starting validation...
[MiniBooNE] Elapsed validation time:0.18s
[MiniBooNE] [Epoch=153] Train Loss=[QuantLoss=0.07633]Val loss = [QuantLoss=0.05531][QuantReg:0.62475]
[MiniBooNE] Starting epoch 154...
[MiniBooNE] Elapsed training time:2.30s
[MiniBooNE] Starting validation...
[MiniBooNE] Elapsed validation time:0.15s
[MiniBooNE] [Epoch=154] Train Loss=[QuantLoss=0.07459]Val loss = [QuantLoss=0.06743][QuantReg:0.62769]
[MiniBooNE] Starting epoch 155...
[MiniBooNE] Elapsed training time:2.33s
[MiniBooNE] Starting validation...
[MiniBooNE] Elapsed validation time:0.15s
[MiniBooNE] [Epoch=155] Train Loss=[QuantLoss=0.07813]Val loss = [QuantLoss=0.06308][QuantReg:0.62535]
[MiniBooNE] Starting epoch 156...
[MiniBooNE] Elapsed training time:2.33s
[MiniBooNE] Starting validation...
[MiniBooNE] Elapsed validation time:0.15s
[MiniBooNE] [Epoch=156] Train Loss=[QuantLoss=0.07515]Val loss = [QuantLoss=0.05201][QuantReg:0.62774]
[MiniBooNE] Starting epoch 157...
[MiniBooNE] Elapsed training time:2.32s
[MiniBooNE] Starting validation...
[MiniBooNE] Elapsed validation time:0.16s
[MiniBooNE] [Epoch=157] Train Loss=[QuantLoss=0.07486]Val loss = [QuantLoss=0.05549][QuantReg:0.62610]
[MiniBooNE] Starting epoch 158...
[MiniBooNE] Elapsed training time:2.37s
[MiniBooNE] Starting validation...
[MiniBooNE] Elapsed validation time:0.24s
[MiniBooNE] [Epoch=158] Train Loss=[QuantLoss=0.07591]Val loss = [QuantLoss=0.06536][QuantReg:0.62644]
[MiniBooNE] Early stopping in epoch 158!
[MiniBooNE] Restoring best model...
MAE médio por bag: 0.0401 ± 0.0309
Resultados, incluindo predições, salvos em: resultados_miniboone/resultados_miniboone_l1_easiest_5.csv
