Dataset: miniboone
Dificuldade: metric=kl, mode=hardest, top_k=None
Rodada: 1
Salvar resultados em: resultados_miniboone
Dispositivo de treino: cpu
Baixando e preparando o dataset MiniBooNE...
Dataset MiniBooNE pronto.
Model savedmodels/miniboone_kl_hardest_run1.pkl exists. Loading weights ...
Ignoring val_split as train and val datasets where given to fit function
We have two datasets: training 155457 examples. validation 25900 examples.]
Using device cpu
[MiniBooNE] Starting epoch 0...
[MiniBooNE] Elapsed training time:2.59s
[MiniBooNE] Starting validation...
[MiniBooNE] Elapsed validation time:0.23s
[MiniBooNE] [Epoch=000] Train Loss=[QuantLoss=0.04280]Val loss = [QuantLoss=0.21629][QuantReg:0.53379][saved best model in this epoch]
[MiniBooNE] Starting epoch 1...
[MiniBooNE] Elapsed training time:2.61s
[MiniBooNE] Starting validation...
[MiniBooNE] Elapsed validation time:0.24s
[MiniBooNE] [Epoch=001] Train Loss=[QuantLoss=0.05539]Val loss = [QuantLoss=0.22778][QuantReg:0.56855]
[MiniBooNE] Starting epoch 2...
[MiniBooNE] Elapsed training time:2.56s
[MiniBooNE] Starting validation...
[MiniBooNE] Elapsed validation time:0.23s
[MiniBooNE] [Epoch=002] Train Loss=[QuantLoss=0.08131]Val loss = [QuantLoss=0.28072][QuantReg:0.60179]
[MiniBooNE] Starting epoch 3...
[MiniBooNE] Elapsed training time:2.49s
[MiniBooNE] Starting validation...
[MiniBooNE] Elapsed validation time:0.23s
[MiniBooNE] [Epoch=003] Train Loss=[QuantLoss=0.09034]Val loss = [QuantLoss=0.16421][QuantReg:0.58330][saved best model in this epoch]
[MiniBooNE] Starting epoch 4...
[MiniBooNE] Elapsed training time:2.51s
[MiniBooNE] Starting validation...
[MiniBooNE] Elapsed validation time:0.23s
[MiniBooNE] [Epoch=004] Train Loss=[QuantLoss=0.08597]Val loss = [QuantLoss=0.09085][QuantReg:0.56087][saved best model in this epoch]
[MiniBooNE] Starting epoch 5...
[MiniBooNE] Elapsed training time:2.55s
[MiniBooNE] Starting validation...
[MiniBooNE] Elapsed validation time:0.23s
[MiniBooNE] [Epoch=005] Train Loss=[QuantLoss=0.09822]Val loss = [QuantLoss=0.28090][QuantReg:0.55164]
[MiniBooNE] Starting epoch 6...
[MiniBooNE] Elapsed training time:2.57s
[MiniBooNE] Starting validation...
[MiniBooNE] Elapsed validation time:0.24s
[MiniBooNE] [Epoch=006] Train Loss=[QuantLoss=0.06640]Val loss = [QuantLoss=0.24681][QuantReg:0.55796]
[MiniBooNE] Starting epoch 7...
[MiniBooNE] Elapsed training time:2.71s
[MiniBooNE] Starting validation...
[MiniBooNE] Elapsed validation time:0.14s
[MiniBooNE] [Epoch=007] Train Loss=[QuantLoss=0.07916]Val loss = [QuantLoss=0.25561][QuantReg:0.56573]
[MiniBooNE] Starting epoch 8...
[MiniBooNE] Elapsed training time:2.54s
[MiniBooNE] Starting validation...
[MiniBooNE] Elapsed validation time:0.15s
[MiniBooNE] [Epoch=008] Train Loss=[QuantLoss=0.08033]Val loss = [QuantLoss=0.16597][QuantReg:0.55967]
[MiniBooNE] Starting epoch 9...
[MiniBooNE] Elapsed training time:2.49s
[MiniBooNE] Starting validation...
[MiniBooNE] Elapsed validation time:0.14s
[MiniBooNE] [Epoch=009] Train Loss=[QuantLoss=0.09205]Val loss = [QuantLoss=0.14930][QuantReg:0.57402]
[MiniBooNE] Starting epoch 10...
[MiniBooNE] Elapsed training time:2.62s
[MiniBooNE] Starting validation...
[MiniBooNE] Elapsed validation time:0.15s
[MiniBooNE] [Epoch=010] Train Loss=[QuantLoss=0.11015]Val loss = [QuantLoss=0.07761][QuantReg:0.58090][saved best model in this epoch]
[MiniBooNE] Starting epoch 11...
[MiniBooNE] Elapsed training time:2.83s
[MiniBooNE] Starting validation...
[MiniBooNE] Elapsed validation time:0.16s
[MiniBooNE] [Epoch=011] Train Loss=[QuantLoss=0.09405]Val loss = [QuantLoss=0.07104][QuantReg:0.57178][saved best model in this epoch]
[MiniBooNE] Starting epoch 12...
[MiniBooNE] Elapsed training time:2.77s
[MiniBooNE] Starting validation...
[MiniBooNE] Elapsed validation time:0.15s
[MiniBooNE] [Epoch=012] Train Loss=[QuantLoss=0.09467]Val loss = [QuantLoss=0.04898][QuantReg:0.56737][saved best model in this epoch]
[MiniBooNE] Starting epoch 13...
[MiniBooNE] Elapsed training time:2.74s
[MiniBooNE] Starting validation...
[MiniBooNE] Elapsed validation time:0.15s
[MiniBooNE] [Epoch=013] Train Loss=[QuantLoss=0.07170]Val loss = [QuantLoss=0.23785][QuantReg:0.55775]
[MiniBooNE] Starting epoch 14...
[MiniBooNE] Elapsed training time:2.67s
[MiniBooNE] Starting validation...
[MiniBooNE] Elapsed validation time:0.14s
[MiniBooNE] [Epoch=014] Train Loss=[QuantLoss=0.06008]Val loss = [QuantLoss=0.15958][QuantReg:0.57224]
[MiniBooNE] Starting epoch 15...
[MiniBooNE] Elapsed training time:2.77s
[MiniBooNE] Starting validation...
[MiniBooNE] Elapsed validation time:0.13s
[MiniBooNE] [Epoch=015] Train Loss=[QuantLoss=0.09019]Val loss = [QuantLoss=0.26218][QuantReg:0.57819]
[MiniBooNE] Starting epoch 16...
[MiniBooNE] Elapsed training time:2.74s
[MiniBooNE] Starting validation...
[MiniBooNE] Elapsed validation time:0.17s
[MiniBooNE] [Epoch=016] Train Loss=[QuantLoss=0.09539]Val loss = [QuantLoss=0.15238][QuantReg:0.60677]
[MiniBooNE] Starting epoch 17...
[MiniBooNE] Elapsed training time:2.88s
[MiniBooNE] Starting validation...
[MiniBooNE] Elapsed validation time:0.14s
[MiniBooNE] [Epoch=017] Train Loss=[QuantLoss=0.09895]Val loss = [QuantLoss=0.10662][QuantReg:0.62535]
[MiniBooNE] Starting epoch 18...
[MiniBooNE] Elapsed training time:2.95s
[MiniBooNE] Starting validation...
[MiniBooNE] Elapsed validation time:0.15s
[MiniBooNE] [Epoch=018] Train Loss=[QuantLoss=0.09877]Val loss = [QuantLoss=0.24516][QuantReg:0.62637]
[MiniBooNE] Starting epoch 19...
[MiniBooNE] Elapsed training time:2.74s
[MiniBooNE] Starting validation...
[MiniBooNE] Elapsed validation time:0.16s
[MiniBooNE] [Epoch=019] Train Loss=[QuantLoss=0.07937]Val loss = [QuantLoss=0.25525][QuantReg:0.63765]
[MiniBooNE] Starting epoch 20...
[MiniBooNE] Elapsed training time:2.88s
[MiniBooNE] Starting validation...
[MiniBooNE] Elapsed validation time:0.13s
[MiniBooNE] [Epoch=020] Train Loss=[QuantLoss=0.07034]Val loss = [QuantLoss=0.24452][QuantReg:0.64728]
[MiniBooNE] Starting epoch 21...
[MiniBooNE] Elapsed training time:2.86s
[MiniBooNE] Starting validation...
[MiniBooNE] Elapsed validation time:0.14s
[MiniBooNE] [Epoch=021] Train Loss=[QuantLoss=0.08410]Val loss = [QuantLoss=0.22052][QuantReg:0.64257]
[MiniBooNE] Starting epoch 22...
[MiniBooNE] Elapsed training time:3.05s
[MiniBooNE] Starting validation...
[MiniBooNE] Elapsed validation time:0.15s
[MiniBooNE] [Epoch=022] Train Loss=[QuantLoss=0.08870]Val loss = [QuantLoss=0.13560][QuantReg:0.63723]
[MiniBooNE] Starting epoch 23...
[MiniBooNE] Elapsed training time:2.91s
[MiniBooNE] Starting validation...
[MiniBooNE] Elapsed validation time:0.15s
[MiniBooNE] [Epoch=023] Train Loss=[QuantLoss=0.10175]Val loss = [QuantLoss=0.18672][QuantReg:0.64848]
[MiniBooNE] Starting epoch 24...
[MiniBooNE] Elapsed training time:2.93s
[MiniBooNE] Starting validation...
[MiniBooNE] Elapsed validation time:0.14s
[MiniBooNE] [Epoch=024] Train Loss=[QuantLoss=0.10302]Val loss = [QuantLoss=0.08899][QuantReg:0.65942]
[MiniBooNE] Starting epoch 25...
[MiniBooNE] Elapsed training time:2.87s
[MiniBooNE] Starting validation...
[MiniBooNE] Elapsed validation time:0.17s
[MiniBooNE] [Epoch=025] Train Loss=[QuantLoss=0.09827]Val loss = [QuantLoss=0.06941][QuantReg:0.65145]
[MiniBooNE] Starting epoch 26...
[MiniBooNE] Elapsed training time:3.04s
[MiniBooNE] Starting validation...
[MiniBooNE] Elapsed validation time:0.15s
[MiniBooNE] [Epoch=026] Train Loss=[QuantLoss=0.09957]Val loss = [QuantLoss=0.04941][QuantReg:0.63962]
[MiniBooNE] Starting epoch 27...
[MiniBooNE] Elapsed training time:2.89s
[MiniBooNE] Starting validation...
[MiniBooNE] Elapsed validation time:0.15s
[MiniBooNE] [Epoch=027] Train Loss=[QuantLoss=0.08207]Val loss = [QuantLoss=0.10882][QuantReg:0.64328]
[MiniBooNE] Starting epoch 28...
[MiniBooNE] Elapsed training time:3.09s
[MiniBooNE] Starting validation...
[MiniBooNE] Elapsed validation time:0.15s
[MiniBooNE] [Epoch=028] Train Loss=[QuantLoss=0.08825]Val loss = [QuantLoss=0.05857][QuantReg:0.63827]
[MiniBooNE] Starting epoch 29...
[MiniBooNE] Elapsed training time:3.12s
[MiniBooNE] Starting validation...
[MiniBooNE] Elapsed validation time:0.14s
[MiniBooNE] [Epoch=029] Train Loss=[QuantLoss=0.07879]Val loss = [QuantLoss=0.23152][QuantReg:0.63391]
[MiniBooNE] Starting epoch 30...
[MiniBooNE] Elapsed training time:3.05s
[MiniBooNE] Starting validation...
[MiniBooNE] Elapsed validation time:0.14s
[MiniBooNE] [Epoch=030] Train Loss=[QuantLoss=0.07032]Val loss = [QuantLoss=0.20758][QuantReg:0.64702]
[MiniBooNE] Starting epoch 31...
[MiniBooNE] Elapsed training time:3.10s
[MiniBooNE] Starting validation...
[MiniBooNE] Elapsed validation time:0.23s
[MiniBooNE] [Epoch=031] Train Loss=[QuantLoss=0.07953]Val loss = [QuantLoss=0.06716][QuantReg:0.65044]
[MiniBooNE] Starting epoch 32...
[MiniBooNE] Elapsed training time:3.23s
[MiniBooNE] Starting validation...
[MiniBooNE] Elapsed validation time:0.14s
[MiniBooNE] [Epoch=032] Train Loss=[QuantLoss=0.07270]Val loss = [QuantLoss=0.22590][QuantReg:0.64878]
[MiniBooNE] Starting epoch 33...
[MiniBooNE] Elapsed training time:3.18s
[MiniBooNE] Starting validation...
[MiniBooNE] Elapsed validation time:0.24s
[MiniBooNE] [Epoch=033] Train Loss=[QuantLoss=0.07433]Val loss = [QuantLoss=0.07696][QuantReg:0.64666]
[MiniBooNE] Starting epoch 34...
[MiniBooNE] Elapsed training time:3.19s
[MiniBooNE] Starting validation...
[MiniBooNE] Elapsed validation time:0.23s
[MiniBooNE] [Epoch=034] Train Loss=[QuantLoss=0.09703]Val loss = [QuantLoss=0.04628][QuantReg:0.64544][saved best model in this epoch]
[MiniBooNE] Starting epoch 35...
[MiniBooNE] Elapsed training time:3.42s
[MiniBooNE] Starting validation...
[MiniBooNE] Elapsed validation time:0.23s
[MiniBooNE] [Epoch=035] Train Loss=[QuantLoss=0.08642]Val loss = [QuantLoss=0.03168][QuantReg:0.64196][saved best model in this epoch]
[MiniBooNE] Starting epoch 36...
[MiniBooNE] Elapsed training time:3.34s
[MiniBooNE] Starting validation...
[MiniBooNE] Elapsed validation time:0.22s
[MiniBooNE] [Epoch=036] Train Loss=[QuantLoss=0.08169]Val loss = [QuantLoss=0.02511][QuantReg:0.64165][saved best model in this epoch]
[MiniBooNE] Starting epoch 37...
[MiniBooNE] Elapsed training time:3.28s
[MiniBooNE] Starting validation...
[MiniBooNE] Elapsed validation time:0.23s
[MiniBooNE] [Epoch=037] Train Loss=[QuantLoss=0.07441]Val loss = [QuantLoss=0.02639][QuantReg:0.63961]
[MiniBooNE] Starting epoch 38...
[MiniBooNE] Elapsed training time:3.37s
[MiniBooNE] Starting validation...
[MiniBooNE] Elapsed validation time:0.25s
[MiniBooNE] [Epoch=038] Train Loss=[QuantLoss=0.08181]Val loss = [QuantLoss=0.02838][QuantReg:0.64191]
[MiniBooNE] Starting epoch 39...
[MiniBooNE] Elapsed training time:3.30s
[MiniBooNE] Starting validation...
[MiniBooNE] Elapsed validation time:0.23s
[MiniBooNE] [Epoch=039] Train Loss=[QuantLoss=0.07106]Val loss = [QuantLoss=0.02602][QuantReg:0.64037]
[MiniBooNE] Starting epoch 40...
[MiniBooNE] Elapsed training time:3.35s
[MiniBooNE] Starting validation...
[MiniBooNE] Elapsed validation time:0.23s
[MiniBooNE] [Epoch=040] Train Loss=[QuantLoss=0.07869]Val loss = [QuantLoss=0.02474][QuantReg:0.64442][saved best model in this epoch]
[MiniBooNE] Starting epoch 41...
[MiniBooNE] Elapsed training time:3.18s
[MiniBooNE] Starting validation...
[MiniBooNE] Elapsed validation time:0.24s
[MiniBooNE] [Epoch=041] Train Loss=[QuantLoss=0.07492]Val loss = [QuantLoss=0.02369][QuantReg:0.63714][saved best model in this epoch]
[MiniBooNE] Starting epoch 42...
[MiniBooNE] Elapsed training time:3.32s
[MiniBooNE] Starting validation...
[MiniBooNE] Elapsed validation time:0.22s
[MiniBooNE] [Epoch=042] Train Loss=[QuantLoss=0.07901]Val loss = [QuantLoss=0.02630][QuantReg:0.64090]
[MiniBooNE] Starting epoch 43...
[MiniBooNE] Elapsed training time:3.22s
[MiniBooNE] Starting validation...
[MiniBooNE] Elapsed validation time:0.23s
[MiniBooNE] [Epoch=043] Train Loss=[QuantLoss=0.07038]Val loss = [QuantLoss=0.02611][QuantReg:0.63868]
[MiniBooNE] Starting epoch 44...
[MiniBooNE] Elapsed training time:3.27s
[MiniBooNE] Starting validation...
[MiniBooNE] Elapsed validation time:0.23s
[MiniBooNE] [Epoch=044] Train Loss=[QuantLoss=0.08170]Val loss = [QuantLoss=0.02647][QuantReg:0.64064]
[MiniBooNE] Starting epoch 45...
[MiniBooNE] Elapsed training time:3.42s
[MiniBooNE] Starting validation...
[MiniBooNE] Elapsed validation time:0.25s
[MiniBooNE] [Epoch=045] Train Loss=[QuantLoss=0.07060]Val loss = [QuantLoss=0.02587][QuantReg:0.63936]
[MiniBooNE] Starting epoch 46...
[MiniBooNE] Elapsed training time:3.39s
[MiniBooNE] Starting validation...
[MiniBooNE] Elapsed validation time:0.23s
[MiniBooNE] [Epoch=046] Train Loss=[QuantLoss=0.08022]Val loss = [QuantLoss=0.02968][QuantReg:0.63849]
[MiniBooNE] Starting epoch 47...
[MiniBooNE] Elapsed training time:3.24s
[MiniBooNE] Starting validation...
[MiniBooNE] Elapsed validation time:0.24s
[MiniBooNE] [Epoch=047] Train Loss=[QuantLoss=0.07286]Val loss = [QuantLoss=0.03095][QuantReg:0.64068]
[MiniBooNE] Starting epoch 48...
[MiniBooNE] Elapsed training time:3.38s
[MiniBooNE] Starting validation...
[MiniBooNE] Elapsed validation time:0.23s
[MiniBooNE] [Epoch=048] Train Loss=[QuantLoss=0.08462]Val loss = [QuantLoss=0.03165][QuantReg:0.64108]
[MiniBooNE] Starting epoch 49...
[MiniBooNE] Elapsed training time:3.22s
[MiniBooNE] Starting validation...
[MiniBooNE] Elapsed validation time:0.23s
[MiniBooNE] [Epoch=049] Train Loss=[QuantLoss=0.07684]Val loss = [QuantLoss=0.02760][QuantReg:0.63822]
[MiniBooNE] Starting epoch 50...
[MiniBooNE] Elapsed training time:3.25s
[MiniBooNE] Starting validation...
[MiniBooNE] Elapsed validation time:0.24s
[MiniBooNE] [Epoch=050] Train Loss=[QuantLoss=0.07986]Val loss = [QuantLoss=0.02516][QuantReg:0.64047]
[MiniBooNE] Starting epoch 51...
[MiniBooNE] Elapsed training time:3.27s
[MiniBooNE] Starting validation...
[MiniBooNE] Elapsed validation time:0.23s
[MiniBooNE] [Epoch=051] Train Loss=[QuantLoss=0.07526]Val loss = [QuantLoss=0.03039][QuantReg:0.64158]
[MiniBooNE] Starting epoch 52...
[MiniBooNE] Elapsed training time:3.47s
[MiniBooNE] Starting validation...
[MiniBooNE] Elapsed validation time:0.26s
[MiniBooNE] [Epoch=052] Train Loss=[QuantLoss=0.07438]Val loss = [QuantLoss=0.02849][QuantReg:0.63961]
[MiniBooNE] Starting epoch 53...
[MiniBooNE] Elapsed training time:3.19s
[MiniBooNE] Starting validation...
[MiniBooNE] Elapsed validation time:0.23s
[MiniBooNE] [Epoch=053] Train Loss=[QuantLoss=0.07372]Val loss = [QuantLoss=0.02490][QuantReg:0.63883]
[MiniBooNE] Starting epoch 54...
[MiniBooNE] Elapsed training time:3.30s
[MiniBooNE] Starting validation...
[MiniBooNE] Elapsed validation time:0.14s
[MiniBooNE] [Epoch=054] Train Loss=[QuantLoss=0.07745]Val loss = [QuantLoss=0.02767][QuantReg:0.63893]
[MiniBooNE] Starting epoch 55...
[MiniBooNE] Elapsed training time:3.16s
[MiniBooNE] Starting validation...
[MiniBooNE] Elapsed validation time:0.16s
[MiniBooNE] [Epoch=055] Train Loss=[QuantLoss=0.07182]Val loss = [QuantLoss=0.02387][QuantReg:0.63656]
[MiniBooNE] Starting epoch 56...
[MiniBooNE] Elapsed training time:3.38s
[MiniBooNE] Starting validation...
[MiniBooNE] Elapsed validation time:0.14s
[MiniBooNE] [Epoch=056] Train Loss=[QuantLoss=0.07733]Val loss = [QuantLoss=0.02545][QuantReg:0.63453]
[MiniBooNE] Starting epoch 57...
[MiniBooNE] Elapsed training time:3.28s
[MiniBooNE] Starting validation...
[MiniBooNE] Elapsed validation time:0.15s
[MiniBooNE] [Epoch=057] Train Loss=[QuantLoss=0.07106]Val loss = [QuantLoss=0.02833][QuantReg:0.63395]
[MiniBooNE] Starting epoch 58...
[MiniBooNE] Elapsed training time:3.01s
[MiniBooNE] Starting validation...
[MiniBooNE] Elapsed validation time:0.14s
[MiniBooNE] [Epoch=058] Train Loss=[QuantLoss=0.07551]Val loss = [QuantLoss=0.02652][QuantReg:0.63521]
[MiniBooNE] Starting epoch 59...
[MiniBooNE] Elapsed training time:3.17s
[MiniBooNE] Starting validation...
[MiniBooNE] Elapsed validation time:0.14s
[MiniBooNE] [Epoch=059] Train Loss=[QuantLoss=0.07234]Val loss = [QuantLoss=0.02559][QuantReg:0.63678]
[MiniBooNE] Starting epoch 60...
[MiniBooNE] Elapsed training time:3.21s
[MiniBooNE] Starting validation...
[MiniBooNE] Elapsed validation time:0.16s
[MiniBooNE] [Epoch=060] Train Loss=[QuantLoss=0.07584]Val loss = [QuantLoss=0.02553][QuantReg:0.63666]
[MiniBooNE] Starting epoch 61...
[MiniBooNE] Elapsed training time:3.06s
[MiniBooNE] Starting validation...
[MiniBooNE] Elapsed validation time:0.15s
[MiniBooNE] [Epoch=061] Train Loss=[QuantLoss=0.07846]Val loss = [QuantLoss=0.02481][QuantReg:0.63700]
[MiniBooNE] Starting epoch 62...
[MiniBooNE] Elapsed training time:3.12s
[MiniBooNE] Starting validation...
[MiniBooNE] Elapsed validation time:0.14s
[MiniBooNE] [Epoch=062] Train Loss=[QuantLoss=0.06968]Val loss = [QuantLoss=0.02889][QuantReg:0.63824]
[MiniBooNE] Starting epoch 63...
[MiniBooNE] Elapsed training time:3.25s
[MiniBooNE] Starting validation...
[MiniBooNE] Elapsed validation time:0.16s
[MiniBooNE] [Epoch=063] Train Loss=[QuantLoss=0.07872]Val loss = [QuantLoss=0.02745][QuantReg:0.63916]
[MiniBooNE] Starting epoch 64...
[MiniBooNE] Elapsed training time:3.36s
[MiniBooNE] Starting validation...
[MiniBooNE] Elapsed validation time:0.14s
[MiniBooNE] [Epoch=064] Train Loss=[QuantLoss=0.06761]Val loss = [QuantLoss=0.02722][QuantReg:0.63677]
[MiniBooNE] Starting epoch 65...
[MiniBooNE] Elapsed training time:3.09s
[MiniBooNE] Starting validation...
[MiniBooNE] Elapsed validation time:0.14s
[MiniBooNE] [Epoch=065] Train Loss=[QuantLoss=0.07089]Val loss = [QuantLoss=0.02808][QuantReg:0.63575]
[MiniBooNE] Starting epoch 66...
[MiniBooNE] Elapsed training time:3.25s
[MiniBooNE] Starting validation...
[MiniBooNE] Elapsed validation time:0.14s
[MiniBooNE] [Epoch=066] Train Loss=[QuantLoss=0.07322]Val loss = [QuantLoss=0.02709][QuantReg:0.63757]
[MiniBooNE] Starting epoch 67...
[MiniBooNE] Elapsed training time:3.28s
[MiniBooNE] Starting validation...
[MiniBooNE] Elapsed validation time:0.17s
[MiniBooNE] [Epoch=067] Train Loss=[QuantLoss=0.06965]Val loss = [QuantLoss=0.02786][QuantReg:0.63816]
[MiniBooNE] Starting epoch 68...
[MiniBooNE] Elapsed training time:3.73s
[MiniBooNE] Starting validation...
[MiniBooNE] Elapsed validation time:0.16s
[MiniBooNE] [Epoch=068] Train Loss=[QuantLoss=0.06988]Val loss = [QuantLoss=0.02683][QuantReg:0.63736]
[MiniBooNE] Starting epoch 69...
[MiniBooNE] Elapsed training time:3.28s
[MiniBooNE] Starting validation...
[MiniBooNE] Elapsed validation time:0.15s
[MiniBooNE] [Epoch=069] Train Loss=[QuantLoss=0.07003]Val loss = [QuantLoss=0.02800][QuantReg:0.63815]
[MiniBooNE] Starting epoch 70...
[MiniBooNE] Elapsed training time:3.08s
[MiniBooNE] Starting validation...
[MiniBooNE] Elapsed validation time:0.15s
[MiniBooNE] [Epoch=070] Train Loss=[QuantLoss=0.06839]Val loss = [QuantLoss=0.02538][QuantReg:0.63749]
[MiniBooNE] Starting epoch 71...
[MiniBooNE] Elapsed training time:3.26s
[MiniBooNE] Starting validation...
[MiniBooNE] Elapsed validation time:0.15s
[MiniBooNE] [Epoch=071] Train Loss=[QuantLoss=0.07151]Val loss = [QuantLoss=0.02633][QuantReg:0.63733]
[MiniBooNE] Starting epoch 72...
[MiniBooNE] Elapsed training time:3.23s
[MiniBooNE] Starting validation...
[MiniBooNE] Elapsed validation time:0.16s
[MiniBooNE] [Epoch=072] Train Loss=[QuantLoss=0.06802]Val loss = [QuantLoss=0.02396][QuantReg:0.63971]
[MiniBooNE] Starting epoch 73...
[MiniBooNE] Elapsed training time:3.07s
[MiniBooNE] Starting validation...
[MiniBooNE] Elapsed validation time:0.16s
[MiniBooNE] [Epoch=073] Train Loss=[QuantLoss=0.07516]Val loss = [QuantLoss=0.02585][QuantReg:0.63698]
[MiniBooNE] Starting epoch 74...
[MiniBooNE] Elapsed training time:3.50s
[MiniBooNE] Starting validation...
[MiniBooNE] Elapsed validation time:0.16s
[MiniBooNE] [Epoch=074] Train Loss=[QuantLoss=0.06991]Val loss = [QuantLoss=0.02770][QuantReg:0.63466]
[MiniBooNE] Starting epoch 75...
[MiniBooNE] Elapsed training time:3.30s
[MiniBooNE] Starting validation...
[MiniBooNE] Elapsed validation time:0.14s
[MiniBooNE] [Epoch=075] Train Loss=[QuantLoss=0.07293]Val loss = [QuantLoss=0.02835][QuantReg:0.63597]
[MiniBooNE] Starting epoch 76...
[MiniBooNE] Elapsed training time:3.19s
[MiniBooNE] Starting validation...
[MiniBooNE] Elapsed validation time:0.16s
[MiniBooNE] [Epoch=076] Train Loss=[QuantLoss=0.06965]Val loss = [QuantLoss=0.02713][QuantReg:0.63733]
[MiniBooNE] Starting epoch 77...
[MiniBooNE] Elapsed training time:3.25s
[MiniBooNE] Starting validation...
[MiniBooNE] Elapsed validation time:0.16s
[MiniBooNE] [Epoch=077] Train Loss=[QuantLoss=0.07092]Val loss = [QuantLoss=0.02266][QuantReg:0.63549][saved best model in this epoch]
[MiniBooNE] Starting epoch 78...
[MiniBooNE] Elapsed training time:2.98s
[MiniBooNE] Starting validation...
[MiniBooNE] Elapsed validation time:0.15s
[MiniBooNE] [Epoch=078] Train Loss=[QuantLoss=0.06819]Val loss = [QuantLoss=0.02310][QuantReg:0.63546]
[MiniBooNE] Starting epoch 79...
[MiniBooNE] Elapsed training time:3.28s
[MiniBooNE] Starting validation...
[MiniBooNE] Elapsed validation time:0.15s
[MiniBooNE] [Epoch=079] Train Loss=[QuantLoss=0.07153]Val loss = [QuantLoss=0.02420][QuantReg:0.63420]
[MiniBooNE] Starting epoch 80...
[MiniBooNE] Elapsed training time:3.28s
[MiniBooNE] Starting validation...
[MiniBooNE] Elapsed validation time:0.15s
[MiniBooNE] [Epoch=080] Train Loss=[QuantLoss=0.07269]Val loss = [QuantLoss=0.02762][QuantReg:0.63547]
[MiniBooNE] Starting epoch 81...
[MiniBooNE] Elapsed training time:3.35s
[MiniBooNE] Starting validation...
[MiniBooNE] Elapsed validation time:0.15s
[MiniBooNE] [Epoch=081] Train Loss=[QuantLoss=0.06906]Val loss = [QuantLoss=0.02793][QuantReg:0.63506]
[MiniBooNE] Starting epoch 82...
[MiniBooNE] Elapsed training time:3.50s
[MiniBooNE] Starting validation...
[MiniBooNE] Elapsed validation time:0.15s
[MiniBooNE] [Epoch=082] Train Loss=[QuantLoss=0.07085]Val loss = [QuantLoss=0.02592][QuantReg:0.63603]
[MiniBooNE] Starting epoch 83...
[MiniBooNE] Elapsed training time:3.05s
[MiniBooNE] Starting validation...
[MiniBooNE] Elapsed validation time:0.24s
[MiniBooNE] [Epoch=083] Train Loss=[QuantLoss=0.06653]Val loss = [QuantLoss=0.02865][QuantReg:0.63619]
[MiniBooNE] Starting epoch 84...
[MiniBooNE] Elapsed training time:3.14s
[MiniBooNE] Starting validation...
[MiniBooNE] Elapsed validation time:0.24s
[MiniBooNE] [Epoch=084] Train Loss=[QuantLoss=0.06989]Val loss = [QuantLoss=0.02466][QuantReg:0.63495]
[MiniBooNE] Starting epoch 85...
[MiniBooNE] Elapsed training time:3.19s
[MiniBooNE] Starting validation...
[MiniBooNE] Elapsed validation time:0.22s
[MiniBooNE] [Epoch=085] Train Loss=[QuantLoss=0.06743]Val loss = [QuantLoss=0.02708][QuantReg:0.63369]
[MiniBooNE] Starting epoch 86...
[MiniBooNE] Elapsed training time:3.59s
[MiniBooNE] Starting validation...
[MiniBooNE] Elapsed validation time:0.25s
[MiniBooNE] [Epoch=086] Train Loss=[QuantLoss=0.07554]Val loss = [QuantLoss=0.02581][QuantReg:0.63496]
[MiniBooNE] Starting epoch 87...
[MiniBooNE] Elapsed training time:3.17s
[MiniBooNE] Starting validation...
[MiniBooNE] Elapsed validation time:0.24s
[MiniBooNE] [Epoch=087] Train Loss=[QuantLoss=0.07166]Val loss = [QuantLoss=0.02528][QuantReg:0.63687]
[MiniBooNE] Starting epoch 88...
[MiniBooNE] Elapsed training time:3.24s
[MiniBooNE] Starting validation...
[MiniBooNE] Elapsed validation time:0.23s
[MiniBooNE] [Epoch=088] Train Loss=[QuantLoss=0.07123]Val loss = [QuantLoss=0.02424][QuantReg:0.63926]
[MiniBooNE] Starting epoch 89...
[MiniBooNE] Elapsed training time:3.19s
[MiniBooNE] Starting validation...
[MiniBooNE] Elapsed validation time:0.23s
[MiniBooNE] [Epoch=089] Train Loss=[QuantLoss=0.06809]Val loss = [QuantLoss=0.02493][QuantReg:0.63893]
[MiniBooNE] Starting epoch 90...
[MiniBooNE] Elapsed training time:3.34s
[MiniBooNE] Starting validation...
[MiniBooNE] Elapsed validation time:0.23s
[MiniBooNE] [Epoch=090] Train Loss=[QuantLoss=0.07233]Val loss = [QuantLoss=0.02567][QuantReg:0.63762]
[MiniBooNE] Starting epoch 91...
[MiniBooNE] Elapsed training time:3.31s
[MiniBooNE] Starting validation...
[MiniBooNE] Elapsed validation time:0.24s
[MiniBooNE] [Epoch=091] Train Loss=[QuantLoss=0.06561]Val loss = [QuantLoss=0.02834][QuantReg:0.63748]
[MiniBooNE] Starting epoch 92...
[MiniBooNE] Elapsed training time:3.18s
[MiniBooNE] Starting validation...
[MiniBooNE] Elapsed validation time:0.23s
[MiniBooNE] [Epoch=092] Train Loss=[QuantLoss=0.07145]Val loss = [QuantLoss=0.02630][QuantReg:0.63419]
[MiniBooNE] Starting epoch 93...
[MiniBooNE] Elapsed training time:3.66s
[MiniBooNE] Starting validation...
[MiniBooNE] Elapsed validation time:0.22s
[MiniBooNE] [Epoch=093] Train Loss=[QuantLoss=0.07025]Val loss = [QuantLoss=0.02418][QuantReg:0.63527]
[MiniBooNE] Starting epoch 94...
[MiniBooNE] Elapsed training time:3.28s
[MiniBooNE] Starting validation...
[MiniBooNE] Elapsed validation time:0.24s
[MiniBooNE] [Epoch=094] Train Loss=[QuantLoss=0.07119]Val loss = [QuantLoss=0.02369][QuantReg:0.63373]
[MiniBooNE] Starting epoch 95...
[MiniBooNE] Elapsed training time:3.22s
[MiniBooNE] Starting validation...
[MiniBooNE] Elapsed validation time:0.24s
[MiniBooNE] [Epoch=095] Train Loss=[QuantLoss=0.06891]Val loss = [QuantLoss=0.02584][QuantReg:0.63686]
[MiniBooNE] Starting epoch 96...
[MiniBooNE] Elapsed training time:3.53s
[MiniBooNE] Starting validation...
[MiniBooNE] Elapsed validation time:0.22s
[MiniBooNE] [Epoch=096] Train Loss=[QuantLoss=0.07019]Val loss = [QuantLoss=0.02459][QuantReg:0.63469]
[MiniBooNE] Starting epoch 97...
[MiniBooNE] Elapsed training time:3.12s
[MiniBooNE] Starting validation...
[MiniBooNE] Elapsed validation time:0.24s
[MiniBooNE] [Epoch=097] Train Loss=[QuantLoss=0.07033]Val loss = [QuantLoss=0.02486][QuantReg:0.63538]
[MiniBooNE] Starting epoch 98...
[MiniBooNE] Elapsed training time:3.25s
[MiniBooNE] Starting validation...
[MiniBooNE] Elapsed validation time:0.22s
[MiniBooNE] [Epoch=098] Train Loss=[QuantLoss=0.07184]Val loss = [QuantLoss=0.02551][QuantReg:0.63714]
[MiniBooNE] Starting epoch 99...
[MiniBooNE] Elapsed training time:3.47s
[MiniBooNE] Starting validation...
[MiniBooNE] Elapsed validation time:0.24s
[MiniBooNE] [Epoch=099] Train Loss=[QuantLoss=0.06719]Val loss = [QuantLoss=0.02973][QuantReg:0.63415]
[MiniBooNE] Starting epoch 100...
[MiniBooNE] Elapsed training time:3.11s
[MiniBooNE] Starting validation...
[MiniBooNE] Elapsed validation time:0.24s
[MiniBooNE] [Epoch=100] Train Loss=[QuantLoss=0.06726]Val loss = [QuantLoss=0.02738][QuantReg:0.63629]
[MiniBooNE] Starting epoch 101...
[MiniBooNE] Elapsed training time:3.10s
[MiniBooNE] Starting validation...
[MiniBooNE] Elapsed validation time:0.23s
[MiniBooNE] [Epoch=101] Train Loss=[QuantLoss=0.06577]Val loss = [QuantLoss=0.02898][QuantReg:0.63641]
[MiniBooNE] Starting epoch 102...
[MiniBooNE] Elapsed training time:3.13s
[MiniBooNE] Starting validation...
[MiniBooNE] Elapsed validation time:0.24s
[MiniBooNE] [Epoch=102] Train Loss=[QuantLoss=0.06764]Val loss = [QuantLoss=0.02595][QuantReg:0.63291]
[MiniBooNE] Starting epoch 103...
[MiniBooNE] Elapsed training time:3.57s
[MiniBooNE] Starting validation...
[MiniBooNE] Elapsed validation time:0.23s
[MiniBooNE] [Epoch=103] Train Loss=[QuantLoss=0.06832]Val loss = [QuantLoss=0.02712][QuantReg:0.63625]
[MiniBooNE] Starting epoch 104...
[MiniBooNE] Elapsed training time:3.27s
[MiniBooNE] Starting validation...
[MiniBooNE] Elapsed validation time:0.24s
[MiniBooNE] [Epoch=104] Train Loss=[QuantLoss=0.06708]Val loss = [QuantLoss=0.02538][QuantReg:0.63452]
[MiniBooNE] Starting epoch 105...
[MiniBooNE] Elapsed training time:3.26s
[MiniBooNE] Starting validation...
[MiniBooNE] Elapsed validation time:0.23s
[MiniBooNE] [Epoch=105] Train Loss=[QuantLoss=0.06823]Val loss = [QuantLoss=0.02677][QuantReg:0.63950]
[MiniBooNE] Starting epoch 106...
[MiniBooNE] Elapsed training time:3.05s
[MiniBooNE] Starting validation...
[MiniBooNE] Elapsed validation time:0.23s
[MiniBooNE] [Epoch=106] Train Loss=[QuantLoss=0.06394]Val loss = [QuantLoss=0.03007][QuantReg:0.63681]
[MiniBooNE] Starting epoch 107...
[MiniBooNE] Elapsed training time:3.28s
[MiniBooNE] Starting validation...
[MiniBooNE] Elapsed validation time:0.23s
[MiniBooNE] [Epoch=107] Train Loss=[QuantLoss=0.06949]Val loss = [QuantLoss=0.02345][QuantReg:0.63663]
[MiniBooNE] Starting epoch 108...
[MiniBooNE] Elapsed training time:3.18s
[MiniBooNE] Starting validation...
[MiniBooNE] Elapsed validation time:0.23s
[MiniBooNE] [Epoch=108] Train Loss=[QuantLoss=0.07023]Val loss = [QuantLoss=0.02467][QuantReg:0.63435]
[MiniBooNE] Starting epoch 109...
[MiniBooNE] Elapsed training time:3.17s
[MiniBooNE] Starting validation...
[MiniBooNE] Elapsed validation time:0.25s
[MiniBooNE] [Epoch=109] Train Loss=[QuantLoss=0.06786]Val loss = [QuantLoss=0.02648][QuantReg:0.63675]
[MiniBooNE] Starting epoch 110...
[MiniBooNE] Elapsed training time:3.25s
[MiniBooNE] Starting validation...
[MiniBooNE] Elapsed validation time:0.23s
[MiniBooNE] [Epoch=110] Train Loss=[QuantLoss=0.06573]Val loss = [QuantLoss=0.02799][QuantReg:0.63705]
[MiniBooNE] Starting epoch 111...
[MiniBooNE] Elapsed training time:3.16s
[MiniBooNE] Starting validation...
[MiniBooNE] Elapsed validation time:0.15s
[MiniBooNE] [Epoch=111] Train Loss=[QuantLoss=0.06809]Val loss = [QuantLoss=0.02451][QuantReg:0.63477]
[MiniBooNE] Starting epoch 112...
[MiniBooNE] Elapsed training time:3.13s
[MiniBooNE] Starting validation...
[MiniBooNE] Elapsed validation time:0.14s
[MiniBooNE] [Epoch=112] Train Loss=[QuantLoss=0.06406]Val loss = [QuantLoss=0.02932][QuantReg:0.63731]
[MiniBooNE] Starting epoch 113...
[MiniBooNE] Elapsed training time:3.15s
[MiniBooNE] Starting validation...
[MiniBooNE] Elapsed validation time:0.15s
[MiniBooNE] [Epoch=113] Train Loss=[QuantLoss=0.06685]Val loss = [QuantLoss=0.02574][QuantReg:0.63481]
[MiniBooNE] Starting epoch 114...
[MiniBooNE] Elapsed training time:3.07s
[MiniBooNE] Starting validation...
[MiniBooNE] Elapsed validation time:0.15s
[MiniBooNE] [Epoch=114] Train Loss=[QuantLoss=0.06546]Val loss = [QuantLoss=0.02631][QuantReg:0.63479]
[MiniBooNE] Starting epoch 115...
[MiniBooNE] Elapsed training time:3.31s
[MiniBooNE] Starting validation...
[MiniBooNE] Elapsed validation time:0.14s
[MiniBooNE] [Epoch=115] Train Loss=[QuantLoss=0.06570]Val loss = [QuantLoss=0.02594][QuantReg:0.63590]
[MiniBooNE] Starting epoch 116...
[MiniBooNE] Elapsed training time:3.18s
[MiniBooNE] Starting validation...
[MiniBooNE] Elapsed validation time:0.15s
[MiniBooNE] [Epoch=116] Train Loss=[QuantLoss=0.06991]Val loss = [QuantLoss=0.02557][QuantReg:0.63556]
[MiniBooNE] Starting epoch 117...
[MiniBooNE] Elapsed training time:3.17s
[MiniBooNE] Starting validation...
[MiniBooNE] Elapsed validation time:0.15s
[MiniBooNE] [Epoch=117] Train Loss=[QuantLoss=0.06758]Val loss = [QuantLoss=0.02932][QuantReg:0.63451]
[MiniBooNE] Starting epoch 118...
[MiniBooNE] Elapsed training time:3.09s
[MiniBooNE] Starting validation...
[MiniBooNE] Elapsed validation time:0.16s
[MiniBooNE] [Epoch=118] Train Loss=[QuantLoss=0.06915]Val loss = [QuantLoss=0.02293][QuantReg:0.63621]
[MiniBooNE] Starting epoch 119...
[MiniBooNE] Elapsed training time:3.09s
[MiniBooNE] Starting validation...
[MiniBooNE] Elapsed validation time:0.14s
[MiniBooNE] [Epoch=119] Train Loss=[QuantLoss=0.06827]Val loss = [QuantLoss=0.02484][QuantReg:0.63394]
[MiniBooNE] Starting epoch 120...
[MiniBooNE] Elapsed training time:2.97s
[MiniBooNE] Starting validation...
[MiniBooNE] Elapsed validation time:0.15s
[MiniBooNE] [Epoch=120] Train Loss=[QuantLoss=0.06454]Val loss = [QuantLoss=0.02490][QuantReg:0.63473]
[MiniBooNE] Starting epoch 121...
[MiniBooNE] Elapsed training time:3.06s
[MiniBooNE] Starting validation...
[MiniBooNE] Elapsed validation time:0.14s
[MiniBooNE] [Epoch=121] Train Loss=[QuantLoss=0.06857]Val loss = [QuantLoss=0.02730][QuantReg:0.63478]
[MiniBooNE] Starting epoch 122...
[MiniBooNE] Elapsed training time:2.93s
[MiniBooNE] Starting validation...
[MiniBooNE] Elapsed validation time:0.15s
[MiniBooNE] [Epoch=122] Train Loss=[QuantLoss=0.06593]Val loss = [QuantLoss=0.02698][QuantReg:0.63466]
[MiniBooNE] Starting epoch 123...
[MiniBooNE] Elapsed training time:2.99s
[MiniBooNE] Starting validation...
[MiniBooNE] Elapsed validation time:0.14s
[MiniBooNE] [Epoch=123] Train Loss=[QuantLoss=0.06793]Val loss = [QuantLoss=0.02499][QuantReg:0.63446]
[MiniBooNE] Starting epoch 124...
[MiniBooNE] Elapsed training time:2.96s
[MiniBooNE] Starting validation...
[MiniBooNE] Elapsed validation time:0.14s
[MiniBooNE] [Epoch=124] Train Loss=[QuantLoss=0.06615]Val loss = [QuantLoss=0.02550][QuantReg:0.63403]
[MiniBooNE] Starting epoch 125...
[MiniBooNE] Elapsed training time:3.00s
[MiniBooNE] Starting validation...
[MiniBooNE] Elapsed validation time:0.15s
[MiniBooNE] [Epoch=125] Train Loss=[QuantLoss=0.06456]Val loss = [QuantLoss=0.02760][QuantReg:0.63308]
[MiniBooNE] Starting epoch 126...
[MiniBooNE] Elapsed training time:3.03s
[MiniBooNE] Starting validation...
[MiniBooNE] Elapsed validation time:0.14s
[MiniBooNE] [Epoch=126] Train Loss=[QuantLoss=0.06727]Val loss = [QuantLoss=0.02617][QuantReg:0.63186]
[MiniBooNE] Starting epoch 127...
[MiniBooNE] Elapsed training time:3.24s
[MiniBooNE] Starting validation...
[MiniBooNE] Elapsed validation time:0.15s
[MiniBooNE] [Epoch=127] Train Loss=[QuantLoss=0.06534]Val loss = [QuantLoss=0.02602][QuantReg:0.63225]
[MiniBooNE] Starting epoch 128...
[MiniBooNE] Elapsed training time:3.05s
[MiniBooNE] Starting validation...
[MiniBooNE] Elapsed validation time:0.14s
[MiniBooNE] [Epoch=128] Train Loss=[QuantLoss=0.06422]Val loss = [QuantLoss=0.02803][QuantReg:0.63090]
[MiniBooNE] Starting epoch 129...
[MiniBooNE] Elapsed training time:3.10s
[MiniBooNE] Starting validation...
[MiniBooNE] Elapsed validation time:0.13s
[MiniBooNE] [Epoch=129] Train Loss=[QuantLoss=0.06639]Val loss = [QuantLoss=0.03167][QuantReg:0.63351]
[MiniBooNE] Starting epoch 130...
[MiniBooNE] Elapsed training time:3.07s
[MiniBooNE] Starting validation...
[MiniBooNE] Elapsed validation time:0.14s
[MiniBooNE] [Epoch=130] Train Loss=[QuantLoss=0.06871]Val loss = [QuantLoss=0.02785][QuantReg:0.63456]
[MiniBooNE] Starting epoch 131...
[MiniBooNE] Elapsed training time:3.22s
[MiniBooNE] Starting validation...
[MiniBooNE] Elapsed validation time:0.16s
[MiniBooNE] [Epoch=131] Train Loss=[QuantLoss=0.06439]Val loss = [QuantLoss=0.02485][QuantReg:0.63435]
[MiniBooNE] Starting epoch 132...
[MiniBooNE] Elapsed training time:3.05s
[MiniBooNE] Starting validation...
[MiniBooNE] Elapsed validation time:0.15s
[MiniBooNE] [Epoch=132] Train Loss=[QuantLoss=0.06642]Val loss = [QuantLoss=0.02692][QuantReg:0.63450]
[MiniBooNE] Starting epoch 133...
[MiniBooNE] Elapsed training time:3.20s
[MiniBooNE] Starting validation...
[MiniBooNE] Elapsed validation time:0.14s
[MiniBooNE] [Epoch=133] Train Loss=[QuantLoss=0.06289]Val loss = [QuantLoss=0.02416][QuantReg:0.63193]
[MiniBooNE] Starting epoch 134...
[MiniBooNE] Elapsed training time:3.12s
[MiniBooNE] Starting validation...
[MiniBooNE] Elapsed validation time:0.24s
[MiniBooNE] [Epoch=134] Train Loss=[QuantLoss=0.06453]Val loss = [QuantLoss=0.03087][QuantReg:0.63405]
[MiniBooNE] Starting epoch 135...
[MiniBooNE] Elapsed training time:3.22s
[MiniBooNE] Starting validation...
[MiniBooNE] Elapsed validation time:0.23s
[MiniBooNE] [Epoch=135] Train Loss=[QuantLoss=0.06227]Val loss = [QuantLoss=0.02697][QuantReg:0.63497]
[MiniBooNE] Starting epoch 136...
[MiniBooNE] Elapsed training time:3.20s
[MiniBooNE] Starting validation...
[MiniBooNE] Elapsed validation time:0.23s
[MiniBooNE] [Epoch=136] Train Loss=[QuantLoss=0.06398]Val loss = [QuantLoss=0.02775][QuantReg:0.63430]
[MiniBooNE] Starting epoch 137...
[MiniBooNE] Elapsed training time:3.12s
[MiniBooNE] Starting validation...
[MiniBooNE] Elapsed validation time:0.23s
[MiniBooNE] [Epoch=137] Train Loss=[QuantLoss=0.06730]Val loss = [QuantLoss=0.02910][QuantReg:0.63361]
[MiniBooNE] Starting epoch 138...
[MiniBooNE] Elapsed training time:3.21s
[MiniBooNE] Starting validation...
[MiniBooNE] Elapsed validation time:0.24s
[MiniBooNE] [Epoch=138] Train Loss=[QuantLoss=0.06448]Val loss = [QuantLoss=0.02821][QuantReg:0.63470]
[MiniBooNE] Starting epoch 139...
[MiniBooNE] Elapsed training time:3.27s
[MiniBooNE] Starting validation...
[MiniBooNE] Elapsed validation time:0.23s
[MiniBooNE] [Epoch=139] Train Loss=[QuantLoss=0.06419]Val loss = [QuantLoss=0.02879][QuantReg:0.63425]
[MiniBooNE] Starting epoch 140...
[MiniBooNE] Elapsed training time:3.16s
[MiniBooNE] Starting validation...
[MiniBooNE] Elapsed validation time:0.23s
[MiniBooNE] [Epoch=140] Train Loss=[QuantLoss=0.06608]Val loss = [QuantLoss=0.02601][QuantReg:0.63588]
[MiniBooNE] Starting epoch 141...
[MiniBooNE] Elapsed training time:3.11s
[MiniBooNE] Starting validation...
[MiniBooNE] Elapsed validation time:0.24s
[MiniBooNE] [Epoch=141] Train Loss=[QuantLoss=0.06406]Val loss = [QuantLoss=0.02737][QuantReg:0.63419]
[MiniBooNE] Starting epoch 142...
[MiniBooNE] Elapsed training time:3.06s
[MiniBooNE] Starting validation...
[MiniBooNE] Elapsed validation time:0.24s
[MiniBooNE] [Epoch=142] Train Loss=[QuantLoss=0.06435]Val loss = [QuantLoss=0.02710][QuantReg:0.63476]
[MiniBooNE] Starting epoch 143...
[MiniBooNE] Elapsed training time:3.14s
[MiniBooNE] Starting validation...
[MiniBooNE] Elapsed validation time:0.24s
[MiniBooNE] [Epoch=143] Train Loss=[QuantLoss=0.06443]Val loss = [QuantLoss=0.02635][QuantReg:0.63284]
[MiniBooNE] Starting epoch 144...
[MiniBooNE] Elapsed training time:3.13s
[MiniBooNE] Starting validation...
[MiniBooNE] Elapsed validation time:0.24s
[MiniBooNE] [Epoch=144] Train Loss=[QuantLoss=0.06268]Val loss = [QuantLoss=0.02703][QuantReg:0.63370]
[MiniBooNE] Starting epoch 145...
[MiniBooNE] Elapsed training time:3.08s
[MiniBooNE] Starting validation...
[MiniBooNE] Elapsed validation time:0.23s
[MiniBooNE] [Epoch=145] Train Loss=[QuantLoss=0.06496]Val loss = [QuantLoss=0.02999][QuantReg:0.63439]
[MiniBooNE] Starting epoch 146...
[MiniBooNE] Elapsed training time:3.18s
[MiniBooNE] Starting validation...
[MiniBooNE] Elapsed validation time:0.23s
[MiniBooNE] [Epoch=146] Train Loss=[QuantLoss=0.06768]Val loss = [QuantLoss=0.02426][QuantReg:0.63476]
[MiniBooNE] Starting epoch 147...
[MiniBooNE] Elapsed training time:3.18s
[MiniBooNE] Starting validation...
[MiniBooNE] Elapsed validation time:0.24s
[MiniBooNE] [Epoch=147] Train Loss=[QuantLoss=0.06623]Val loss = [QuantLoss=0.02673][QuantReg:0.63383]
[MiniBooNE] Starting epoch 148...
[MiniBooNE] Elapsed training time:3.11s
[MiniBooNE] Starting validation...
[MiniBooNE] Elapsed validation time:0.24s
[MiniBooNE] [Epoch=148] Train Loss=[QuantLoss=0.06513]Val loss = [QuantLoss=0.02696][QuantReg:0.63408]
[MiniBooNE] Starting epoch 149...
[MiniBooNE] Elapsed training time:3.08s
[MiniBooNE] Starting validation...
[MiniBooNE] Elapsed validation time:0.24s
[MiniBooNE] [Epoch=149] Train Loss=[QuantLoss=0.06410]Val loss = [QuantLoss=0.02725][QuantReg:0.63491]
[MiniBooNE] Starting epoch 150...
[MiniBooNE] Elapsed training time:3.09s
[MiniBooNE] Starting validation...
[MiniBooNE] Elapsed validation time:0.23s
[MiniBooNE] [Epoch=150] Train Loss=[QuantLoss=0.06483]Val loss = [QuantLoss=0.02662][QuantReg:0.63345]
[MiniBooNE] Starting epoch 151...
[MiniBooNE] Elapsed training time:3.23s
[MiniBooNE] Starting validation...
[MiniBooNE] Elapsed validation time:0.23s
[MiniBooNE] [Epoch=151] Train Loss=[QuantLoss=0.06401]Val loss = [QuantLoss=0.02759][QuantReg:0.63526]
[MiniBooNE] Starting epoch 152...
[MiniBooNE] Elapsed training time:3.15s
[MiniBooNE] Starting validation...
[MiniBooNE] Elapsed validation time:0.23s
[MiniBooNE] [Epoch=152] Train Loss=[QuantLoss=0.06207]Val loss = [QuantLoss=0.02933][QuantReg:0.63438]
[MiniBooNE] Starting epoch 153...
[MiniBooNE] Elapsed training time:3.05s
[MiniBooNE] Starting validation...
[MiniBooNE] Elapsed validation time:0.23s
[MiniBooNE] [Epoch=153] Train Loss=[QuantLoss=0.06533]Val loss = [QuantLoss=0.02786][QuantReg:0.63508]
[MiniBooNE] Starting epoch 154...
[MiniBooNE] Elapsed training time:3.17s
[MiniBooNE] Starting validation...
[MiniBooNE] Elapsed validation time:0.24s
[MiniBooNE] [Epoch=154] Train Loss=[QuantLoss=0.06282]Val loss = [QuantLoss=0.02923][QuantReg:0.63650]
[MiniBooNE] Starting epoch 155...
[MiniBooNE] Elapsed training time:3.09s
[MiniBooNE] Starting validation...
[MiniBooNE] Elapsed validation time:0.23s
[MiniBooNE] [Epoch=155] Train Loss=[QuantLoss=0.06805]Val loss = [QuantLoss=0.02844][QuantReg:0.63349]
[MiniBooNE] Starting epoch 156...
[MiniBooNE] Elapsed training time:3.00s
[MiniBooNE] Starting validation...
[MiniBooNE] Elapsed validation time:0.22s
[MiniBooNE] [Epoch=156] Train Loss=[QuantLoss=0.06435]Val loss = [QuantLoss=0.02677][QuantReg:0.63455]
[MiniBooNE] Starting epoch 157...
[MiniBooNE] Elapsed training time:3.29s
[MiniBooNE] Starting validation...
[MiniBooNE] Elapsed validation time:0.23s
[MiniBooNE] [Epoch=157] Train Loss=[QuantLoss=0.06332]Val loss = [QuantLoss=0.02615][QuantReg:0.63320]
[MiniBooNE] Starting epoch 158...
[MiniBooNE] Elapsed training time:3.06s
[MiniBooNE] Starting validation...
[MiniBooNE] Elapsed validation time:0.23s
[MiniBooNE] [Epoch=158] Train Loss=[QuantLoss=0.06594]Val loss = [QuantLoss=0.02545][QuantReg:0.63277]
[MiniBooNE] Starting epoch 159...
[MiniBooNE] Elapsed training time:3.07s
[MiniBooNE] Starting validation...
[MiniBooNE] Elapsed validation time:0.24s
[MiniBooNE] [Epoch=159] Train Loss=[QuantLoss=0.06572]Val loss = [QuantLoss=0.02549][QuantReg:0.63417]
[MiniBooNE] Starting epoch 160...
[MiniBooNE] Elapsed training time:3.34s
[MiniBooNE] Starting validation...
[MiniBooNE] Elapsed validation time:0.23s
[MiniBooNE] [Epoch=160] Train Loss=[QuantLoss=0.06647]Val loss = [QuantLoss=0.02851][QuantReg:0.63495]
[MiniBooNE] Starting epoch 161...
[MiniBooNE] Elapsed training time:3.07s
[MiniBooNE] Starting validation...
[MiniBooNE] Elapsed validation time:0.24s
[MiniBooNE] [Epoch=161] Train Loss=[QuantLoss=0.06324]Val loss = [QuantLoss=0.02630][QuantReg:0.63275]
[MiniBooNE] Early stopping in epoch 161!
[MiniBooNE] Restoring best model...
MAE médio por bag: 0.0312 ± 0.0270
Resultados, incluindo predições, salvos em: resultados_miniboone/resultados_miniboone_kl_hardest_1.csv
