Dataset: miniboone
Dificuldade: metric=None, mode=None, top_k=None
Rodada: 5
Salvar resultados em: resultados_miniboone
Dispositivo de treino: cpu
Baixando e preparando o dataset MiniBooNE...
Dataset MiniBooNE pronto.
Ignoring val_split as train and val datasets where given to fit function
We have two datasets: training 155457 examples. validation 25900 examples.]
Using device cpu
[MiniBooNE] Starting epoch 0...
[MiniBooNE] Elapsed training time:2.29s
[MiniBooNE] Starting validation...
[MiniBooNE] Elapsed validation time:0.24s
[MiniBooNE] [Epoch=000] Train Loss=[QuantLoss=0.06766]Val loss = [QuantLoss=0.02896][QuantReg:0.43589][saved best model in this epoch]
[MiniBooNE] Starting epoch 1...
[MiniBooNE] Elapsed training time:2.32s
[MiniBooNE] Starting validation...
[MiniBooNE] Elapsed validation time:0.22s
[MiniBooNE] [Epoch=001] Train Loss=[QuantLoss=0.04900]Val loss = [QuantLoss=0.03497][QuantReg:0.44204]
[MiniBooNE] Starting epoch 2...
[MiniBooNE] Elapsed training time:2.33s
[MiniBooNE] Starting validation...
[MiniBooNE] Elapsed validation time:0.23s
[MiniBooNE] [Epoch=002] Train Loss=[QuantLoss=0.04618]Val loss = [QuantLoss=0.04179][QuantReg:0.44419]
[MiniBooNE] Starting epoch 3...
[MiniBooNE] Elapsed training time:2.40s
[MiniBooNE] Starting validation...
[MiniBooNE] Elapsed validation time:0.23s
[MiniBooNE] [Epoch=003] Train Loss=[QuantLoss=0.04953]Val loss = [QuantLoss=0.03835][QuantReg:0.44617]
[MiniBooNE] Starting epoch 4...
[MiniBooNE] Elapsed training time:2.35s
[MiniBooNE] Starting validation...
[MiniBooNE] Elapsed validation time:0.24s
[MiniBooNE] [Epoch=004] Train Loss=[QuantLoss=0.04753]Val loss = [QuantLoss=0.03564][QuantReg:0.47280]
[MiniBooNE] Starting epoch 5...
[MiniBooNE] Elapsed training time:2.50s
[MiniBooNE] Starting validation...
[MiniBooNE] Elapsed validation time:0.16s
[MiniBooNE] [Epoch=005] Train Loss=[QuantLoss=0.04830]Val loss = [QuantLoss=0.03615][QuantReg:0.49539]
[MiniBooNE] Starting epoch 6...
[MiniBooNE] Elapsed training time:2.31s
[MiniBooNE] Starting validation...
[MiniBooNE] Elapsed validation time:0.15s
[MiniBooNE] [Epoch=006] Train Loss=[QuantLoss=0.04586]Val loss = [QuantLoss=0.03330][QuantReg:0.50057]
[MiniBooNE] Starting epoch 7...
[MiniBooNE] Elapsed training time:2.35s
[MiniBooNE] Starting validation...
[MiniBooNE] Elapsed validation time:0.15s
[MiniBooNE] [Epoch=007] Train Loss=[QuantLoss=0.04209]Val loss = [QuantLoss=0.03148][QuantReg:0.47728]
[MiniBooNE] Starting epoch 8...
[MiniBooNE] Elapsed training time:2.21s
[MiniBooNE] Starting validation...
[MiniBooNE] Elapsed validation time:0.16s
[MiniBooNE] [Epoch=008] Train Loss=[QuantLoss=0.04395]Val loss = [QuantLoss=0.03396][QuantReg:0.48794]
[MiniBooNE] Starting epoch 9...
[MiniBooNE] Elapsed training time:2.28s
[MiniBooNE] Starting validation...
[MiniBooNE] Elapsed validation time:0.17s
[MiniBooNE] [Epoch=009] Train Loss=[QuantLoss=0.04399]Val loss = [QuantLoss=0.02701][QuantReg:0.48844][saved best model in this epoch]
[MiniBooNE] Starting epoch 10...
[MiniBooNE] Elapsed training time:2.28s
[MiniBooNE] Starting validation...
[MiniBooNE] Elapsed validation time:0.15s
[MiniBooNE] [Epoch=010] Train Loss=[QuantLoss=0.04287]Val loss = [QuantLoss=0.03017][QuantReg:0.49133]
[MiniBooNE] Starting epoch 11...
[MiniBooNE] Elapsed training time:2.31s
[MiniBooNE] Starting validation...
[MiniBooNE] Elapsed validation time:0.15s
[MiniBooNE] [Epoch=011] Train Loss=[QuantLoss=0.04360]Val loss = [QuantLoss=0.02814][QuantReg:0.47619]
[MiniBooNE] Starting epoch 12...
[MiniBooNE] Elapsed training time:2.25s
[MiniBooNE] Starting validation...
[MiniBooNE] Elapsed validation time:0.14s
[MiniBooNE] [Epoch=012] Train Loss=[QuantLoss=0.04015]Val loss = [QuantLoss=0.02641][QuantReg:0.47370][saved best model in this epoch]
[MiniBooNE] Starting epoch 13...
[MiniBooNE] Elapsed training time:2.35s
[MiniBooNE] Starting validation...
[MiniBooNE] Elapsed validation time:0.15s
[MiniBooNE] [Epoch=013] Train Loss=[QuantLoss=0.03907]Val loss = [QuantLoss=0.03414][QuantReg:0.48729]
[MiniBooNE] Starting epoch 14...
[MiniBooNE] Elapsed training time:2.28s
[MiniBooNE] Starting validation...
[MiniBooNE] Elapsed validation time:0.13s
[MiniBooNE] [Epoch=014] Train Loss=[QuantLoss=0.04138]Val loss = [QuantLoss=0.03097][QuantReg:0.50787]
[MiniBooNE] Starting epoch 15...
[MiniBooNE] Elapsed training time:2.27s
[MiniBooNE] Starting validation...
[MiniBooNE] Elapsed validation time:0.14s
[MiniBooNE] [Epoch=015] Train Loss=[QuantLoss=0.03884]Val loss = [QuantLoss=0.03149][QuantReg:0.52523]
[MiniBooNE] Starting epoch 16...
[MiniBooNE] Elapsed training time:2.28s
[MiniBooNE] Starting validation...
[MiniBooNE] Elapsed validation time:0.14s
[MiniBooNE] [Epoch=016] Train Loss=[QuantLoss=0.04194]Val loss = [QuantLoss=0.05552][QuantReg:0.51168]
[MiniBooNE] Starting epoch 17...
[MiniBooNE] Elapsed training time:2.31s
[MiniBooNE] Starting validation...
[MiniBooNE] Elapsed validation time:0.16s
[MiniBooNE] [Epoch=017] Train Loss=[QuantLoss=0.04503]Val loss = [QuantLoss=0.02995][QuantReg:0.50473]
[MiniBooNE] Starting epoch 18...
[MiniBooNE] Elapsed training time:2.25s
[MiniBooNE] Starting validation...
[MiniBooNE] Elapsed validation time:0.14s
[MiniBooNE] [Epoch=018] Train Loss=[QuantLoss=0.03842]Val loss = [QuantLoss=0.02949][QuantReg:0.50584]
[MiniBooNE] Starting epoch 19...
[MiniBooNE] Elapsed training time:2.33s
[MiniBooNE] Starting validation...
[MiniBooNE] Elapsed validation time:0.15s
[MiniBooNE] [Epoch=019] Train Loss=[QuantLoss=0.03773]Val loss = [QuantLoss=0.03077][QuantReg:0.51164]
[MiniBooNE] Starting epoch 20...
[MiniBooNE] Elapsed training time:2.32s
[MiniBooNE] Starting validation...
[MiniBooNE] Elapsed validation time:0.15s
[MiniBooNE] [Epoch=020] Train Loss=[QuantLoss=0.03919]Val loss = [QuantLoss=0.02703][QuantReg:0.52472]
[MiniBooNE] Starting epoch 21...
[MiniBooNE] Elapsed training time:2.28s
[MiniBooNE] Starting validation...
[MiniBooNE] Elapsed validation time:0.16s
[MiniBooNE] [Epoch=021] Train Loss=[QuantLoss=0.04030]Val loss = [QuantLoss=0.03200][QuantReg:0.50919]
[MiniBooNE] Starting epoch 22...
[MiniBooNE] Elapsed training time:2.24s
[MiniBooNE] Starting validation...
[MiniBooNE] Elapsed validation time:0.14s
[MiniBooNE] [Epoch=022] Train Loss=[QuantLoss=0.03749]Val loss = [QuantLoss=0.02715][QuantReg:0.50633]
[MiniBooNE] Starting epoch 23...
[MiniBooNE] Elapsed training time:2.25s
[MiniBooNE] Starting validation...
[MiniBooNE] Elapsed validation time:0.17s
[MiniBooNE] [Epoch=023] Train Loss=[QuantLoss=0.03853]Val loss = [QuantLoss=0.02866][QuantReg:0.50383]
[MiniBooNE] Starting epoch 24...
[MiniBooNE] Elapsed training time:2.34s
[MiniBooNE] Starting validation...
[MiniBooNE] Elapsed validation time:0.15s
[MiniBooNE] [Epoch=024] Train Loss=[QuantLoss=0.03957]Val loss = [QuantLoss=0.02936][QuantReg:0.49778]
[MiniBooNE] Starting epoch 25...
[MiniBooNE] Elapsed training time:2.29s
[MiniBooNE] Starting validation...
[MiniBooNE] Elapsed validation time:0.14s
[MiniBooNE] [Epoch=025] Train Loss=[QuantLoss=0.04092]Val loss = [QuantLoss=0.02807][QuantReg:0.48927]
[MiniBooNE] Starting epoch 26...
[MiniBooNE] Elapsed training time:2.24s
[MiniBooNE] Starting validation...
[MiniBooNE] Elapsed validation time:0.15s
[MiniBooNE] [Epoch=026] Train Loss=[QuantLoss=0.03781]Val loss = [QuantLoss=0.02527][QuantReg:0.50803][saved best model in this epoch]
[MiniBooNE] Starting epoch 27...
[MiniBooNE] Elapsed training time:2.29s
[MiniBooNE] Starting validation...
[MiniBooNE] Elapsed validation time:0.15s
[MiniBooNE] [Epoch=027] Train Loss=[QuantLoss=0.04334]Val loss = [QuantLoss=0.02761][QuantReg:0.51440]
[MiniBooNE] Starting epoch 28...
[MiniBooNE] Elapsed training time:2.23s
[MiniBooNE] Starting validation...
[MiniBooNE] Elapsed validation time:0.15s
[MiniBooNE] [Epoch=028] Train Loss=[QuantLoss=0.03991]Val loss = [QuantLoss=0.02650][QuantReg:0.52527]
[MiniBooNE] Starting epoch 29...
[MiniBooNE] Elapsed training time:2.31s
[MiniBooNE] Starting validation...
[MiniBooNE] Elapsed validation time:0.23s
[MiniBooNE] [Epoch=029] Train Loss=[QuantLoss=0.03724]Val loss = [QuantLoss=0.03177][QuantReg:0.51070]
[MiniBooNE] Starting epoch 30...
[MiniBooNE] Elapsed training time:2.32s
[MiniBooNE] Starting validation...
[MiniBooNE] Elapsed validation time:0.25s
[MiniBooNE] [Epoch=030] Train Loss=[QuantLoss=0.03690]Val loss = [QuantLoss=0.02897][QuantReg:0.49080]
[MiniBooNE] Starting epoch 31...
[MiniBooNE] Elapsed training time:2.33s
[MiniBooNE] Starting validation...
[MiniBooNE] Elapsed validation time:0.23s
[MiniBooNE] [Epoch=031] Train Loss=[QuantLoss=0.04043]Val loss = [QuantLoss=0.02923][QuantReg:0.50391]
[MiniBooNE] Starting epoch 32...
[MiniBooNE] Elapsed training time:2.33s
[MiniBooNE] Starting validation...
[MiniBooNE] Elapsed validation time:0.25s
[MiniBooNE] [Epoch=032] Train Loss=[QuantLoss=0.03634]Val loss = [QuantLoss=0.02745][QuantReg:0.50973]
[MiniBooNE] Starting epoch 33...
[MiniBooNE] Elapsed training time:2.33s
[MiniBooNE] Starting validation...
[MiniBooNE] Elapsed validation time:0.23s
[MiniBooNE] [Epoch=033] Train Loss=[QuantLoss=0.03865]Val loss = [QuantLoss=0.02635][QuantReg:0.52593]
[MiniBooNE] Starting epoch 34...
[MiniBooNE] Elapsed training time:2.33s
[MiniBooNE] Starting validation...
[MiniBooNE] Elapsed validation time:0.23s
[MiniBooNE] [Epoch=034] Train Loss=[QuantLoss=0.03801]Val loss = [QuantLoss=0.03064][QuantReg:0.54229]
[MiniBooNE] Starting epoch 35...
[MiniBooNE] Elapsed training time:2.31s
[MiniBooNE] Starting validation...
[MiniBooNE] Elapsed validation time:0.24s
[MiniBooNE] [Epoch=035] Train Loss=[QuantLoss=0.04259]Val loss = [QuantLoss=0.02949][QuantReg:0.54792]
[MiniBooNE] Starting epoch 36...
[MiniBooNE] Elapsed training time:2.34s
[MiniBooNE] Starting validation...
[MiniBooNE] Elapsed validation time:0.22s
[MiniBooNE] [Epoch=036] Train Loss=[QuantLoss=0.04000]Val loss = [QuantLoss=0.02416][QuantReg:0.53469][saved best model in this epoch]
[MiniBooNE] Starting epoch 37...
[MiniBooNE] Elapsed training time:2.33s
[MiniBooNE] Starting validation...
[MiniBooNE] Elapsed validation time:0.24s
[MiniBooNE] [Epoch=037] Train Loss=[QuantLoss=0.03999]Val loss = [QuantLoss=0.02636][QuantReg:0.52086]
[MiniBooNE] Starting epoch 38...
[MiniBooNE] Elapsed training time:2.40s
[MiniBooNE] Starting validation...
[MiniBooNE] Elapsed validation time:0.22s
[MiniBooNE] [Epoch=038] Train Loss=[QuantLoss=0.04000]Val loss = [QuantLoss=0.02767][QuantReg:0.51945]
[MiniBooNE] Starting epoch 39...
[MiniBooNE] Elapsed training time:2.30s
[MiniBooNE] Starting validation...
[MiniBooNE] Elapsed validation time:0.22s
[MiniBooNE] [Epoch=039] Train Loss=[QuantLoss=0.03821]Val loss = [QuantLoss=0.02668][QuantReg:0.53826]
[MiniBooNE] Starting epoch 40...
[MiniBooNE] Elapsed training time:2.39s
[MiniBooNE] Starting validation...
[MiniBooNE] Elapsed validation time:0.23s
[MiniBooNE] [Epoch=040] Train Loss=[QuantLoss=0.04104]Val loss = [QuantLoss=0.02565][QuantReg:0.54070]
[MiniBooNE] Starting epoch 41...
[MiniBooNE] Elapsed training time:2.34s
[MiniBooNE] Starting validation...
[MiniBooNE] Elapsed validation time:0.24s
[MiniBooNE] [Epoch=041] Train Loss=[QuantLoss=0.03948]Val loss = [QuantLoss=0.02666][QuantReg:0.51460]
[MiniBooNE] Starting epoch 42...
[MiniBooNE] Elapsed training time:2.31s
[MiniBooNE] Starting validation...
[MiniBooNE] Elapsed validation time:0.23s
[MiniBooNE] [Epoch=042] Train Loss=[QuantLoss=0.04031]Val loss = [QuantLoss=0.02938][QuantReg:0.51518]
[MiniBooNE] Starting epoch 43...
[MiniBooNE] Elapsed training time:2.38s
[MiniBooNE] Starting validation...
[MiniBooNE] Elapsed validation time:0.23s
[MiniBooNE] [Epoch=043] Train Loss=[QuantLoss=0.03799]Val loss = [QuantLoss=0.02650][QuantReg:0.51359]
[MiniBooNE] Starting epoch 44...
[MiniBooNE] Elapsed training time:2.38s
[MiniBooNE] Starting validation...
[MiniBooNE] Elapsed validation time:0.23s
[MiniBooNE] [Epoch=044] Train Loss=[QuantLoss=0.03683]Val loss = [QuantLoss=0.03153][QuantReg:0.50991]
[MiniBooNE] Starting epoch 45...
[MiniBooNE] Elapsed training time:2.39s
[MiniBooNE] Starting validation...
[MiniBooNE] Elapsed validation time:0.23s
[MiniBooNE] [Epoch=045] Train Loss=[QuantLoss=0.03746]Val loss = [QuantLoss=0.03038][QuantReg:0.51046]
[MiniBooNE] Starting epoch 46...
[MiniBooNE] Elapsed training time:2.33s
[MiniBooNE] Starting validation...
[MiniBooNE] Elapsed validation time:0.24s
[MiniBooNE] [Epoch=046] Train Loss=[QuantLoss=0.04034]Val loss = [QuantLoss=0.02355][QuantReg:0.50751][saved best model in this epoch]
[MiniBooNE] Starting epoch 47...
[MiniBooNE] Elapsed training time:2.38s
[MiniBooNE] Starting validation...
[MiniBooNE] Elapsed validation time:0.24s
[MiniBooNE] [Epoch=047] Train Loss=[QuantLoss=0.03835]Val loss = [QuantLoss=0.02716][QuantReg:0.51336]
[MiniBooNE] Starting epoch 48...
[MiniBooNE] Elapsed training time:2.39s
[MiniBooNE] Starting validation...
[MiniBooNE] Elapsed validation time:0.23s
[MiniBooNE] [Epoch=048] Train Loss=[QuantLoss=0.03905]Val loss = [QuantLoss=0.02554][QuantReg:0.50587]
[MiniBooNE] Starting epoch 49...
[MiniBooNE] Elapsed training time:2.36s
[MiniBooNE] Starting validation...
[MiniBooNE] Elapsed validation time:0.22s
[MiniBooNE] [Epoch=049] Train Loss=[QuantLoss=0.03756]Val loss = [QuantLoss=0.02920][QuantReg:0.49664]
[MiniBooNE] Starting epoch 50...
[MiniBooNE] Elapsed training time:2.34s
[MiniBooNE] Starting validation...
[MiniBooNE] Elapsed validation time:0.23s
[MiniBooNE] [Epoch=050] Train Loss=[QuantLoss=0.03652]Val loss = [QuantLoss=0.02850][QuantReg:0.50027]
[MiniBooNE] Starting epoch 51...
[MiniBooNE] Elapsed training time:2.35s
[MiniBooNE] Starting validation...
[MiniBooNE] Elapsed validation time:0.24s
[MiniBooNE] [Epoch=051] Train Loss=[QuantLoss=0.03800]Val loss = [QuantLoss=0.02675][QuantReg:0.51555]
[MiniBooNE] Starting epoch 52...
[MiniBooNE] Elapsed training time:2.35s
[MiniBooNE] Starting validation...
[MiniBooNE] Elapsed validation time:0.22s
[MiniBooNE] [Epoch=052] Train Loss=[QuantLoss=0.04099]Val loss = [QuantLoss=0.03050][QuantReg:0.52551]
[MiniBooNE] Starting epoch 53...
[MiniBooNE] Elapsed training time:2.36s
[MiniBooNE] Starting validation...
[MiniBooNE] Elapsed validation time:0.23s
[MiniBooNE] [Epoch=053] Train Loss=[QuantLoss=0.03789]Val loss = [QuantLoss=0.02859][QuantReg:0.51144]
[MiniBooNE] Starting epoch 54...
[MiniBooNE] Elapsed training time:2.33s
[MiniBooNE] Starting validation...
[MiniBooNE] Elapsed validation time:0.23s
[MiniBooNE] [Epoch=054] Train Loss=[QuantLoss=0.03972]Val loss = [QuantLoss=0.02571][QuantReg:0.51731]
[MiniBooNE] Starting epoch 55...
[MiniBooNE] Elapsed training time:2.34s
[MiniBooNE] Starting validation...
[MiniBooNE] Elapsed validation time:0.24s
[MiniBooNE] [Epoch=055] Train Loss=[QuantLoss=0.03723]Val loss = [QuantLoss=0.02619][QuantReg:0.52474]
[MiniBooNE] Starting epoch 56...
[MiniBooNE] Elapsed training time:2.37s
[MiniBooNE] Starting validation...
[MiniBooNE] Elapsed validation time:0.14s
[MiniBooNE] [Epoch=056] Train Loss=[QuantLoss=0.03756]Val loss = [QuantLoss=0.02515][QuantReg:0.51167]
[MiniBooNE] Starting epoch 57...
[MiniBooNE] Elapsed training time:2.26s
[MiniBooNE] Starting validation...
[MiniBooNE] Elapsed validation time:0.15s
[MiniBooNE] [Epoch=057] Train Loss=[QuantLoss=0.03856]Val loss = [QuantLoss=0.02708][QuantReg:0.50683]
[MiniBooNE] Starting epoch 58...
[MiniBooNE] Elapsed training time:2.27s
[MiniBooNE] Starting validation...
[MiniBooNE] Elapsed validation time:0.14s
[MiniBooNE] [Epoch=058] Train Loss=[QuantLoss=0.03948]Val loss = [QuantLoss=0.03196][QuantReg:0.49761]
[MiniBooNE] Starting epoch 59...
[MiniBooNE] Elapsed training time:2.26s
[MiniBooNE] Starting validation...
[MiniBooNE] Elapsed validation time:0.14s
[MiniBooNE] [Epoch=059] Train Loss=[QuantLoss=0.04251]Val loss = [QuantLoss=0.02793][QuantReg:0.50269]
[MiniBooNE] Starting epoch 60...
[MiniBooNE] Elapsed training time:2.29s
[MiniBooNE] Starting validation...
[MiniBooNE] Elapsed validation time:0.14s
[MiniBooNE] [Epoch=060] Train Loss=[QuantLoss=0.03801]Val loss = [QuantLoss=0.02636][QuantReg:0.49449]
[MiniBooNE] Starting epoch 61...
[MiniBooNE] Elapsed training time:2.24s
[MiniBooNE] Starting validation...
[MiniBooNE] Elapsed validation time:0.14s
[MiniBooNE] [Epoch=061] Train Loss=[QuantLoss=0.04022]Val loss = [QuantLoss=0.03513][QuantReg:0.50502]
[MiniBooNE] Starting epoch 62...
[MiniBooNE] Elapsed training time:2.29s
[MiniBooNE] Starting validation...
[MiniBooNE] Elapsed validation time:0.15s
[MiniBooNE] [Epoch=062] Train Loss=[QuantLoss=0.04130]Val loss = [QuantLoss=0.02616][QuantReg:0.51396]
[MiniBooNE] Starting epoch 63...
[MiniBooNE] Elapsed training time:2.27s
[MiniBooNE] Starting validation...
[MiniBooNE] Elapsed validation time:0.14s
[MiniBooNE] [Epoch=063] Train Loss=[QuantLoss=0.03951]Val loss = [QuantLoss=0.02638][QuantReg:0.50724]
[MiniBooNE] Starting epoch 64...
[MiniBooNE] Elapsed training time:2.28s
[MiniBooNE] Starting validation...
[MiniBooNE] Elapsed validation time:0.16s
[MiniBooNE] [Epoch=064] Train Loss=[QuantLoss=0.03990]Val loss = [QuantLoss=0.02780][QuantReg:0.48878]
[MiniBooNE] Starting epoch 65...
[MiniBooNE] Elapsed training time:2.32s
[MiniBooNE] Starting validation...
[MiniBooNE] Elapsed validation time:0.14s
[MiniBooNE] [Epoch=065] Train Loss=[QuantLoss=0.04014]Val loss = [QuantLoss=0.02722][QuantReg:0.47631]
[MiniBooNE] Starting epoch 66...
[MiniBooNE] Elapsed training time:2.29s
[MiniBooNE] Starting validation...
[MiniBooNE] Elapsed validation time:0.15s
[MiniBooNE] [Epoch=066] Train Loss=[QuantLoss=0.03522]Val loss = [QuantLoss=0.02708][QuantReg:0.47932]
[MiniBooNE] Starting epoch 67...
[MiniBooNE] Elapsed training time:2.30s
[MiniBooNE] Starting validation...
[MiniBooNE] Elapsed validation time:0.14s
[MiniBooNE] [Epoch=067] Train Loss=[QuantLoss=0.04167]Val loss = [QuantLoss=0.02672][QuantReg:0.46920]
[MiniBooNE] Starting epoch 68...
[MiniBooNE] Elapsed training time:2.30s
[MiniBooNE] Starting validation...
[MiniBooNE] Elapsed validation time:0.15s
[MiniBooNE] [Epoch=068] Train Loss=[QuantLoss=0.03601]Val loss = [QuantLoss=0.02752][QuantReg:0.48097]
[MiniBooNE] Starting epoch 69...
[MiniBooNE] Elapsed training time:2.30s
[MiniBooNE] Starting validation...
[MiniBooNE] Elapsed validation time:0.15s
[MiniBooNE] [Epoch=069] Train Loss=[QuantLoss=0.03506]Val loss = [QuantLoss=0.03001][QuantReg:0.47711]
[MiniBooNE] Starting epoch 70...
[MiniBooNE] Elapsed training time:2.32s
[MiniBooNE] Starting validation...
[MiniBooNE] Elapsed validation time:0.15s
[MiniBooNE] [Epoch=070] Train Loss=[QuantLoss=0.03679]Val loss = [QuantLoss=0.02700][QuantReg:0.47210]
[MiniBooNE] Starting epoch 71...
[MiniBooNE] Elapsed training time:2.24s
[MiniBooNE] Starting validation...
[MiniBooNE] Elapsed validation time:0.16s
[MiniBooNE] [Epoch=071] Train Loss=[QuantLoss=0.03507]Val loss = [QuantLoss=0.02870][QuantReg:0.48048]
[MiniBooNE] Starting epoch 72...
[MiniBooNE] Elapsed training time:2.25s
[MiniBooNE] Starting validation...
[MiniBooNE] Elapsed validation time:0.15s
[MiniBooNE] [Epoch=072] Train Loss=[QuantLoss=0.03400]Val loss = [QuantLoss=0.02505][QuantReg:0.48679]
[MiniBooNE] Starting epoch 73...
[MiniBooNE] Elapsed training time:2.36s
[MiniBooNE] Starting validation...
[MiniBooNE] Elapsed validation time:0.15s
[MiniBooNE] [Epoch=073] Train Loss=[QuantLoss=0.03600]Val loss = [QuantLoss=0.02745][QuantReg:0.49196]
[MiniBooNE] Starting epoch 74...
[MiniBooNE] Elapsed training time:2.21s
[MiniBooNE] Starting validation...
[MiniBooNE] Elapsed validation time:0.14s
[MiniBooNE] [Epoch=074] Train Loss=[QuantLoss=0.03830]Val loss = [QuantLoss=0.02737][QuantReg:0.48581]
[MiniBooNE] Starting epoch 75...
[MiniBooNE] Elapsed training time:2.23s
[MiniBooNE] Starting validation...
[MiniBooNE] Elapsed validation time:0.14s
[MiniBooNE] [Epoch=075] Train Loss=[QuantLoss=0.03650]Val loss = [QuantLoss=0.02969][QuantReg:0.49905]
[MiniBooNE] Starting epoch 76...
[MiniBooNE] Elapsed training time:2.25s
[MiniBooNE] Starting validation...
[MiniBooNE] Elapsed validation time:0.15s
[MiniBooNE] [Epoch=076] Train Loss=[QuantLoss=0.03517]Val loss = [QuantLoss=0.02925][QuantReg:0.49483]
[MiniBooNE] Starting epoch 77...
[MiniBooNE] Elapsed training time:2.25s
[MiniBooNE] Starting validation...
[MiniBooNE] Elapsed validation time:0.14s
[MiniBooNE] [Epoch=077] Train Loss=[QuantLoss=0.03567]Val loss = [QuantLoss=0.02676][QuantReg:0.49596]
[MiniBooNE] Starting epoch 78...
[MiniBooNE] Elapsed training time:2.31s
[MiniBooNE] Starting validation...
[MiniBooNE] Elapsed validation time:0.14s
[MiniBooNE] [Epoch=078] Train Loss=[QuantLoss=0.03498]Val loss = [QuantLoss=0.02480][QuantReg:0.47757]
[MiniBooNE] Starting epoch 79...
[MiniBooNE] Elapsed training time:2.32s
[MiniBooNE] Starting validation...
[MiniBooNE] Elapsed validation time:0.15s
[MiniBooNE] [Epoch=079] Train Loss=[QuantLoss=0.03337]Val loss = [QuantLoss=0.02546][QuantReg:0.47887]
[MiniBooNE] Starting epoch 80...
[MiniBooNE] Elapsed training time:2.22s
[MiniBooNE] Starting validation...
[MiniBooNE] Elapsed validation time:0.23s
[MiniBooNE] [Epoch=080] Train Loss=[QuantLoss=0.03553]Val loss = [QuantLoss=0.02930][QuantReg:0.48492]
[MiniBooNE] Starting epoch 81...
[MiniBooNE] Elapsed training time:2.22s
[MiniBooNE] Starting validation...
[MiniBooNE] Elapsed validation time:0.23s
[MiniBooNE] [Epoch=081] Train Loss=[QuantLoss=0.03863]Val loss = [QuantLoss=0.02711][QuantReg:0.48397]
[MiniBooNE] Starting epoch 82...
[MiniBooNE] Elapsed training time:2.31s
[MiniBooNE] Starting validation...
[MiniBooNE] Elapsed validation time:0.23s
[MiniBooNE] [Epoch=082] Train Loss=[QuantLoss=0.03460]Val loss = [QuantLoss=0.02710][QuantReg:0.48632]
[MiniBooNE] Starting epoch 83...
[MiniBooNE] Elapsed training time:2.35s
[MiniBooNE] Starting validation...
[MiniBooNE] Elapsed validation time:0.23s
[MiniBooNE] [Epoch=083] Train Loss=[QuantLoss=0.03371]Val loss = [QuantLoss=0.02933][QuantReg:0.47959]
[MiniBooNE] Starting epoch 84...
[MiniBooNE] Elapsed training time:2.33s
[MiniBooNE] Starting validation...
[MiniBooNE] Elapsed validation time:0.24s
[MiniBooNE] [Epoch=084] Train Loss=[QuantLoss=0.03678]Val loss = [QuantLoss=0.02751][QuantReg:0.48098]
[MiniBooNE] Starting epoch 85...
[MiniBooNE] Elapsed training time:2.32s
[MiniBooNE] Starting validation...
[MiniBooNE] Elapsed validation time:0.24s
[MiniBooNE] [Epoch=085] Train Loss=[QuantLoss=0.03284]Val loss = [QuantLoss=0.02882][QuantReg:0.47515]
[MiniBooNE] Starting epoch 86...
[MiniBooNE] Elapsed training time:2.31s
[MiniBooNE] Starting validation...
[MiniBooNE] Elapsed validation time:0.24s
[MiniBooNE] [Epoch=086] Train Loss=[QuantLoss=0.03658]Val loss = [QuantLoss=0.03460][QuantReg:0.48098]
[MiniBooNE] Starting epoch 87...
[MiniBooNE] Elapsed training time:2.33s
[MiniBooNE] Starting validation...
[MiniBooNE] Elapsed validation time:0.24s
[MiniBooNE] [Epoch=087] Train Loss=[QuantLoss=0.03636]Val loss = [QuantLoss=0.02525][QuantReg:0.48952]
[MiniBooNE] Starting epoch 88...
[MiniBooNE] Elapsed training time:2.42s
[MiniBooNE] Starting validation...
[MiniBooNE] Elapsed validation time:0.24s
[MiniBooNE] [Epoch=088] Train Loss=[QuantLoss=0.03822]Val loss = [QuantLoss=0.02618][QuantReg:0.49091]
[MiniBooNE] Starting epoch 89...
[MiniBooNE] Elapsed training time:2.34s
[MiniBooNE] Starting validation...
[MiniBooNE] Elapsed validation time:0.23s
[MiniBooNE] [Epoch=089] Train Loss=[QuantLoss=0.03234]Val loss = [QuantLoss=0.02784][QuantReg:0.49157]
[MiniBooNE] Starting epoch 90...
[MiniBooNE] Elapsed training time:2.32s
[MiniBooNE] Starting validation...
[MiniBooNE] Elapsed validation time:0.22s
[MiniBooNE] [Epoch=090] Train Loss=[QuantLoss=0.03462]Val loss = [QuantLoss=0.03073][QuantReg:0.49617]
[MiniBooNE] Starting epoch 91...
[MiniBooNE] Elapsed training time:2.37s
[MiniBooNE] Starting validation...
[MiniBooNE] Elapsed validation time:0.25s
[MiniBooNE] [Epoch=091] Train Loss=[QuantLoss=0.03614]Val loss = [QuantLoss=0.02588][QuantReg:0.49616]
[MiniBooNE] Starting epoch 92...
[MiniBooNE] Elapsed training time:2.38s
[MiniBooNE] Starting validation...
[MiniBooNE] Elapsed validation time:0.24s
[MiniBooNE] [Epoch=092] Train Loss=[QuantLoss=0.03191]Val loss = [QuantLoss=0.02704][QuantReg:0.49536]
[MiniBooNE] Starting epoch 93...
[MiniBooNE] Elapsed training time:2.40s
[MiniBooNE] Starting validation...
[MiniBooNE] Elapsed validation time:0.22s
[MiniBooNE] [Epoch=093] Train Loss=[QuantLoss=0.03403]Val loss = [QuantLoss=0.02800][QuantReg:0.49968]
[MiniBooNE] Starting epoch 94...
[MiniBooNE] Elapsed training time:2.37s
[MiniBooNE] Starting validation...
[MiniBooNE] Elapsed validation time:0.24s
[MiniBooNE] [Epoch=094] Train Loss=[QuantLoss=0.03425]Val loss = [QuantLoss=0.02736][QuantReg:0.49433]
[MiniBooNE] Starting epoch 95...
[MiniBooNE] Elapsed training time:2.36s
[MiniBooNE] Starting validation...
[MiniBooNE] Elapsed validation time:0.23s
[MiniBooNE] [Epoch=095] Train Loss=[QuantLoss=0.03275]Val loss = [QuantLoss=0.02719][QuantReg:0.49311]
[MiniBooNE] Starting epoch 96...
[MiniBooNE] Elapsed training time:2.39s
[MiniBooNE] Starting validation...
[MiniBooNE] Elapsed validation time:0.24s
[MiniBooNE] [Epoch=096] Train Loss=[QuantLoss=0.03221]Val loss = [QuantLoss=0.02665][QuantReg:0.48665]
[MiniBooNE] Starting epoch 97...
[MiniBooNE] Elapsed training time:2.38s
[MiniBooNE] Starting validation...
[MiniBooNE] Elapsed validation time:0.23s
[MiniBooNE] [Epoch=097] Train Loss=[QuantLoss=0.03244]Val loss = [QuantLoss=0.02643][QuantReg:0.49273]
[MiniBooNE] Starting epoch 98...
[MiniBooNE] Elapsed training time:2.30s
[MiniBooNE] Starting validation...
[MiniBooNE] Elapsed validation time:0.23s
[MiniBooNE] [Epoch=098] Train Loss=[QuantLoss=0.03456]Val loss = [QuantLoss=0.02739][QuantReg:0.49187]
[MiniBooNE] Starting epoch 99...
[MiniBooNE] Elapsed training time:2.35s
[MiniBooNE] Starting validation...
[MiniBooNE] Elapsed validation time:0.23s
[MiniBooNE] [Epoch=099] Train Loss=[QuantLoss=0.03664]Val loss = [QuantLoss=0.02799][QuantReg:0.48480]
[MiniBooNE] Starting epoch 100...
[MiniBooNE] Elapsed training time:2.37s
[MiniBooNE] Starting validation...
[MiniBooNE] Elapsed validation time:0.23s
[MiniBooNE] [Epoch=100] Train Loss=[QuantLoss=0.03344]Val loss = [QuantLoss=0.02747][QuantReg:0.48699]
[MiniBooNE] Starting epoch 101...
[MiniBooNE] Elapsed training time:2.32s
[MiniBooNE] Starting validation...
[MiniBooNE] Elapsed validation time:0.24s
[MiniBooNE] [Epoch=101] Train Loss=[QuantLoss=0.03301]Val loss = [QuantLoss=0.02863][QuantReg:0.48392]
[MiniBooNE] Starting epoch 102...
[MiniBooNE] Elapsed training time:2.31s
[MiniBooNE] Starting validation...
[MiniBooNE] Elapsed validation time:0.23s
[MiniBooNE] [Epoch=102] Train Loss=[QuantLoss=0.03252]Val loss = [QuantLoss=0.02759][QuantReg:0.48257]
[MiniBooNE] Starting epoch 103...
[MiniBooNE] Elapsed training time:2.31s
[MiniBooNE] Starting validation...
[MiniBooNE] Elapsed validation time:0.23s
[MiniBooNE] [Epoch=103] Train Loss=[QuantLoss=0.03574]Val loss = [QuantLoss=0.02828][QuantReg:0.48375]
[MiniBooNE] Starting epoch 104...
[MiniBooNE] Elapsed training time:2.32s
[MiniBooNE] Starting validation...
[MiniBooNE] Elapsed validation time:0.24s
[MiniBooNE] [Epoch=104] Train Loss=[QuantLoss=0.03481]Val loss = [QuantLoss=0.02891][QuantReg:0.48187]
[MiniBooNE] Starting epoch 105...
[MiniBooNE] Elapsed training time:2.41s
[MiniBooNE] Starting validation...
[MiniBooNE] Elapsed validation time:0.23s
[MiniBooNE] [Epoch=105] Train Loss=[QuantLoss=0.03377]Val loss = [QuantLoss=0.02649][QuantReg:0.48181]
[MiniBooNE] Starting epoch 106...
[MiniBooNE] Elapsed training time:2.38s
[MiniBooNE] Starting validation...
[MiniBooNE] Elapsed validation time:0.23s
[MiniBooNE] [Epoch=106] Train Loss=[QuantLoss=0.03417]Val loss = [QuantLoss=0.02950][QuantReg:0.47662]
[MiniBooNE] Starting epoch 107...
[MiniBooNE] Elapsed training time:2.36s
[MiniBooNE] Starting validation...
[MiniBooNE] Elapsed validation time:0.23s
[MiniBooNE] [Epoch=107] Train Loss=[QuantLoss=0.03245]Val loss = [QuantLoss=0.02500][QuantReg:0.47896]
[MiniBooNE] Starting epoch 108...
[MiniBooNE] Elapsed training time:2.36s
[MiniBooNE] Starting validation...
[MiniBooNE] Elapsed validation time:0.23s
[MiniBooNE] [Epoch=108] Train Loss=[QuantLoss=0.03383]Val loss = [QuantLoss=0.02980][QuantReg:0.47177]
[MiniBooNE] Starting epoch 109...
[MiniBooNE] Elapsed training time:2.37s
[MiniBooNE] Starting validation...
[MiniBooNE] Elapsed validation time:0.15s
[MiniBooNE] [Epoch=109] Train Loss=[QuantLoss=0.03339]Val loss = [QuantLoss=0.02874][QuantReg:0.47404]
[MiniBooNE] Starting epoch 110...
[MiniBooNE] Elapsed training time:2.25s
[MiniBooNE] Starting validation...
[MiniBooNE] Elapsed validation time:0.15s
[MiniBooNE] [Epoch=110] Train Loss=[QuantLoss=0.03586]Val loss = [QuantLoss=0.02765][QuantReg:0.47401]
[MiniBooNE] Starting epoch 111...
[MiniBooNE] Elapsed training time:2.29s
[MiniBooNE] Starting validation...
[MiniBooNE] Elapsed validation time:0.15s
[MiniBooNE] [Epoch=111] Train Loss=[QuantLoss=0.03370]Val loss = [QuantLoss=0.02674][QuantReg:0.47419]
[MiniBooNE] Starting epoch 112...
[MiniBooNE] Elapsed training time:2.33s
[MiniBooNE] Starting validation...
[MiniBooNE] Elapsed validation time:0.15s
[MiniBooNE] [Epoch=112] Train Loss=[QuantLoss=0.03290]Val loss = [QuantLoss=0.03123][QuantReg:0.47560]
[MiniBooNE] Starting epoch 113...
[MiniBooNE] Elapsed training time:2.31s
[MiniBooNE] Starting validation...
[MiniBooNE] Elapsed validation time:0.15s
[MiniBooNE] [Epoch=113] Train Loss=[QuantLoss=0.03371]Val loss = [QuantLoss=0.02869][QuantReg:0.47332]
[MiniBooNE] Starting epoch 114...
[MiniBooNE] Elapsed training time:2.34s
[MiniBooNE] Starting validation...
[MiniBooNE] Elapsed validation time:0.15s
[MiniBooNE] [Epoch=114] Train Loss=[QuantLoss=0.03214]Val loss = [QuantLoss=0.02698][QuantReg:0.47521]
[MiniBooNE] Starting epoch 115...
[MiniBooNE] Elapsed training time:2.27s
[MiniBooNE] Starting validation...
[MiniBooNE] Elapsed validation time:0.15s
[MiniBooNE] [Epoch=115] Train Loss=[QuantLoss=0.03280]Val loss = [QuantLoss=0.02762][QuantReg:0.47582]
[MiniBooNE] Starting epoch 116...
[MiniBooNE] Elapsed training time:2.26s
[MiniBooNE] Starting validation...
[MiniBooNE] Elapsed validation time:0.14s
[MiniBooNE] [Epoch=116] Train Loss=[QuantLoss=0.03312]Val loss = [QuantLoss=0.02867][QuantReg:0.47471]
[MiniBooNE] Starting epoch 117...
[MiniBooNE] Elapsed training time:2.29s
[MiniBooNE] Starting validation...
[MiniBooNE] Elapsed validation time:0.15s
[MiniBooNE] [Epoch=117] Train Loss=[QuantLoss=0.03382]Val loss = [QuantLoss=0.03099][QuantReg:0.47637]
[MiniBooNE] Starting epoch 118...
[MiniBooNE] Elapsed training time:2.30s
[MiniBooNE] Starting validation...
[MiniBooNE] Elapsed validation time:0.14s
[MiniBooNE] [Epoch=118] Train Loss=[QuantLoss=0.03138]Val loss = [QuantLoss=0.02683][QuantReg:0.48074]
[MiniBooNE] Starting epoch 119...
[MiniBooNE] Elapsed training time:2.26s
[MiniBooNE] Starting validation...
[MiniBooNE] Elapsed validation time:0.15s
[MiniBooNE] [Epoch=119] Train Loss=[QuantLoss=0.03221]Val loss = [QuantLoss=0.02802][QuantReg:0.47083]
[MiniBooNE] Starting epoch 120...
[MiniBooNE] Elapsed training time:2.29s
[MiniBooNE] Starting validation...
[MiniBooNE] Elapsed validation time:0.15s
[MiniBooNE] [Epoch=120] Train Loss=[QuantLoss=0.03344]Val loss = [QuantLoss=0.02826][QuantReg:0.47313]
[MiniBooNE] Starting epoch 121...
[MiniBooNE] Elapsed training time:2.28s
[MiniBooNE] Starting validation...
[MiniBooNE] Elapsed validation time:0.15s
[MiniBooNE] [Epoch=121] Train Loss=[QuantLoss=0.03231]Val loss = [QuantLoss=0.02943][QuantReg:0.47610]
[MiniBooNE] Starting epoch 122...
[MiniBooNE] Elapsed training time:2.38s
[MiniBooNE] Starting validation...
[MiniBooNE] Elapsed validation time:0.14s
[MiniBooNE] [Epoch=122] Train Loss=[QuantLoss=0.03329]Val loss = [QuantLoss=0.02995][QuantReg:0.47320]
[MiniBooNE] Starting epoch 123...
[MiniBooNE] Elapsed training time:2.28s
[MiniBooNE] Starting validation...
[MiniBooNE] Elapsed validation time:0.15s
[MiniBooNE] [Epoch=123] Train Loss=[QuantLoss=0.03438]Val loss = [QuantLoss=0.03022][QuantReg:0.46914]
[MiniBooNE] Starting epoch 124...
[MiniBooNE] Elapsed training time:2.27s
[MiniBooNE] Starting validation...
[MiniBooNE] Elapsed validation time:0.15s
[MiniBooNE] [Epoch=124] Train Loss=[QuantLoss=0.03104]Val loss = [QuantLoss=0.02550][QuantReg:0.47439]
[MiniBooNE] Starting epoch 125...
[MiniBooNE] Elapsed training time:2.40s
[MiniBooNE] Starting validation...
[MiniBooNE] Elapsed validation time:0.15s
[MiniBooNE] [Epoch=125] Train Loss=[QuantLoss=0.03257]Val loss = [QuantLoss=0.02860][QuantReg:0.47267]
[MiniBooNE] Starting epoch 126...
[MiniBooNE] Elapsed training time:2.28s
[MiniBooNE] Starting validation...
[MiniBooNE] Elapsed validation time:0.14s
[MiniBooNE] [Epoch=126] Train Loss=[QuantLoss=0.03204]Val loss = [QuantLoss=0.02610][QuantReg:0.47087]
[MiniBooNE] Starting epoch 127...
[MiniBooNE] Elapsed training time:2.30s
[MiniBooNE] Starting validation...
[MiniBooNE] Elapsed validation time:0.15s
[MiniBooNE] [Epoch=127] Train Loss=[QuantLoss=0.03266]Val loss = [QuantLoss=0.02795][QuantReg:0.47414]
[MiniBooNE] Starting epoch 128...
[MiniBooNE] Elapsed training time:2.29s
[MiniBooNE] Starting validation...
[MiniBooNE] Elapsed validation time:0.15s
[MiniBooNE] [Epoch=128] Train Loss=[QuantLoss=0.03232]Val loss = [QuantLoss=0.02646][QuantReg:0.47111]
[MiniBooNE] Starting epoch 129...
[MiniBooNE] Elapsed training time:2.25s
[MiniBooNE] Starting validation...
[MiniBooNE] Elapsed validation time:0.15s
[MiniBooNE] [Epoch=129] Train Loss=[QuantLoss=0.03332]Val loss = [QuantLoss=0.02855][QuantReg:0.47225]
[MiniBooNE] Starting epoch 130...
[MiniBooNE] Elapsed training time:2.28s
[MiniBooNE] Starting validation...
[MiniBooNE] Elapsed validation time:0.14s
[MiniBooNE] [Epoch=130] Train Loss=[QuantLoss=0.03173]Val loss = [QuantLoss=0.02900][QuantReg:0.47537]
[MiniBooNE] Starting epoch 131...
[MiniBooNE] Elapsed training time:2.26s
[MiniBooNE] Starting validation...
[MiniBooNE] Elapsed validation time:0.14s
[MiniBooNE] [Epoch=131] Train Loss=[QuantLoss=0.03134]Val loss = [QuantLoss=0.02864][QuantReg:0.47322]
[MiniBooNE] Starting epoch 132...
[MiniBooNE] Elapsed training time:2.32s
[MiniBooNE] Starting validation...
[MiniBooNE] Elapsed validation time:0.15s
[MiniBooNE] [Epoch=132] Train Loss=[QuantLoss=0.03276]Val loss = [QuantLoss=0.02548][QuantReg:0.47298]
[MiniBooNE] Starting epoch 133...
[MiniBooNE] Elapsed training time:2.25s
[MiniBooNE] Starting validation...
[MiniBooNE] Elapsed validation time:0.18s
[MiniBooNE] [Epoch=133] Train Loss=[QuantLoss=0.03200]Val loss = [QuantLoss=0.02696][QuantReg:0.46877]
[MiniBooNE] Starting epoch 134...
[MiniBooNE] Elapsed training time:2.26s
[MiniBooNE] Starting validation...
[MiniBooNE] Elapsed validation time:0.15s
[MiniBooNE] [Epoch=134] Train Loss=[QuantLoss=0.03150]Val loss = [QuantLoss=0.03172][QuantReg:0.47091]
[MiniBooNE] Starting epoch 135...
[MiniBooNE] Elapsed training time:2.34s
[MiniBooNE] Starting validation...
[MiniBooNE] Elapsed validation time:0.14s
[MiniBooNE] [Epoch=135] Train Loss=[QuantLoss=0.03095]Val loss = [QuantLoss=0.02726][QuantReg:0.47316]
[MiniBooNE] Starting epoch 136...
[MiniBooNE] Elapsed training time:2.28s
[MiniBooNE] Starting validation...
[MiniBooNE] Elapsed validation time:0.24s
[MiniBooNE] [Epoch=136] Train Loss=[QuantLoss=0.03296]Val loss = [QuantLoss=0.02984][QuantReg:0.47360]
[MiniBooNE] Starting epoch 137...
[MiniBooNE] Elapsed training time:2.27s
[MiniBooNE] Starting validation...
[MiniBooNE] Elapsed validation time:0.23s
[MiniBooNE] [Epoch=137] Train Loss=[QuantLoss=0.03198]Val loss = [QuantLoss=0.02805][QuantReg:0.46999]
[MiniBooNE] Starting epoch 138...
[MiniBooNE] Elapsed training time:2.34s
[MiniBooNE] Starting validation...
[MiniBooNE] Elapsed validation time:0.24s
[MiniBooNE] [Epoch=138] Train Loss=[QuantLoss=0.03235]Val loss = [QuantLoss=0.02702][QuantReg:0.47252]
[MiniBooNE] Starting epoch 139...
[MiniBooNE] Elapsed training time:2.37s
[MiniBooNE] Starting validation...
[MiniBooNE] Elapsed validation time:0.24s
[MiniBooNE] [Epoch=139] Train Loss=[QuantLoss=0.03143]Val loss = [QuantLoss=0.03014][QuantReg:0.46840]
[MiniBooNE] Starting epoch 140...
[MiniBooNE] Elapsed training time:2.34s
[MiniBooNE] Starting validation...
[MiniBooNE] Elapsed validation time:0.23s
[MiniBooNE] [Epoch=140] Train Loss=[QuantLoss=0.03307]Val loss = [QuantLoss=0.02809][QuantReg:0.47148]
[MiniBooNE] Starting epoch 141...
[MiniBooNE] Elapsed training time:2.39s
[MiniBooNE] Starting validation...
[MiniBooNE] Elapsed validation time:0.25s
[MiniBooNE] [Epoch=141] Train Loss=[QuantLoss=0.03306]Val loss = [QuantLoss=0.02643][QuantReg:0.47257]
[MiniBooNE] Starting epoch 142...
[MiniBooNE] Elapsed training time:2.32s
[MiniBooNE] Starting validation...
[MiniBooNE] Elapsed validation time:0.23s
[MiniBooNE] [Epoch=142] Train Loss=[QuantLoss=0.03097]Val loss = [QuantLoss=0.02931][QuantReg:0.47187]
[MiniBooNE] Starting epoch 143...
[MiniBooNE] Elapsed training time:2.39s
[MiniBooNE] Starting validation...
[MiniBooNE] Elapsed validation time:0.23s
[MiniBooNE] [Epoch=143] Train Loss=[QuantLoss=0.03221]Val loss = [QuantLoss=0.02645][QuantReg:0.46674]
[MiniBooNE] Starting epoch 144...
[MiniBooNE] Elapsed training time:2.31s
[MiniBooNE] Starting validation...
[MiniBooNE] Elapsed validation time:0.23s
[MiniBooNE] [Epoch=144] Train Loss=[QuantLoss=0.03134]Val loss = [QuantLoss=0.02926][QuantReg:0.46814]
[MiniBooNE] Starting epoch 145...
[MiniBooNE] Elapsed training time:2.33s
[MiniBooNE] Starting validation...
[MiniBooNE] Elapsed validation time:0.23s
[MiniBooNE] [Epoch=145] Train Loss=[QuantLoss=0.03179]Val loss = [QuantLoss=0.02897][QuantReg:0.46927]
[MiniBooNE] Starting epoch 146...
[MiniBooNE] Elapsed training time:2.35s
[MiniBooNE] Starting validation...
[MiniBooNE] Elapsed validation time:0.22s
[MiniBooNE] [Epoch=146] Train Loss=[QuantLoss=0.03359]Val loss = [QuantLoss=0.02552][QuantReg:0.47280]
[MiniBooNE] Starting epoch 147...
[MiniBooNE] Elapsed training time:2.36s
[MiniBooNE] Starting validation...
[MiniBooNE] Elapsed validation time:0.25s
[MiniBooNE] [Epoch=147] Train Loss=[QuantLoss=0.03185]Val loss = [QuantLoss=0.02788][QuantReg:0.46887]
[MiniBooNE] Starting epoch 148...
[MiniBooNE] Elapsed training time:2.40s
[MiniBooNE] Starting validation...
[MiniBooNE] Elapsed validation time:0.24s
[MiniBooNE] [Epoch=148] Train Loss=[QuantLoss=0.03160]Val loss = [QuantLoss=0.02988][QuantReg:0.46688]
[MiniBooNE] Starting epoch 149...
[MiniBooNE] Elapsed training time:2.39s
[MiniBooNE] Starting validation...
[MiniBooNE] Elapsed validation time:0.22s
[MiniBooNE] [Epoch=149] Train Loss=[QuantLoss=0.03253]Val loss = [QuantLoss=0.03070][QuantReg:0.46829]
[MiniBooNE] Starting epoch 150...
[MiniBooNE] Elapsed training time:2.34s
[MiniBooNE] Starting validation...
[MiniBooNE] Elapsed validation time:0.24s
[MiniBooNE] [Epoch=150] Train Loss=[QuantLoss=0.03229]Val loss = [QuantLoss=0.03088][QuantReg:0.46570]
[MiniBooNE] Starting epoch 151...
[MiniBooNE] Elapsed training time:2.35s
[MiniBooNE] Starting validation...
[MiniBooNE] Elapsed validation time:0.23s
[MiniBooNE] [Epoch=151] Train Loss=[QuantLoss=0.03156]Val loss = [QuantLoss=0.03010][QuantReg:0.46700]
[MiniBooNE] Starting epoch 152...
[MiniBooNE] Elapsed training time:2.32s
[MiniBooNE] Starting validation...
[MiniBooNE] Elapsed validation time:0.24s
[MiniBooNE] [Epoch=152] Train Loss=[QuantLoss=0.03049]Val loss = [QuantLoss=0.02913][QuantReg:0.46447]
[MiniBooNE] Starting epoch 153...
[MiniBooNE] Elapsed training time:2.35s
[MiniBooNE] Starting validation...
[MiniBooNE] Elapsed validation time:0.25s
[MiniBooNE] [Epoch=153] Train Loss=[QuantLoss=0.03241]Val loss = [QuantLoss=0.02900][QuantReg:0.46630]
[MiniBooNE] Starting epoch 154...
[MiniBooNE] Elapsed training time:2.37s
[MiniBooNE] Starting validation...
[MiniBooNE] Elapsed validation time:0.22s
[MiniBooNE] [Epoch=154] Train Loss=[QuantLoss=0.03102]Val loss = [QuantLoss=0.02716][QuantReg:0.46995]
[MiniBooNE] Starting epoch 155...
[MiniBooNE] Elapsed training time:2.44s
[MiniBooNE] Starting validation...
[MiniBooNE] Elapsed validation time:0.24s
[MiniBooNE] [Epoch=155] Train Loss=[QuantLoss=0.03082]Val loss = [QuantLoss=0.03040][QuantReg:0.46484]
[MiniBooNE] Starting epoch 156...
[MiniBooNE] Elapsed training time:2.34s
[MiniBooNE] Starting validation...
[MiniBooNE] Elapsed validation time:0.23s
[MiniBooNE] [Epoch=156] Train Loss=[QuantLoss=0.03110]Val loss = [QuantLoss=0.03020][QuantReg:0.46894]
[MiniBooNE] Starting epoch 157...
[MiniBooNE] Elapsed training time:2.35s
[MiniBooNE] Starting validation...
[MiniBooNE] Elapsed validation time:0.24s
[MiniBooNE] [Epoch=157] Train Loss=[QuantLoss=0.03354]Val loss = [QuantLoss=0.02854][QuantReg:0.46512]
[MiniBooNE] Starting epoch 158...
[MiniBooNE] Elapsed training time:2.33s
[MiniBooNE] Starting validation...
[MiniBooNE] Elapsed validation time:0.23s
[MiniBooNE] [Epoch=158] Train Loss=[QuantLoss=0.03230]Val loss = [QuantLoss=0.02614][QuantReg:0.46497]
[MiniBooNE] Starting epoch 159...
[MiniBooNE] Elapsed training time:2.38s
[MiniBooNE] Starting validation...
[MiniBooNE] Elapsed validation time:0.24s
[MiniBooNE] [Epoch=159] Train Loss=[QuantLoss=0.03401]Val loss = [QuantLoss=0.02679][QuantReg:0.47188]
[MiniBooNE] Starting epoch 160...
[MiniBooNE] Elapsed training time:2.32s
[MiniBooNE] Starting validation...
[MiniBooNE] Elapsed validation time:0.23s
[MiniBooNE] [Epoch=160] Train Loss=[QuantLoss=0.03231]Val loss = [QuantLoss=0.02966][QuantReg:0.47026]
[MiniBooNE] Starting epoch 161...
[MiniBooNE] Elapsed training time:2.37s
[MiniBooNE] Starting validation...
[MiniBooNE] Elapsed validation time:0.23s
[MiniBooNE] [Epoch=161] Train Loss=[QuantLoss=0.03058]Val loss = [QuantLoss=0.02933][QuantReg:0.46284]
[MiniBooNE] Starting epoch 162...
[MiniBooNE] Elapsed training time:2.35s
[MiniBooNE] Starting validation...
[MiniBooNE] Elapsed validation time:0.23s
[MiniBooNE] [Epoch=162] Train Loss=[QuantLoss=0.03164]Val loss = [QuantLoss=0.03024][QuantReg:0.47349]
[MiniBooNE] Starting epoch 163...
[MiniBooNE] Elapsed training time:2.32s
[MiniBooNE] Starting validation...
[MiniBooNE] Elapsed validation time:0.25s
[MiniBooNE] [Epoch=163] Train Loss=[QuantLoss=0.03228]Val loss = [QuantLoss=0.02950][QuantReg:0.47025]
[MiniBooNE] Starting epoch 164...
[MiniBooNE] Elapsed training time:2.32s
[MiniBooNE] Starting validation...
[MiniBooNE] Elapsed validation time:0.24s
[MiniBooNE] [Epoch=164] Train Loss=[QuantLoss=0.03073]Val loss = [QuantLoss=0.02859][QuantReg:0.46970]
[MiniBooNE] Starting epoch 165...
[MiniBooNE] Elapsed training time:2.36s
[MiniBooNE] Starting validation...
[MiniBooNE] Elapsed validation time:0.23s
[MiniBooNE] [Epoch=165] Train Loss=[QuantLoss=0.03244]Val loss = [QuantLoss=0.02813][QuantReg:0.46600]
[MiniBooNE] Starting epoch 166...
[MiniBooNE] Elapsed training time:2.33s
[MiniBooNE] Starting validation...
[MiniBooNE] Elapsed validation time:0.25s
[MiniBooNE] [Epoch=166] Train Loss=[QuantLoss=0.03135]Val loss = [QuantLoss=0.02936][QuantReg:0.46734]
[MiniBooNE] Starting epoch 167...
[MiniBooNE] Elapsed training time:2.42s
[MiniBooNE] Starting validation...
[MiniBooNE] Elapsed validation time:0.16s
[MiniBooNE] [Epoch=167] Train Loss=[QuantLoss=0.03016]Val loss = [QuantLoss=0.02700][QuantReg:0.46846]
[MiniBooNE] Starting epoch 168...
[MiniBooNE] Elapsed training time:2.25s
[MiniBooNE] Starting validation...
[MiniBooNE] Elapsed validation time:0.14s
[MiniBooNE] [Epoch=168] Train Loss=[QuantLoss=0.03219]Val loss = [QuantLoss=0.02865][QuantReg:0.47023]
[MiniBooNE] Starting epoch 169...
[MiniBooNE] Elapsed training time:2.26s
[MiniBooNE] Starting validation...
[MiniBooNE] Elapsed validation time:0.16s
[MiniBooNE] [Epoch=169] Train Loss=[QuantLoss=0.03117]Val loss = [QuantLoss=0.03126][QuantReg:0.47254]
[MiniBooNE] Starting epoch 170...
[MiniBooNE] Elapsed training time:2.34s
[MiniBooNE] Starting validation...
[MiniBooNE] Elapsed validation time:0.14s
[MiniBooNE] [Epoch=170] Train Loss=[QuantLoss=0.03274]Val loss = [QuantLoss=0.02896][QuantReg:0.47078]
[MiniBooNE] Starting epoch 171...
[MiniBooNE] Elapsed training time:2.29s
[MiniBooNE] Starting validation...
[MiniBooNE] Elapsed validation time:0.15s
[MiniBooNE] [Epoch=171] Train Loss=[QuantLoss=0.03130]Val loss = [QuantLoss=0.02552][QuantReg:0.46721]
[MiniBooNE] Starting epoch 172...
[MiniBooNE] Elapsed training time:2.28s
[MiniBooNE] Starting validation...
[MiniBooNE] Elapsed validation time:0.15s
[MiniBooNE] [Epoch=172] Train Loss=[QuantLoss=0.03258]Val loss = [QuantLoss=0.02773][QuantReg:0.46077]
[MiniBooNE] Early stopping in epoch 172!
[MiniBooNE] Restoring best model...
MAE médio por bag: 0.0337 ± 0.0295
Resultados, incluindo predições, salvos em: resultados_miniboone/resultados_miniboone_5.csv
