Dataset: miniboone
Dificuldade: metric=kl, mode=easiest, top_k=None
Rodada: 1
Salvar resultados em: resultados_miniboone
Dispositivo de treino: cpu
Baixando e preparando o dataset MiniBooNE...
Dataset MiniBooNE pronto.
Model savedmodels/miniboone_kl_easiest_run1.pkl exists. Loading weights ...
Ignoring val_split as train and val datasets where given to fit function
We have two datasets: training 155457 examples. validation 25900 examples.]
Using device cpu
[MiniBooNE] Starting epoch 0...
[MiniBooNE] Elapsed training time:2.37s
[MiniBooNE] Starting validation...
[MiniBooNE] Elapsed validation time:0.24s
[MiniBooNE] [Epoch=000] Train Loss=[QuantLoss=0.07738]Val loss = [QuantLoss=0.05637][QuantReg:0.50659][saved best model in this epoch]
[MiniBooNE] Starting epoch 1...
[MiniBooNE] Elapsed training time:2.41s
[MiniBooNE] Starting validation...
[MiniBooNE] Elapsed validation time:0.23s
[MiniBooNE] [Epoch=001] Train Loss=[QuantLoss=0.08343]Val loss = [QuantLoss=0.03474][QuantReg:0.50396][saved best model in this epoch]
[MiniBooNE] Starting epoch 2...
[MiniBooNE] Elapsed training time:2.36s
[MiniBooNE] Starting validation...
[MiniBooNE] Elapsed validation time:0.23s
[MiniBooNE] [Epoch=002] Train Loss=[QuantLoss=0.08380]Val loss = [QuantLoss=0.08723][QuantReg:0.50690]
[MiniBooNE] Starting epoch 3...
[MiniBooNE] Elapsed training time:2.41s
[MiniBooNE] Starting validation...
[MiniBooNE] Elapsed validation time:0.25s
[MiniBooNE] [Epoch=003] Train Loss=[QuantLoss=0.09795]Val loss = [QuantLoss=0.07893][QuantReg:0.52178]
[MiniBooNE] Starting epoch 4...
[MiniBooNE] Elapsed training time:2.42s
[MiniBooNE] Starting validation...
[MiniBooNE] Elapsed validation time:0.23s
[MiniBooNE] [Epoch=004] Train Loss=[QuantLoss=0.09121]Val loss = [QuantLoss=0.07022][QuantReg:0.53912]
[MiniBooNE] Starting epoch 5...
[MiniBooNE] Elapsed training time:2.39s
[MiniBooNE] Starting validation...
[MiniBooNE] Elapsed validation time:0.23s
[MiniBooNE] [Epoch=005] Train Loss=[QuantLoss=0.09097]Val loss = [QuantLoss=0.04120][QuantReg:0.54065]
[MiniBooNE] Starting epoch 6...
[MiniBooNE] Elapsed training time:2.37s
[MiniBooNE] Starting validation...
[MiniBooNE] Elapsed validation time:0.23s
[MiniBooNE] [Epoch=006] Train Loss=[QuantLoss=0.08790]Val loss = [QuantLoss=0.07739][QuantReg:0.51784]
[MiniBooNE] Starting epoch 7...
[MiniBooNE] Elapsed training time:2.50s
[MiniBooNE] Starting validation...
[MiniBooNE] Elapsed validation time:0.14s
[MiniBooNE] [Epoch=007] Train Loss=[QuantLoss=0.08620]Val loss = [QuantLoss=0.12684][QuantReg:0.52445]
[MiniBooNE] Starting epoch 8...
[MiniBooNE] Elapsed training time:2.36s
[MiniBooNE] Starting validation...
[MiniBooNE] Elapsed validation time:0.14s
[MiniBooNE] [Epoch=008] Train Loss=[QuantLoss=0.09503]Val loss = [QuantLoss=0.07296][QuantReg:0.51720]
[MiniBooNE] Starting epoch 9...
[MiniBooNE] Elapsed training time:2.32s
[MiniBooNE] Starting validation...
[MiniBooNE] Elapsed validation time:0.14s
[MiniBooNE] [Epoch=009] Train Loss=[QuantLoss=0.08178]Val loss = [QuantLoss=0.05887][QuantReg:0.49648]
[MiniBooNE] Starting epoch 10...
[MiniBooNE] Elapsed training time:2.40s
[MiniBooNE] Starting validation...
[MiniBooNE] Elapsed validation time:0.14s
[MiniBooNE] [Epoch=010] Train Loss=[QuantLoss=0.09736]Val loss = [QuantLoss=0.05825][QuantReg:0.50872]
[MiniBooNE] Starting epoch 11...
[MiniBooNE] Elapsed training time:2.33s
[MiniBooNE] Starting validation...
[MiniBooNE] Elapsed validation time:0.14s
[MiniBooNE] [Epoch=011] Train Loss=[QuantLoss=0.08570]Val loss = [QuantLoss=0.17670][QuantReg:0.49873]
[MiniBooNE] Starting epoch 12...
[MiniBooNE] Elapsed training time:2.31s
[MiniBooNE] Starting validation...
[MiniBooNE] Elapsed validation time:0.17s
[MiniBooNE] [Epoch=012] Train Loss=[QuantLoss=0.09046]Val loss = [QuantLoss=0.10821][QuantReg:0.50314]
[MiniBooNE] Starting epoch 13...
[MiniBooNE] Elapsed training time:2.37s
[MiniBooNE] Starting validation...
[MiniBooNE] Elapsed validation time:0.15s
[MiniBooNE] [Epoch=013] Train Loss=[QuantLoss=0.08945]Val loss = [QuantLoss=0.06703][QuantReg:0.50114]
[MiniBooNE] Starting epoch 14...
[MiniBooNE] Elapsed training time:2.36s
[MiniBooNE] Starting validation...
[MiniBooNE] Elapsed validation time:0.15s
[MiniBooNE] [Epoch=014] Train Loss=[QuantLoss=0.08978]Val loss = [QuantLoss=0.11204][QuantReg:0.49664]
[MiniBooNE] Starting epoch 15...
[MiniBooNE] Elapsed training time:2.35s
[MiniBooNE] Starting validation...
[MiniBooNE] Elapsed validation time:0.17s
[MiniBooNE] [Epoch=015] Train Loss=[QuantLoss=0.09509]Val loss = [QuantLoss=0.03786][QuantReg:0.49723]
[MiniBooNE] Starting epoch 16...
[MiniBooNE] Elapsed training time:2.33s
[MiniBooNE] Starting validation...
[MiniBooNE] Elapsed validation time:0.15s
[MiniBooNE] [Epoch=016] Train Loss=[QuantLoss=0.08664]Val loss = [QuantLoss=0.04308][QuantReg:0.49281]
[MiniBooNE] Starting epoch 17...
[MiniBooNE] Elapsed training time:2.40s
[MiniBooNE] Starting validation...
[MiniBooNE] Elapsed validation time:0.17s
[MiniBooNE] [Epoch=017] Train Loss=[QuantLoss=0.08657]Val loss = [QuantLoss=0.10538][QuantReg:0.49058]
[MiniBooNE] Starting epoch 18...
[MiniBooNE] Elapsed training time:2.36s
[MiniBooNE] Starting validation...
[MiniBooNE] Elapsed validation time:0.14s
[MiniBooNE] [Epoch=018] Train Loss=[QuantLoss=0.09238]Val loss = [QuantLoss=0.07696][QuantReg:0.48969]
[MiniBooNE] Starting epoch 19...
[MiniBooNE] Elapsed training time:2.42s
[MiniBooNE] Starting validation...
[MiniBooNE] Elapsed validation time:0.16s
[MiniBooNE] [Epoch=019] Train Loss=[QuantLoss=0.09266]Val loss = [QuantLoss=0.07899][QuantReg:0.49410]
[MiniBooNE] Starting epoch 20...
[MiniBooNE] Elapsed training time:2.45s
[MiniBooNE] Starting validation...
[MiniBooNE] Elapsed validation time:0.15s
[MiniBooNE] [Epoch=020] Train Loss=[QuantLoss=0.09717]Val loss = [QuantLoss=0.07091][QuantReg:0.49314]
[MiniBooNE] Starting epoch 21...
[MiniBooNE] Elapsed training time:2.38s
[MiniBooNE] Starting validation...
[MiniBooNE] Elapsed validation time:0.14s
[MiniBooNE] [Epoch=021] Train Loss=[QuantLoss=0.09225]Val loss = [QuantLoss=0.09713][QuantReg:0.48965]
[MiniBooNE] Starting epoch 22...
[MiniBooNE] Elapsed training time:2.38s
[MiniBooNE] Starting validation...
[MiniBooNE] Elapsed validation time:0.15s
[MiniBooNE] [Epoch=022] Train Loss=[QuantLoss=0.08945]Val loss = [QuantLoss=0.11046][QuantReg:0.47974]
[MiniBooNE] Starting epoch 23...
[MiniBooNE] Elapsed training time:2.39s
[MiniBooNE] Starting validation...
[MiniBooNE] Elapsed validation time:0.16s
[MiniBooNE] [Epoch=023] Train Loss=[QuantLoss=0.09637]Val loss = [QuantLoss=0.07785][QuantReg:0.47886]
[MiniBooNE] Starting epoch 24...
[MiniBooNE] Elapsed training time:2.42s
[MiniBooNE] Starting validation...
[MiniBooNE] Elapsed validation time:0.14s
[MiniBooNE] [Epoch=024] Train Loss=[QuantLoss=0.09132]Val loss = [QuantLoss=0.05742][QuantReg:0.48061]
[MiniBooNE] Starting epoch 25...
[MiniBooNE] Elapsed training time:2.40s
[MiniBooNE] Starting validation...
[MiniBooNE] Elapsed validation time:0.14s
[MiniBooNE] [Epoch=025] Train Loss=[QuantLoss=0.09085]Val loss = [QuantLoss=0.06850][QuantReg:0.48672]
[MiniBooNE] Starting epoch 26...
[MiniBooNE] Elapsed training time:2.41s
[MiniBooNE] Starting validation...
[MiniBooNE] Elapsed validation time:0.14s
[MiniBooNE] [Epoch=026] Train Loss=[QuantLoss=0.08656]Val loss = [QuantLoss=0.04517][QuantReg:0.48230]
[MiniBooNE] Starting epoch 27...
[MiniBooNE] Elapsed training time:2.39s
[MiniBooNE] Starting validation...
[MiniBooNE] Elapsed validation time:0.15s
[MiniBooNE] [Epoch=027] Train Loss=[QuantLoss=0.09486]Val loss = [QuantLoss=0.06378][QuantReg:0.48535]
[MiniBooNE] Starting epoch 28...
[MiniBooNE] Elapsed training time:2.41s
[MiniBooNE] Starting validation...
[MiniBooNE] Elapsed validation time:0.14s
[MiniBooNE] [Epoch=028] Train Loss=[QuantLoss=0.08572]Val loss = [QuantLoss=0.05277][QuantReg:0.47946]
[MiniBooNE] Starting epoch 29...
[MiniBooNE] Elapsed training time:2.39s
[MiniBooNE] Starting validation...
[MiniBooNE] Elapsed validation time:0.15s
[MiniBooNE] [Epoch=029] Train Loss=[QuantLoss=0.09222]Val loss = [QuantLoss=0.07052][QuantReg:0.48030]
[MiniBooNE] Starting epoch 30...
[MiniBooNE] Elapsed training time:2.32s
[MiniBooNE] Starting validation...
[MiniBooNE] Elapsed validation time:0.14s
[MiniBooNE] [Epoch=030] Train Loss=[QuantLoss=0.08737]Val loss = [QuantLoss=0.05457][QuantReg:0.47418]
[MiniBooNE] Starting epoch 31...
[MiniBooNE] Elapsed training time:2.39s
[MiniBooNE] Starting validation...
[MiniBooNE] Elapsed validation time:0.14s
[MiniBooNE] [Epoch=031] Train Loss=[QuantLoss=0.08383]Val loss = [QuantLoss=0.04901][QuantReg:0.47311]
[MiniBooNE] Starting epoch 32...
[MiniBooNE] Elapsed training time:2.46s
[MiniBooNE] Starting validation...
[MiniBooNE] Elapsed validation time:0.15s
[MiniBooNE] [Epoch=032] Train Loss=[QuantLoss=0.08446]Val loss = [QuantLoss=0.05360][QuantReg:0.46654]
[MiniBooNE] Starting epoch 33...
[MiniBooNE] Elapsed training time:2.39s
[MiniBooNE] Starting validation...
[MiniBooNE] Elapsed validation time:0.15s
[MiniBooNE] [Epoch=033] Train Loss=[QuantLoss=0.08560]Val loss = [QuantLoss=0.09101][QuantReg:0.47400]
[MiniBooNE] Starting epoch 34...
[MiniBooNE] Elapsed training time:2.38s
[MiniBooNE] Starting validation...
[MiniBooNE] Elapsed validation time:0.15s
[MiniBooNE] [Epoch=034] Train Loss=[QuantLoss=0.09001]Val loss = [QuantLoss=0.07323][QuantReg:0.47987]
[MiniBooNE] Starting epoch 35...
[MiniBooNE] Elapsed training time:2.34s
[MiniBooNE] Starting validation...
[MiniBooNE] Elapsed validation time:0.16s
[MiniBooNE] [Epoch=035] Train Loss=[QuantLoss=0.08636]Val loss = [QuantLoss=0.08194][QuantReg:0.47494]
[MiniBooNE] Starting epoch 36...
[MiniBooNE] Elapsed training time:2.39s
[MiniBooNE] Starting validation...
[MiniBooNE] Elapsed validation time:0.14s
[MiniBooNE] [Epoch=036] Train Loss=[QuantLoss=0.08914]Val loss = [QuantLoss=0.06049][QuantReg:0.47365]
[MiniBooNE] Starting epoch 37...
[MiniBooNE] Elapsed training time:2.42s
[MiniBooNE] Starting validation...
[MiniBooNE] Elapsed validation time:0.23s
[MiniBooNE] [Epoch=037] Train Loss=[QuantLoss=0.08700]Val loss = [QuantLoss=0.05683][QuantReg:0.47157]
[MiniBooNE] Starting epoch 38...
[MiniBooNE] Elapsed training time:2.48s
[MiniBooNE] Starting validation...
[MiniBooNE] Elapsed validation time:0.14s
[MiniBooNE] [Epoch=038] Train Loss=[QuantLoss=0.08624]Val loss = [QuantLoss=0.06151][QuantReg:0.47358]
[MiniBooNE] Starting epoch 39...
[MiniBooNE] Elapsed training time:2.44s
[MiniBooNE] Starting validation...
[MiniBooNE] Elapsed validation time:0.23s
[MiniBooNE] [Epoch=039] Train Loss=[QuantLoss=0.08402]Val loss = [QuantLoss=0.07418][QuantReg:0.46927]
[MiniBooNE] Starting epoch 40...
[MiniBooNE] Elapsed training time:2.46s
[MiniBooNE] Starting validation...
[MiniBooNE] Elapsed validation time:0.15s
[MiniBooNE] [Epoch=040] Train Loss=[QuantLoss=0.08770]Val loss = [QuantLoss=0.06382][QuantReg:0.47672]
[MiniBooNE] Starting epoch 41...
[MiniBooNE] Elapsed training time:2.51s
[MiniBooNE] Starting validation...
[MiniBooNE] Elapsed validation time:0.23s
[MiniBooNE] [Epoch=041] Train Loss=[QuantLoss=0.08583]Val loss = [QuantLoss=0.05564][QuantReg:0.46800]
[MiniBooNE] Starting epoch 42...
[MiniBooNE] Elapsed training time:2.48s
[MiniBooNE] Starting validation...
[MiniBooNE] Elapsed validation time:0.23s
[MiniBooNE] [Epoch=042] Train Loss=[QuantLoss=0.09522]Val loss = [QuantLoss=0.07067][QuantReg:0.47588]
[MiniBooNE] Starting epoch 43...
[MiniBooNE] Elapsed training time:2.47s
[MiniBooNE] Starting validation...
[MiniBooNE] Elapsed validation time:0.24s
[MiniBooNE] [Epoch=043] Train Loss=[QuantLoss=0.08194]Val loss = [QuantLoss=0.07301][QuantReg:0.46507]
[MiniBooNE] Starting epoch 44...
[MiniBooNE] Elapsed training time:2.50s
[MiniBooNE] Starting validation...
[MiniBooNE] Elapsed validation time:0.22s
[MiniBooNE] [Epoch=044] Train Loss=[QuantLoss=0.08719]Val loss = [QuantLoss=0.07633][QuantReg:0.47897]
[MiniBooNE] Starting epoch 45...
[MiniBooNE] Elapsed training time:2.41s
[MiniBooNE] Starting validation...
[MiniBooNE] Elapsed validation time:0.24s
[MiniBooNE] [Epoch=045] Train Loss=[QuantLoss=0.08093]Val loss = [QuantLoss=0.05944][QuantReg:0.47713]
[MiniBooNE] Starting epoch 46...
[MiniBooNE] Elapsed training time:2.46s
[MiniBooNE] Starting validation...
[MiniBooNE] Elapsed validation time:0.24s
[MiniBooNE] [Epoch=046] Train Loss=[QuantLoss=0.08189]Val loss = [QuantLoss=0.05794][QuantReg:0.47341]
[MiniBooNE] Starting epoch 47...
[MiniBooNE] Elapsed training time:2.43s
[MiniBooNE] Starting validation...
[MiniBooNE] Elapsed validation time:0.23s
[MiniBooNE] [Epoch=047] Train Loss=[QuantLoss=0.07936]Val loss = [QuantLoss=0.05316][QuantReg:0.47528]
[MiniBooNE] Starting epoch 48...
[MiniBooNE] Elapsed training time:2.46s
[MiniBooNE] Starting validation...
[MiniBooNE] Elapsed validation time:0.23s
[MiniBooNE] [Epoch=048] Train Loss=[QuantLoss=0.08171]Val loss = [QuantLoss=0.04735][QuantReg:0.47521]
[MiniBooNE] Starting epoch 49...
[MiniBooNE] Elapsed training time:2.40s
[MiniBooNE] Starting validation...
[MiniBooNE] Elapsed validation time:0.25s
[MiniBooNE] [Epoch=049] Train Loss=[QuantLoss=0.08118]Val loss = [QuantLoss=0.05903][QuantReg:0.47244]
[MiniBooNE] Starting epoch 50...
[MiniBooNE] Elapsed training time:2.43s
[MiniBooNE] Starting validation...
[MiniBooNE] Elapsed validation time:0.23s
[MiniBooNE] [Epoch=050] Train Loss=[QuantLoss=0.08083]Val loss = [QuantLoss=0.05904][QuantReg:0.47331]
[MiniBooNE] Starting epoch 51...
[MiniBooNE] Elapsed training time:2.53s
[MiniBooNE] Starting validation...
[MiniBooNE] Elapsed validation time:0.22s
[MiniBooNE] [Epoch=051] Train Loss=[QuantLoss=0.08333]Val loss = [QuantLoss=0.04472][QuantReg:0.47002]
[MiniBooNE] Starting epoch 52...
[MiniBooNE] Elapsed training time:2.43s
[MiniBooNE] Starting validation...
[MiniBooNE] Elapsed validation time:0.25s
[MiniBooNE] [Epoch=052] Train Loss=[QuantLoss=0.07988]Val loss = [QuantLoss=0.05002][QuantReg:0.47051]
[MiniBooNE] Starting epoch 53...
[MiniBooNE] Elapsed training time:2.51s
[MiniBooNE] Starting validation...
[MiniBooNE] Elapsed validation time:0.24s
[MiniBooNE] [Epoch=053] Train Loss=[QuantLoss=0.07926]Val loss = [QuantLoss=0.05350][QuantReg:0.47012]
[MiniBooNE] Starting epoch 54...
[MiniBooNE] Elapsed training time:2.44s
[MiniBooNE] Starting validation...
[MiniBooNE] Elapsed validation time:0.23s
[MiniBooNE] [Epoch=054] Train Loss=[QuantLoss=0.08102]Val loss = [QuantLoss=0.04785][QuantReg:0.47121]
[MiniBooNE] Starting epoch 55...
[MiniBooNE] Elapsed training time:2.45s
[MiniBooNE] Starting validation...
[MiniBooNE] Elapsed validation time:0.22s
[MiniBooNE] [Epoch=055] Train Loss=[QuantLoss=0.07815]Val loss = [QuantLoss=0.05205][QuantReg:0.46943]
[MiniBooNE] Starting epoch 56...
[MiniBooNE] Elapsed training time:2.44s
[MiniBooNE] Starting validation...
[MiniBooNE] Elapsed validation time:0.26s
[MiniBooNE] [Epoch=056] Train Loss=[QuantLoss=0.08224]Val loss = [QuantLoss=0.05758][QuantReg:0.47213]
[MiniBooNE] Starting epoch 57...
[MiniBooNE] Elapsed training time:2.44s
[MiniBooNE] Starting validation...
[MiniBooNE] Elapsed validation time:0.23s
[MiniBooNE] [Epoch=057] Train Loss=[QuantLoss=0.08009]Val loss = [QuantLoss=0.05532][QuantReg:0.47119]
[MiniBooNE] Starting epoch 58...
[MiniBooNE] Elapsed training time:2.45s
[MiniBooNE] Starting validation...
[MiniBooNE] Elapsed validation time:0.24s
[MiniBooNE] [Epoch=058] Train Loss=[QuantLoss=0.07957]Val loss = [QuantLoss=0.05969][QuantReg:0.47085]
[MiniBooNE] Starting epoch 59...
[MiniBooNE] Elapsed training time:2.44s
[MiniBooNE] Starting validation...
[MiniBooNE] Elapsed validation time:0.23s
[MiniBooNE] [Epoch=059] Train Loss=[QuantLoss=0.08218]Val loss = [QuantLoss=0.05482][QuantReg:0.47062]
[MiniBooNE] Starting epoch 60...
[MiniBooNE] Elapsed training time:2.45s
[MiniBooNE] Starting validation...
[MiniBooNE] Elapsed validation time:0.24s
[MiniBooNE] [Epoch=060] Train Loss=[QuantLoss=0.08004]Val loss = [QuantLoss=0.05779][QuantReg:0.47203]
[MiniBooNE] Starting epoch 61...
[MiniBooNE] Elapsed training time:2.49s
[MiniBooNE] Starting validation...
[MiniBooNE] Elapsed validation time:0.23s
[MiniBooNE] [Epoch=061] Train Loss=[QuantLoss=0.08244]Val loss = [QuantLoss=0.04827][QuantReg:0.46972]
[MiniBooNE] Starting epoch 62...
[MiniBooNE] Elapsed training time:2.46s
[MiniBooNE] Starting validation...
[MiniBooNE] Elapsed validation time:0.23s
[MiniBooNE] [Epoch=062] Train Loss=[QuantLoss=0.07870]Val loss = [QuantLoss=0.05238][QuantReg:0.47497]
[MiniBooNE] Starting epoch 63...
[MiniBooNE] Elapsed training time:2.48s
[MiniBooNE] Starting validation...
[MiniBooNE] Elapsed validation time:0.23s
[MiniBooNE] [Epoch=063] Train Loss=[QuantLoss=0.08287]Val loss = [QuantLoss=0.05906][QuantReg:0.47379]
[MiniBooNE] Starting epoch 64...
[MiniBooNE] Elapsed training time:2.48s
[MiniBooNE] Starting validation...
[MiniBooNE] Elapsed validation time:0.23s
[MiniBooNE] [Epoch=064] Train Loss=[QuantLoss=0.07990]Val loss = [QuantLoss=0.05416][QuantReg:0.47202]
[MiniBooNE] Starting epoch 65...
[MiniBooNE] Elapsed training time:2.43s
[MiniBooNE] Starting validation...
[MiniBooNE] Elapsed validation time:0.24s
[MiniBooNE] [Epoch=065] Train Loss=[QuantLoss=0.07748]Val loss = [QuantLoss=0.05476][QuantReg:0.46888]
[MiniBooNE] Starting epoch 66...
[MiniBooNE] Elapsed training time:2.47s
[MiniBooNE] Starting validation...
[MiniBooNE] Elapsed validation time:0.24s
[MiniBooNE] [Epoch=066] Train Loss=[QuantLoss=0.07888]Val loss = [QuantLoss=0.05932][QuantReg:0.47330]
[MiniBooNE] Starting epoch 67...
[MiniBooNE] Elapsed training time:2.41s
[MiniBooNE] Starting validation...
[MiniBooNE] Elapsed validation time:0.23s
[MiniBooNE] [Epoch=067] Train Loss=[QuantLoss=0.07731]Val loss = [QuantLoss=0.05277][QuantReg:0.47116]
[MiniBooNE] Starting epoch 68...
[MiniBooNE] Elapsed training time:2.48s
[MiniBooNE] Starting validation...
[MiniBooNE] Elapsed validation time:0.14s
[MiniBooNE] [Epoch=068] Train Loss=[QuantLoss=0.07648]Val loss = [QuantLoss=0.05180][QuantReg:0.47412]
[MiniBooNE] Starting epoch 69...
[MiniBooNE] Elapsed training time:2.42s
[MiniBooNE] Starting validation...
[MiniBooNE] Elapsed validation time:0.16s
[MiniBooNE] [Epoch=069] Train Loss=[QuantLoss=0.07750]Val loss = [QuantLoss=0.06043][QuantReg:0.47346]
[MiniBooNE] Starting epoch 70...
[MiniBooNE] Elapsed training time:2.38s
[MiniBooNE] Starting validation...
[MiniBooNE] Elapsed validation time:0.16s
[MiniBooNE] [Epoch=070] Train Loss=[QuantLoss=0.07553]Val loss = [QuantLoss=0.05636][QuantReg:0.47045]
[MiniBooNE] Starting epoch 71...
[MiniBooNE] Elapsed training time:2.39s
[MiniBooNE] Starting validation...
[MiniBooNE] Elapsed validation time:0.14s
[MiniBooNE] [Epoch=071] Train Loss=[QuantLoss=0.07720]Val loss = [QuantLoss=0.05985][QuantReg:0.47049]
[MiniBooNE] Starting epoch 72...
[MiniBooNE] Elapsed training time:2.47s
[MiniBooNE] Starting validation...
[MiniBooNE] Elapsed validation time:0.15s
[MiniBooNE] [Epoch=072] Train Loss=[QuantLoss=0.07702]Val loss = [QuantLoss=0.05267][QuantReg:0.47179]
[MiniBooNE] Starting epoch 73...
[MiniBooNE] Elapsed training time:2.41s
[MiniBooNE] Starting validation...
[MiniBooNE] Elapsed validation time:0.15s
[MiniBooNE] [Epoch=073] Train Loss=[QuantLoss=0.08036]Val loss = [QuantLoss=0.06101][QuantReg:0.47471]
[MiniBooNE] Starting epoch 74...
[MiniBooNE] Elapsed training time:2.37s
[MiniBooNE] Starting validation...
[MiniBooNE] Elapsed validation time:0.15s
[MiniBooNE] [Epoch=074] Train Loss=[QuantLoss=0.07880]Val loss = [QuantLoss=0.05026][QuantReg:0.47041]
[MiniBooNE] Starting epoch 75...
[MiniBooNE] Elapsed training time:2.39s
[MiniBooNE] Starting validation...
[MiniBooNE] Elapsed validation time:0.14s
[MiniBooNE] [Epoch=075] Train Loss=[QuantLoss=0.07730]Val loss = [QuantLoss=0.05829][QuantReg:0.47315]
[MiniBooNE] Starting epoch 76...
[MiniBooNE] Elapsed training time:2.42s
[MiniBooNE] Starting validation...
[MiniBooNE] Elapsed validation time:0.14s
[MiniBooNE] [Epoch=076] Train Loss=[QuantLoss=0.07885]Val loss = [QuantLoss=0.05627][QuantReg:0.47384]
[MiniBooNE] Starting epoch 77...
[MiniBooNE] Elapsed training time:2.35s
[MiniBooNE] Starting validation...
[MiniBooNE] Elapsed validation time:0.14s
[MiniBooNE] [Epoch=077] Train Loss=[QuantLoss=0.07605]Val loss = [QuantLoss=0.05547][QuantReg:0.47293]
[MiniBooNE] Starting epoch 78...
[MiniBooNE] Elapsed training time:2.38s
[MiniBooNE] Starting validation...
[MiniBooNE] Elapsed validation time:0.15s
[MiniBooNE] [Epoch=078] Train Loss=[QuantLoss=0.07636]Val loss = [QuantLoss=0.04990][QuantReg:0.46955]
[MiniBooNE] Starting epoch 79...
[MiniBooNE] Elapsed training time:2.52s
[MiniBooNE] Starting validation...
[MiniBooNE] Elapsed validation time:0.16s
[MiniBooNE] [Epoch=079] Train Loss=[QuantLoss=0.07866]Val loss = [QuantLoss=0.05177][QuantReg:0.46903]
[MiniBooNE] Starting epoch 80...
[MiniBooNE] Elapsed training time:2.38s
[MiniBooNE] Starting validation...
[MiniBooNE] Elapsed validation time:0.17s
[MiniBooNE] [Epoch=080] Train Loss=[QuantLoss=0.07928]Val loss = [QuantLoss=0.05018][QuantReg:0.47185]
[MiniBooNE] Starting epoch 81...
[MiniBooNE] Elapsed training time:2.37s
[MiniBooNE] Starting validation...
[MiniBooNE] Elapsed validation time:0.15s
[MiniBooNE] [Epoch=081] Train Loss=[QuantLoss=0.07766]Val loss = [QuantLoss=0.05474][QuantReg:0.47335]
[MiniBooNE] Starting epoch 82...
[MiniBooNE] Elapsed training time:2.41s
[MiniBooNE] Starting validation...
[MiniBooNE] Elapsed validation time:0.15s
[MiniBooNE] [Epoch=082] Train Loss=[QuantLoss=0.07829]Val loss = [QuantLoss=0.04734][QuantReg:0.47506]
[MiniBooNE] Starting epoch 83...
[MiniBooNE] Elapsed training time:2.43s
[MiniBooNE] Starting validation...
[MiniBooNE] Elapsed validation time:0.16s
[MiniBooNE] [Epoch=083] Train Loss=[QuantLoss=0.07490]Val loss = [QuantLoss=0.05577][QuantReg:0.47537]
[MiniBooNE] Starting epoch 84...
[MiniBooNE] Elapsed training time:2.40s
[MiniBooNE] Starting validation...
[MiniBooNE] Elapsed validation time:0.15s
[MiniBooNE] [Epoch=084] Train Loss=[QuantLoss=0.07567]Val loss = [QuantLoss=0.05566][QuantReg:0.47431]
[MiniBooNE] Starting epoch 85...
[MiniBooNE] Elapsed training time:2.35s
[MiniBooNE] Starting validation...
[MiniBooNE] Elapsed validation time:0.15s
[MiniBooNE] [Epoch=085] Train Loss=[QuantLoss=0.07552]Val loss = [QuantLoss=0.05005][QuantReg:0.47191]
[MiniBooNE] Starting epoch 86...
[MiniBooNE] Elapsed training time:2.47s
[MiniBooNE] Starting validation...
[MiniBooNE] Elapsed validation time:0.16s
[MiniBooNE] [Epoch=086] Train Loss=[QuantLoss=0.07721]Val loss = [QuantLoss=0.07353][QuantReg:0.47442]
[MiniBooNE] Starting epoch 87...
[MiniBooNE] Elapsed training time:2.43s
[MiniBooNE] Starting validation...
[MiniBooNE] Elapsed validation time:0.14s
[MiniBooNE] [Epoch=087] Train Loss=[QuantLoss=0.07821]Val loss = [QuantLoss=0.05985][QuantReg:0.47519]
[MiniBooNE] Starting epoch 88...
[MiniBooNE] Elapsed training time:2.41s
[MiniBooNE] Starting validation...
[MiniBooNE] Elapsed validation time:0.15s
[MiniBooNE] [Epoch=088] Train Loss=[QuantLoss=0.07622]Val loss = [QuantLoss=0.05648][QuantReg:0.47555]
[MiniBooNE] Starting epoch 89...
[MiniBooNE] Elapsed training time:2.39s
[MiniBooNE] Starting validation...
[MiniBooNE] Elapsed validation time:0.16s
[MiniBooNE] [Epoch=089] Train Loss=[QuantLoss=0.07586]Val loss = [QuantLoss=0.05072][QuantReg:0.47407]
[MiniBooNE] Starting epoch 90...
[MiniBooNE] Elapsed training time:2.40s
[MiniBooNE] Starting validation...
[MiniBooNE] Elapsed validation time:0.15s
[MiniBooNE] [Epoch=090] Train Loss=[QuantLoss=0.07618]Val loss = [QuantLoss=0.04819][QuantReg:0.47433]
[MiniBooNE] Starting epoch 91...
[MiniBooNE] Elapsed training time:2.37s
[MiniBooNE] Starting validation...
[MiniBooNE] Elapsed validation time:0.15s
[MiniBooNE] [Epoch=091] Train Loss=[QuantLoss=0.07360]Val loss = [QuantLoss=0.05675][QuantReg:0.47528]
[MiniBooNE] Starting epoch 92...
[MiniBooNE] Elapsed training time:2.43s
[MiniBooNE] Starting validation...
[MiniBooNE] Elapsed validation time:0.15s
[MiniBooNE] [Epoch=092] Train Loss=[QuantLoss=0.07687]Val loss = [QuantLoss=0.05493][QuantReg:0.47215]
[MiniBooNE] Starting epoch 93...
[MiniBooNE] Elapsed training time:2.40s
[MiniBooNE] Starting validation...
[MiniBooNE] Elapsed validation time:0.14s
[MiniBooNE] [Epoch=093] Train Loss=[QuantLoss=0.07494]Val loss = [QuantLoss=0.05751][QuantReg:0.47484]
[MiniBooNE] Starting epoch 94...
[MiniBooNE] Elapsed training time:2.35s
[MiniBooNE] Starting validation...
[MiniBooNE] Elapsed validation time:0.24s
[MiniBooNE] [Epoch=094] Train Loss=[QuantLoss=0.07774]Val loss = [QuantLoss=0.04970][QuantReg:0.47329]
[MiniBooNE] Starting epoch 95...
[MiniBooNE] Elapsed training time:2.48s
[MiniBooNE] Starting validation...
[MiniBooNE] Elapsed validation time:0.23s
[MiniBooNE] [Epoch=095] Train Loss=[QuantLoss=0.07423]Val loss = [QuantLoss=0.04990][QuantReg:0.47646]
[MiniBooNE] Starting epoch 96...
[MiniBooNE] Elapsed training time:2.43s
[MiniBooNE] Starting validation...
[MiniBooNE] Elapsed validation time:0.25s
[MiniBooNE] [Epoch=096] Train Loss=[QuantLoss=0.07497]Val loss = [QuantLoss=0.05562][QuantReg:0.47376]
[MiniBooNE] Starting epoch 97...
[MiniBooNE] Elapsed training time:2.51s
[MiniBooNE] Starting validation...
[MiniBooNE] Elapsed validation time:0.24s
[MiniBooNE] [Epoch=097] Train Loss=[QuantLoss=0.07687]Val loss = [QuantLoss=0.05801][QuantReg:0.47659]
[MiniBooNE] Starting epoch 98...
[MiniBooNE] Elapsed training time:2.50s
[MiniBooNE] Starting validation...
[MiniBooNE] Elapsed validation time:0.24s
[MiniBooNE] [Epoch=098] Train Loss=[QuantLoss=0.07554]Val loss = [QuantLoss=0.05755][QuantReg:0.47652]
[MiniBooNE] Starting epoch 99...
[MiniBooNE] Elapsed training time:2.48s
[MiniBooNE] Starting validation...
[MiniBooNE] Elapsed validation time:0.23s
[MiniBooNE] [Epoch=099] Train Loss=[QuantLoss=0.07547]Val loss = [QuantLoss=0.05668][QuantReg:0.47572]
[MiniBooNE] Starting epoch 100...
[MiniBooNE] Elapsed training time:2.46s
[MiniBooNE] Starting validation...
[MiniBooNE] Elapsed validation time:0.23s
[MiniBooNE] [Epoch=100] Train Loss=[QuantLoss=0.07485]Val loss = [QuantLoss=0.06004][QuantReg:0.47780]
[MiniBooNE] Starting epoch 101...
[MiniBooNE] Elapsed training time:2.49s
[MiniBooNE] Starting validation...
[MiniBooNE] Elapsed validation time:0.26s
[MiniBooNE] [Epoch=101] Train Loss=[QuantLoss=0.07460]Val loss = [QuantLoss=0.05324][QuantReg:0.47619]
[MiniBooNE] Starting epoch 102...
[MiniBooNE] Elapsed training time:2.47s
[MiniBooNE] Starting validation...
[MiniBooNE] Elapsed validation time:0.24s
[MiniBooNE] [Epoch=102] Train Loss=[QuantLoss=0.07542]Val loss = [QuantLoss=0.05758][QuantReg:0.47526]
[MiniBooNE] Starting epoch 103...
[MiniBooNE] Elapsed training time:2.46s
[MiniBooNE] Starting validation...
[MiniBooNE] Elapsed validation time:0.25s
[MiniBooNE] [Epoch=103] Train Loss=[QuantLoss=0.07714]Val loss = [QuantLoss=0.05155][QuantReg:0.47714]
[MiniBooNE] Starting epoch 104...
[MiniBooNE] Elapsed training time:2.45s
[MiniBooNE] Starting validation...
[MiniBooNE] Elapsed validation time:0.23s
[MiniBooNE] [Epoch=104] Train Loss=[QuantLoss=0.07609]Val loss = [QuantLoss=0.05654][QuantReg:0.47552]
[MiniBooNE] Starting epoch 105...
[MiniBooNE] Elapsed training time:2.52s
[MiniBooNE] Starting validation...
[MiniBooNE] Elapsed validation time:0.23s
[MiniBooNE] [Epoch=105] Train Loss=[QuantLoss=0.07651]Val loss = [QuantLoss=0.05268][QuantReg:0.47790]
[MiniBooNE] Starting epoch 106...
[MiniBooNE] Elapsed training time:2.52s
[MiniBooNE] Starting validation...
[MiniBooNE] Elapsed validation time:0.23s
[MiniBooNE] [Epoch=106] Train Loss=[QuantLoss=0.07295]Val loss = [QuantLoss=0.05753][QuantReg:0.47352]
[MiniBooNE] Starting epoch 107...
[MiniBooNE] Elapsed training time:2.47s
[MiniBooNE] Starting validation...
[MiniBooNE] Elapsed validation time:0.24s
[MiniBooNE] [Epoch=107] Train Loss=[QuantLoss=0.07604]Val loss = [QuantLoss=0.06739][QuantReg:0.47485]
[MiniBooNE] Starting epoch 108...
[MiniBooNE] Elapsed training time:2.45s
[MiniBooNE] Starting validation...
[MiniBooNE] Elapsed validation time:0.23s
[MiniBooNE] [Epoch=108] Train Loss=[QuantLoss=0.07776]Val loss = [QuantLoss=0.05905][QuantReg:0.47395]
[MiniBooNE] Starting epoch 109...
[MiniBooNE] Elapsed training time:2.47s
[MiniBooNE] Starting validation...
[MiniBooNE] Elapsed validation time:0.22s
[MiniBooNE] [Epoch=109] Train Loss=[QuantLoss=0.07590]Val loss = [QuantLoss=0.05875][QuantReg:0.47519]
[MiniBooNE] Starting epoch 110...
[MiniBooNE] Elapsed training time:2.48s
[MiniBooNE] Starting validation...
[MiniBooNE] Elapsed validation time:0.22s
[MiniBooNE] [Epoch=110] Train Loss=[QuantLoss=0.07359]Val loss = [QuantLoss=0.05046][QuantReg:0.47561]
[MiniBooNE] Starting epoch 111...
[MiniBooNE] Elapsed training time:2.50s
[MiniBooNE] Starting validation...
[MiniBooNE] Elapsed validation time:0.24s
[MiniBooNE] [Epoch=111] Train Loss=[QuantLoss=0.07493]Val loss = [QuantLoss=0.05884][QuantReg:0.47680]
[MiniBooNE] Starting epoch 112...
[MiniBooNE] Elapsed training time:2.45s
[MiniBooNE] Starting validation...
[MiniBooNE] Elapsed validation time:0.23s
[MiniBooNE] [Epoch=112] Train Loss=[QuantLoss=0.07193]Val loss = [QuantLoss=0.04946][QuantReg:0.47632]
[MiniBooNE] Starting epoch 113...
[MiniBooNE] Elapsed training time:2.45s
[MiniBooNE] Starting validation...
[MiniBooNE] Elapsed validation time:0.23s
[MiniBooNE] [Epoch=113] Train Loss=[QuantLoss=0.07407]Val loss = [QuantLoss=0.05885][QuantReg:0.47604]
[MiniBooNE] Starting epoch 114...
[MiniBooNE] Elapsed training time:2.50s
[MiniBooNE] Starting validation...
[MiniBooNE] Elapsed validation time:0.24s
[MiniBooNE] [Epoch=114] Train Loss=[QuantLoss=0.07338]Val loss = [QuantLoss=0.05860][QuantReg:0.47651]
[MiniBooNE] Starting epoch 115...
[MiniBooNE] Elapsed training time:2.50s
[MiniBooNE] Starting validation...
[MiniBooNE] Elapsed validation time:0.24s
[MiniBooNE] [Epoch=115] Train Loss=[QuantLoss=0.07458]Val loss = [QuantLoss=0.05301][QuantReg:0.47696]
[MiniBooNE] Starting epoch 116...
[MiniBooNE] Elapsed training time:2.49s
[MiniBooNE] Starting validation...
[MiniBooNE] Elapsed validation time:0.23s
[MiniBooNE] [Epoch=116] Train Loss=[QuantLoss=0.07671]Val loss = [QuantLoss=0.05922][QuantReg:0.47568]
[MiniBooNE] Starting epoch 117...
[MiniBooNE] Elapsed training time:2.46s
[MiniBooNE] Starting validation...
[MiniBooNE] Elapsed validation time:0.25s
[MiniBooNE] [Epoch=117] Train Loss=[QuantLoss=0.07536]Val loss = [QuantLoss=0.05678][QuantReg:0.47461]
[MiniBooNE] Starting epoch 118...
[MiniBooNE] Elapsed training time:2.46s
[MiniBooNE] Starting validation...
[MiniBooNE] Elapsed validation time:0.24s
[MiniBooNE] [Epoch=118] Train Loss=[QuantLoss=0.07831]Val loss = [QuantLoss=0.04775][QuantReg:0.47795]
[MiniBooNE] Starting epoch 119...
[MiniBooNE] Elapsed training time:2.54s
[MiniBooNE] Starting validation...
[MiniBooNE] Elapsed validation time:0.24s
[MiniBooNE] [Epoch=119] Train Loss=[QuantLoss=0.07538]Val loss = [QuantLoss=0.05774][QuantReg:0.47509]
[MiniBooNE] Starting epoch 120...
[MiniBooNE] Elapsed training time:2.46s
[MiniBooNE] Starting validation...
[MiniBooNE] Elapsed validation time:0.24s
[MiniBooNE] [Epoch=120] Train Loss=[QuantLoss=0.07360]Val loss = [QuantLoss=0.04572][QuantReg:0.47526]
[MiniBooNE] Starting epoch 121...
[MiniBooNE] Elapsed training time:2.46s
[MiniBooNE] Starting validation...
[MiniBooNE] Elapsed validation time:0.23s
[MiniBooNE] [Epoch=121] Train Loss=[QuantLoss=0.07645]Val loss = [QuantLoss=0.05895][QuantReg:0.47783]
[MiniBooNE] Starting epoch 122...
[MiniBooNE] Elapsed training time:2.46s
[MiniBooNE] Starting validation...
[MiniBooNE] Elapsed validation time:0.24s
[MiniBooNE] [Epoch=122] Train Loss=[QuantLoss=0.07604]Val loss = [QuantLoss=0.05557][QuantReg:0.47775]
[MiniBooNE] Starting epoch 123...
[MiniBooNE] Elapsed training time:2.50s
[MiniBooNE] Starting validation...
[MiniBooNE] Elapsed validation time:0.24s
[MiniBooNE] [Epoch=123] Train Loss=[QuantLoss=0.07798]Val loss = [QuantLoss=0.05682][QuantReg:0.47399]
[MiniBooNE] Starting epoch 124...
[MiniBooNE] Elapsed training time:2.41s
[MiniBooNE] Starting validation...
[MiniBooNE] Elapsed validation time:0.24s
[MiniBooNE] [Epoch=124] Train Loss=[QuantLoss=0.07516]Val loss = [QuantLoss=0.05523][QuantReg:0.47546]
[MiniBooNE] Starting epoch 125...
[MiniBooNE] Elapsed training time:2.54s
[MiniBooNE] Starting validation...
[MiniBooNE] Elapsed validation time:0.24s
[MiniBooNE] [Epoch=125] Train Loss=[QuantLoss=0.07312]Val loss = [QuantLoss=0.05712][QuantReg:0.47695]
[MiniBooNE] Starting epoch 126...
[MiniBooNE] Elapsed training time:2.44s
[MiniBooNE] Starting validation...
[MiniBooNE] Elapsed validation time:0.24s
[MiniBooNE] [Epoch=126] Train Loss=[QuantLoss=0.07742]Val loss = [QuantLoss=0.06088][QuantReg:0.47422]
[MiniBooNE] Starting epoch 127...
[MiniBooNE] Elapsed training time:2.52s
[MiniBooNE] Starting validation...
[MiniBooNE] Elapsed validation time:0.25s
[MiniBooNE] [Epoch=127] Train Loss=[QuantLoss=0.07446]Val loss = [QuantLoss=0.04986][QuantReg:0.47630]
[MiniBooNE] Early stopping in epoch 127!
[MiniBooNE] Restoring best model...
MAE médio por bag: 0.0422 ± 0.0343
Resultados, incluindo predições, salvos em: resultados_miniboone/resultados_miniboone_kl_easiest_1.csv
