Dataset: /home/nildaimon/gmnet/experiments/train_curl/Datasets/Sanders/twitter-sanders-apple3.csv
Dificuldade: metric=None, mode=None, top_k=None
Rodada: 2
Salvar resultados em: resultados_sanders
Dispositivo de treino: cpu
Carregando e processando dataset Twitter
Carregando embeddings do cache...
Ignoring val_split as train and val datasets where given to fit function
We have two datasets: training 1092 examples. validation 100 examples.]
Using device cpu
[Twitter] Starting epoch 0...
[Twitter] Elapsed training time:2.90s
[Twitter] Starting validation...
[Twitter] Elapsed validation time:0.18s
[Twitter] [Epoch=000] Train Loss=[QuantLoss=0.05242]Val loss = [QuantLoss=0.02796][QuantReg:0.41099][saved best model in this epoch]
[Twitter] Starting epoch 1...
[Twitter] Elapsed training time:2.93s
[Twitter] Starting validation...
[Twitter] Elapsed validation time:0.20s
[Twitter] [Epoch=001] Train Loss=[QuantLoss=0.03537]Val loss = [QuantLoss=0.04158][QuantReg:0.37482]
[Twitter] Starting epoch 2...
[Twitter] Elapsed training time:2.96s
[Twitter] Starting validation...
[Twitter] Elapsed validation time:0.19s
[Twitter] [Epoch=002] Train Loss=[QuantLoss=0.03019]Val loss = [QuantLoss=0.03044][QuantReg:0.37040]
[Twitter] Starting epoch 3...
[Twitter] Elapsed training time:2.97s
[Twitter] Starting validation...
[Twitter] Elapsed validation time:0.19s
[Twitter] [Epoch=003] Train Loss=[QuantLoss=0.02892]Val loss = [QuantLoss=0.08864][QuantReg:0.37708]
[Twitter] Starting epoch 4...
[Twitter] Elapsed training time:2.93s
[Twitter] Starting validation...
[Twitter] Elapsed validation time:0.18s
[Twitter] [Epoch=004] Train Loss=[QuantLoss=0.02763]Val loss = [QuantLoss=0.07329][QuantReg:0.35473]
[Twitter] Starting epoch 5...
[Twitter] Elapsed training time:2.98s
[Twitter] Starting validation...
[Twitter] Elapsed validation time:0.18s
[Twitter] [Epoch=005] Train Loss=[QuantLoss=0.02631]Val loss = [QuantLoss=0.11369][QuantReg:0.33389]
[Twitter] Starting epoch 6...
[Twitter] Elapsed training time:3.00s
[Twitter] Starting validation...
[Twitter] Elapsed validation time:0.20s
[Twitter] [Epoch=006] Train Loss=[QuantLoss=0.02817]Val loss = [QuantLoss=0.05429][QuantReg:0.33654]
[Twitter] Starting epoch 7...
[Twitter] Elapsed training time:2.91s
[Twitter] Starting validation...
[Twitter] Elapsed validation time:0.21s
[Twitter] [Epoch=007] Train Loss=[QuantLoss=0.02426]Val loss = [QuantLoss=0.03062][QuantReg:0.33238]
[Twitter] Starting epoch 8...
[Twitter] Elapsed training time:2.99s
[Twitter] Starting validation...
[Twitter] Elapsed validation time:0.18s
[Twitter] [Epoch=008] Train Loss=[QuantLoss=0.02685]Val loss = [QuantLoss=0.05943][QuantReg:0.36683]
[Twitter] Starting epoch 9...
[Twitter] Elapsed training time:3.01s
[Twitter] Starting validation...
[Twitter] Elapsed validation time:0.19s
[Twitter] [Epoch=009] Train Loss=[QuantLoss=0.02581]Val loss = [QuantLoss=0.02912][QuantReg:0.36626]
[Twitter] Starting epoch 10...
[Twitter] Elapsed training time:2.96s
[Twitter] Starting validation...
[Twitter] Elapsed validation time:0.19s
[Twitter] [Epoch=010] Train Loss=[QuantLoss=0.02262]Val loss = [QuantLoss=0.06682][QuantReg:0.36458]
[Twitter] Starting epoch 11...
[Twitter] Elapsed training time:2.99s
[Twitter] Starting validation...
[Twitter] Elapsed validation time:0.18s
[Twitter] [Epoch=011] Train Loss=[QuantLoss=0.02663]Val loss = [QuantLoss=0.07602][QuantReg:0.35296]
[Twitter] Starting epoch 12...
[Twitter] Elapsed training time:2.92s
[Twitter] Starting validation...
[Twitter] Elapsed validation time:0.21s
[Twitter] [Epoch=012] Train Loss=[QuantLoss=0.02301]Val loss = [QuantLoss=0.06930][QuantReg:0.36842]
[Twitter] Starting epoch 13...
[Twitter] Elapsed training time:2.91s
[Twitter] Starting validation...
[Twitter] Elapsed validation time:0.18s
[Twitter] [Epoch=013] Train Loss=[QuantLoss=0.02179]Val loss = [QuantLoss=0.08082][QuantReg:0.35546]
[Twitter] Starting epoch 14...
[Twitter] Elapsed training time:2.91s
[Twitter] Starting validation...
[Twitter] Elapsed validation time:0.18s
[Twitter] [Epoch=014] Train Loss=[QuantLoss=0.02214]Val loss = [QuantLoss=0.08602][QuantReg:0.37316]
[Twitter] Starting epoch 15...
[Twitter] Elapsed training time:2.90s
[Twitter] Starting validation...
[Twitter] Elapsed validation time:0.19s
[Twitter] [Epoch=015] Train Loss=[QuantLoss=0.02227]Val loss = [QuantLoss=0.04521][QuantReg:0.35455]
[Twitter] Starting epoch 16...
[Twitter] Elapsed training time:2.93s
[Twitter] Starting validation...
[Twitter] Elapsed validation time:0.19s
[Twitter] [Epoch=016] Train Loss=[QuantLoss=0.02205]Val loss = [QuantLoss=0.07889][QuantReg:0.34613]
[Twitter] Starting epoch 17...
[Twitter] Elapsed training time:2.92s
[Twitter] Starting validation...
[Twitter] Elapsed validation time:0.21s
[Twitter] [Epoch=017] Train Loss=[QuantLoss=0.02115]Val loss = [QuantLoss=0.03612][QuantReg:0.34003]
[Twitter] Starting epoch 18...
[Twitter] Elapsed training time:2.95s
[Twitter] Starting validation...
[Twitter] Elapsed validation time:0.18s
[Twitter] [Epoch=018] Train Loss=[QuantLoss=0.02164]Val loss = [QuantLoss=0.03359][QuantReg:0.34591]
[Twitter] Starting epoch 19...
[Twitter] Elapsed training time:2.92s
[Twitter] Starting validation...
[Twitter] Elapsed validation time:0.27s
[Twitter] [Epoch=019] Train Loss=[QuantLoss=0.02121]Val loss = [QuantLoss=0.05114][QuantReg:0.34052]
[Twitter] Starting epoch 20...
[Twitter] Elapsed training time:2.97s
[Twitter] Starting validation...
[Twitter] Elapsed validation time:0.28s
[Twitter] [Epoch=020] Train Loss=[QuantLoss=0.02018]Val loss = [QuantLoss=0.04897][QuantReg:0.34299]
[Twitter] Starting epoch 21...
[Twitter] Elapsed training time:2.92s
[Twitter] Starting validation...
[Twitter] Elapsed validation time:0.28s
[Twitter] [Epoch=021] Train Loss=[QuantLoss=0.02001]Val loss = [QuantLoss=0.04538][QuantReg:0.34805]
[Twitter] Starting epoch 22...
[Twitter] Elapsed training time:2.95s
[Twitter] Starting validation...
[Twitter] Elapsed validation time:0.30s
[Twitter] [Epoch=022] Train Loss=[QuantLoss=0.01858]Val loss = [QuantLoss=0.04347][QuantReg:0.34428]
[Twitter] Starting epoch 23...
[Twitter] Elapsed training time:2.89s
[Twitter] Starting validation...
[Twitter] Elapsed validation time:0.27s
[Twitter] [Epoch=023] Train Loss=[QuantLoss=0.01836]Val loss = [QuantLoss=0.03477][QuantReg:0.33887]
[Twitter] Starting epoch 24...
[Twitter] Elapsed training time:2.90s
[Twitter] Starting validation...
[Twitter] Elapsed validation time:0.28s
[Twitter] [Epoch=024] Train Loss=[QuantLoss=0.01882]Val loss = [QuantLoss=0.03126][QuantReg:0.34024]
[Twitter] Starting epoch 25...
[Twitter] Elapsed training time:2.89s
[Twitter] Starting validation...
[Twitter] Elapsed validation time:0.27s
[Twitter] [Epoch=025] Train Loss=[QuantLoss=0.01727]Val loss = [QuantLoss=0.03536][QuantReg:0.34310]
[Twitter] Starting epoch 26...
[Twitter] Elapsed training time:2.94s
[Twitter] Starting validation...
[Twitter] Elapsed validation time:0.27s
[Twitter] [Epoch=026] Train Loss=[QuantLoss=0.01659]Val loss = [QuantLoss=0.03496][QuantReg:0.34186]
[Twitter] Starting epoch 27...
[Twitter] Elapsed training time:2.92s
[Twitter] Starting validation...
[Twitter] Elapsed validation time:0.28s
[Twitter] [Epoch=027] Train Loss=[QuantLoss=0.01556]Val loss = [QuantLoss=0.02627][QuantReg:0.34344][saved best model in this epoch]
[Twitter] Starting epoch 28...
[Twitter] Elapsed training time:2.91s
[Twitter] Starting validation...
[Twitter] Elapsed validation time:0.29s
[Twitter] [Epoch=028] Train Loss=[QuantLoss=0.01712]Val loss = [QuantLoss=0.03258][QuantReg:0.33912]
[Twitter] Starting epoch 29...
[Twitter] Elapsed training time:2.97s
[Twitter] Starting validation...
[Twitter] Elapsed validation time:0.28s
[Twitter] [Epoch=029] Train Loss=[QuantLoss=0.01557]Val loss = [QuantLoss=0.03351][QuantReg:0.34187]
[Twitter] Starting epoch 30...
[Twitter] Elapsed training time:2.97s
[Twitter] Starting validation...
[Twitter] Elapsed validation time:0.27s
[Twitter] [Epoch=030] Train Loss=[QuantLoss=0.01640]Val loss = [QuantLoss=0.02641][QuantReg:0.34295]
[Twitter] Starting epoch 31...
[Twitter] Elapsed training time:2.96s
[Twitter] Starting validation...
[Twitter] Elapsed validation time:0.27s
[Twitter] [Epoch=031] Train Loss=[QuantLoss=0.01577]Val loss = [QuantLoss=0.02952][QuantReg:0.33968]
[Twitter] Starting epoch 32...
[Twitter] Elapsed training time:2.95s
[Twitter] Starting validation...
[Twitter] Elapsed validation time:0.29s
[Twitter] [Epoch=032] Train Loss=[QuantLoss=0.01682]Val loss = [QuantLoss=0.03844][QuantReg:0.33761]
[Twitter] Starting epoch 33...
[Twitter] Elapsed training time:2.99s
[Twitter] Starting validation...
[Twitter] Elapsed validation time:0.28s
[Twitter] [Epoch=033] Train Loss=[QuantLoss=0.01689]Val loss = [QuantLoss=0.03432][QuantReg:0.33330]
[Twitter] Starting epoch 34...
[Twitter] Elapsed training time:2.98s
[Twitter] Starting validation...
[Twitter] Elapsed validation time:0.29s
[Twitter] [Epoch=034] Train Loss=[QuantLoss=0.01594]Val loss = [QuantLoss=0.04704][QuantReg:0.34142]
[Twitter] Starting epoch 35...
[Twitter] Elapsed training time:3.01s
[Twitter] Starting validation...
[Twitter] Elapsed validation time:0.28s
[Twitter] [Epoch=035] Train Loss=[QuantLoss=0.01734]Val loss = [QuantLoss=0.05292][QuantReg:0.33681]
[Twitter] Starting epoch 36...
[Twitter] Elapsed training time:2.96s
[Twitter] Starting validation...
[Twitter] Elapsed validation time:0.29s
[Twitter] [Epoch=036] Train Loss=[QuantLoss=0.01560]Val loss = [QuantLoss=0.07903][QuantReg:0.33528]
[Twitter] Starting epoch 37...
[Twitter] Elapsed training time:2.98s
[Twitter] Starting validation...
[Twitter] Elapsed validation time:0.29s
[Twitter] [Epoch=037] Train Loss=[QuantLoss=0.01683]Val loss = [QuantLoss=0.06958][QuantReg:0.33456]
[Twitter] Starting epoch 38...
[Twitter] Elapsed training time:2.96s
[Twitter] Starting validation...
[Twitter] Elapsed validation time:0.27s
[Twitter] [Epoch=038] Train Loss=[QuantLoss=0.01586]Val loss = [QuantLoss=0.04154][QuantReg:0.34390]
[Twitter] Starting epoch 39...
[Twitter] Elapsed training time:2.94s
[Twitter] Starting validation...
[Twitter] Elapsed validation time:0.28s
[Twitter] [Epoch=039] Train Loss=[QuantLoss=0.01794]Val loss = [QuantLoss=0.04246][QuantReg:0.34039]
[Twitter] Starting epoch 40...
[Twitter] Elapsed training time:2.99s
[Twitter] Starting validation...
[Twitter] Elapsed validation time:0.28s
[Twitter] [Epoch=040] Train Loss=[QuantLoss=0.01609]Val loss = [QuantLoss=0.03786][QuantReg:0.33611]
[Twitter] Starting epoch 41...
[Twitter] Elapsed training time:2.97s
[Twitter] Starting validation...
[Twitter] Elapsed validation time:0.27s
[Twitter] [Epoch=041] Train Loss=[QuantLoss=0.01619]Val loss = [QuantLoss=0.02958][QuantReg:0.33250]
[Twitter] Starting epoch 42...
[Twitter] Elapsed training time:3.00s
[Twitter] Starting validation...
[Twitter] Elapsed validation time:0.30s
[Twitter] [Epoch=042] Train Loss=[QuantLoss=0.01613]Val loss = [QuantLoss=0.04426][QuantReg:0.33133]
[Twitter] Starting epoch 43...
[Twitter] Elapsed training time:2.99s
[Twitter] Starting validation...
[Twitter] Elapsed validation time:0.30s
[Twitter] [Epoch=043] Train Loss=[QuantLoss=0.01513]Val loss = [QuantLoss=0.04053][QuantReg:0.34401]
[Twitter] Starting epoch 44...
[Twitter] Elapsed training time:2.98s
[Twitter] Starting validation...
[Twitter] Elapsed validation time:0.29s
[Twitter] [Epoch=044] Train Loss=[QuantLoss=0.01593]Val loss = [QuantLoss=0.03417][QuantReg:0.34434]
[Twitter] Starting epoch 45...
[Twitter] Elapsed training time:3.00s
[Twitter] Starting validation...
[Twitter] Elapsed validation time:0.27s
[Twitter] [Epoch=045] Train Loss=[QuantLoss=0.01523]Val loss = [QuantLoss=0.03207][QuantReg:0.34296]
[Twitter] Starting epoch 46...
[Twitter] Elapsed training time:2.95s
[Twitter] Starting validation...
[Twitter] Elapsed validation time:0.29s
[Twitter] [Epoch=046] Train Loss=[QuantLoss=0.01458]Val loss = [QuantLoss=0.04589][QuantReg:0.34158]
[Twitter] Starting epoch 47...
[Twitter] Elapsed training time:2.99s
[Twitter] Starting validation...
[Twitter] Elapsed validation time:0.28s
[Twitter] [Epoch=047] Train Loss=[QuantLoss=0.01457]Val loss = [QuantLoss=0.06748][QuantReg:0.34629]
[Twitter] Starting epoch 48...
[Twitter] Elapsed training time:2.96s
[Twitter] Starting validation...
[Twitter] Elapsed validation time:0.29s
[Twitter] [Epoch=048] Train Loss=[QuantLoss=0.01630]Val loss = [QuantLoss=0.02745][QuantReg:0.33872]
[Twitter] Starting epoch 49...
[Twitter] Elapsed training time:3.01s
[Twitter] Starting validation...
[Twitter] Elapsed validation time:0.28s
[Twitter] [Epoch=049] Train Loss=[QuantLoss=0.01376]Val loss = [QuantLoss=0.02716][QuantReg:0.33887]
[Twitter] Starting epoch 50...
[Twitter] Elapsed training time:2.96s
[Twitter] Starting validation...
[Twitter] Elapsed validation time:0.29s
[Twitter] [Epoch=050] Train Loss=[QuantLoss=0.01486]Val loss = [QuantLoss=0.02313][QuantReg:0.34108][saved best model in this epoch]
[Twitter] Starting epoch 51...
[Twitter] Elapsed training time:2.96s
[Twitter] Starting validation...
[Twitter] Elapsed validation time:0.28s
[Twitter] [Epoch=051] Train Loss=[QuantLoss=0.01324]Val loss = [QuantLoss=0.02678][QuantReg:0.34186]
[Twitter] Starting epoch 52...
[Twitter] Elapsed training time:2.96s
[Twitter] Starting validation...
[Twitter] Elapsed validation time:0.28s
[Twitter] [Epoch=052] Train Loss=[QuantLoss=0.01445]Val loss = [QuantLoss=0.02718][QuantReg:0.34010]
[Twitter] Starting epoch 53...
[Twitter] Elapsed training time:2.99s
[Twitter] Starting validation...
[Twitter] Elapsed validation time:0.27s
[Twitter] [Epoch=053] Train Loss=[QuantLoss=0.01435]Val loss = [QuantLoss=0.02473][QuantReg:0.34066]
[Twitter] Starting epoch 54...
[Twitter] Elapsed training time:3.11s
[Twitter] Starting validation...
[Twitter] Elapsed validation time:0.18s
[Twitter] [Epoch=054] Train Loss=[QuantLoss=0.01314]Val loss = [QuantLoss=0.02422][QuantReg:0.34471]
[Twitter] Starting epoch 55...
[Twitter] Elapsed training time:2.92s
[Twitter] Starting validation...
[Twitter] Elapsed validation time:0.19s
[Twitter] [Epoch=055] Train Loss=[QuantLoss=0.01355]Val loss = [QuantLoss=0.02233][QuantReg:0.34189][saved best model in this epoch]
[Twitter] Starting epoch 56...
[Twitter] Elapsed training time:2.94s
[Twitter] Starting validation...
[Twitter] Elapsed validation time:0.19s
[Twitter] [Epoch=056] Train Loss=[QuantLoss=0.01309]Val loss = [QuantLoss=0.02650][QuantReg:0.34094]
[Twitter] Starting epoch 57...
[Twitter] Elapsed training time:2.96s
[Twitter] Starting validation...
[Twitter] Elapsed validation time:0.20s
[Twitter] [Epoch=057] Train Loss=[QuantLoss=0.01299]Val loss = [QuantLoss=0.02275][QuantReg:0.34245]
[Twitter] Starting epoch 58...
[Twitter] Elapsed training time:2.99s
[Twitter] Starting validation...
[Twitter] Elapsed validation time:0.21s
[Twitter] [Epoch=058] Train Loss=[QuantLoss=0.01297]Val loss = [QuantLoss=0.02324][QuantReg:0.34816]
[Twitter] Starting epoch 59...
[Twitter] Elapsed training time:3.01s
[Twitter] Starting validation...
[Twitter] Elapsed validation time:0.20s
[Twitter] [Epoch=059] Train Loss=[QuantLoss=0.01276]Val loss = [QuantLoss=0.02171][QuantReg:0.34768][saved best model in this epoch]
[Twitter] Starting epoch 60...
[Twitter] Elapsed training time:3.00s
[Twitter] Starting validation...
[Twitter] Elapsed validation time:0.18s
[Twitter] [Epoch=060] Train Loss=[QuantLoss=0.01469]Val loss = [QuantLoss=0.02473][QuantReg:0.34330]
[Twitter] Starting epoch 61...
[Twitter] Elapsed training time:2.94s
[Twitter] Starting validation...
[Twitter] Elapsed validation time:0.18s
[Twitter] [Epoch=061] Train Loss=[QuantLoss=0.01275]Val loss = [QuantLoss=0.02655][QuantReg:0.33882]
[Twitter] Starting epoch 62...
[Twitter] Elapsed training time:2.97s
[Twitter] Starting validation...
[Twitter] Elapsed validation time:0.23s
[Twitter] [Epoch=062] Train Loss=[QuantLoss=0.01361]Val loss = [QuantLoss=0.02848][QuantReg:0.34092]
[Twitter] Starting epoch 63...
[Twitter] Elapsed training time:2.94s
[Twitter] Starting validation...
[Twitter] Elapsed validation time:0.19s
[Twitter] [Epoch=063] Train Loss=[QuantLoss=0.01650]Val loss = [QuantLoss=0.03637][QuantReg:0.33767]
[Twitter] Starting epoch 64...
[Twitter] Elapsed training time:2.92s
[Twitter] Starting validation...
[Twitter] Elapsed validation time:0.19s
[Twitter] [Epoch=064] Train Loss=[QuantLoss=0.01337]Val loss = [QuantLoss=0.02766][QuantReg:0.33430]
[Twitter] Starting epoch 65...
[Twitter] Elapsed training time:2.92s
[Twitter] Starting validation...
[Twitter] Elapsed validation time:0.19s
[Twitter] [Epoch=065] Train Loss=[QuantLoss=0.01524]Val loss = [QuantLoss=0.02994][QuantReg:0.33089]
[Twitter] Starting epoch 66...
[Twitter] Elapsed training time:2.94s
[Twitter] Starting validation...
[Twitter] Elapsed validation time:0.19s
[Twitter] [Epoch=066] Train Loss=[QuantLoss=0.01394]Val loss = [QuantLoss=0.03436][QuantReg:0.33088]
[Twitter] Starting epoch 67...
[Twitter] Elapsed training time:2.97s
[Twitter] Starting validation...
[Twitter] Elapsed validation time:0.20s
[Twitter] [Epoch=067] Train Loss=[QuantLoss=0.01330]Val loss = [QuantLoss=0.03398][QuantReg:0.33151]
[Twitter] Starting epoch 68...
[Twitter] Elapsed training time:2.90s
[Twitter] Starting validation...
[Twitter] Elapsed validation time:0.19s
[Twitter] [Epoch=068] Train Loss=[QuantLoss=0.01278]Val loss = [QuantLoss=0.04483][QuantReg:0.33343]
[Twitter] Starting epoch 69...
[Twitter] Elapsed training time:2.90s
[Twitter] Starting validation...
[Twitter] Elapsed validation time:0.19s
[Twitter] [Epoch=069] Train Loss=[QuantLoss=0.01346]Val loss = [QuantLoss=0.03121][QuantReg:0.33195]
[Twitter] Starting epoch 70...
[Twitter] Elapsed training time:2.97s
[Twitter] Starting validation...
[Twitter] Elapsed validation time:0.20s
[Twitter] [Epoch=070] Train Loss=[QuantLoss=0.01341]Val loss = [QuantLoss=0.03418][QuantReg:0.33210]
[Twitter] Starting epoch 71...
[Twitter] Elapsed training time:2.97s
[Twitter] Starting validation...
[Twitter] Elapsed validation time:0.19s
[Twitter] [Epoch=071] Train Loss=[QuantLoss=0.01281]Val loss = [QuantLoss=0.03072][QuantReg:0.33499]
[Twitter] Starting epoch 72...
[Twitter] Elapsed training time:2.98s
[Twitter] Starting validation...
[Twitter] Elapsed validation time:0.19s
[Twitter] [Epoch=072] Train Loss=[QuantLoss=0.01327]Val loss = [QuantLoss=0.04158][QuantReg:0.34049]
[Twitter] Starting epoch 73...
[Twitter] Elapsed training time:2.99s
[Twitter] Starting validation...
[Twitter] Elapsed validation time:0.18s
[Twitter] [Epoch=073] Train Loss=[QuantLoss=0.01355]Val loss = [QuantLoss=0.03603][QuantReg:0.34113]
[Twitter] Starting epoch 74...
[Twitter] Elapsed training time:2.98s
[Twitter] Starting validation...
[Twitter] Elapsed validation time:0.19s
[Twitter] [Epoch=074] Train Loss=[QuantLoss=0.01388]Val loss = [QuantLoss=0.03466][QuantReg:0.34313]
[Twitter] Starting epoch 75...
[Twitter] Elapsed training time:2.95s
[Twitter] Starting validation...
[Twitter] Elapsed validation time:0.21s
[Twitter] [Epoch=075] Train Loss=[QuantLoss=0.01421]Val loss = [QuantLoss=0.03722][QuantReg:0.34377]
[Twitter] Starting epoch 76...
[Twitter] Elapsed training time:2.91s
[Twitter] Starting validation...
[Twitter] Elapsed validation time:0.20s
[Twitter] [Epoch=076] Train Loss=[QuantLoss=0.01382]Val loss = [QuantLoss=0.02192][QuantReg:0.34459]
[Twitter] Starting epoch 77...
[Twitter] Elapsed training time:2.97s
[Twitter] Starting validation...
[Twitter] Elapsed validation time:0.21s
[Twitter] [Epoch=077] Train Loss=[QuantLoss=0.01284]Val loss = [QuantLoss=0.03630][QuantReg:0.34184]
[Twitter] Starting epoch 78...
[Twitter] Elapsed training time:2.97s
[Twitter] Starting validation...
[Twitter] Elapsed validation time:0.19s
[Twitter] [Epoch=078] Train Loss=[QuantLoss=0.01279]Val loss = [QuantLoss=0.04181][QuantReg:0.34302]
[Twitter] Starting epoch 79...
[Twitter] Elapsed training time:2.95s
[Twitter] Starting validation...
[Twitter] Elapsed validation time:0.20s
[Twitter] [Epoch=079] Train Loss=[QuantLoss=0.01281]Val loss = [QuantLoss=0.04006][QuantReg:0.34524]
[Twitter] Starting epoch 80...
[Twitter] Elapsed training time:2.95s
[Twitter] Starting validation...
[Twitter] Elapsed validation time:0.19s
[Twitter] [Epoch=080] Train Loss=[QuantLoss=0.01403]Val loss = [QuantLoss=0.04034][QuantReg:0.34338]
[Twitter] Starting epoch 81...
[Twitter] Elapsed training time:2.91s
[Twitter] Starting validation...
[Twitter] Elapsed validation time:0.20s
[Twitter] [Epoch=081] Train Loss=[QuantLoss=0.01222]Val loss = [QuantLoss=0.03774][QuantReg:0.34427]
[Twitter] Starting epoch 82...
[Twitter] Elapsed training time:2.92s
[Twitter] Starting validation...
[Twitter] Elapsed validation time:0.22s
[Twitter] [Epoch=082] Train Loss=[QuantLoss=0.01233]Val loss = [QuantLoss=0.04524][QuantReg:0.34295]
[Twitter] Starting epoch 83...
[Twitter] Elapsed training time:2.99s
[Twitter] Starting validation...
[Twitter] Elapsed validation time:0.19s
[Twitter] [Epoch=083] Train Loss=[QuantLoss=0.01310]Val loss = [QuantLoss=0.04343][QuantReg:0.33925]
[Twitter] Starting epoch 84...
[Twitter] Elapsed training time:2.95s
[Twitter] Starting validation...
[Twitter] Elapsed validation time:0.18s
[Twitter] [Epoch=084] Train Loss=[QuantLoss=0.01162]Val loss = [QuantLoss=0.03644][QuantReg:0.33959]
[Twitter] Starting epoch 85...
[Twitter] Elapsed training time:2.94s
[Twitter] Starting validation...
[Twitter] Elapsed validation time:0.18s
[Twitter] [Epoch=085] Train Loss=[QuantLoss=0.01312]Val loss = [QuantLoss=0.03803][QuantReg:0.33966]
[Twitter] Starting epoch 86...
[Twitter] Elapsed training time:2.94s
[Twitter] Starting validation...
[Twitter] Elapsed validation time:0.20s
[Twitter] [Epoch=086] Train Loss=[QuantLoss=0.01159]Val loss = [QuantLoss=0.04405][QuantReg:0.33848]
[Twitter] Starting epoch 87...
[Twitter] Elapsed training time:2.98s
[Twitter] Starting validation...
[Twitter] Elapsed validation time:0.20s
[Twitter] [Epoch=087] Train Loss=[QuantLoss=0.01144]Val loss = [QuantLoss=0.04290][QuantReg:0.33971]
[Twitter] Starting epoch 88...
[Twitter] Elapsed training time:2.91s
[Twitter] Starting validation...
[Twitter] Elapsed validation time:0.29s
[Twitter] [Epoch=088] Train Loss=[QuantLoss=0.01290]Val loss = [QuantLoss=0.03886][QuantReg:0.34256]
[Twitter] Starting epoch 89...
[Twitter] Elapsed training time:2.93s
[Twitter] Starting validation...
[Twitter] Elapsed validation time:0.22s
[Twitter] [Epoch=089] Train Loss=[QuantLoss=0.01219]Val loss = [QuantLoss=0.04093][QuantReg:0.34412]
[Twitter] Starting epoch 90...
[Twitter] Elapsed training time:2.95s
[Twitter] Starting validation...
[Twitter] Elapsed validation time:0.27s
[Twitter] [Epoch=090] Train Loss=[QuantLoss=0.01146]Val loss = [QuantLoss=0.04273][QuantReg:0.34379]
[Twitter] Starting epoch 91...
[Twitter] Elapsed training time:3.00s
[Twitter] Starting validation...
[Twitter] Elapsed validation time:0.27s
[Twitter] [Epoch=091] Train Loss=[QuantLoss=0.01151]Val loss = [QuantLoss=0.04147][QuantReg:0.34056]
[Twitter] Starting epoch 92...
[Twitter] Elapsed training time:2.91s
[Twitter] Starting validation...
[Twitter] Elapsed validation time:0.30s
[Twitter] [Epoch=092] Train Loss=[QuantLoss=0.01283]Val loss = [QuantLoss=0.03954][QuantReg:0.34230]
[Twitter] Starting epoch 93...
[Twitter] Elapsed training time:2.93s
[Twitter] Starting validation...
[Twitter] Elapsed validation time:0.28s
[Twitter] [Epoch=093] Train Loss=[QuantLoss=0.01245]Val loss = [QuantLoss=0.04030][QuantReg:0.34316]
[Twitter] Starting epoch 94...
[Twitter] Elapsed training time:2.95s
[Twitter] Starting validation...
[Twitter] Elapsed validation time:0.29s
[Twitter] [Epoch=094] Train Loss=[QuantLoss=0.01208]Val loss = [QuantLoss=0.03748][QuantReg:0.34268]
[Twitter] Starting epoch 95...
[Twitter] Elapsed training time:2.96s
[Twitter] Starting validation...
[Twitter] Elapsed validation time:0.28s
[Twitter] [Epoch=095] Train Loss=[QuantLoss=0.01332]Val loss = [QuantLoss=0.03715][QuantReg:0.34543]
[Twitter] Starting epoch 96...
[Twitter] Elapsed training time:2.94s
[Twitter] Starting validation...
[Twitter] Elapsed validation time:0.28s
[Twitter] [Epoch=096] Train Loss=[QuantLoss=0.01166]Val loss = [QuantLoss=0.03736][QuantReg:0.34563]
[Twitter] Starting epoch 97...
[Twitter] Elapsed training time:2.93s
[Twitter] Starting validation...
[Twitter] Elapsed validation time:0.28s
[Twitter] [Epoch=097] Train Loss=[QuantLoss=0.01189]Val loss = [QuantLoss=0.03411][QuantReg:0.34926]
[Twitter] Starting epoch 98...
[Twitter] Elapsed training time:2.96s
[Twitter] Starting validation...
[Twitter] Elapsed validation time:0.28s
[Twitter] [Epoch=098] Train Loss=[QuantLoss=0.01296]Val loss = [QuantLoss=0.04348][QuantReg:0.34557]
[Twitter] Starting epoch 99...
[Twitter] Elapsed training time:2.94s
[Twitter] Starting validation...
[Twitter] Elapsed validation time:0.27s
[Twitter] [Epoch=099] Train Loss=[QuantLoss=0.01145]Val loss = [QuantLoss=0.04906][QuantReg:0.34624]
[Twitter] Starting epoch 100...
[Twitter] Elapsed training time:2.96s
[Twitter] Starting validation...
[Twitter] Elapsed validation time:0.28s
[Twitter] [Epoch=100] Train Loss=[QuantLoss=0.01242]Val loss = [QuantLoss=0.04949][QuantReg:0.34548]
[Twitter] Starting epoch 101...
[Twitter] Elapsed training time:2.92s
[Twitter] Starting validation...
[Twitter] Elapsed validation time:0.28s
[Twitter] [Epoch=101] Train Loss=[QuantLoss=0.01099]Val loss = [QuantLoss=0.04338][QuantReg:0.34922]
[Twitter] Starting epoch 102...
[Twitter] Elapsed training time:2.97s
[Twitter] Starting validation...
[Twitter] Elapsed validation time:0.28s
[Twitter] [Epoch=102] Train Loss=[QuantLoss=0.01141]Val loss = [QuantLoss=0.05603][QuantReg:0.34734]
[Twitter] Starting epoch 103...
[Twitter] Elapsed training time:2.95s
[Twitter] Starting validation...
[Twitter] Elapsed validation time:0.29s
[Twitter] [Epoch=103] Train Loss=[QuantLoss=0.01072]Val loss = [QuantLoss=0.05191][QuantReg:0.34781]
[Twitter] Starting epoch 104...
[Twitter] Elapsed training time:2.96s
[Twitter] Starting validation...
[Twitter] Elapsed validation time:0.27s
[Twitter] [Epoch=104] Train Loss=[QuantLoss=0.01148]Val loss = [QuantLoss=0.04614][QuantReg:0.34463]
[Twitter] Starting epoch 105...
[Twitter] Elapsed training time:2.97s
[Twitter] Starting validation...
[Twitter] Elapsed validation time:0.29s
[Twitter] [Epoch=105] Train Loss=[QuantLoss=0.01176]Val loss = [QuantLoss=0.04734][QuantReg:0.34458]
[Twitter] Starting epoch 106...
[Twitter] Elapsed training time:2.93s
[Twitter] Starting validation...
[Twitter] Elapsed validation time:0.28s
[Twitter] [Epoch=106] Train Loss=[QuantLoss=0.01120]Val loss = [QuantLoss=0.04249][QuantReg:0.34748]
[Twitter] Starting epoch 107...
[Twitter] Elapsed training time:2.97s
[Twitter] Starting validation...
[Twitter] Elapsed validation time:0.28s
[Twitter] [Epoch=107] Train Loss=[QuantLoss=0.01183]Val loss = [QuantLoss=0.04074][QuantReg:0.34695]
[Twitter] Starting epoch 108...
[Twitter] Elapsed training time:3.08s
[Twitter] Starting validation...
[Twitter] Elapsed validation time:0.27s
[Twitter] [Epoch=108] Train Loss=[QuantLoss=0.01140]Val loss = [QuantLoss=0.04411][QuantReg:0.34997]
[Twitter] Starting epoch 109...
[Twitter] Elapsed training time:2.99s
[Twitter] Starting validation...
[Twitter] Elapsed validation time:0.27s
[Twitter] [Epoch=109] Train Loss=[QuantLoss=0.01112]Val loss = [QuantLoss=0.04290][QuantReg:0.34827]
[Twitter] Starting epoch 110...
[Twitter] Elapsed training time:3.01s
[Twitter] Starting validation...
[Twitter] Elapsed validation time:0.27s
[Twitter] [Epoch=110] Train Loss=[QuantLoss=0.01110]Val loss = [QuantLoss=0.04014][QuantReg:0.34929]
[Twitter] Starting epoch 111...
[Twitter] Elapsed training time:2.93s
[Twitter] Starting validation...
[Twitter] Elapsed validation time:0.28s
[Twitter] [Epoch=111] Train Loss=[QuantLoss=0.01181]Val loss = [QuantLoss=0.03793][QuantReg:0.34630]
[Twitter] Starting epoch 112...
[Twitter] Elapsed training time:2.94s
[Twitter] Starting validation...
[Twitter] Elapsed validation time:0.28s
[Twitter] [Epoch=112] Train Loss=[QuantLoss=0.01065]Val loss = [QuantLoss=0.03821][QuantReg:0.34351]
[Twitter] Starting epoch 113...
[Twitter] Elapsed training time:2.96s
[Twitter] Starting validation...
[Twitter] Elapsed validation time:0.28s
[Twitter] [Epoch=113] Train Loss=[QuantLoss=0.01138]Val loss = [QuantLoss=0.04036][QuantReg:0.34422]
[Twitter] Starting epoch 114...
[Twitter] Elapsed training time:3.03s
[Twitter] Starting validation...
[Twitter] Elapsed validation time:0.31s
[Twitter] [Epoch=114] Train Loss=[QuantLoss=0.01156]Val loss = [QuantLoss=0.03535][QuantReg:0.34517]
[Twitter] Starting epoch 115...
[Twitter] Elapsed training time:2.96s
[Twitter] Starting validation...
[Twitter] Elapsed validation time:0.28s
[Twitter] [Epoch=115] Train Loss=[QuantLoss=0.01125]Val loss = [QuantLoss=0.03775][QuantReg:0.34266]
[Twitter] Starting epoch 116...
[Twitter] Elapsed training time:2.98s
[Twitter] Starting validation...
[Twitter] Elapsed validation time:0.27s
[Twitter] [Epoch=116] Train Loss=[QuantLoss=0.01048]Val loss = [QuantLoss=0.03940][QuantReg:0.34180]
[Twitter] Starting epoch 117...
[Twitter] Elapsed training time:2.98s
[Twitter] Starting validation...
[Twitter] Elapsed validation time:0.28s
[Twitter] [Epoch=117] Train Loss=[QuantLoss=0.01191]Val loss = [QuantLoss=0.04488][QuantReg:0.34220]
[Twitter] Starting epoch 118...
[Twitter] Elapsed training time:3.00s
[Twitter] Starting validation...
[Twitter] Elapsed validation time:0.27s
[Twitter] [Epoch=118] Train Loss=[QuantLoss=0.01149]Val loss = [QuantLoss=0.03991][QuantReg:0.34176]
[Twitter] Starting epoch 119...
[Twitter] Elapsed training time:2.95s
[Twitter] Starting validation...
[Twitter] Elapsed validation time:0.28s
[Twitter] [Epoch=119] Train Loss=[QuantLoss=0.01203]Val loss = [QuantLoss=0.04031][QuantReg:0.34061]
[Twitter] Starting epoch 120...
[Twitter] Elapsed training time:2.96s
[Twitter] Starting validation...
[Twitter] Elapsed validation time:0.37s
[Twitter] [Epoch=120] Train Loss=[QuantLoss=0.01103]Val loss = [QuantLoss=0.03595][QuantReg:0.33853]
[Twitter] Starting epoch 121...
[Twitter] Elapsed training time:2.93s
[Twitter] Starting validation...
[Twitter] Elapsed validation time:0.23s
[Twitter] [Epoch=121] Train Loss=[QuantLoss=0.01218]Val loss = [QuantLoss=0.03199][QuantReg:0.33949]
[Twitter] Starting epoch 122...
[Twitter] Elapsed training time:2.92s
[Twitter] Starting validation...
[Twitter] Elapsed validation time:0.19s
[Twitter] [Epoch=122] Train Loss=[QuantLoss=0.01073]Val loss = [QuantLoss=0.03659][QuantReg:0.34116]
[Twitter] Starting epoch 123...
[Twitter] Elapsed training time:2.99s
[Twitter] Starting validation...
[Twitter] Elapsed validation time:0.18s
[Twitter] [Epoch=123] Train Loss=[QuantLoss=0.01119]Val loss = [QuantLoss=0.03206][QuantReg:0.34343]
[Twitter] Starting epoch 124...
[Twitter] Elapsed training time:2.94s
[Twitter] Starting validation...
[Twitter] Elapsed validation time:0.19s
[Twitter] [Epoch=124] Train Loss=[QuantLoss=0.01218]Val loss = [QuantLoss=0.03737][QuantReg:0.34195]
[Twitter] Starting epoch 125...
[Twitter] Elapsed training time:2.93s
[Twitter] Starting validation...
[Twitter] Elapsed validation time:0.19s
[Twitter] [Epoch=125] Train Loss=[QuantLoss=0.01052]Val loss = [QuantLoss=0.03573][QuantReg:0.34285]
[Twitter] Starting epoch 126...
[Twitter] Elapsed training time:2.98s
[Twitter] Starting validation...
[Twitter] Elapsed validation time:0.18s
[Twitter] [Epoch=126] Train Loss=[QuantLoss=0.01206]Val loss = [QuantLoss=0.04024][QuantReg:0.34361]
[Twitter] Starting epoch 127...
[Twitter] Elapsed training time:2.99s
[Twitter] Starting validation...
[Twitter] Elapsed validation time:0.20s
[Twitter] [Epoch=127] Train Loss=[QuantLoss=0.00968]Val loss = [QuantLoss=0.04041][QuantReg:0.34335]
[Twitter] Starting epoch 128...
[Twitter] Elapsed training time:2.92s
[Twitter] Starting validation...
[Twitter] Elapsed validation time:0.19s
[Twitter] [Epoch=128] Train Loss=[QuantLoss=0.01085]Val loss = [QuantLoss=0.04523][QuantReg:0.34411]
[Twitter] Starting epoch 129...
[Twitter] Elapsed training time:2.93s
[Twitter] Starting validation...
[Twitter] Elapsed validation time:0.20s
[Twitter] [Epoch=129] Train Loss=[QuantLoss=0.01386]Val loss = [QuantLoss=0.03588][QuantReg:0.34217]
[Twitter] Starting epoch 130...
[Twitter] Elapsed training time:2.99s
[Twitter] Starting validation...
[Twitter] Elapsed validation time:0.18s
[Twitter] [Epoch=130] Train Loss=[QuantLoss=0.01134]Val loss = [QuantLoss=0.03832][QuantReg:0.34361]
[Twitter] Starting epoch 131...
[Twitter] Elapsed training time:2.94s
[Twitter] Starting validation...
[Twitter] Elapsed validation time:0.20s
[Twitter] [Epoch=131] Train Loss=[QuantLoss=0.01132]Val loss = [QuantLoss=0.04063][QuantReg:0.34177]
[Twitter] Starting epoch 132...
[Twitter] Elapsed training time:3.01s
[Twitter] Starting validation...
[Twitter] Elapsed validation time:0.19s
[Twitter] [Epoch=132] Train Loss=[QuantLoss=0.01081]Val loss = [QuantLoss=0.04026][QuantReg:0.34383]
[Twitter] Starting epoch 133...
[Twitter] Elapsed training time:2.94s
[Twitter] Starting validation...
[Twitter] Elapsed validation time:0.19s
[Twitter] [Epoch=133] Train Loss=[QuantLoss=0.01086]Val loss = [QuantLoss=0.03594][QuantReg:0.34245]
[Twitter] Starting epoch 134...
[Twitter] Elapsed training time:3.00s
[Twitter] Starting validation...
[Twitter] Elapsed validation time:0.19s
[Twitter] [Epoch=134] Train Loss=[QuantLoss=0.01111]Val loss = [QuantLoss=0.04361][QuantReg:0.34050]
[Twitter] Starting epoch 135...
[Twitter] Elapsed training time:2.96s
[Twitter] Starting validation...
[Twitter] Elapsed validation time:0.19s
[Twitter] [Epoch=135] Train Loss=[QuantLoss=0.01014]Val loss = [QuantLoss=0.04145][QuantReg:0.34130]
[Twitter] Starting epoch 136...
[Twitter] Elapsed training time:2.96s
[Twitter] Starting validation...
[Twitter] Elapsed validation time:0.20s
[Twitter] [Epoch=136] Train Loss=[QuantLoss=0.01048]Val loss = [QuantLoss=0.04108][QuantReg:0.34026]
[Twitter] Starting epoch 137...
[Twitter] Elapsed training time:3.03s
[Twitter] Starting validation...
[Twitter] Elapsed validation time:0.19s
[Twitter] [Epoch=137] Train Loss=[QuantLoss=0.01186]Val loss = [QuantLoss=0.04104][QuantReg:0.33833]
[Twitter] Starting epoch 138...
[Twitter] Elapsed training time:2.91s
[Twitter] Starting validation...
[Twitter] Elapsed validation time:0.20s
[Twitter] [Epoch=138] Train Loss=[QuantLoss=0.01058]Val loss = [QuantLoss=0.04215][QuantReg:0.34090]
[Twitter] Starting epoch 139...
[Twitter] Elapsed training time:2.96s
[Twitter] Starting validation...
[Twitter] Elapsed validation time:0.21s
[Twitter] [Epoch=139] Train Loss=[QuantLoss=0.01062]Val loss = [QuantLoss=0.04180][QuantReg:0.34095]
[Twitter] Starting epoch 140...
[Twitter] Elapsed training time:2.92s
[Twitter] Starting validation...
[Twitter] Elapsed validation time:0.19s
[Twitter] [Epoch=140] Train Loss=[QuantLoss=0.01104]Val loss = [QuantLoss=0.04015][QuantReg:0.34160]
[Twitter] Starting epoch 141...
[Twitter] Elapsed training time:2.90s
[Twitter] Starting validation...
[Twitter] Elapsed validation time:0.21s
[Twitter] [Epoch=141] Train Loss=[QuantLoss=0.01099]Val loss = [QuantLoss=0.03750][QuantReg:0.34155]
[Twitter] Starting epoch 142...
[Twitter] Elapsed training time:2.94s
[Twitter] Starting validation...
[Twitter] Elapsed validation time:0.20s
[Twitter] [Epoch=142] Train Loss=[QuantLoss=0.01182]Val loss = [QuantLoss=0.04581][QuantReg:0.34291]
[Twitter] Starting epoch 143...
[Twitter] Elapsed training time:2.95s
[Twitter] Starting validation...
[Twitter] Elapsed validation time:0.19s
[Twitter] [Epoch=143] Train Loss=[QuantLoss=0.01113]Val loss = [QuantLoss=0.04176][QuantReg:0.34164]
[Twitter] Early stopping in epoch 143!
[Twitter] Restoring best model...
MAE médio por bag: 0.0185 ± 0.0096
Salvo em resultados_sanders/resultados_twitter_bert_2.csv
