Dataset: /home/nildaimon/gmnet/experiments/train_curl/Datasets/Sanders/twitter-sanders-apple3.csv
Dificuldade: metric=l1, mode=easiest, top_k=None
Rodada: 4
Salvar resultados em: resultados_sanders
Dispositivo de treino: cpu
Carregando e processando dataset Twitter
Carregando embeddings do cache...
Ignoring val_split as train and val datasets where given to fit function
We have two datasets: training 1092 examples. validation 100 examples.]
Using device cpu
[Twitter] Starting epoch 0...
[Twitter] Elapsed training time:2.90s
[Twitter] Starting validation...
[Twitter] Elapsed validation time:0.18s
[Twitter] [Epoch=000] Train Loss=[QuantLoss=0.06666]Val loss = [QuantLoss=0.11699][QuantReg:0.37856][saved best model in this epoch]
[Twitter] Starting epoch 1...
[Twitter] Elapsed training time:2.93s
[Twitter] Starting validation...
[Twitter] Elapsed validation time:0.19s
[Twitter] [Epoch=001] Train Loss=[QuantLoss=0.07658]Val loss = [QuantLoss=0.10131][QuantReg:0.40138][saved best model in this epoch]
[Twitter] Starting epoch 2...
[Twitter] Elapsed training time:2.94s
[Twitter] Starting validation...
[Twitter] Elapsed validation time:0.18s
[Twitter] [Epoch=002] Train Loss=[QuantLoss=0.08550]Val loss = [QuantLoss=0.13352][QuantReg:0.36713]
[Twitter] Starting epoch 3...
[Twitter] Elapsed training time:2.99s
[Twitter] Starting validation...
[Twitter] Elapsed validation time:0.20s
[Twitter] [Epoch=003] Train Loss=[QuantLoss=0.06378]Val loss = [QuantLoss=0.14791][QuantReg:0.37329]
[Twitter] Starting epoch 4...
[Twitter] Elapsed training time:2.93s
[Twitter] Starting validation...
[Twitter] Elapsed validation time:0.19s
[Twitter] [Epoch=004] Train Loss=[QuantLoss=0.06123]Val loss = [QuantLoss=0.20197][QuantReg:0.38609]
[Twitter] Starting epoch 5...
[Twitter] Elapsed training time:3.00s
[Twitter] Starting validation...
[Twitter] Elapsed validation time:0.18s
[Twitter] [Epoch=005] Train Loss=[QuantLoss=0.06425]Val loss = [QuantLoss=0.12518][QuantReg:0.38611]
[Twitter] Starting epoch 6...
[Twitter] Elapsed training time:2.96s
[Twitter] Starting validation...
[Twitter] Elapsed validation time:0.18s
[Twitter] [Epoch=006] Train Loss=[QuantLoss=0.05963]Val loss = [QuantLoss=0.12562][QuantReg:0.39214]
[Twitter] Starting epoch 7...
[Twitter] Elapsed training time:2.97s
[Twitter] Starting validation...
[Twitter] Elapsed validation time:0.19s
[Twitter] [Epoch=007] Train Loss=[QuantLoss=0.06452]Val loss = [QuantLoss=0.10043][QuantReg:0.40156][saved best model in this epoch]
[Twitter] Starting epoch 8...
[Twitter] Elapsed training time:2.92s
[Twitter] Starting validation...
[Twitter] Elapsed validation time:0.19s
[Twitter] [Epoch=008] Train Loss=[QuantLoss=0.05564]Val loss = [QuantLoss=0.13680][QuantReg:0.40617]
[Twitter] Starting epoch 9...
[Twitter] Elapsed training time:3.00s
[Twitter] Starting validation...
[Twitter] Elapsed validation time:0.19s
[Twitter] [Epoch=009] Train Loss=[QuantLoss=0.06147]Val loss = [QuantLoss=0.14576][QuantReg:0.42106]
[Twitter] Starting epoch 10...
[Twitter] Elapsed training time:2.95s
[Twitter] Starting validation...
[Twitter] Elapsed validation time:0.20s
[Twitter] [Epoch=010] Train Loss=[QuantLoss=0.05527]Val loss = [QuantLoss=0.11897][QuantReg:0.42703]
[Twitter] Starting epoch 11...
[Twitter] Elapsed training time:2.99s
[Twitter] Starting validation...
[Twitter] Elapsed validation time:0.21s
[Twitter] [Epoch=011] Train Loss=[QuantLoss=0.05871]Val loss = [QuantLoss=0.10010][QuantReg:0.43279][saved best model in this epoch]
[Twitter] Starting epoch 12...
[Twitter] Elapsed training time:2.95s
[Twitter] Starting validation...
[Twitter] Elapsed validation time:0.19s
[Twitter] [Epoch=012] Train Loss=[QuantLoss=0.05256]Val loss = [QuantLoss=0.14926][QuantReg:0.43581]
[Twitter] Starting epoch 13...
[Twitter] Elapsed training time:2.94s
[Twitter] Starting validation...
[Twitter] Elapsed validation time:0.20s
[Twitter] [Epoch=013] Train Loss=[QuantLoss=0.05746]Val loss = [QuantLoss=0.11037][QuantReg:0.42675]
[Twitter] Starting epoch 14...
[Twitter] Elapsed training time:2.95s
[Twitter] Starting validation...
[Twitter] Elapsed validation time:0.19s
[Twitter] [Epoch=014] Train Loss=[QuantLoss=0.06112]Val loss = [QuantLoss=0.07019][QuantReg:0.40901][saved best model in this epoch]
[Twitter] Starting epoch 15...
[Twitter] Elapsed training time:2.94s
[Twitter] Starting validation...
[Twitter] Elapsed validation time:0.20s
[Twitter] [Epoch=015] Train Loss=[QuantLoss=0.05591]Val loss = [QuantLoss=0.08452][QuantReg:0.39860]
[Twitter] Starting epoch 16...
[Twitter] Elapsed training time:2.90s
[Twitter] Starting validation...
[Twitter] Elapsed validation time:0.18s
[Twitter] [Epoch=016] Train Loss=[QuantLoss=0.06328]Val loss = [QuantLoss=0.10110][QuantReg:0.41210]
[Twitter] Starting epoch 17...
[Twitter] Elapsed training time:2.91s
[Twitter] Starting validation...
[Twitter] Elapsed validation time:0.25s
[Twitter] [Epoch=017] Train Loss=[QuantLoss=0.04882]Val loss = [QuantLoss=0.07231][QuantReg:0.41877]
[Twitter] Starting epoch 18...
[Twitter] Elapsed training time:2.97s
[Twitter] Starting validation...
[Twitter] Elapsed validation time:0.19s
[Twitter] [Epoch=018] Train Loss=[QuantLoss=0.04562]Val loss = [QuantLoss=0.11782][QuantReg:0.40350]
[Twitter] Starting epoch 19...
[Twitter] Elapsed training time:2.89s
[Twitter] Starting validation...
[Twitter] Elapsed validation time:0.18s
[Twitter] [Epoch=019] Train Loss=[QuantLoss=0.05176]Val loss = [QuantLoss=0.11549][QuantReg:0.42123]
[Twitter] Starting epoch 20...
[Twitter] Elapsed training time:2.95s
[Twitter] Starting validation...
[Twitter] Elapsed validation time:0.18s
[Twitter] [Epoch=020] Train Loss=[QuantLoss=0.04931]Val loss = [QuantLoss=0.12360][QuantReg:0.42173]
[Twitter] Starting epoch 21...
[Twitter] Elapsed training time:2.93s
[Twitter] Starting validation...
[Twitter] Elapsed validation time:0.18s
[Twitter] [Epoch=021] Train Loss=[QuantLoss=0.05158]Val loss = [QuantLoss=0.11467][QuantReg:0.41803]
[Twitter] Starting epoch 22...
[Twitter] Elapsed training time:3.02s
[Twitter] Starting validation...
[Twitter] Elapsed validation time:0.29s
[Twitter] [Epoch=022] Train Loss=[QuantLoss=0.05513]Val loss = [QuantLoss=0.09744][QuantReg:0.42037]
[Twitter] Starting epoch 23...
[Twitter] Elapsed training time:2.92s
[Twitter] Starting validation...
[Twitter] Elapsed validation time:0.18s
[Twitter] [Epoch=023] Train Loss=[QuantLoss=0.05410]Val loss = [QuantLoss=0.08913][QuantReg:0.40944]
[Twitter] Starting epoch 24...
[Twitter] Elapsed training time:2.92s
[Twitter] Starting validation...
[Twitter] Elapsed validation time:0.29s
[Twitter] [Epoch=024] Train Loss=[QuantLoss=0.05596]Val loss = [QuantLoss=0.05749][QuantReg:0.42017][saved best model in this epoch]
[Twitter] Starting epoch 25...
[Twitter] Elapsed training time:2.91s
[Twitter] Starting validation...
[Twitter] Elapsed validation time:0.28s
[Twitter] [Epoch=025] Train Loss=[QuantLoss=0.04763]Val loss = [QuantLoss=0.08040][QuantReg:0.41807]
[Twitter] Starting epoch 26...
[Twitter] Elapsed training time:2.98s
[Twitter] Starting validation...
[Twitter] Elapsed validation time:0.28s
[Twitter] [Epoch=026] Train Loss=[QuantLoss=0.04964]Val loss = [QuantLoss=0.11480][QuantReg:0.42813]
[Twitter] Starting epoch 27...
[Twitter] Elapsed training time:2.93s
[Twitter] Starting validation...
[Twitter] Elapsed validation time:0.28s
[Twitter] [Epoch=027] Train Loss=[QuantLoss=0.05197]Val loss = [QuantLoss=0.07272][QuantReg:0.42736]
[Twitter] Starting epoch 28...
[Twitter] Elapsed training time:2.93s
[Twitter] Starting validation...
[Twitter] Elapsed validation time:0.28s
[Twitter] [Epoch=028] Train Loss=[QuantLoss=0.04544]Val loss = [QuantLoss=0.12553][QuantReg:0.40987]
[Twitter] Starting epoch 29...
[Twitter] Elapsed training time:2.94s
[Twitter] Starting validation...
[Twitter] Elapsed validation time:0.30s
[Twitter] [Epoch=029] Train Loss=[QuantLoss=0.05140]Val loss = [QuantLoss=0.07030][QuantReg:0.40735]
[Twitter] Starting epoch 30...
[Twitter] Elapsed training time:2.97s
[Twitter] Starting validation...
[Twitter] Elapsed validation time:0.27s
[Twitter] [Epoch=030] Train Loss=[QuantLoss=0.04845]Val loss = [QuantLoss=0.13444][QuantReg:0.42148]
[Twitter] Starting epoch 31...
[Twitter] Elapsed training time:2.93s
[Twitter] Starting validation...
[Twitter] Elapsed validation time:0.27s
[Twitter] [Epoch=031] Train Loss=[QuantLoss=0.04881]Val loss = [QuantLoss=0.08040][QuantReg:0.42200]
[Twitter] Starting epoch 32...
[Twitter] Elapsed training time:2.95s
[Twitter] Starting validation...
[Twitter] Elapsed validation time:0.28s
[Twitter] [Epoch=032] Train Loss=[QuantLoss=0.04743]Val loss = [QuantLoss=0.07315][QuantReg:0.41758]
[Twitter] Starting epoch 33...
[Twitter] Elapsed training time:3.00s
[Twitter] Starting validation...
[Twitter] Elapsed validation time:0.29s
[Twitter] [Epoch=033] Train Loss=[QuantLoss=0.04676]Val loss = [QuantLoss=0.09957][QuantReg:0.41780]
[Twitter] Starting epoch 34...
[Twitter] Elapsed training time:2.95s
[Twitter] Starting validation...
[Twitter] Elapsed validation time:0.28s
[Twitter] [Epoch=034] Train Loss=[QuantLoss=0.05371]Val loss = [QuantLoss=0.06657][QuantReg:0.41628]
[Twitter] Starting epoch 35...
[Twitter] Elapsed training time:3.02s
[Twitter] Starting validation...
[Twitter] Elapsed validation time:0.29s
[Twitter] [Epoch=035] Train Loss=[QuantLoss=0.04707]Val loss = [QuantLoss=0.07153][QuantReg:0.40276]
[Twitter] Starting epoch 36...
[Twitter] Elapsed training time:3.03s
[Twitter] Starting validation...
[Twitter] Elapsed validation time:0.28s
[Twitter] [Epoch=036] Train Loss=[QuantLoss=0.04903]Val loss = [QuantLoss=0.06393][QuantReg:0.39123]
[Twitter] Starting epoch 37...
[Twitter] Elapsed training time:2.93s
[Twitter] Starting validation...
[Twitter] Elapsed validation time:0.28s
[Twitter] [Epoch=037] Train Loss=[QuantLoss=0.04585]Val loss = [QuantLoss=0.08361][QuantReg:0.39330]
[Twitter] Starting epoch 38...
[Twitter] Elapsed training time:2.96s
[Twitter] Starting validation...
[Twitter] Elapsed validation time:0.27s
[Twitter] [Epoch=038] Train Loss=[QuantLoss=0.04993]Val loss = [QuantLoss=0.15544][QuantReg:0.39476]
[Twitter] Starting epoch 39...
[Twitter] Elapsed training time:2.97s
[Twitter] Starting validation...
[Twitter] Elapsed validation time:0.28s
[Twitter] [Epoch=039] Train Loss=[QuantLoss=0.05119]Val loss = [QuantLoss=0.07806][QuantReg:0.40206]
[Twitter] Starting epoch 40...
[Twitter] Elapsed training time:3.00s
[Twitter] Starting validation...
[Twitter] Elapsed validation time:0.29s
[Twitter] [Epoch=040] Train Loss=[QuantLoss=0.04283]Val loss = [QuantLoss=0.10391][QuantReg:0.40254]
[Twitter] Starting epoch 41...
[Twitter] Elapsed training time:2.96s
[Twitter] Starting validation...
[Twitter] Elapsed validation time:0.28s
[Twitter] [Epoch=041] Train Loss=[QuantLoss=0.04652]Val loss = [QuantLoss=0.11874][QuantReg:0.39502]
[Twitter] Starting epoch 42...
[Twitter] Elapsed training time:2.98s
[Twitter] Starting validation...
[Twitter] Elapsed validation time:0.29s
[Twitter] [Epoch=042] Train Loss=[QuantLoss=0.04662]Val loss = [QuantLoss=0.08520][QuantReg:0.38871]
[Twitter] Starting epoch 43...
[Twitter] Elapsed training time:3.03s
[Twitter] Starting validation...
[Twitter] Elapsed validation time:0.28s
[Twitter] [Epoch=043] Train Loss=[QuantLoss=0.04546]Val loss = [QuantLoss=0.15307][QuantReg:0.39010]
[Twitter] Starting epoch 44...
[Twitter] Elapsed training time:2.98s
[Twitter] Starting validation...
[Twitter] Elapsed validation time:0.35s
[Twitter] [Epoch=044] Train Loss=[QuantLoss=0.04466]Val loss = [QuantLoss=0.12142][QuantReg:0.39361]
[Twitter] Starting epoch 45...
[Twitter] Elapsed training time:3.00s
[Twitter] Starting validation...
[Twitter] Elapsed validation time:0.30s
[Twitter] [Epoch=045] Train Loss=[QuantLoss=0.04987]Val loss = [QuantLoss=0.06656][QuantReg:0.38245]
[Twitter] Starting epoch 46...
[Twitter] Elapsed training time:2.95s
[Twitter] Starting validation...
[Twitter] Elapsed validation time:0.28s
[Twitter] [Epoch=046] Train Loss=[QuantLoss=0.04593]Val loss = [QuantLoss=0.06807][QuantReg:0.38070]
[Twitter] Starting epoch 47...
[Twitter] Elapsed training time:2.99s
[Twitter] Starting validation...
[Twitter] Elapsed validation time:0.27s
[Twitter] [Epoch=047] Train Loss=[QuantLoss=0.05112]Val loss = [QuantLoss=0.07415][QuantReg:0.37925]
[Twitter] Starting epoch 48...
[Twitter] Elapsed training time:3.03s
[Twitter] Starting validation...
[Twitter] Elapsed validation time:0.28s
[Twitter] [Epoch=048] Train Loss=[QuantLoss=0.04620]Val loss = [QuantLoss=0.10065][QuantReg:0.38047]
[Twitter] Starting epoch 49...
[Twitter] Elapsed training time:2.99s
[Twitter] Starting validation...
[Twitter] Elapsed validation time:0.31s
[Twitter] [Epoch=049] Train Loss=[QuantLoss=0.04505]Val loss = [QuantLoss=0.09908][QuantReg:0.37615]
[Twitter] Starting epoch 50...
[Twitter] Elapsed training time:3.08s
[Twitter] Starting validation...
[Twitter] Elapsed validation time:0.18s
[Twitter] [Epoch=050] Train Loss=[QuantLoss=0.05076]Val loss = [QuantLoss=0.10729][QuantReg:0.37460]
[Twitter] Starting epoch 51...
[Twitter] Elapsed training time:2.92s
[Twitter] Starting validation...
[Twitter] Elapsed validation time:0.19s
[Twitter] [Epoch=051] Train Loss=[QuantLoss=0.04572]Val loss = [QuantLoss=0.12583][QuantReg:0.37830]
[Twitter] Starting epoch 52...
[Twitter] Elapsed training time:2.90s
[Twitter] Starting validation...
[Twitter] Elapsed validation time:0.19s
[Twitter] [Epoch=052] Train Loss=[QuantLoss=0.04083]Val loss = [QuantLoss=0.12941][QuantReg:0.37743]
[Twitter] Starting epoch 53...
[Twitter] Elapsed training time:2.97s
[Twitter] Starting validation...
[Twitter] Elapsed validation time:0.19s
[Twitter] [Epoch=053] Train Loss=[QuantLoss=0.04278]Val loss = [QuantLoss=0.09492][QuantReg:0.37321]
[Twitter] Starting epoch 54...
[Twitter] Elapsed training time:2.93s
[Twitter] Starting validation...
[Twitter] Elapsed validation time:0.20s
[Twitter] [Epoch=054] Train Loss=[QuantLoss=0.04353]Val loss = [QuantLoss=0.13018][QuantReg:0.37336]
[Twitter] Starting epoch 55...
[Twitter] Elapsed training time:2.94s
[Twitter] Starting validation...
[Twitter] Elapsed validation time:0.18s
[Twitter] [Epoch=055] Train Loss=[QuantLoss=0.04396]Val loss = [QuantLoss=0.10965][QuantReg:0.37285]
[Twitter] Starting epoch 56...
[Twitter] Elapsed training time:2.92s
[Twitter] Starting validation...
[Twitter] Elapsed validation time:0.22s
[Twitter] [Epoch=056] Train Loss=[QuantLoss=0.04211]Val loss = [QuantLoss=0.11027][QuantReg:0.37069]
[Twitter] Starting epoch 57...
[Twitter] Elapsed training time:3.02s
[Twitter] Starting validation...
[Twitter] Elapsed validation time:0.18s
[Twitter] [Epoch=057] Train Loss=[QuantLoss=0.04607]Val loss = [QuantLoss=0.10082][QuantReg:0.37550]
[Twitter] Starting epoch 58...
[Twitter] Elapsed training time:2.94s
[Twitter] Starting validation...
[Twitter] Elapsed validation time:0.19s
[Twitter] [Epoch=058] Train Loss=[QuantLoss=0.04460]Val loss = [QuantLoss=0.09375][QuantReg:0.37547]
[Twitter] Starting epoch 59...
[Twitter] Elapsed training time:2.98s
[Twitter] Starting validation...
[Twitter] Elapsed validation time:0.20s
[Twitter] [Epoch=059] Train Loss=[QuantLoss=0.04291]Val loss = [QuantLoss=0.07094][QuantReg:0.37994]
[Twitter] Starting epoch 60...
[Twitter] Elapsed training time:2.92s
[Twitter] Starting validation...
[Twitter] Elapsed validation time:0.18s
[Twitter] [Epoch=060] Train Loss=[QuantLoss=0.03989]Val loss = [QuantLoss=0.10043][QuantReg:0.37654]
[Twitter] Starting epoch 61...
[Twitter] Elapsed training time:2.96s
[Twitter] Starting validation...
[Twitter] Elapsed validation time:0.18s
[Twitter] [Epoch=061] Train Loss=[QuantLoss=0.03927]Val loss = [QuantLoss=0.10057][QuantReg:0.37734]
[Twitter] Starting epoch 62...
[Twitter] Elapsed training time:2.97s
[Twitter] Starting validation...
[Twitter] Elapsed validation time:0.19s
[Twitter] [Epoch=062] Train Loss=[QuantLoss=0.04102]Val loss = [QuantLoss=0.07485][QuantReg:0.37154]
[Twitter] Starting epoch 63...
[Twitter] Elapsed training time:2.97s
[Twitter] Starting validation...
[Twitter] Elapsed validation time:0.19s
[Twitter] [Epoch=063] Train Loss=[QuantLoss=0.04337]Val loss = [QuantLoss=0.12644][QuantReg:0.36135]
[Twitter] Starting epoch 64...
[Twitter] Elapsed training time:2.94s
[Twitter] Starting validation...
[Twitter] Elapsed validation time:0.19s
[Twitter] [Epoch=064] Train Loss=[QuantLoss=0.04288]Val loss = [QuantLoss=0.09111][QuantReg:0.36983]
[Twitter] Starting epoch 65...
[Twitter] Elapsed training time:3.01s
[Twitter] Starting validation...
[Twitter] Elapsed validation time:0.19s
[Twitter] [Epoch=065] Train Loss=[QuantLoss=0.04310]Val loss = [QuantLoss=0.08117][QuantReg:0.37269]
[Twitter] Starting epoch 66...
[Twitter] Elapsed training time:2.95s
[Twitter] Starting validation...
[Twitter] Elapsed validation time:0.20s
[Twitter] [Epoch=066] Train Loss=[QuantLoss=0.04494]Val loss = [QuantLoss=0.10444][QuantReg:0.37861]
[Twitter] Starting epoch 67...
[Twitter] Elapsed training time:2.97s
[Twitter] Starting validation...
[Twitter] Elapsed validation time:0.21s
[Twitter] [Epoch=067] Train Loss=[QuantLoss=0.04642]Val loss = [QuantLoss=0.11376][QuantReg:0.37933]
[Twitter] Starting epoch 68...
[Twitter] Elapsed training time:2.96s
[Twitter] Starting validation...
[Twitter] Elapsed validation time:0.20s
[Twitter] [Epoch=068] Train Loss=[QuantLoss=0.03986]Val loss = [QuantLoss=0.11170][QuantReg:0.38160]
[Twitter] Starting epoch 69...
[Twitter] Elapsed training time:3.01s
[Twitter] Starting validation...
[Twitter] Elapsed validation time:0.20s
[Twitter] [Epoch=069] Train Loss=[QuantLoss=0.03931]Val loss = [QuantLoss=0.10503][QuantReg:0.37992]
[Twitter] Starting epoch 70...
[Twitter] Elapsed training time:3.04s
[Twitter] Starting validation...
[Twitter] Elapsed validation time:0.19s
[Twitter] [Epoch=070] Train Loss=[QuantLoss=0.03683]Val loss = [QuantLoss=0.10719][QuantReg:0.37751]
[Twitter] Starting epoch 71...
[Twitter] Elapsed training time:2.99s
[Twitter] Starting validation...
[Twitter] Elapsed validation time:0.20s
[Twitter] [Epoch=071] Train Loss=[QuantLoss=0.03721]Val loss = [QuantLoss=0.10539][QuantReg:0.37880]
[Twitter] Starting epoch 72...
[Twitter] Elapsed training time:2.99s
[Twitter] Starting validation...
[Twitter] Elapsed validation time:0.21s
[Twitter] [Epoch=072] Train Loss=[QuantLoss=0.03667]Val loss = [QuantLoss=0.16700][QuantReg:0.38186]
[Twitter] Starting epoch 73...
[Twitter] Elapsed training time:2.92s
[Twitter] Starting validation...
[Twitter] Elapsed validation time:0.19s
[Twitter] [Epoch=073] Train Loss=[QuantLoss=0.04007]Val loss = [QuantLoss=0.14363][QuantReg:0.37737]
[Twitter] Starting epoch 74...
[Twitter] Elapsed training time:2.96s
[Twitter] Starting validation...
[Twitter] Elapsed validation time:0.30s
[Twitter] [Epoch=074] Train Loss=[QuantLoss=0.03801]Val loss = [QuantLoss=0.11897][QuantReg:0.37509]
[Twitter] Starting epoch 75...
[Twitter] Elapsed training time:2.96s
[Twitter] Starting validation...
[Twitter] Elapsed validation time:0.29s
[Twitter] [Epoch=075] Train Loss=[QuantLoss=0.03925]Val loss = [QuantLoss=0.08631][QuantReg:0.37149]
[Twitter] Starting epoch 76...
[Twitter] Elapsed training time:2.94s
[Twitter] Starting validation...
[Twitter] Elapsed validation time:0.28s
[Twitter] [Epoch=076] Train Loss=[QuantLoss=0.03593]Val loss = [QuantLoss=0.09158][QuantReg:0.37644]
[Twitter] Starting epoch 77...
[Twitter] Elapsed training time:2.92s
[Twitter] Starting validation...
[Twitter] Elapsed validation time:0.28s
[Twitter] [Epoch=077] Train Loss=[QuantLoss=0.04094]Val loss = [QuantLoss=0.11131][QuantReg:0.38098]
[Twitter] Starting epoch 78...
[Twitter] Elapsed training time:2.95s
[Twitter] Starting validation...
[Twitter] Elapsed validation time:0.29s
[Twitter] [Epoch=078] Train Loss=[QuantLoss=0.03469]Val loss = [QuantLoss=0.09200][QuantReg:0.38331]
[Twitter] Starting epoch 79...
[Twitter] Elapsed training time:2.96s
[Twitter] Starting validation...
[Twitter] Elapsed validation time:0.27s
[Twitter] [Epoch=079] Train Loss=[QuantLoss=0.03733]Val loss = [QuantLoss=0.09047][QuantReg:0.38161]
[Twitter] Starting epoch 80...
[Twitter] Elapsed training time:2.97s
[Twitter] Starting validation...
[Twitter] Elapsed validation time:0.27s
[Twitter] [Epoch=080] Train Loss=[QuantLoss=0.03665]Val loss = [QuantLoss=0.09895][QuantReg:0.38384]
[Twitter] Starting epoch 81...
[Twitter] Elapsed training time:2.92s
[Twitter] Starting validation...
[Twitter] Elapsed validation time:0.28s
[Twitter] [Epoch=081] Train Loss=[QuantLoss=0.03513]Val loss = [QuantLoss=0.12036][QuantReg:0.38681]
[Twitter] Starting epoch 82...
[Twitter] Elapsed training time:2.98s
[Twitter] Starting validation...
[Twitter] Elapsed validation time:0.30s
[Twitter] [Epoch=082] Train Loss=[QuantLoss=0.04285]Val loss = [QuantLoss=0.11942][QuantReg:0.39196]
[Twitter] Starting epoch 83...
[Twitter] Elapsed training time:2.98s
[Twitter] Starting validation...
[Twitter] Elapsed validation time:0.28s
[Twitter] [Epoch=083] Train Loss=[QuantLoss=0.03680]Val loss = [QuantLoss=0.10197][QuantReg:0.39365]
[Twitter] Starting epoch 84...
[Twitter] Elapsed training time:2.99s
[Twitter] Starting validation...
[Twitter] Elapsed validation time:0.28s
[Twitter] [Epoch=084] Train Loss=[QuantLoss=0.03903]Val loss = [QuantLoss=0.10381][QuantReg:0.38850]
[Twitter] Starting epoch 85...
[Twitter] Elapsed training time:2.99s
[Twitter] Starting validation...
[Twitter] Elapsed validation time:0.28s
[Twitter] [Epoch=085] Train Loss=[QuantLoss=0.03494]Val loss = [QuantLoss=0.09137][QuantReg:0.38908]
[Twitter] Starting epoch 86...
[Twitter] Elapsed training time:2.95s
[Twitter] Starting validation...
[Twitter] Elapsed validation time:0.28s
[Twitter] [Epoch=086] Train Loss=[QuantLoss=0.03510]Val loss = [QuantLoss=0.10204][QuantReg:0.39258]
[Twitter] Starting epoch 87...
[Twitter] Elapsed training time:3.02s
[Twitter] Starting validation...
[Twitter] Elapsed validation time:0.29s
[Twitter] [Epoch=087] Train Loss=[QuantLoss=0.03452]Val loss = [QuantLoss=0.12150][QuantReg:0.39195]
[Twitter] Starting epoch 88...
[Twitter] Elapsed training time:2.99s
[Twitter] Starting validation...
[Twitter] Elapsed validation time:0.28s
[Twitter] [Epoch=088] Train Loss=[QuantLoss=0.03757]Val loss = [QuantLoss=0.15194][QuantReg:0.38979]
[Twitter] Starting epoch 89...
[Twitter] Elapsed training time:3.00s
[Twitter] Starting validation...
[Twitter] Elapsed validation time:0.28s
[Twitter] [Epoch=089] Train Loss=[QuantLoss=0.03647]Val loss = [QuantLoss=0.10935][QuantReg:0.38875]
[Twitter] Starting epoch 90...
[Twitter] Elapsed training time:2.99s
[Twitter] Starting validation...
[Twitter] Elapsed validation time:0.29s
[Twitter] [Epoch=090] Train Loss=[QuantLoss=0.03454]Val loss = [QuantLoss=0.11033][QuantReg:0.38841]
[Twitter] Starting epoch 91...
[Twitter] Elapsed training time:3.01s
[Twitter] Starting validation...
[Twitter] Elapsed validation time:0.28s
[Twitter] [Epoch=091] Train Loss=[QuantLoss=0.03528]Val loss = [QuantLoss=0.08205][QuantReg:0.38759]
[Twitter] Starting epoch 92...
[Twitter] Elapsed training time:2.95s
[Twitter] Starting validation...
[Twitter] Elapsed validation time:0.28s
[Twitter] [Epoch=092] Train Loss=[QuantLoss=0.03165]Val loss = [QuantLoss=0.08940][QuantReg:0.38708]
[Twitter] Starting epoch 93...
[Twitter] Elapsed training time:2.99s
[Twitter] Starting validation...
[Twitter] Elapsed validation time:0.28s
[Twitter] [Epoch=093] Train Loss=[QuantLoss=0.03284]Val loss = [QuantLoss=0.09152][QuantReg:0.38463]
[Twitter] Starting epoch 94...
[Twitter] Elapsed training time:3.02s
[Twitter] Starting validation...
[Twitter] Elapsed validation time:0.28s
[Twitter] [Epoch=094] Train Loss=[QuantLoss=0.03230]Val loss = [QuantLoss=0.10130][QuantReg:0.38424]
[Twitter] Starting epoch 95...
[Twitter] Elapsed training time:2.98s
[Twitter] Starting validation...
[Twitter] Elapsed validation time:0.30s
[Twitter] [Epoch=095] Train Loss=[QuantLoss=0.03243]Val loss = [QuantLoss=0.11606][QuantReg:0.38575]
[Twitter] Starting epoch 96...
[Twitter] Elapsed training time:3.02s
[Twitter] Starting validation...
[Twitter] Elapsed validation time:0.29s
[Twitter] [Epoch=096] Train Loss=[QuantLoss=0.03980]Val loss = [QuantLoss=0.11924][QuantReg:0.38346]
[Twitter] Starting epoch 97...
[Twitter] Elapsed training time:2.99s
[Twitter] Starting validation...
[Twitter] Elapsed validation time:0.28s
[Twitter] [Epoch=097] Train Loss=[QuantLoss=0.03539]Val loss = [QuantLoss=0.11230][QuantReg:0.38151]
[Twitter] Starting epoch 98...
[Twitter] Elapsed training time:3.06s
[Twitter] Starting validation...
[Twitter] Elapsed validation time:0.19s
[Twitter] [Epoch=098] Train Loss=[QuantLoss=0.03256]Val loss = [QuantLoss=0.09415][QuantReg:0.38111]
[Twitter] Starting epoch 99...
[Twitter] Elapsed training time:2.98s
[Twitter] Starting validation...
[Twitter] Elapsed validation time:0.21s
[Twitter] [Epoch=099] Train Loss=[QuantLoss=0.03111]Val loss = [QuantLoss=0.10370][QuantReg:0.38238]
[Twitter] Starting epoch 100...
[Twitter] Elapsed training time:2.92s
[Twitter] Starting validation...
[Twitter] Elapsed validation time:0.19s
[Twitter] [Epoch=100] Train Loss=[QuantLoss=0.03283]Val loss = [QuantLoss=0.10655][QuantReg:0.38183]
[Twitter] Starting epoch 101...
[Twitter] Elapsed training time:2.93s
[Twitter] Starting validation...
[Twitter] Elapsed validation time:0.23s
[Twitter] [Epoch=101] Train Loss=[QuantLoss=0.03094]Val loss = [QuantLoss=0.08563][QuantReg:0.38114]
[Twitter] Starting epoch 102...
[Twitter] Elapsed training time:2.94s
[Twitter] Starting validation...
[Twitter] Elapsed validation time:0.19s
[Twitter] [Epoch=102] Train Loss=[QuantLoss=0.03462]Val loss = [QuantLoss=0.09730][QuantReg:0.38020]
[Twitter] Starting epoch 103...
[Twitter] Elapsed training time:2.96s
[Twitter] Starting validation...
[Twitter] Elapsed validation time:0.23s
[Twitter] [Epoch=103] Train Loss=[QuantLoss=0.03151]Val loss = [QuantLoss=0.09078][QuantReg:0.38449]
[Twitter] Starting epoch 104...
[Twitter] Elapsed training time:3.01s
[Twitter] Starting validation...
[Twitter] Elapsed validation time:0.20s
[Twitter] [Epoch=104] Train Loss=[QuantLoss=0.03301]Val loss = [QuantLoss=0.08921][QuantReg:0.38253]
[Twitter] Starting epoch 105...
[Twitter] Elapsed training time:3.02s
[Twitter] Starting validation...
[Twitter] Elapsed validation time:0.20s
[Twitter] [Epoch=105] Train Loss=[QuantLoss=0.03313]Val loss = [QuantLoss=0.09574][QuantReg:0.38224]
[Twitter] Starting epoch 106...
[Twitter] Elapsed training time:2.98s
[Twitter] Starting validation...
[Twitter] Elapsed validation time:0.21s
[Twitter] [Epoch=106] Train Loss=[QuantLoss=0.03163]Val loss = [QuantLoss=0.09576][QuantReg:0.38278]
[Twitter] Starting epoch 107...
[Twitter] Elapsed training time:3.03s
[Twitter] Starting validation...
[Twitter] Elapsed validation time:0.18s
[Twitter] [Epoch=107] Train Loss=[QuantLoss=0.03194]Val loss = [QuantLoss=0.09614][QuantReg:0.38149]
[Twitter] Starting epoch 108...
[Twitter] Elapsed training time:2.99s
[Twitter] Starting validation...
[Twitter] Elapsed validation time:0.18s
[Twitter] [Epoch=108] Train Loss=[QuantLoss=0.03164]Val loss = [QuantLoss=0.10789][QuantReg:0.38393]
[Twitter] Starting epoch 109...
[Twitter] Elapsed training time:3.08s
[Twitter] Starting validation...
[Twitter] Elapsed validation time:0.21s
[Twitter] [Epoch=109] Train Loss=[QuantLoss=0.03097]Val loss = [QuantLoss=0.09346][QuantReg:0.38219]
[Twitter] Starting epoch 110...
[Twitter] Elapsed training time:2.97s
[Twitter] Starting validation...
[Twitter] Elapsed validation time:0.18s
[Twitter] [Epoch=110] Train Loss=[QuantLoss=0.02997]Val loss = [QuantLoss=0.08794][QuantReg:0.38271]
[Twitter] Starting epoch 111...
[Twitter] Elapsed training time:3.00s
[Twitter] Starting validation...
[Twitter] Elapsed validation time:0.25s
[Twitter] [Epoch=111] Train Loss=[QuantLoss=0.03017]Val loss = [QuantLoss=0.08373][QuantReg:0.38227]
[Twitter] Starting epoch 112...
[Twitter] Elapsed training time:2.96s
[Twitter] Starting validation...
[Twitter] Elapsed validation time:0.20s
[Twitter] [Epoch=112] Train Loss=[QuantLoss=0.03029]Val loss = [QuantLoss=0.09466][QuantReg:0.38061]
[Twitter] Starting epoch 113...
[Twitter] Elapsed training time:2.99s
[Twitter] Starting validation...
[Twitter] Elapsed validation time:0.19s
[Twitter] [Epoch=113] Train Loss=[QuantLoss=0.03065]Val loss = [QuantLoss=0.08858][QuantReg:0.38049]
[Twitter] Starting epoch 114...
[Twitter] Elapsed training time:2.95s
[Twitter] Starting validation...
[Twitter] Elapsed validation time:0.18s
[Twitter] [Epoch=114] Train Loss=[QuantLoss=0.03237]Val loss = [QuantLoss=0.09437][QuantReg:0.38010]
[Twitter] Starting epoch 115...
[Twitter] Elapsed training time:3.01s
[Twitter] Starting validation...
[Twitter] Elapsed validation time:0.19s
[Twitter] [Epoch=115] Train Loss=[QuantLoss=0.03263]Val loss = [QuantLoss=0.10427][QuantReg:0.38014]
[Twitter] Starting epoch 116...
[Twitter] Elapsed training time:3.01s
[Twitter] Starting validation...
[Twitter] Elapsed validation time:0.19s
[Twitter] [Epoch=116] Train Loss=[QuantLoss=0.03220]Val loss = [QuantLoss=0.08906][QuantReg:0.38200]
[Twitter] Starting epoch 117...
[Twitter] Elapsed training time:2.99s
[Twitter] Starting validation...
[Twitter] Elapsed validation time:0.20s
[Twitter] [Epoch=117] Train Loss=[QuantLoss=0.03018]Val loss = [QuantLoss=0.08679][QuantReg:0.38161]
[Twitter] Starting epoch 118...
[Twitter] Elapsed training time:2.98s
[Twitter] Starting validation...
[Twitter] Elapsed validation time:0.19s
[Twitter] [Epoch=118] Train Loss=[QuantLoss=0.02920]Val loss = [QuantLoss=0.07916][QuantReg:0.38025]
[Twitter] Starting epoch 119...
[Twitter] Elapsed training time:3.02s
[Twitter] Starting validation...
[Twitter] Elapsed validation time:0.21s
[Twitter] [Epoch=119] Train Loss=[QuantLoss=0.03016]Val loss = [QuantLoss=0.06548][QuantReg:0.38079]
[Twitter] Starting epoch 120...
[Twitter] Elapsed training time:2.95s
[Twitter] Starting validation...
[Twitter] Elapsed validation time:0.18s
[Twitter] [Epoch=120] Train Loss=[QuantLoss=0.02917]Val loss = [QuantLoss=0.07080][QuantReg:0.38098]
[Twitter] Starting epoch 121...
[Twitter] Elapsed training time:3.05s
[Twitter] Starting validation...
[Twitter] Elapsed validation time:0.19s
[Twitter] [Epoch=121] Train Loss=[QuantLoss=0.03032]Val loss = [QuantLoss=0.07974][QuantReg:0.38042]
[Twitter] Starting epoch 122...
[Twitter] Elapsed training time:2.92s
[Twitter] Starting validation...
[Twitter] Elapsed validation time:0.21s
[Twitter] [Epoch=122] Train Loss=[QuantLoss=0.03034]Val loss = [QuantLoss=0.08860][QuantReg:0.38000]
[Twitter] Starting epoch 123...
[Twitter] Elapsed training time:2.99s
[Twitter] Starting validation...
[Twitter] Elapsed validation time:0.19s
[Twitter] [Epoch=123] Train Loss=[QuantLoss=0.03310]Val loss = [QuantLoss=0.08914][QuantReg:0.38216]
[Twitter] Starting epoch 124...
[Twitter] Elapsed training time:2.98s
[Twitter] Starting validation...
[Twitter] Elapsed validation time:0.27s
[Twitter] [Epoch=124] Train Loss=[QuantLoss=0.02961]Val loss = [QuantLoss=0.07602][QuantReg:0.38098]
[Twitter] Starting epoch 125...
[Twitter] Elapsed training time:2.96s
[Twitter] Starting validation...
[Twitter] Elapsed validation time:0.19s
[Twitter] [Epoch=125] Train Loss=[QuantLoss=0.02936]Val loss = [QuantLoss=0.06611][QuantReg:0.38109]
[Twitter] Starting epoch 126...
[Twitter] Elapsed training time:2.99s
[Twitter] Starting validation...
[Twitter] Elapsed validation time:0.30s
[Twitter] [Epoch=126] Train Loss=[QuantLoss=0.03047]Val loss = [QuantLoss=0.08892][QuantReg:0.37918]
[Twitter] Starting epoch 127...
[Twitter] Elapsed training time:2.97s
[Twitter] Starting validation...
[Twitter] Elapsed validation time:0.28s
[Twitter] [Epoch=127] Train Loss=[QuantLoss=0.03288]Val loss = [QuantLoss=0.09254][QuantReg:0.37885]
[Twitter] Starting epoch 128...
[Twitter] Elapsed training time:3.05s
[Twitter] Starting validation...
[Twitter] Elapsed validation time:0.30s
[Twitter] [Epoch=128] Train Loss=[QuantLoss=0.02951]Val loss = [QuantLoss=0.08816][QuantReg:0.38004]
[Twitter] Starting epoch 129...
[Twitter] Elapsed training time:3.05s
[Twitter] Starting validation...
[Twitter] Elapsed validation time:0.30s
[Twitter] [Epoch=129] Train Loss=[QuantLoss=0.03048]Val loss = [QuantLoss=0.06981][QuantReg:0.38021]
[Twitter] Starting epoch 130...
[Twitter] Elapsed training time:3.05s
[Twitter] Starting validation...
[Twitter] Elapsed validation time:0.29s
[Twitter] [Epoch=130] Train Loss=[QuantLoss=0.02883]Val loss = [QuantLoss=0.07599][QuantReg:0.38029]
[Twitter] Starting epoch 131...
[Twitter] Elapsed training time:3.00s
[Twitter] Starting validation...
[Twitter] Elapsed validation time:0.28s
[Twitter] [Epoch=131] Train Loss=[QuantLoss=0.03112]Val loss = [QuantLoss=0.07998][QuantReg:0.37873]
[Twitter] Starting epoch 132...
[Twitter] Elapsed training time:3.04s
[Twitter] Starting validation...
[Twitter] Elapsed validation time:0.29s
[Twitter] [Epoch=132] Train Loss=[QuantLoss=0.02882]Val loss = [QuantLoss=0.07470][QuantReg:0.37974]
[Twitter] Starting epoch 133...
[Twitter] Elapsed training time:2.98s
[Twitter] Starting validation...
[Twitter] Elapsed validation time:0.28s
[Twitter] [Epoch=133] Train Loss=[QuantLoss=0.03141]Val loss = [QuantLoss=0.08231][QuantReg:0.38004]
[Twitter] Starting epoch 134...
[Twitter] Elapsed training time:3.00s
[Twitter] Starting validation...
[Twitter] Elapsed validation time:0.28s
[Twitter] [Epoch=134] Train Loss=[QuantLoss=0.02836]Val loss = [QuantLoss=0.06333][QuantReg:0.37955]
[Twitter] Starting epoch 135...
[Twitter] Elapsed training time:3.02s
[Twitter] Starting validation...
[Twitter] Elapsed validation time:0.29s
[Twitter] [Epoch=135] Train Loss=[QuantLoss=0.02827]Val loss = [QuantLoss=0.07531][QuantReg:0.37858]
[Twitter] Starting epoch 136...
[Twitter] Elapsed training time:2.97s
[Twitter] Starting validation...
[Twitter] Elapsed validation time:0.28s
[Twitter] [Epoch=136] Train Loss=[QuantLoss=0.02878]Val loss = [QuantLoss=0.07118][QuantReg:0.37764]
[Twitter] Starting epoch 137...
[Twitter] Elapsed training time:3.01s
[Twitter] Starting validation...
[Twitter] Elapsed validation time:0.29s
[Twitter] [Epoch=137] Train Loss=[QuantLoss=0.02928]Val loss = [QuantLoss=0.07268][QuantReg:0.37749]
[Twitter] Starting epoch 138...
[Twitter] Elapsed training time:2.99s
[Twitter] Starting validation...
[Twitter] Elapsed validation time:0.27s
[Twitter] [Epoch=138] Train Loss=[QuantLoss=0.02980]Val loss = [QuantLoss=0.06227][QuantReg:0.37946]
[Twitter] Starting epoch 139...
[Twitter] Elapsed training time:3.04s
[Twitter] Starting validation...
[Twitter] Elapsed validation time:0.28s
[Twitter] [Epoch=139] Train Loss=[QuantLoss=0.02889]Val loss = [QuantLoss=0.06618][QuantReg:0.37814]
[Twitter] Starting epoch 140...
[Twitter] Elapsed training time:3.01s
[Twitter] Starting validation...
[Twitter] Elapsed validation time:0.27s
[Twitter] [Epoch=140] Train Loss=[QuantLoss=0.02945]Val loss = [QuantLoss=0.07118][QuantReg:0.37771]
[Twitter] Starting epoch 141...
[Twitter] Elapsed training time:3.10s
[Twitter] Starting validation...
[Twitter] Elapsed validation time:0.28s
[Twitter] [Epoch=141] Train Loss=[QuantLoss=0.02903]Val loss = [QuantLoss=0.06648][QuantReg:0.37909]
[Twitter] Starting epoch 142...
[Twitter] Elapsed training time:3.06s
[Twitter] Starting validation...
[Twitter] Elapsed validation time:0.28s
[Twitter] [Epoch=142] Train Loss=[QuantLoss=0.02936]Val loss = [QuantLoss=0.06472][QuantReg:0.37941]
[Twitter] Starting epoch 143...
[Twitter] Elapsed training time:3.02s
[Twitter] Starting validation...
[Twitter] Elapsed validation time:0.28s
[Twitter] [Epoch=143] Train Loss=[QuantLoss=0.03009]Val loss = [QuantLoss=0.07118][QuantReg:0.37924]
[Twitter] Starting epoch 144...
[Twitter] Elapsed training time:3.03s
[Twitter] Starting validation...
[Twitter] Elapsed validation time:0.29s
[Twitter] [Epoch=144] Train Loss=[QuantLoss=0.02952]Val loss = [QuantLoss=0.05697][QuantReg:0.38082][saved best model in this epoch]
[Twitter] Starting epoch 145...
[Twitter] Elapsed training time:3.05s
[Twitter] Starting validation...
[Twitter] Elapsed validation time:0.27s
[Twitter] [Epoch=145] Train Loss=[QuantLoss=0.02791]Val loss = [QuantLoss=0.06199][QuantReg:0.37885]
[Twitter] Starting epoch 146...
[Twitter] Elapsed training time:2.98s
[Twitter] Starting validation...
[Twitter] Elapsed validation time:0.27s
[Twitter] [Epoch=146] Train Loss=[QuantLoss=0.04045]Val loss = [QuantLoss=0.08269][QuantReg:0.37936]
[Twitter] Starting epoch 147...
[Twitter] Elapsed training time:3.04s
[Twitter] Starting validation...
[Twitter] Elapsed validation time:0.28s
[Twitter] [Epoch=147] Train Loss=[QuantLoss=0.03266]Val loss = [QuantLoss=0.05949][QuantReg:0.37981]
[Twitter] Starting epoch 148...
[Twitter] Elapsed training time:2.98s
[Twitter] Starting validation...
[Twitter] Elapsed validation time:0.29s
[Twitter] [Epoch=148] Train Loss=[QuantLoss=0.02816]Val loss = [QuantLoss=0.07579][QuantReg:0.37678]
[Twitter] Starting epoch 149...
[Twitter] Elapsed training time:3.00s
[Twitter] Starting validation...
[Twitter] Elapsed validation time:0.29s
[Twitter] [Epoch=149] Train Loss=[QuantLoss=0.03013]Val loss = [QuantLoss=0.06709][QuantReg:0.37740]
[Twitter] Starting epoch 150...
[Twitter] Elapsed training time:3.08s
[Twitter] Starting validation...
[Twitter] Elapsed validation time:0.29s
[Twitter] [Epoch=150] Train Loss=[QuantLoss=0.02891]Val loss = [QuantLoss=0.07129][QuantReg:0.37802]
[Twitter] Starting epoch 151...
[Twitter] Elapsed training time:3.04s
[Twitter] Starting validation...
[Twitter] Elapsed validation time:0.29s
[Twitter] [Epoch=151] Train Loss=[QuantLoss=0.02904]Val loss = [QuantLoss=0.06517][QuantReg:0.37720]
[Twitter] Starting epoch 152...
[Twitter] Elapsed training time:2.99s
[Twitter] Starting validation...
[Twitter] Elapsed validation time:0.28s
[Twitter] [Epoch=152] Train Loss=[QuantLoss=0.03009]Val loss = [QuantLoss=0.05515][QuantReg:0.37776][saved best model in this epoch]
[Twitter] Starting epoch 153...
[Twitter] Elapsed training time:3.02s
[Twitter] Starting validation...
[Twitter] Elapsed validation time:0.27s
[Twitter] [Epoch=153] Train Loss=[QuantLoss=0.02865]Val loss = [QuantLoss=0.05776][QuantReg:0.37760]
[Twitter] Starting epoch 154...
[Twitter] Elapsed training time:2.98s
[Twitter] Starting validation...
[Twitter] Elapsed validation time:0.27s
[Twitter] [Epoch=154] Train Loss=[QuantLoss=0.02827]Val loss = [QuantLoss=0.06696][QuantReg:0.37854]
[Twitter] Starting epoch 155...
[Twitter] Elapsed training time:2.96s
[Twitter] Starting validation...
[Twitter] Elapsed validation time:0.29s
[Twitter] [Epoch=155] Train Loss=[QuantLoss=0.03101]Val loss = [QuantLoss=0.07423][QuantReg:0.37896]
[Twitter] Starting epoch 156...
[Twitter] Elapsed training time:3.05s
[Twitter] Starting validation...
[Twitter] Elapsed validation time:0.28s
[Twitter] [Epoch=156] Train Loss=[QuantLoss=0.02767]Val loss = [QuantLoss=0.07115][QuantReg:0.37794]
[Twitter] Starting epoch 157...
[Twitter] Elapsed training time:3.04s
[Twitter] Starting validation...
[Twitter] Elapsed validation time:0.20s
[Twitter] [Epoch=157] Train Loss=[QuantLoss=0.02877]Val loss = [QuantLoss=0.07719][QuantReg:0.37676]
[Twitter] Starting epoch 158...
[Twitter] Elapsed training time:2.94s
[Twitter] Starting validation...
[Twitter] Elapsed validation time:0.19s
[Twitter] [Epoch=158] Train Loss=[QuantLoss=0.03335]Val loss = [QuantLoss=0.07742][QuantReg:0.37740]
[Twitter] Starting epoch 159...
[Twitter] Elapsed training time:2.97s
[Twitter] Starting validation...
[Twitter] Elapsed validation time:0.18s
[Twitter] [Epoch=159] Train Loss=[QuantLoss=0.02804]Val loss = [QuantLoss=0.07459][QuantReg:0.37623]
[Twitter] Starting epoch 160...
[Twitter] Elapsed training time:2.94s
[Twitter] Starting validation...
[Twitter] Elapsed validation time:0.19s
[Twitter] [Epoch=160] Train Loss=[QuantLoss=0.02851]Val loss = [QuantLoss=0.06854][QuantReg:0.37719]
[Twitter] Starting epoch 161...
[Twitter] Elapsed training time:2.97s
[Twitter] Starting validation...
[Twitter] Elapsed validation time:0.18s
[Twitter] [Epoch=161] Train Loss=[QuantLoss=0.02682]Val loss = [QuantLoss=0.06497][QuantReg:0.37902]
[Twitter] Starting epoch 162...
[Twitter] Elapsed training time:3.04s
[Twitter] Starting validation...
[Twitter] Elapsed validation time:0.19s
[Twitter] [Epoch=162] Train Loss=[QuantLoss=0.02781]Val loss = [QuantLoss=0.07386][QuantReg:0.37929]
[Twitter] Starting epoch 163...
[Twitter] Elapsed training time:2.97s
[Twitter] Starting validation...
[Twitter] Elapsed validation time:0.19s
[Twitter] [Epoch=163] Train Loss=[QuantLoss=0.02991]Val loss = [QuantLoss=0.07108][QuantReg:0.37795]
[Twitter] Starting epoch 164...
[Twitter] Elapsed training time:2.96s
[Twitter] Starting validation...
[Twitter] Elapsed validation time:0.19s
[Twitter] [Epoch=164] Train Loss=[QuantLoss=0.03549]Val loss = [QuantLoss=0.08571][QuantReg:0.37740]
[Twitter] Starting epoch 165...
[Twitter] Elapsed training time:3.01s
[Twitter] Starting validation...
[Twitter] Elapsed validation time:0.19s
[Twitter] [Epoch=165] Train Loss=[QuantLoss=0.03004]Val loss = [QuantLoss=0.07623][QuantReg:0.37940]
[Twitter] Starting epoch 166...
[Twitter] Elapsed training time:2.93s
[Twitter] Starting validation...
[Twitter] Elapsed validation time:0.20s
[Twitter] [Epoch=166] Train Loss=[QuantLoss=0.02989]Val loss = [QuantLoss=0.07100][QuantReg:0.37782]
[Twitter] Starting epoch 167...
[Twitter] Elapsed training time:3.04s
[Twitter] Starting validation...
[Twitter] Elapsed validation time:0.23s
[Twitter] [Epoch=167] Train Loss=[QuantLoss=0.02807]Val loss = [QuantLoss=0.06193][QuantReg:0.37870]
[Twitter] Starting epoch 168...
[Twitter] Elapsed training time:3.00s
[Twitter] Starting validation...
[Twitter] Elapsed validation time:0.20s
[Twitter] [Epoch=168] Train Loss=[QuantLoss=0.02982]Val loss = [QuantLoss=0.06574][QuantReg:0.37973]
[Twitter] Starting epoch 169...
[Twitter] Elapsed training time:2.98s
[Twitter] Starting validation...
[Twitter] Elapsed validation time:0.18s
[Twitter] [Epoch=169] Train Loss=[QuantLoss=0.03555]Val loss = [QuantLoss=0.08932][QuantReg:0.37657]
[Twitter] Starting epoch 170...
[Twitter] Elapsed training time:2.98s
[Twitter] Starting validation...
[Twitter] Elapsed validation time:0.20s
[Twitter] [Epoch=170] Train Loss=[QuantLoss=0.02991]Val loss = [QuantLoss=0.07230][QuantReg:0.37775]
[Twitter] Starting epoch 171...
[Twitter] Elapsed training time:3.00s
[Twitter] Starting validation...
[Twitter] Elapsed validation time:0.19s
[Twitter] [Epoch=171] Train Loss=[QuantLoss=0.02786]Val loss = [QuantLoss=0.07176][QuantReg:0.37800]
[Twitter] Starting epoch 172...
[Twitter] Elapsed training time:3.03s
[Twitter] Starting validation...
[Twitter] Elapsed validation time:0.18s
[Twitter] [Epoch=172] Train Loss=[QuantLoss=0.02832]Val loss = [QuantLoss=0.06270][QuantReg:0.37774]
[Twitter] Starting epoch 173...
[Twitter] Elapsed training time:2.98s
[Twitter] Starting validation...
[Twitter] Elapsed validation time:0.20s
[Twitter] [Epoch=173] Train Loss=[QuantLoss=0.02736]Val loss = [QuantLoss=0.06842][QuantReg:0.37803]
[Twitter] Early stopping in epoch 173!
[Twitter] Restoring best model...
MAE médio por bag: 0.1466 ± 0.1384
Salvo em resultados_sanders/resultados_twitter_bert_l1_easiest_4.csv
