Dataset: /home/nildaimon/gmnet/experiments/train_curl/Datasets/Sanders/twitter-sanders-apple3.csv
Dificuldade: metric=kl, mode=hardest, top_k=None
Rodada: 3
Salvar resultados em: resultados_sanders
Dispositivo de treino: cpu
Carregando e processando dataset Twitter
Carregando embeddings do cache...
Ignoring val_split as train and val datasets where given to fit function
We have two datasets: training 1092 examples. validation 100 examples.]
Using device cpu
[Twitter] Starting epoch 0...
[Twitter] Elapsed training time:2.87s
[Twitter] Starting validation...
[Twitter] Elapsed validation time:0.20s
[Twitter] [Epoch=000] Train Loss=[QuantLoss=0.08841]Val loss = [QuantLoss=0.13629][QuantReg:0.64193][saved best model in this epoch]
[Twitter] Starting epoch 1...
[Twitter] Elapsed training time:2.96s
[Twitter] Starting validation...
[Twitter] Elapsed validation time:0.20s
[Twitter] [Epoch=001] Train Loss=[QuantLoss=0.07844]Val loss = [QuantLoss=0.11043][QuantReg:0.54074][saved best model in this epoch]
[Twitter] Starting epoch 2...
[Twitter] Elapsed training time:2.96s
[Twitter] Starting validation...
[Twitter] Elapsed validation time:0.19s
[Twitter] [Epoch=002] Train Loss=[QuantLoss=0.08693]Val loss = [QuantLoss=0.06020][QuantReg:0.51526][saved best model in this epoch]
[Twitter] Starting epoch 3...
[Twitter] Elapsed training time:2.95s
[Twitter] Starting validation...
[Twitter] Elapsed validation time:0.19s
[Twitter] [Epoch=003] Train Loss=[QuantLoss=0.07869]Val loss = [QuantLoss=0.16175][QuantReg:0.50611]
[Twitter] Starting epoch 4...
[Twitter] Elapsed training time:2.92s
[Twitter] Starting validation...
[Twitter] Elapsed validation time:0.19s
[Twitter] [Epoch=004] Train Loss=[QuantLoss=0.07933]Val loss = [QuantLoss=0.10083][QuantReg:0.49876]
[Twitter] Starting epoch 5...
[Twitter] Elapsed training time:2.99s
[Twitter] Starting validation...
[Twitter] Elapsed validation time:0.19s
[Twitter] [Epoch=005] Train Loss=[QuantLoss=0.07016]Val loss = [QuantLoss=0.08742][QuantReg:0.50183]
[Twitter] Starting epoch 6...
[Twitter] Elapsed training time:2.95s
[Twitter] Starting validation...
[Twitter] Elapsed validation time:0.20s
[Twitter] [Epoch=006] Train Loss=[QuantLoss=0.07007]Val loss = [QuantLoss=0.25935][QuantReg:0.53348]
[Twitter] Starting epoch 7...
[Twitter] Elapsed training time:2.94s
[Twitter] Starting validation...
[Twitter] Elapsed validation time:0.19s
[Twitter] [Epoch=007] Train Loss=[QuantLoss=0.06585]Val loss = [QuantLoss=0.08293][QuantReg:0.53068]
[Twitter] Starting epoch 8...
[Twitter] Elapsed training time:2.94s
[Twitter] Starting validation...
[Twitter] Elapsed validation time:0.18s
[Twitter] [Epoch=008] Train Loss=[QuantLoss=0.06733]Val loss = [QuantLoss=0.21361][QuantReg:0.51143]
[Twitter] Starting epoch 9...
[Twitter] Elapsed training time:2.94s
[Twitter] Starting validation...
[Twitter] Elapsed validation time:0.18s
[Twitter] [Epoch=009] Train Loss=[QuantLoss=0.06245]Val loss = [QuantLoss=0.03223][QuantReg:0.53551][saved best model in this epoch]
[Twitter] Starting epoch 10...
[Twitter] Elapsed training time:2.95s
[Twitter] Starting validation...
[Twitter] Elapsed validation time:0.19s
[Twitter] [Epoch=010] Train Loss=[QuantLoss=0.05623]Val loss = [QuantLoss=0.03352][QuantReg:0.53161]
[Twitter] Starting epoch 11...
[Twitter] Elapsed training time:2.94s
[Twitter] Starting validation...
[Twitter] Elapsed validation time:0.23s
[Twitter] [Epoch=011] Train Loss=[QuantLoss=0.06168]Val loss = [QuantLoss=0.04934][QuantReg:0.53733]
[Twitter] Starting epoch 12...
[Twitter] Elapsed training time:2.99s
[Twitter] Starting validation...
[Twitter] Elapsed validation time:0.18s
[Twitter] [Epoch=012] Train Loss=[QuantLoss=0.05584]Val loss = [QuantLoss=0.06961][QuantReg:0.53976]
[Twitter] Starting epoch 13...
[Twitter] Elapsed training time:2.94s
[Twitter] Starting validation...
[Twitter] Elapsed validation time:0.20s
[Twitter] [Epoch=013] Train Loss=[QuantLoss=0.05772]Val loss = [QuantLoss=0.25612][QuantReg:0.53305]
[Twitter] Starting epoch 14...
[Twitter] Elapsed training time:2.95s
[Twitter] Starting validation...
[Twitter] Elapsed validation time:0.19s
[Twitter] [Epoch=014] Train Loss=[QuantLoss=0.06169]Val loss = [QuantLoss=0.24705][QuantReg:0.52997]
[Twitter] Starting epoch 15...
[Twitter] Elapsed training time:2.97s
[Twitter] Starting validation...
[Twitter] Elapsed validation time:0.21s
[Twitter] [Epoch=015] Train Loss=[QuantLoss=0.05223]Val loss = [QuantLoss=0.10952][QuantReg:0.51840]
[Twitter] Starting epoch 16...
[Twitter] Elapsed training time:2.93s
[Twitter] Starting validation...
[Twitter] Elapsed validation time:0.20s
[Twitter] [Epoch=016] Train Loss=[QuantLoss=0.05299]Val loss = [QuantLoss=0.07601][QuantReg:0.50841]
[Twitter] Starting epoch 17...
[Twitter] Elapsed training time:2.99s
[Twitter] Starting validation...
[Twitter] Elapsed validation time:0.18s
[Twitter] [Epoch=017] Train Loss=[QuantLoss=0.05291]Val loss = [QuantLoss=0.05464][QuantReg:0.51933]
[Twitter] Starting epoch 18...
[Twitter] Elapsed training time:2.97s
[Twitter] Starting validation...
[Twitter] Elapsed validation time:0.19s
[Twitter] [Epoch=018] Train Loss=[QuantLoss=0.04697]Val loss = [QuantLoss=0.07834][QuantReg:0.49880]
[Twitter] Starting epoch 19...
[Twitter] Elapsed training time:2.92s
[Twitter] Starting validation...
[Twitter] Elapsed validation time:0.20s
[Twitter] [Epoch=019] Train Loss=[QuantLoss=0.05123]Val loss = [QuantLoss=0.08391][QuantReg:0.48244]
[Twitter] Starting epoch 20...
[Twitter] Elapsed training time:2.98s
[Twitter] Starting validation...
[Twitter] Elapsed validation time:0.21s
[Twitter] [Epoch=020] Train Loss=[QuantLoss=0.04967]Val loss = [QuantLoss=0.10697][QuantReg:0.47089]
[Twitter] Starting epoch 21...
[Twitter] Elapsed training time:2.96s
[Twitter] Starting validation...
[Twitter] Elapsed validation time:0.19s
[Twitter] [Epoch=021] Train Loss=[QuantLoss=0.05090]Val loss = [QuantLoss=0.22689][QuantReg:0.46173]
[Twitter] Starting epoch 22...
[Twitter] Elapsed training time:2.93s
[Twitter] Starting validation...
[Twitter] Elapsed validation time:0.20s
[Twitter] [Epoch=022] Train Loss=[QuantLoss=0.05135]Val loss = [QuantLoss=0.32212][QuantReg:0.45976]
[Twitter] Starting epoch 23...
[Twitter] Elapsed training time:2.90s
[Twitter] Starting validation...
[Twitter] Elapsed validation time:0.20s
[Twitter] [Epoch=023] Train Loss=[QuantLoss=0.04972]Val loss = [QuantLoss=0.36920][QuantReg:0.46247]
[Twitter] Starting epoch 24...
[Twitter] Elapsed training time:2.91s
[Twitter] Starting validation...
[Twitter] Elapsed validation time:0.18s
[Twitter] [Epoch=024] Train Loss=[QuantLoss=0.05288]Val loss = [QuantLoss=0.33489][QuantReg:0.45735]
[Twitter] Starting epoch 25...
[Twitter] Elapsed training time:2.93s
[Twitter] Starting validation...
[Twitter] Elapsed validation time:0.20s
[Twitter] [Epoch=025] Train Loss=[QuantLoss=0.04870]Val loss = [QuantLoss=0.38337][QuantReg:0.45682]
[Twitter] Starting epoch 26...
[Twitter] Elapsed training time:3.01s
[Twitter] Starting validation...
[Twitter] Elapsed validation time:0.19s
[Twitter] [Epoch=026] Train Loss=[QuantLoss=0.05037]Val loss = [QuantLoss=0.34717][QuantReg:0.46404]
[Twitter] Starting epoch 27...
[Twitter] Elapsed training time:2.97s
[Twitter] Starting validation...
[Twitter] Elapsed validation time:0.28s
[Twitter] [Epoch=027] Train Loss=[QuantLoss=0.04435]Val loss = [QuantLoss=0.28728][QuantReg:0.48440]
[Twitter] Starting epoch 28...
[Twitter] Elapsed training time:2.93s
[Twitter] Starting validation...
[Twitter] Elapsed validation time:0.18s
[Twitter] [Epoch=028] Train Loss=[QuantLoss=0.05384]Val loss = [QuantLoss=0.11716][QuantReg:0.47895]
[Twitter] Starting epoch 29...
[Twitter] Elapsed training time:2.96s
[Twitter] Starting validation...
[Twitter] Elapsed validation time:0.27s
[Twitter] [Epoch=029] Train Loss=[QuantLoss=0.04730]Val loss = [QuantLoss=0.27230][QuantReg:0.47433]
[Twitter] Starting epoch 30...
[Twitter] Elapsed training time:2.92s
[Twitter] Starting validation...
[Twitter] Elapsed validation time:0.30s
[Twitter] [Epoch=030] Train Loss=[QuantLoss=0.04796]Val loss = [QuantLoss=0.20844][QuantReg:0.47486]
[Twitter] Starting epoch 31...
[Twitter] Elapsed training time:2.94s
[Twitter] Starting validation...
[Twitter] Elapsed validation time:0.27s
[Twitter] [Epoch=031] Train Loss=[QuantLoss=0.05131]Val loss = [QuantLoss=0.18683][QuantReg:0.49501]
[Twitter] Starting epoch 32...
[Twitter] Elapsed training time:2.97s
[Twitter] Starting validation...
[Twitter] Elapsed validation time:0.28s
[Twitter] [Epoch=032] Train Loss=[QuantLoss=0.05268]Val loss = [QuantLoss=0.27098][QuantReg:0.50236]
[Twitter] Starting epoch 33...
[Twitter] Elapsed training time:2.96s
[Twitter] Starting validation...
[Twitter] Elapsed validation time:0.27s
[Twitter] [Epoch=033] Train Loss=[QuantLoss=0.04742]Val loss = [QuantLoss=0.14747][QuantReg:0.49985]
[Twitter] Starting epoch 34...
[Twitter] Elapsed training time:2.96s
[Twitter] Starting validation...
[Twitter] Elapsed validation time:0.29s
[Twitter] [Epoch=034] Train Loss=[QuantLoss=0.04538]Val loss = [QuantLoss=0.21679][QuantReg:0.50109]
[Twitter] Starting epoch 35...
[Twitter] Elapsed training time:2.91s
[Twitter] Starting validation...
[Twitter] Elapsed validation time:0.30s
[Twitter] [Epoch=035] Train Loss=[QuantLoss=0.04623]Val loss = [QuantLoss=0.23755][QuantReg:0.50417]
[Twitter] Starting epoch 36...
[Twitter] Elapsed training time:2.97s
[Twitter] Starting validation...
[Twitter] Elapsed validation time:0.28s
[Twitter] [Epoch=036] Train Loss=[QuantLoss=0.04412]Val loss = [QuantLoss=0.33693][QuantReg:0.49811]
[Twitter] Starting epoch 37...
[Twitter] Elapsed training time:2.91s
[Twitter] Starting validation...
[Twitter] Elapsed validation time:0.28s
[Twitter] [Epoch=037] Train Loss=[QuantLoss=0.04532]Val loss = [QuantLoss=0.18466][QuantReg:0.49867]
[Twitter] Starting epoch 38...
[Twitter] Elapsed training time:2.95s
[Twitter] Starting validation...
[Twitter] Elapsed validation time:0.27s
[Twitter] [Epoch=038] Train Loss=[QuantLoss=0.04322]Val loss = [QuantLoss=0.19909][QuantReg:0.50261]
[Twitter] Starting epoch 39...
[Twitter] Elapsed training time:2.95s
[Twitter] Starting validation...
[Twitter] Elapsed validation time:0.29s
[Twitter] [Epoch=039] Train Loss=[QuantLoss=0.04374]Val loss = [QuantLoss=0.17391][QuantReg:0.50587]
[Twitter] Starting epoch 40...
[Twitter] Elapsed training time:2.94s
[Twitter] Starting validation...
[Twitter] Elapsed validation time:0.28s
[Twitter] [Epoch=040] Train Loss=[QuantLoss=0.04074]Val loss = [QuantLoss=0.26251][QuantReg:0.50336]
[Twitter] Starting epoch 41...
[Twitter] Elapsed training time:2.95s
[Twitter] Starting validation...
[Twitter] Elapsed validation time:0.28s
[Twitter] [Epoch=041] Train Loss=[QuantLoss=0.04548]Val loss = [QuantLoss=0.36507][QuantReg:0.50090]
[Twitter] Starting epoch 42...
[Twitter] Elapsed training time:2.95s
[Twitter] Starting validation...
[Twitter] Elapsed validation time:0.29s
[Twitter] [Epoch=042] Train Loss=[QuantLoss=0.04269]Val loss = [QuantLoss=0.26021][QuantReg:0.49229]
[Twitter] Starting epoch 43...
[Twitter] Elapsed training time:2.97s
[Twitter] Starting validation...
[Twitter] Elapsed validation time:0.27s
[Twitter] [Epoch=043] Train Loss=[QuantLoss=0.04623]Val loss = [QuantLoss=0.33350][QuantReg:0.48211]
[Twitter] Starting epoch 44...
[Twitter] Elapsed training time:2.94s
[Twitter] Starting validation...
[Twitter] Elapsed validation time:0.28s
[Twitter] [Epoch=044] Train Loss=[QuantLoss=0.04288]Val loss = [QuantLoss=0.28994][QuantReg:0.48413]
[Twitter] Starting epoch 45...
[Twitter] Elapsed training time:3.01s
[Twitter] Starting validation...
[Twitter] Elapsed validation time:0.28s
[Twitter] [Epoch=045] Train Loss=[QuantLoss=0.04210]Val loss = [QuantLoss=0.44421][QuantReg:0.48427]
[Twitter] Starting epoch 46...
[Twitter] Elapsed training time:3.03s
[Twitter] Starting validation...
[Twitter] Elapsed validation time:0.29s
[Twitter] [Epoch=046] Train Loss=[QuantLoss=0.04365]Val loss = [QuantLoss=0.29755][QuantReg:0.47344]
[Twitter] Starting epoch 47...
[Twitter] Elapsed training time:2.95s
[Twitter] Starting validation...
[Twitter] Elapsed validation time:0.27s
[Twitter] [Epoch=047] Train Loss=[QuantLoss=0.04308]Val loss = [QuantLoss=0.39065][QuantReg:0.46975]
[Twitter] Starting epoch 48...
[Twitter] Elapsed training time:2.98s
[Twitter] Starting validation...
[Twitter] Elapsed validation time:0.28s
[Twitter] [Epoch=048] Train Loss=[QuantLoss=0.04407]Val loss = [QuantLoss=0.33933][QuantReg:0.48071]
[Twitter] Starting epoch 49...
[Twitter] Elapsed training time:3.01s
[Twitter] Starting validation...
[Twitter] Elapsed validation time:0.27s
[Twitter] [Epoch=049] Train Loss=[QuantLoss=0.04274]Val loss = [QuantLoss=0.39588][QuantReg:0.47764]
[Twitter] Starting epoch 50...
[Twitter] Elapsed training time:3.02s
[Twitter] Starting validation...
[Twitter] Elapsed validation time:0.29s
[Twitter] [Epoch=050] Train Loss=[QuantLoss=0.04397]Val loss = [QuantLoss=0.38446][QuantReg:0.47721]
[Twitter] Starting epoch 51...
[Twitter] Elapsed training time:3.06s
[Twitter] Starting validation...
[Twitter] Elapsed validation time:0.30s
[Twitter] [Epoch=051] Train Loss=[QuantLoss=0.04748]Val loss = [QuantLoss=0.42544][QuantReg:0.47981]
[Twitter] Starting epoch 52...
[Twitter] Elapsed training time:2.98s
[Twitter] Starting validation...
[Twitter] Elapsed validation time:0.28s
[Twitter] [Epoch=052] Train Loss=[QuantLoss=0.03972]Val loss = [QuantLoss=0.40304][QuantReg:0.47498]
[Twitter] Starting epoch 53...
[Twitter] Elapsed training time:2.98s
[Twitter] Starting validation...
[Twitter] Elapsed validation time:0.28s
[Twitter] [Epoch=053] Train Loss=[QuantLoss=0.03731]Val loss = [QuantLoss=0.40794][QuantReg:0.47586]
[Twitter] Starting epoch 54...
[Twitter] Elapsed training time:2.94s
[Twitter] Starting validation...
[Twitter] Elapsed validation time:0.28s
[Twitter] [Epoch=054] Train Loss=[QuantLoss=0.03850]Val loss = [QuantLoss=0.38028][QuantReg:0.47548]
[Twitter] Starting epoch 55...
[Twitter] Elapsed training time:2.96s
[Twitter] Starting validation...
[Twitter] Elapsed validation time:0.30s
[Twitter] [Epoch=055] Train Loss=[QuantLoss=0.03576]Val loss = [QuantLoss=0.41418][QuantReg:0.47179]
[Twitter] Starting epoch 56...
[Twitter] Elapsed training time:3.02s
[Twitter] Starting validation...
[Twitter] Elapsed validation time:0.31s
[Twitter] [Epoch=056] Train Loss=[QuantLoss=0.03744]Val loss = [QuantLoss=0.41967][QuantReg:0.47282]
[Twitter] Starting epoch 57...
[Twitter] Elapsed training time:2.98s
[Twitter] Starting validation...
[Twitter] Elapsed validation time:0.28s
[Twitter] [Epoch=057] Train Loss=[QuantLoss=0.03795]Val loss = [QuantLoss=0.41204][QuantReg:0.46814]
[Twitter] Starting epoch 58...
[Twitter] Elapsed training time:2.97s
[Twitter] Starting validation...
[Twitter] Elapsed validation time:0.30s
[Twitter] [Epoch=058] Train Loss=[QuantLoss=0.03553]Val loss = [QuantLoss=0.40743][QuantReg:0.47465]
[Twitter] Starting epoch 59...
[Twitter] Elapsed training time:3.11s
[Twitter] Starting validation...
[Twitter] Elapsed validation time:0.19s
[Twitter] [Epoch=059] Train Loss=[QuantLoss=0.03723]Val loss = [QuantLoss=0.37916][QuantReg:0.47663]
[Twitter] Starting epoch 60...
[Twitter] Elapsed training time:2.95s
[Twitter] Starting validation...
[Twitter] Elapsed validation time:0.20s
[Twitter] [Epoch=060] Train Loss=[QuantLoss=0.03472]Val loss = [QuantLoss=0.37627][QuantReg:0.47451]
[Twitter] Starting epoch 61...
[Twitter] Elapsed training time:2.93s
[Twitter] Starting validation...
[Twitter] Elapsed validation time:0.18s
[Twitter] [Epoch=061] Train Loss=[QuantLoss=0.03538]Val loss = [QuantLoss=0.36089][QuantReg:0.47148]
[Twitter] Starting epoch 62...
[Twitter] Elapsed training time:2.92s
[Twitter] Starting validation...
[Twitter] Elapsed validation time:0.20s
[Twitter] [Epoch=062] Train Loss=[QuantLoss=0.03704]Val loss = [QuantLoss=0.34466][QuantReg:0.46895]
[Twitter] Starting epoch 63...
[Twitter] Elapsed training time:3.05s
[Twitter] Starting validation...
[Twitter] Elapsed validation time:0.18s
[Twitter] [Epoch=063] Train Loss=[QuantLoss=0.03436]Val loss = [QuantLoss=0.35230][QuantReg:0.46610]
[Twitter] Starting epoch 64...
[Twitter] Elapsed training time:2.88s
[Twitter] Starting validation...
[Twitter] Elapsed validation time:0.22s
[Twitter] [Epoch=064] Train Loss=[QuantLoss=0.03294]Val loss = [QuantLoss=0.36685][QuantReg:0.46742]
[Twitter] Starting epoch 65...
[Twitter] Elapsed training time:3.01s
[Twitter] Starting validation...
[Twitter] Elapsed validation time:0.20s
[Twitter] [Epoch=065] Train Loss=[QuantLoss=0.03334]Val loss = [QuantLoss=0.34794][QuantReg:0.46909]
[Twitter] Starting epoch 66...
[Twitter] Elapsed training time:3.00s
[Twitter] Starting validation...
[Twitter] Elapsed validation time:0.19s
[Twitter] [Epoch=066] Train Loss=[QuantLoss=0.03465]Val loss = [QuantLoss=0.32023][QuantReg:0.46611]
[Twitter] Starting epoch 67...
[Twitter] Elapsed training time:2.92s
[Twitter] Starting validation...
[Twitter] Elapsed validation time:0.21s
[Twitter] [Epoch=067] Train Loss=[QuantLoss=0.03503]Val loss = [QuantLoss=0.30956][QuantReg:0.46935]
[Twitter] Starting epoch 68...
[Twitter] Elapsed training time:2.95s
[Twitter] Starting validation...
[Twitter] Elapsed validation time:0.20s
[Twitter] [Epoch=068] Train Loss=[QuantLoss=0.03547]Val loss = [QuantLoss=0.34364][QuantReg:0.47134]
[Twitter] Starting epoch 69...
[Twitter] Elapsed training time:2.92s
[Twitter] Starting validation...
[Twitter] Elapsed validation time:0.19s
[Twitter] [Epoch=069] Train Loss=[QuantLoss=0.03785]Val loss = [QuantLoss=0.38038][QuantReg:0.46786]
[Twitter] Starting epoch 70...
[Twitter] Elapsed training time:2.92s
[Twitter] Starting validation...
[Twitter] Elapsed validation time:0.19s
[Twitter] [Epoch=070] Train Loss=[QuantLoss=0.03600]Val loss = [QuantLoss=0.36385][QuantReg:0.46626]
[Twitter] Starting epoch 71...
[Twitter] Elapsed training time:2.91s
[Twitter] Starting validation...
[Twitter] Elapsed validation time:0.21s
[Twitter] [Epoch=071] Train Loss=[QuantLoss=0.03691]Val loss = [QuantLoss=0.32597][QuantReg:0.46970]
[Twitter] Starting epoch 72...
[Twitter] Elapsed training time:2.94s
[Twitter] Starting validation...
[Twitter] Elapsed validation time:0.20s
[Twitter] [Epoch=072] Train Loss=[QuantLoss=0.03332]Val loss = [QuantLoss=0.31260][QuantReg:0.47234]
[Twitter] Starting epoch 73...
[Twitter] Elapsed training time:2.94s
[Twitter] Starting validation...
[Twitter] Elapsed validation time:0.20s
[Twitter] [Epoch=073] Train Loss=[QuantLoss=0.03387]Val loss = [QuantLoss=0.34062][QuantReg:0.47634]
[Twitter] Starting epoch 74...
[Twitter] Elapsed training time:2.95s
[Twitter] Starting validation...
[Twitter] Elapsed validation time:0.18s
[Twitter] [Epoch=074] Train Loss=[QuantLoss=0.03264]Val loss = [QuantLoss=0.33335][QuantReg:0.47570]
[Twitter] Starting epoch 75...
[Twitter] Elapsed training time:2.98s
[Twitter] Starting validation...
[Twitter] Elapsed validation time:0.20s
[Twitter] [Epoch=075] Train Loss=[QuantLoss=0.03093]Val loss = [QuantLoss=0.29759][QuantReg:0.47371]
[Twitter] Starting epoch 76...
[Twitter] Elapsed training time:2.93s
[Twitter] Starting validation...
[Twitter] Elapsed validation time:0.20s
[Twitter] [Epoch=076] Train Loss=[QuantLoss=0.03194]Val loss = [QuantLoss=0.31934][QuantReg:0.47501]
[Twitter] Starting epoch 77...
[Twitter] Elapsed training time:3.04s
[Twitter] Starting validation...
[Twitter] Elapsed validation time:0.18s
[Twitter] [Epoch=077] Train Loss=[QuantLoss=0.03064]Val loss = [QuantLoss=0.30473][QuantReg:0.47681]
[Twitter] Starting epoch 78...
[Twitter] Elapsed training time:2.94s
[Twitter] Starting validation...
[Twitter] Elapsed validation time:0.18s
[Twitter] [Epoch=078] Train Loss=[QuantLoss=0.03105]Val loss = [QuantLoss=0.33406][QuantReg:0.47566]
[Twitter] Starting epoch 79...
[Twitter] Elapsed training time:2.98s
[Twitter] Starting validation...
[Twitter] Elapsed validation time:0.19s
[Twitter] [Epoch=079] Train Loss=[QuantLoss=0.03306]Val loss = [QuantLoss=0.28347][QuantReg:0.47024]
[Twitter] Starting epoch 80...
[Twitter] Elapsed training time:2.93s
[Twitter] Starting validation...
[Twitter] Elapsed validation time:0.18s
[Twitter] [Epoch=080] Train Loss=[QuantLoss=0.03215]Val loss = [QuantLoss=0.30303][QuantReg:0.47500]
[Twitter] Starting epoch 81...
[Twitter] Elapsed training time:2.92s
[Twitter] Starting validation...
[Twitter] Elapsed validation time:0.18s
[Twitter] [Epoch=081] Train Loss=[QuantLoss=0.03375]Val loss = [QuantLoss=0.33560][QuantReg:0.47585]
[Twitter] Starting epoch 82...
[Twitter] Elapsed training time:2.90s
[Twitter] Starting validation...
[Twitter] Elapsed validation time:0.19s
[Twitter] [Epoch=082] Train Loss=[QuantLoss=0.03130]Val loss = [QuantLoss=0.37810][QuantReg:0.47380]
[Twitter] Starting epoch 83...
[Twitter] Elapsed training time:2.87s
[Twitter] Starting validation...
[Twitter] Elapsed validation time:0.20s
[Twitter] [Epoch=083] Train Loss=[QuantLoss=0.03121]Val loss = [QuantLoss=0.34696][QuantReg:0.47414]
[Twitter] Starting epoch 84...
[Twitter] Elapsed training time:2.96s
[Twitter] Starting validation...
[Twitter] Elapsed validation time:0.20s
[Twitter] [Epoch=084] Train Loss=[QuantLoss=0.03144]Val loss = [QuantLoss=0.33279][QuantReg:0.47537]
[Twitter] Starting epoch 85...
[Twitter] Elapsed training time:2.98s
[Twitter] Starting validation...
[Twitter] Elapsed validation time:0.18s
[Twitter] [Epoch=085] Train Loss=[QuantLoss=0.03249]Val loss = [QuantLoss=0.34962][QuantReg:0.47103]
[Twitter] Starting epoch 86...
[Twitter] Elapsed training time:2.95s
[Twitter] Starting validation...
[Twitter] Elapsed validation time:0.29s
[Twitter] [Epoch=086] Train Loss=[QuantLoss=0.03191]Val loss = [QuantLoss=0.38190][QuantReg:0.47232]
[Twitter] Starting epoch 87...
[Twitter] Elapsed training time:2.98s
[Twitter] Starting validation...
[Twitter] Elapsed validation time:0.27s
[Twitter] [Epoch=087] Train Loss=[QuantLoss=0.03232]Val loss = [QuantLoss=0.39024][QuantReg:0.47435]
[Twitter] Starting epoch 88...
[Twitter] Elapsed training time:2.95s
[Twitter] Starting validation...
[Twitter] Elapsed validation time:0.28s
[Twitter] [Epoch=088] Train Loss=[QuantLoss=0.03103]Val loss = [QuantLoss=0.37504][QuantReg:0.47341]
[Twitter] Starting epoch 89...
[Twitter] Elapsed training time:2.92s
[Twitter] Starting validation...
[Twitter] Elapsed validation time:0.28s
[Twitter] [Epoch=089] Train Loss=[QuantLoss=0.03300]Val loss = [QuantLoss=0.35434][QuantReg:0.47559]
[Twitter] Starting epoch 90...
[Twitter] Elapsed training time:2.97s
[Twitter] Starting validation...
[Twitter] Elapsed validation time:0.30s
[Twitter] [Epoch=090] Train Loss=[QuantLoss=0.03093]Val loss = [QuantLoss=0.33064][QuantReg:0.47709]
[Twitter] Starting epoch 91...
[Twitter] Elapsed training time:2.94s
[Twitter] Starting validation...
[Twitter] Elapsed validation time:0.28s
[Twitter] [Epoch=091] Train Loss=[QuantLoss=0.03169]Val loss = [QuantLoss=0.36227][QuantReg:0.47344]
[Twitter] Starting epoch 92...
[Twitter] Elapsed training time:2.97s
[Twitter] Starting validation...
[Twitter] Elapsed validation time:0.29s
[Twitter] [Epoch=092] Train Loss=[QuantLoss=0.03060]Val loss = [QuantLoss=0.37125][QuantReg:0.47280]
[Twitter] Starting epoch 93...
[Twitter] Elapsed training time:3.04s
[Twitter] Starting validation...
[Twitter] Elapsed validation time:0.29s
[Twitter] [Epoch=093] Train Loss=[QuantLoss=0.03142]Val loss = [QuantLoss=0.35881][QuantReg:0.47263]
[Twitter] Starting epoch 94...
[Twitter] Elapsed training time:2.96s
[Twitter] Starting validation...
[Twitter] Elapsed validation time:0.28s
[Twitter] [Epoch=094] Train Loss=[QuantLoss=0.03051]Val loss = [QuantLoss=0.35283][QuantReg:0.47062]
[Twitter] Starting epoch 95...
[Twitter] Elapsed training time:2.96s
[Twitter] Starting validation...
[Twitter] Elapsed validation time:0.27s
[Twitter] [Epoch=095] Train Loss=[QuantLoss=0.02972]Val loss = [QuantLoss=0.36111][QuantReg:0.47312]
[Twitter] Starting epoch 96...
[Twitter] Elapsed training time:3.04s
[Twitter] Starting validation...
[Twitter] Elapsed validation time:0.27s
[Twitter] [Epoch=096] Train Loss=[QuantLoss=0.03070]Val loss = [QuantLoss=0.34495][QuantReg:0.47106]
[Twitter] Starting epoch 97...
[Twitter] Elapsed training time:2.98s
[Twitter] Starting validation...
[Twitter] Elapsed validation time:0.29s
[Twitter] [Epoch=097] Train Loss=[QuantLoss=0.02925]Val loss = [QuantLoss=0.37368][QuantReg:0.47137]
[Twitter] Starting epoch 98...
[Twitter] Elapsed training time:2.97s
[Twitter] Starting validation...
[Twitter] Elapsed validation time:0.27s
[Twitter] [Epoch=098] Train Loss=[QuantLoss=0.03032]Val loss = [QuantLoss=0.35795][QuantReg:0.46853]
[Twitter] Starting epoch 99...
[Twitter] Elapsed training time:2.95s
[Twitter] Starting validation...
[Twitter] Elapsed validation time:0.28s
[Twitter] [Epoch=099] Train Loss=[QuantLoss=0.02997]Val loss = [QuantLoss=0.34748][QuantReg:0.46893]
[Twitter] Starting epoch 100...
[Twitter] Elapsed training time:3.03s
[Twitter] Starting validation...
[Twitter] Elapsed validation time:0.28s
[Twitter] [Epoch=100] Train Loss=[QuantLoss=0.02931]Val loss = [QuantLoss=0.37039][QuantReg:0.46683]
[Twitter] Starting epoch 101...
[Twitter] Elapsed training time:2.98s
[Twitter] Starting validation...
[Twitter] Elapsed validation time:0.28s
[Twitter] [Epoch=101] Train Loss=[QuantLoss=0.02908]Val loss = [QuantLoss=0.35154][QuantReg:0.46962]
[Twitter] Starting epoch 102...
[Twitter] Elapsed training time:2.99s
[Twitter] Starting validation...
[Twitter] Elapsed validation time:0.27s
[Twitter] [Epoch=102] Train Loss=[QuantLoss=0.03005]Val loss = [QuantLoss=0.35575][QuantReg:0.46966]
[Twitter] Starting epoch 103...
[Twitter] Elapsed training time:2.98s
[Twitter] Starting validation...
[Twitter] Elapsed validation time:0.28s
[Twitter] [Epoch=103] Train Loss=[QuantLoss=0.03065]Val loss = [QuantLoss=0.33783][QuantReg:0.46939]
[Twitter] Starting epoch 104...
[Twitter] Elapsed training time:2.90s
[Twitter] Starting validation...
[Twitter] Elapsed validation time:0.30s
[Twitter] [Epoch=104] Train Loss=[QuantLoss=0.03015]Val loss = [QuantLoss=0.37252][QuantReg:0.46885]
[Twitter] Starting epoch 105...
[Twitter] Elapsed training time:2.96s
[Twitter] Starting validation...
[Twitter] Elapsed validation time:0.29s
[Twitter] [Epoch=105] Train Loss=[QuantLoss=0.02909]Val loss = [QuantLoss=0.34954][QuantReg:0.46745]
[Twitter] Starting epoch 106...
[Twitter] Elapsed training time:2.95s
[Twitter] Starting validation...
[Twitter] Elapsed validation time:0.29s
[Twitter] [Epoch=106] Train Loss=[QuantLoss=0.02918]Val loss = [QuantLoss=0.36946][QuantReg:0.46816]
[Twitter] Starting epoch 107...
[Twitter] Elapsed training time:2.98s
[Twitter] Starting validation...
[Twitter] Elapsed validation time:0.30s
[Twitter] [Epoch=107] Train Loss=[QuantLoss=0.02838]Val loss = [QuantLoss=0.34503][QuantReg:0.46973]
[Twitter] Starting epoch 108...
[Twitter] Elapsed training time:2.98s
[Twitter] Starting validation...
[Twitter] Elapsed validation time:0.28s
[Twitter] [Epoch=108] Train Loss=[QuantLoss=0.02936]Val loss = [QuantLoss=0.37311][QuantReg:0.47266]
[Twitter] Starting epoch 109...
[Twitter] Elapsed training time:2.98s
[Twitter] Starting validation...
[Twitter] Elapsed validation time:0.29s
[Twitter] [Epoch=109] Train Loss=[QuantLoss=0.02976]Val loss = [QuantLoss=0.34951][QuantReg:0.47149]
[Twitter] Starting epoch 110...
[Twitter] Elapsed training time:2.95s
[Twitter] Starting validation...
[Twitter] Elapsed validation time:0.28s
[Twitter] [Epoch=110] Train Loss=[QuantLoss=0.02925]Val loss = [QuantLoss=0.35077][QuantReg:0.47175]
[Twitter] Starting epoch 111...
[Twitter] Elapsed training time:2.94s
[Twitter] Starting validation...
[Twitter] Elapsed validation time:0.28s
[Twitter] [Epoch=111] Train Loss=[QuantLoss=0.02934]Val loss = [QuantLoss=0.37741][QuantReg:0.46895]
[Twitter] Starting epoch 112...
[Twitter] Elapsed training time:3.01s
[Twitter] Starting validation...
[Twitter] Elapsed validation time:0.29s
[Twitter] [Epoch=112] Train Loss=[QuantLoss=0.02947]Val loss = [QuantLoss=0.36675][QuantReg:0.46842]
[Twitter] Starting epoch 113...
[Twitter] Elapsed training time:2.99s
[Twitter] Starting validation...
[Twitter] Elapsed validation time:0.30s
[Twitter] [Epoch=113] Train Loss=[QuantLoss=0.02864]Val loss = [QuantLoss=0.38269][QuantReg:0.46941]
[Twitter] Starting epoch 114...
[Twitter] Elapsed training time:2.99s
[Twitter] Starting validation...
[Twitter] Elapsed validation time:0.27s
[Twitter] [Epoch=114] Train Loss=[QuantLoss=0.02985]Val loss = [QuantLoss=0.38727][QuantReg:0.46639]
[Twitter] Starting epoch 115...
[Twitter] Elapsed training time:2.95s
[Twitter] Starting validation...
[Twitter] Elapsed validation time:0.28s
[Twitter] [Epoch=115] Train Loss=[QuantLoss=0.02903]Val loss = [QuantLoss=0.36650][QuantReg:0.46727]
[Twitter] Starting epoch 116...
[Twitter] Elapsed training time:2.93s
[Twitter] Starting validation...
[Twitter] Elapsed validation time:0.34s
[Twitter] [Epoch=116] Train Loss=[QuantLoss=0.02776]Val loss = [QuantLoss=0.37027][QuantReg:0.46831]
[Twitter] Starting epoch 117...
[Twitter] Elapsed training time:2.92s
[Twitter] Starting validation...
[Twitter] Elapsed validation time:0.19s
[Twitter] [Epoch=117] Train Loss=[QuantLoss=0.02768]Val loss = [QuantLoss=0.37183][QuantReg:0.46997]
[Twitter] Starting epoch 118...
[Twitter] Elapsed training time:2.92s
[Twitter] Starting validation...
[Twitter] Elapsed validation time:0.18s
[Twitter] [Epoch=118] Train Loss=[QuantLoss=0.02819]Val loss = [QuantLoss=0.38870][QuantReg:0.46770]
[Twitter] Starting epoch 119...
[Twitter] Elapsed training time:2.92s
[Twitter] Starting validation...
[Twitter] Elapsed validation time:0.19s
[Twitter] [Epoch=119] Train Loss=[QuantLoss=0.02882]Val loss = [QuantLoss=0.35434][QuantReg:0.46875]
[Twitter] Starting epoch 120...
[Twitter] Elapsed training time:2.97s
[Twitter] Starting validation...
[Twitter] Elapsed validation time:0.19s
[Twitter] [Epoch=120] Train Loss=[QuantLoss=0.02716]Val loss = [QuantLoss=0.37948][QuantReg:0.46829]
[Twitter] Starting epoch 121...
[Twitter] Elapsed training time:2.98s
[Twitter] Starting validation...
[Twitter] Elapsed validation time:0.18s
[Twitter] [Epoch=121] Train Loss=[QuantLoss=0.02771]Val loss = [QuantLoss=0.36300][QuantReg:0.46817]
[Twitter] Starting epoch 122...
[Twitter] Elapsed training time:2.95s
[Twitter] Starting validation...
[Twitter] Elapsed validation time:0.20s
[Twitter] [Epoch=122] Train Loss=[QuantLoss=0.02817]Val loss = [QuantLoss=0.36495][QuantReg:0.46736]
[Twitter] Starting epoch 123...
[Twitter] Elapsed training time:2.98s
[Twitter] Starting validation...
[Twitter] Elapsed validation time:0.17s
[Twitter] [Epoch=123] Train Loss=[QuantLoss=0.02778]Val loss = [QuantLoss=0.39019][QuantReg:0.47046]
[Twitter] Starting epoch 124...
[Twitter] Elapsed training time:2.93s
[Twitter] Starting validation...
[Twitter] Elapsed validation time:0.19s
[Twitter] [Epoch=124] Train Loss=[QuantLoss=0.02811]Val loss = [QuantLoss=0.37483][QuantReg:0.46692]
[Twitter] Starting epoch 125...
[Twitter] Elapsed training time:2.94s
[Twitter] Starting validation...
[Twitter] Elapsed validation time:0.24s
[Twitter] [Epoch=125] Train Loss=[QuantLoss=0.02783]Val loss = [QuantLoss=0.36510][QuantReg:0.46813]
[Twitter] Starting epoch 126...
[Twitter] Elapsed training time:2.91s
[Twitter] Starting validation...
[Twitter] Elapsed validation time:0.22s
[Twitter] [Epoch=126] Train Loss=[QuantLoss=0.02751]Val loss = [QuantLoss=0.36204][QuantReg:0.46725]
[Twitter] Starting epoch 127...
[Twitter] Elapsed training time:2.92s
[Twitter] Starting validation...
[Twitter] Elapsed validation time:0.20s
[Twitter] [Epoch=127] Train Loss=[QuantLoss=0.02742]Val loss = [QuantLoss=0.35678][QuantReg:0.46723]
[Twitter] Starting epoch 128...
[Twitter] Elapsed training time:2.90s
[Twitter] Starting validation...
[Twitter] Elapsed validation time:0.19s
[Twitter] [Epoch=128] Train Loss=[QuantLoss=0.02732]Val loss = [QuantLoss=0.35927][QuantReg:0.46782]
[Twitter] Starting epoch 129...
[Twitter] Elapsed training time:2.96s
[Twitter] Starting validation...
[Twitter] Elapsed validation time:0.19s
[Twitter] [Epoch=129] Train Loss=[QuantLoss=0.02785]Val loss = [QuantLoss=0.37516][QuantReg:0.46839]
[Twitter] Starting epoch 130...
[Twitter] Elapsed training time:2.98s
[Twitter] Starting validation...
[Twitter] Elapsed validation time:0.18s
[Twitter] [Epoch=130] Train Loss=[QuantLoss=0.02697]Val loss = [QuantLoss=0.37496][QuantReg:0.46923]
[Twitter] Starting epoch 131...
[Twitter] Elapsed training time:2.97s
[Twitter] Starting validation...
[Twitter] Elapsed validation time:0.20s
[Twitter] [Epoch=131] Train Loss=[QuantLoss=0.02800]Val loss = [QuantLoss=0.34195][QuantReg:0.46842]
[Twitter] Starting epoch 132...
[Twitter] Elapsed training time:2.98s
[Twitter] Starting validation...
[Twitter] Elapsed validation time:0.19s
[Twitter] [Epoch=132] Train Loss=[QuantLoss=0.02720]Val loss = [QuantLoss=0.35879][QuantReg:0.47025]
[Twitter] Starting epoch 133...
[Twitter] Elapsed training time:2.98s
[Twitter] Starting validation...
[Twitter] Elapsed validation time:0.18s
[Twitter] [Epoch=133] Train Loss=[QuantLoss=0.02817]Val loss = [QuantLoss=0.36508][QuantReg:0.47027]
[Twitter] Starting epoch 134...
[Twitter] Elapsed training time:2.91s
[Twitter] Starting validation...
[Twitter] Elapsed validation time:0.19s
[Twitter] [Epoch=134] Train Loss=[QuantLoss=0.02817]Val loss = [QuantLoss=0.38837][QuantReg:0.46797]
[Twitter] Starting epoch 135...
[Twitter] Elapsed training time:2.97s
[Twitter] Starting validation...
[Twitter] Elapsed validation time:0.20s
[Twitter] [Epoch=135] Train Loss=[QuantLoss=0.02724]Val loss = [QuantLoss=0.36991][QuantReg:0.46851]
[Twitter] Early stopping in epoch 135!
[Twitter] Restoring best model...
MAE médio por bag: 0.1204 ± 0.0635
Salvo em resultados_sanders/resultados_twitter_bert_kl_hardest_3.csv
