Dataset: /home/nildaimon/gmnet/experiments/train_curl/Datasets/Sanders/twitter-sanders-apple3.csv
Dificuldade: metric=kl, mode=hardest, top_k=None
Rodada: 1
Salvar resultados em: resultados_sanders
Dispositivo de treino: cuda
Carregando e processando dataset Twitter
Carregando embeddings do cache...
Model savedmodels/twitter_bert_kl_hardest_run1.pkl exists. Loading weights ...
Ignoring val_split as train and val datasets where given to fit function
We have two datasets: training 1092 examples. validation 100 examples.]
Using device cuda
[Twitter] Starting epoch 0...
[Twitter] Elapsed training time:2.58s
[Twitter] Starting validation...
[Twitter] Elapsed validation time:0.41s
[Twitter] [Epoch=000] Train Loss=[QuantLoss=0.02975]Val loss = [QuantLoss=0.17171][QuantReg:0.45751][saved best model in this epoch]
[Twitter] Starting epoch 1...
[Twitter] Elapsed training time:2.39s
[Twitter] Starting validation...
[Twitter] Elapsed validation time:0.36s
[Twitter] [Epoch=001] Train Loss=[QuantLoss=0.03122]Val loss = [QuantLoss=0.13256][QuantReg:0.46702][saved best model in this epoch]
[Twitter] Starting epoch 2...
[Twitter] Elapsed training time:2.35s
[Twitter] Starting validation...
[Twitter] Elapsed validation time:0.38s
[Twitter] [Epoch=002] Train Loss=[QuantLoss=0.02770]Val loss = [QuantLoss=0.14115][QuantReg:0.47106]
[Twitter] Starting epoch 3...
[Twitter] Elapsed training time:2.35s
[Twitter] Starting validation...
[Twitter] Elapsed validation time:0.34s
[Twitter] [Epoch=003] Train Loss=[QuantLoss=0.02596]Val loss = [QuantLoss=0.12037][QuantReg:0.46375][saved best model in this epoch]
[Twitter] Starting epoch 4...
[Twitter] Elapsed training time:2.36s
[Twitter] Starting validation...
[Twitter] Elapsed validation time:0.38s
[Twitter] [Epoch=004] Train Loss=[QuantLoss=0.02529]Val loss = [QuantLoss=0.18340][QuantReg:0.46481]
[Twitter] Starting epoch 5...
[Twitter] Elapsed training time:2.42s
[Twitter] Starting validation...
[Twitter] Elapsed validation time:0.32s
[Twitter] [Epoch=005] Train Loss=[QuantLoss=0.02715]Val loss = [QuantLoss=0.15419][QuantReg:0.46957]
[Twitter] Starting epoch 6...
[Twitter] Elapsed training time:2.50s
[Twitter] Starting validation...
[Twitter] Elapsed validation time:0.25s
[Twitter] [Epoch=006] Train Loss=[QuantLoss=0.02569]Val loss = [QuantLoss=0.19662][QuantReg:0.47922]
[Twitter] Starting epoch 7...
[Twitter] Elapsed training time:2.39s
[Twitter] Starting validation...
[Twitter] Elapsed validation time:0.24s
[Twitter] [Epoch=007] Train Loss=[QuantLoss=0.02887]Val loss = [QuantLoss=0.17475][QuantReg:0.47928]
[Twitter] Starting epoch 8...
[Twitter] Elapsed training time:2.48s
[Twitter] Starting validation...
[Twitter] Elapsed validation time:0.34s
[Twitter] [Epoch=008] Train Loss=[QuantLoss=0.02633]Val loss = [QuantLoss=0.23623][QuantReg:0.47573]
[Twitter] Starting epoch 9...
[Twitter] Elapsed training time:2.50s
[Twitter] Starting validation...
[Twitter] Elapsed validation time:0.28s
[Twitter] [Epoch=009] Train Loss=[QuantLoss=0.02816]Val loss = [QuantLoss=0.17924][QuantReg:0.46642]
[Twitter] Starting epoch 10...
[Twitter] Elapsed training time:2.33s
[Twitter] Starting validation...
[Twitter] Elapsed validation time:0.33s
[Twitter] [Epoch=010] Train Loss=[QuantLoss=0.02630]Val loss = [QuantLoss=0.24724][QuantReg:0.45910]
[Twitter] Starting epoch 11...
[Twitter] Elapsed training time:2.34s
[Twitter] Starting validation...
[Twitter] Elapsed validation time:0.30s
[Twitter] [Epoch=011] Train Loss=[QuantLoss=0.02554]Val loss = [QuantLoss=0.23357][QuantReg:0.46385]
[Twitter] Starting epoch 12...
[Twitter] Elapsed training time:2.53s
[Twitter] Starting validation...
[Twitter] Elapsed validation time:0.27s
[Twitter] [Epoch=012] Train Loss=[QuantLoss=0.02716]Val loss = [QuantLoss=0.27427][QuantReg:0.45940]
[Twitter] Starting epoch 13...
[Twitter] Elapsed training time:2.33s
[Twitter] Starting validation...
[Twitter] Elapsed validation time:0.27s
[Twitter] [Epoch=013] Train Loss=[QuantLoss=0.02250]Val loss = [QuantLoss=0.24514][QuantReg:0.46370]
[Twitter] Starting epoch 14...
[Twitter] Elapsed training time:2.35s
[Twitter] Starting validation...
[Twitter] Elapsed validation time:0.26s
[Twitter] [Epoch=014] Train Loss=[QuantLoss=0.02527]Val loss = [QuantLoss=0.22151][QuantReg:0.46832]
[Twitter] Starting epoch 15...
[Twitter] Elapsed training time:2.47s
[Twitter] Starting validation...
[Twitter] Elapsed validation time:0.27s
[Twitter] [Epoch=015] Train Loss=[QuantLoss=0.02540]Val loss = [QuantLoss=0.25043][QuantReg:0.46397]
[Twitter] Starting epoch 16...
[Twitter] Elapsed training time:2.46s
[Twitter] Starting validation...
[Twitter] Elapsed validation time:0.31s
[Twitter] [Epoch=016] Train Loss=[QuantLoss=0.03079]Val loss = [QuantLoss=0.21015][QuantReg:0.45727]
[Twitter] Starting epoch 17...
[Twitter] Elapsed training time:2.49s
[Twitter] Starting validation...
[Twitter] Elapsed validation time:0.33s
[Twitter] [Epoch=017] Train Loss=[QuantLoss=0.02664]Val loss = [QuantLoss=0.26631][QuantReg:0.44756]
[Twitter] Starting epoch 18...
[Twitter] Elapsed training time:2.42s
[Twitter] Starting validation...
[Twitter] Elapsed validation time:0.30s
[Twitter] [Epoch=018] Train Loss=[QuantLoss=0.02701]Val loss = [QuantLoss=0.29963][QuantReg:0.44516]
[Twitter] Starting epoch 19...
[Twitter] Elapsed training time:2.34s
[Twitter] Starting validation...
[Twitter] Elapsed validation time:0.32s
[Twitter] [Epoch=019] Train Loss=[QuantLoss=0.02665]Val loss = [QuantLoss=0.30757][QuantReg:0.44671]
[Twitter] Starting epoch 20...
[Twitter] Elapsed training time:2.38s
[Twitter] Starting validation...
[Twitter] Elapsed validation time:0.31s
[Twitter] [Epoch=020] Train Loss=[QuantLoss=0.02694]Val loss = [QuantLoss=0.26450][QuantReg:0.45284]
[Twitter] Starting epoch 21...
[Twitter] Elapsed training time:2.35s
[Twitter] Starting validation...
[Twitter] Elapsed validation time:0.28s
[Twitter] [Epoch=021] Train Loss=[QuantLoss=0.02840]Val loss = [QuantLoss=0.20671][QuantReg:0.44621]
[Twitter] Starting epoch 22...
[Twitter] Elapsed training time:2.37s
[Twitter] Starting validation...
[Twitter] Elapsed validation time:0.32s
[Twitter] [Epoch=022] Train Loss=[QuantLoss=0.02733]Val loss = [QuantLoss=0.25673][QuantReg:0.44223]
[Twitter] Starting epoch 23...
[Twitter] Elapsed training time:2.33s
[Twitter] Starting validation...
[Twitter] Elapsed validation time:0.30s
[Twitter] [Epoch=023] Train Loss=[QuantLoss=0.02754]Val loss = [QuantLoss=0.24340][QuantReg:0.43643]
[Twitter] Starting epoch 24...
[Twitter] Elapsed training time:2.39s
[Twitter] Starting validation...
[Twitter] Elapsed validation time:0.34s
[Twitter] [Epoch=024] Train Loss=[QuantLoss=0.02822]Val loss = [QuantLoss=0.27929][QuantReg:0.45064]
[Twitter] Starting epoch 25...
[Twitter] Elapsed training time:2.39s
[Twitter] Starting validation...
[Twitter] Elapsed validation time:0.27s
[Twitter] [Epoch=025] Train Loss=[QuantLoss=0.02537]Val loss = [QuantLoss=0.27293][QuantReg:0.46727]
[Twitter] Starting epoch 26...
[Twitter] Elapsed training time:2.51s
[Twitter] Starting validation...
[Twitter] Elapsed validation time:0.30s
[Twitter] [Epoch=026] Train Loss=[QuantLoss=0.02479]Val loss = [QuantLoss=0.26034][QuantReg:0.46670]
[Twitter] Starting epoch 27...
[Twitter] Elapsed training time:2.53s
[Twitter] Starting validation...
[Twitter] Elapsed validation time:0.31s
[Twitter] [Epoch=027] Train Loss=[QuantLoss=0.02351]Val loss = [QuantLoss=0.27263][QuantReg:0.46135]
[Twitter] Starting epoch 28...
[Twitter] Elapsed training time:2.58s
[Twitter] Starting validation...
[Twitter] Elapsed validation time:0.34s
[Twitter] [Epoch=028] Train Loss=[QuantLoss=0.03065]Val loss = [QuantLoss=0.18226][QuantReg:0.45483]
[Twitter] Starting epoch 29...
[Twitter] Elapsed training time:2.51s
[Twitter] Starting validation...
[Twitter] Elapsed validation time:0.33s
[Twitter] [Epoch=029] Train Loss=[QuantLoss=0.02546]Val loss = [QuantLoss=0.19350][QuantReg:0.45526]
[Twitter] Starting epoch 30...
[Twitter] Elapsed training time:2.43s
[Twitter] Starting validation...
[Twitter] Elapsed validation time:0.35s
[Twitter] [Epoch=030] Train Loss=[QuantLoss=0.02310]Val loss = [QuantLoss=0.17809][QuantReg:0.45050]
[Twitter] Starting epoch 31...
[Twitter] Elapsed training time:2.32s
[Twitter] Starting validation...
[Twitter] Elapsed validation time:0.30s
[Twitter] [Epoch=031] Train Loss=[QuantLoss=0.02588]Val loss = [QuantLoss=0.21078][QuantReg:0.45731]
[Twitter] Starting epoch 32...
[Twitter] Elapsed training time:2.36s
[Twitter] Starting validation...
[Twitter] Elapsed validation time:0.34s
[Twitter] [Epoch=032] Train Loss=[QuantLoss=0.02242]Val loss = [QuantLoss=0.19938][QuantReg:0.46208]
[Twitter] Starting epoch 33...
[Twitter] Elapsed training time:2.52s
[Twitter] Starting validation...
[Twitter] Elapsed validation time:0.31s
[Twitter] [Epoch=033] Train Loss=[QuantLoss=0.02236]Val loss = [QuantLoss=0.20827][QuantReg:0.45737]
[Twitter] Starting epoch 34...
[Twitter] Elapsed training time:2.37s
[Twitter] Starting validation...
[Twitter] Elapsed validation time:0.25s
[Twitter] [Epoch=034] Train Loss=[QuantLoss=0.02507]Val loss = [QuantLoss=0.17256][QuantReg:0.45324]
[Twitter] Starting epoch 35...
[Twitter] Elapsed training time:2.43s
[Twitter] Starting validation...
[Twitter] Elapsed validation time:0.26s
[Twitter] [Epoch=035] Train Loss=[QuantLoss=0.02229]Val loss = [QuantLoss=0.20386][QuantReg:0.45152]
[Twitter] Starting epoch 36...
[Twitter] Elapsed training time:2.53s
[Twitter] Starting validation...
[Twitter] Elapsed validation time:0.31s
[Twitter] [Epoch=036] Train Loss=[QuantLoss=0.02477]Val loss = [QuantLoss=0.23407][QuantReg:0.45110]
[Twitter] Starting epoch 37...
[Twitter] Elapsed training time:2.31s
[Twitter] Starting validation...
[Twitter] Elapsed validation time:0.30s
[Twitter] [Epoch=037] Train Loss=[QuantLoss=0.02542]Val loss = [QuantLoss=0.18418][QuantReg:0.44853]
[Twitter] Starting epoch 38...
[Twitter] Elapsed training time:2.40s
[Twitter] Starting validation...
[Twitter] Elapsed validation time:0.24s
[Twitter] [Epoch=038] Train Loss=[QuantLoss=0.02498]Val loss = [QuantLoss=0.22876][QuantReg:0.44980]
[Twitter] Starting epoch 39...
[Twitter] Elapsed training time:2.32s
[Twitter] Starting validation...
[Twitter] Elapsed validation time:0.34s
[Twitter] [Epoch=039] Train Loss=[QuantLoss=0.02481]Val loss = [QuantLoss=0.20447][QuantReg:0.45434]
[Twitter] Starting epoch 40...
[Twitter] Elapsed training time:2.38s
[Twitter] Starting validation...
[Twitter] Elapsed validation time:0.32s
[Twitter] [Epoch=040] Train Loss=[QuantLoss=0.02192]Val loss = [QuantLoss=0.18370][QuantReg:0.45650]
[Twitter] Starting epoch 41...
[Twitter] Elapsed training time:2.56s
[Twitter] Starting validation...
[Twitter] Elapsed validation time:0.30s
[Twitter] [Epoch=041] Train Loss=[QuantLoss=0.02316]Val loss = [QuantLoss=0.23204][QuantReg:0.45617]
[Twitter] Starting epoch 42...
[Twitter] Elapsed training time:2.56s
[Twitter] Starting validation...
[Twitter] Elapsed validation time:0.32s
[Twitter] [Epoch=042] Train Loss=[QuantLoss=0.02257]Val loss = [QuantLoss=0.22469][QuantReg:0.45584]
[Twitter] Starting epoch 43...
[Twitter] Elapsed training time:2.52s
[Twitter] Starting validation...
[Twitter] Elapsed validation time:0.33s
[Twitter] [Epoch=043] Train Loss=[QuantLoss=0.02727]Val loss = [QuantLoss=0.21673][QuantReg:0.45177]
[Twitter] Starting epoch 44...
[Twitter] Elapsed training time:2.44s
[Twitter] Starting validation...
[Twitter] Elapsed validation time:0.27s
[Twitter] [Epoch=044] Train Loss=[QuantLoss=0.02514]Val loss = [QuantLoss=0.23543][QuantReg:0.45205]
[Twitter] Starting epoch 45...
[Twitter] Elapsed training time:2.36s
[Twitter] Starting validation...
[Twitter] Elapsed validation time:0.25s
[Twitter] [Epoch=045] Train Loss=[QuantLoss=0.02399]Val loss = [QuantLoss=0.24287][QuantReg:0.45411]
[Twitter] Starting epoch 46...
[Twitter] Elapsed training time:2.41s
[Twitter] Starting validation...
[Twitter] Elapsed validation time:0.29s
[Twitter] [Epoch=046] Train Loss=[QuantLoss=0.02266]Val loss = [QuantLoss=0.24440][QuantReg:0.45531]
[Twitter] Starting epoch 47...
[Twitter] Elapsed training time:2.32s
[Twitter] Starting validation...
[Twitter] Elapsed validation time:0.27s
[Twitter] [Epoch=047] Train Loss=[QuantLoss=0.02075]Val loss = [QuantLoss=0.27604][QuantReg:0.45509]
[Twitter] Starting epoch 48...
[Twitter] Elapsed training time:2.33s
[Twitter] Starting validation...
[Twitter] Elapsed validation time:0.26s
[Twitter] [Epoch=048] Train Loss=[QuantLoss=0.02368]Val loss = [QuantLoss=0.22872][QuantReg:0.45650]
[Twitter] Starting epoch 49...
[Twitter] Elapsed training time:2.38s
[Twitter] Starting validation...
[Twitter] Elapsed validation time:0.28s
[Twitter] [Epoch=049] Train Loss=[QuantLoss=0.02310]Val loss = [QuantLoss=0.25908][QuantReg:0.45792]
[Twitter] Starting epoch 50...
[Twitter] Elapsed training time:2.42s
[Twitter] Starting validation...
[Twitter] Elapsed validation time:0.25s
[Twitter] [Epoch=050] Train Loss=[QuantLoss=0.02164]Val loss = [QuantLoss=0.28153][QuantReg:0.45840]
[Twitter] Starting epoch 51...
[Twitter] Elapsed training time:2.50s
[Twitter] Starting validation...
[Twitter] Elapsed validation time:0.31s
[Twitter] [Epoch=051] Train Loss=[QuantLoss=0.02194]Val loss = [QuantLoss=0.27419][QuantReg:0.45802]
[Twitter] Starting epoch 52...
[Twitter] Elapsed training time:2.33s
[Twitter] Starting validation...
[Twitter] Elapsed validation time:0.27s
[Twitter] [Epoch=052] Train Loss=[QuantLoss=0.02353]Val loss = [QuantLoss=0.27874][QuantReg:0.45696]
[Twitter] Starting epoch 53...
[Twitter] Elapsed training time:2.34s
[Twitter] Starting validation...
[Twitter] Elapsed validation time:0.31s
[Twitter] [Epoch=053] Train Loss=[QuantLoss=0.02141]Val loss = [QuantLoss=0.26166][QuantReg:0.45931]
[Twitter] Starting epoch 54...
[Twitter] Elapsed training time:2.32s
[Twitter] Starting validation...
[Twitter] Elapsed validation time:0.26s
[Twitter] [Epoch=054] Train Loss=[QuantLoss=0.02135]Val loss = [QuantLoss=0.28875][QuantReg:0.46026]
[Twitter] Starting epoch 55...
[Twitter] Elapsed training time:2.41s
[Twitter] Starting validation...
[Twitter] Elapsed validation time:0.31s
[Twitter] [Epoch=055] Train Loss=[QuantLoss=0.02031]Val loss = [QuantLoss=0.30057][QuantReg:0.46032]
[Twitter] Starting epoch 56...
[Twitter] Elapsed training time:2.36s
[Twitter] Starting validation...
[Twitter] Elapsed validation time:0.30s
[Twitter] [Epoch=056] Train Loss=[QuantLoss=0.02237]Val loss = [QuantLoss=0.29898][QuantReg:0.45859]
[Twitter] Starting epoch 57...
[Twitter] Elapsed training time:2.39s
[Twitter] Starting validation...
[Twitter] Elapsed validation time:0.31s
[Twitter] [Epoch=057] Train Loss=[QuantLoss=0.02301]Val loss = [QuantLoss=0.30578][QuantReg:0.45620]
[Twitter] Starting epoch 58...
[Twitter] Elapsed training time:2.53s
[Twitter] Starting validation...
[Twitter] Elapsed validation time:0.25s
[Twitter] [Epoch=058] Train Loss=[QuantLoss=0.02334]Val loss = [QuantLoss=0.30124][QuantReg:0.45719]
[Twitter] Starting epoch 59...
[Twitter] Elapsed training time:2.49s
[Twitter] Starting validation...
[Twitter] Elapsed validation time:0.27s
[Twitter] [Epoch=059] Train Loss=[QuantLoss=0.02119]Val loss = [QuantLoss=0.28833][QuantReg:0.45696]
[Twitter] Starting epoch 60...
[Twitter] Elapsed training time:2.38s
[Twitter] Starting validation...
[Twitter] Elapsed validation time:0.39s
[Twitter] [Epoch=060] Train Loss=[QuantLoss=0.02231]Val loss = [QuantLoss=0.29555][QuantReg:0.45992]
[Twitter] Starting epoch 61...
[Twitter] Elapsed training time:2.46s
[Twitter] Starting validation...
[Twitter] Elapsed validation time:0.30s
[Twitter] [Epoch=061] Train Loss=[QuantLoss=0.02215]Val loss = [QuantLoss=0.28806][QuantReg:0.45749]
[Twitter] Starting epoch 62...
[Twitter] Elapsed training time:2.37s
[Twitter] Starting validation...
[Twitter] Elapsed validation time:0.38s
[Twitter] [Epoch=062] Train Loss=[QuantLoss=0.02211]Val loss = [QuantLoss=0.30046][QuantReg:0.45556]
[Twitter] Starting epoch 63...
[Twitter] Elapsed training time:2.40s
[Twitter] Starting validation...
[Twitter] Elapsed validation time:0.24s
[Twitter] [Epoch=063] Train Loss=[QuantLoss=0.02140]Val loss = [QuantLoss=0.29453][QuantReg:0.45638]
[Twitter] Starting epoch 64...
[Twitter] Elapsed training time:2.52s
[Twitter] Starting validation...
[Twitter] Elapsed validation time:0.38s
[Twitter] [Epoch=064] Train Loss=[QuantLoss=0.02298]Val loss = [QuantLoss=0.30502][QuantReg:0.45832]
[Twitter] Starting epoch 65...
[Twitter] Elapsed training time:2.35s
[Twitter] Starting validation...
[Twitter] Elapsed validation time:0.30s
[Twitter] [Epoch=065] Train Loss=[QuantLoss=0.02067]Val loss = [QuantLoss=0.30827][QuantReg:0.45506]
[Twitter] Starting epoch 66...
[Twitter] Elapsed training time:2.34s
[Twitter] Starting validation...
[Twitter] Elapsed validation time:0.38s
[Twitter] [Epoch=066] Train Loss=[QuantLoss=0.02182]Val loss = [QuantLoss=0.30539][QuantReg:0.45562]
[Twitter] Starting epoch 67...
[Twitter] Elapsed training time:2.36s
[Twitter] Starting validation...
[Twitter] Elapsed validation time:0.31s
[Twitter] [Epoch=067] Train Loss=[QuantLoss=0.02038]Val loss = [QuantLoss=0.30166][QuantReg:0.45475]
[Twitter] Starting epoch 68...
[Twitter] Elapsed training time:2.31s
[Twitter] Starting validation...
[Twitter] Elapsed validation time:0.33s
[Twitter] [Epoch=068] Train Loss=[QuantLoss=0.02222]Val loss = [QuantLoss=0.31273][QuantReg:0.45536]
[Twitter] Starting epoch 69...
[Twitter] Elapsed training time:2.34s
[Twitter] Starting validation...
[Twitter] Elapsed validation time:0.38s
[Twitter] [Epoch=069] Train Loss=[QuantLoss=0.02068]Val loss = [QuantLoss=0.31162][QuantReg:0.45683]
[Twitter] Starting epoch 70...
[Twitter] Elapsed training time:2.34s
[Twitter] Starting validation...
[Twitter] Elapsed validation time:0.39s
[Twitter] [Epoch=070] Train Loss=[QuantLoss=0.01922]Val loss = [QuantLoss=0.31226][QuantReg:0.45577]
[Twitter] Starting epoch 71...
[Twitter] Elapsed training time:2.32s
[Twitter] Starting validation...
[Twitter] Elapsed validation time:0.38s
[Twitter] [Epoch=071] Train Loss=[QuantLoss=0.02096]Val loss = [QuantLoss=0.30971][QuantReg:0.45590]
[Twitter] Starting epoch 72...
[Twitter] Elapsed training time:2.40s
[Twitter] Starting validation...
[Twitter] Elapsed validation time:0.42s
[Twitter] [Epoch=072] Train Loss=[QuantLoss=0.01988]Val loss = [QuantLoss=0.31180][QuantReg:0.45611]
[Twitter] Starting epoch 73...
[Twitter] Elapsed training time:2.38s
[Twitter] Starting validation...
[Twitter] Elapsed validation time:0.38s
[Twitter] [Epoch=073] Train Loss=[QuantLoss=0.02009]Val loss = [QuantLoss=0.31314][QuantReg:0.45612]
[Twitter] Starting epoch 74...
[Twitter] Elapsed training time:2.51s
[Twitter] Starting validation...
[Twitter] Elapsed validation time:0.38s
[Twitter] [Epoch=074] Train Loss=[QuantLoss=0.02093]Val loss = [QuantLoss=0.31254][QuantReg:0.45465]
[Twitter] Starting epoch 75...
[Twitter] Elapsed training time:2.47s
[Twitter] Starting validation...
[Twitter] Elapsed validation time:0.37s
[Twitter] [Epoch=075] Train Loss=[QuantLoss=0.01997]Val loss = [QuantLoss=0.31319][QuantReg:0.45704]
[Twitter] Starting epoch 76...
[Twitter] Elapsed training time:2.31s
[Twitter] Starting validation...
[Twitter] Elapsed validation time:0.39s
[Twitter] [Epoch=076] Train Loss=[QuantLoss=0.01971]Val loss = [QuantLoss=0.31226][QuantReg:0.45551]
[Twitter] Starting epoch 77...
[Twitter] Elapsed training time:2.40s
[Twitter] Starting validation...
[Twitter] Elapsed validation time:0.35s
[Twitter] [Epoch=077] Train Loss=[QuantLoss=0.01946]Val loss = [QuantLoss=0.31400][QuantReg:0.45622]
[Twitter] Starting epoch 78...
[Twitter] Elapsed training time:2.35s
[Twitter] Starting validation...
[Twitter] Elapsed validation time:0.38s
[Twitter] [Epoch=078] Train Loss=[QuantLoss=0.01953]Val loss = [QuantLoss=0.30629][QuantReg:0.45515]
[Twitter] Starting epoch 79...
[Twitter] Elapsed training time:2.48s
[Twitter] Starting validation...
[Twitter] Elapsed validation time:0.38s
[Twitter] [Epoch=079] Train Loss=[QuantLoss=0.01815]Val loss = [QuantLoss=0.30917][QuantReg:0.45471]
[Twitter] Starting epoch 80...
[Twitter] Elapsed training time:2.49s
[Twitter] Starting validation...
[Twitter] Elapsed validation time:0.45s
[Twitter] [Epoch=080] Train Loss=[QuantLoss=0.01842]Val loss = [QuantLoss=0.30093][QuantReg:0.45499]
[Twitter] Starting epoch 81...
[Twitter] Elapsed training time:2.44s
[Twitter] Starting validation...
[Twitter] Elapsed validation time:0.34s
[Twitter] [Epoch=081] Train Loss=[QuantLoss=0.02089]Val loss = [QuantLoss=0.30793][QuantReg:0.45467]
[Twitter] Starting epoch 82...
[Twitter] Elapsed training time:2.48s
[Twitter] Starting validation...
[Twitter] Elapsed validation time:0.39s
[Twitter] [Epoch=082] Train Loss=[QuantLoss=0.01936]Val loss = [QuantLoss=0.30216][QuantReg:0.45520]
[Twitter] Starting epoch 83...
[Twitter] Elapsed training time:2.33s
[Twitter] Starting validation...
[Twitter] Elapsed validation time:0.38s
[Twitter] [Epoch=083] Train Loss=[QuantLoss=0.01958]Val loss = [QuantLoss=0.30719][QuantReg:0.45800]
[Twitter] Starting epoch 84...
[Twitter] Elapsed training time:2.59s
[Twitter] Starting validation...
[Twitter] Elapsed validation time:0.42s
[Twitter] [Epoch=084] Train Loss=[QuantLoss=0.02032]Val loss = [QuantLoss=0.30159][QuantReg:0.45556]
[Twitter] Starting epoch 85...
[Twitter] Elapsed training time:2.53s
[Twitter] Starting validation...
[Twitter] Elapsed validation time:0.38s
[Twitter] [Epoch=085] Train Loss=[QuantLoss=0.01885]Val loss = [QuantLoss=0.30941][QuantReg:0.45867]
[Twitter] Starting epoch 86...
[Twitter] Elapsed training time:2.53s
[Twitter] Starting validation...
[Twitter] Elapsed validation time:0.37s
[Twitter] [Epoch=086] Train Loss=[QuantLoss=0.01846]Val loss = [QuantLoss=0.30872][QuantReg:0.45613]
[Twitter] Starting epoch 87...
[Twitter] Elapsed training time:2.43s
[Twitter] Starting validation...
[Twitter] Elapsed validation time:0.35s
[Twitter] [Epoch=087] Train Loss=[QuantLoss=0.01929]Val loss = [QuantLoss=0.31599][QuantReg:0.45721]
[Twitter] Starting epoch 88...
[Twitter] Elapsed training time:2.38s
[Twitter] Starting validation...
[Twitter] Elapsed validation time:0.34s
[Twitter] [Epoch=088] Train Loss=[QuantLoss=0.01922]Val loss = [QuantLoss=0.31172][QuantReg:0.45749]
[Twitter] Starting epoch 89...
[Twitter] Elapsed training time:2.35s
[Twitter] Starting validation...
[Twitter] Elapsed validation time:0.38s
[Twitter] [Epoch=089] Train Loss=[QuantLoss=0.01831]Val loss = [QuantLoss=0.31102][QuantReg:0.45559]
[Twitter] Starting epoch 90...
[Twitter] Elapsed training time:2.33s
[Twitter] Starting validation...
[Twitter] Elapsed validation time:0.38s
[Twitter] [Epoch=090] Train Loss=[QuantLoss=0.01854]Val loss = [QuantLoss=0.30933][QuantReg:0.45623]
[Twitter] Starting epoch 91...
[Twitter] Elapsed training time:2.48s
[Twitter] Starting validation...
[Twitter] Elapsed validation time:0.38s
[Twitter] [Epoch=091] Train Loss=[QuantLoss=0.01919]Val loss = [QuantLoss=0.30703][QuantReg:0.45679]
[Twitter] Starting epoch 92...
[Twitter] Elapsed training time:2.56s
[Twitter] Starting validation...
[Twitter] Elapsed validation time:0.37s
[Twitter] [Epoch=092] Train Loss=[QuantLoss=0.01987]Val loss = [QuantLoss=0.30613][QuantReg:0.45439]
[Twitter] Starting epoch 93...
[Twitter] Elapsed training time:2.48s
[Twitter] Starting validation...
[Twitter] Elapsed validation time:0.34s
[Twitter] [Epoch=093] Train Loss=[QuantLoss=0.01922]Val loss = [QuantLoss=0.30917][QuantReg:0.45845]
[Twitter] Starting epoch 94...
[Twitter] Elapsed training time:2.58s
[Twitter] Starting validation...
[Twitter] Elapsed validation time:0.38s
[Twitter] [Epoch=094] Train Loss=[QuantLoss=0.01866]Val loss = [QuantLoss=0.30536][QuantReg:0.45755]
[Twitter] Starting epoch 95...
[Twitter] Elapsed training time:2.31s
[Twitter] Starting validation...
[Twitter] Elapsed validation time:0.39s
[Twitter] [Epoch=095] Train Loss=[QuantLoss=0.01904]Val loss = [QuantLoss=0.30896][QuantReg:0.45904]
[Twitter] Starting epoch 96...
[Twitter] Elapsed training time:2.50s
[Twitter] Starting validation...
[Twitter] Elapsed validation time:0.34s
[Twitter] [Epoch=096] Train Loss=[QuantLoss=0.01803]Val loss = [QuantLoss=0.30946][QuantReg:0.45895]
[Twitter] Starting epoch 97...
[Twitter] Elapsed training time:2.50s
[Twitter] Starting validation...
[Twitter] Elapsed validation time:0.41s
[Twitter] [Epoch=097] Train Loss=[QuantLoss=0.01741]Val loss = [QuantLoss=0.31138][QuantReg:0.45905]
[Twitter] Starting epoch 98...
[Twitter] Elapsed training time:2.35s
[Twitter] Starting validation...
[Twitter] Elapsed validation time:0.38s
[Twitter] [Epoch=098] Train Loss=[QuantLoss=0.01934]Val loss = [QuantLoss=0.30973][QuantReg:0.45963]
[Twitter] Starting epoch 99...
[Twitter] Elapsed training time:2.37s
[Twitter] Starting validation...
[Twitter] Elapsed validation time:0.35s
[Twitter] [Epoch=099] Train Loss=[QuantLoss=0.01688]Val loss = [QuantLoss=0.30910][QuantReg:0.46223]
[Twitter] Starting epoch 100...
[Twitter] Elapsed training time:2.41s
[Twitter] Starting validation...
[Twitter] Elapsed validation time:0.32s
[Twitter] [Epoch=100] Train Loss=[QuantLoss=0.02031]Val loss = [QuantLoss=0.31122][QuantReg:0.46290]
[Twitter] Starting epoch 101...
[Twitter] Elapsed training time:2.41s
[Twitter] Starting validation...
[Twitter] Elapsed validation time:0.30s
[Twitter] [Epoch=101] Train Loss=[QuantLoss=0.01839]Val loss = [QuantLoss=0.30749][QuantReg:0.46032]
[Twitter] Starting epoch 102...
[Twitter] Elapsed training time:2.33s
[Twitter] Starting validation...
[Twitter] Elapsed validation time:0.34s
[Twitter] [Epoch=102] Train Loss=[QuantLoss=0.01838]Val loss = [QuantLoss=0.30155][QuantReg:0.46132]
[Twitter] Starting epoch 103...
[Twitter] Elapsed training time:2.44s
[Twitter] Starting validation...
[Twitter] Elapsed validation time:0.33s
[Twitter] [Epoch=103] Train Loss=[QuantLoss=0.01891]Val loss = [QuantLoss=0.30255][QuantReg:0.46100]
[Twitter] Starting epoch 104...
[Twitter] Elapsed training time:2.36s
[Twitter] Starting validation...
[Twitter] Elapsed validation time:0.40s
[Twitter] [Epoch=104] Train Loss=[QuantLoss=0.01758]Val loss = [QuantLoss=0.29810][QuantReg:0.46048]
[Twitter] Starting epoch 105...
[Twitter] Elapsed training time:2.49s
[Twitter] Starting validation...
[Twitter] Elapsed validation time:0.41s
[Twitter] [Epoch=105] Train Loss=[QuantLoss=0.01802]Val loss = [QuantLoss=0.29932][QuantReg:0.46097]
[Twitter] Starting epoch 106...
[Twitter] Elapsed training time:2.53s
[Twitter] Starting validation...
[Twitter] Elapsed validation time:0.38s
[Twitter] [Epoch=106] Train Loss=[QuantLoss=0.01860]Val loss = [QuantLoss=0.30891][QuantReg:0.46141]
[Twitter] Starting epoch 107...
[Twitter] Elapsed training time:2.32s
[Twitter] Starting validation...
[Twitter] Elapsed validation time:0.42s
[Twitter] [Epoch=107] Train Loss=[QuantLoss=0.01861]Val loss = [QuantLoss=0.30995][QuantReg:0.46149]
[Twitter] Starting epoch 108...
[Twitter] Elapsed training time:2.39s
[Twitter] Starting validation...
[Twitter] Elapsed validation time:0.34s
[Twitter] [Epoch=108] Train Loss=[QuantLoss=0.02035]Val loss = [QuantLoss=0.30225][QuantReg:0.46222]
[Twitter] Starting epoch 109...
[Twitter] Elapsed training time:2.46s
[Twitter] Starting validation...
[Twitter] Elapsed validation time:0.42s
[Twitter] [Epoch=109] Train Loss=[QuantLoss=0.01895]Val loss = [QuantLoss=0.30560][QuantReg:0.46201]
[Twitter] Starting epoch 110...
[Twitter] Elapsed training time:2.50s
[Twitter] Starting validation...
[Twitter] Elapsed validation time:0.40s
[Twitter] [Epoch=110] Train Loss=[QuantLoss=0.01809]Val loss = [QuantLoss=0.30267][QuantReg:0.46252]
[Twitter] Starting epoch 111...
[Twitter] Elapsed training time:2.49s
[Twitter] Starting validation...
[Twitter] Elapsed validation time:0.34s
[Twitter] [Epoch=111] Train Loss=[QuantLoss=0.01671]Val loss = [QuantLoss=0.29834][QuantReg:0.46262]
[Twitter] Starting epoch 112...
[Twitter] Elapsed training time:2.36s
[Twitter] Starting validation...
[Twitter] Elapsed validation time:0.35s
[Twitter] [Epoch=112] Train Loss=[QuantLoss=0.01674]Val loss = [QuantLoss=0.30243][QuantReg:0.46276]
[Twitter] Starting epoch 113...
[Twitter] Elapsed training time:2.35s
[Twitter] Starting validation...
[Twitter] Elapsed validation time:0.34s
[Twitter] [Epoch=113] Train Loss=[QuantLoss=0.01768]Val loss = [QuantLoss=0.30375][QuantReg:0.46167]
[Twitter] Starting epoch 114...
[Twitter] Elapsed training time:2.55s
[Twitter] Starting validation...
[Twitter] Elapsed validation time:0.42s
[Twitter] [Epoch=114] Train Loss=[QuantLoss=0.01913]Val loss = [QuantLoss=0.29893][QuantReg:0.46096]
[Twitter] Starting epoch 115...
[Twitter] Elapsed training time:2.40s
[Twitter] Starting validation...
[Twitter] Elapsed validation time:0.40s
[Twitter] [Epoch=115] Train Loss=[QuantLoss=0.01720]Val loss = [QuantLoss=0.29990][QuantReg:0.46202]
[Twitter] Starting epoch 116...
[Twitter] Elapsed training time:2.32s
[Twitter] Starting validation...
[Twitter] Elapsed validation time:0.37s
[Twitter] [Epoch=116] Train Loss=[QuantLoss=0.01722]Val loss = [QuantLoss=0.29598][QuantReg:0.46206]
[Twitter] Starting epoch 117...
[Twitter] Elapsed training time:2.34s
[Twitter] Starting validation...
[Twitter] Elapsed validation time:0.37s
[Twitter] [Epoch=117] Train Loss=[QuantLoss=0.01853]Val loss = [QuantLoss=0.29872][QuantReg:0.46234]
[Twitter] Starting epoch 118...
[Twitter] Elapsed training time:2.58s
[Twitter] Starting validation...
[Twitter] Elapsed validation time:0.39s
[Twitter] [Epoch=118] Train Loss=[QuantLoss=0.01764]Val loss = [QuantLoss=0.29693][QuantReg:0.46365]
[Twitter] Starting epoch 119...
[Twitter] Elapsed training time:2.57s
[Twitter] Starting validation...
[Twitter] Elapsed validation time:0.37s
[Twitter] [Epoch=119] Train Loss=[QuantLoss=0.01869]Val loss = [QuantLoss=0.29685][QuantReg:0.46077]
[Twitter] Starting epoch 120...
[Twitter] Elapsed training time:2.51s
[Twitter] Starting validation...
[Twitter] Elapsed validation time:0.39s
[Twitter] [Epoch=120] Train Loss=[QuantLoss=0.01915]Val loss = [QuantLoss=0.30008][QuantReg:0.46352]
[Twitter] Starting epoch 121...
[Twitter] Elapsed training time:2.43s
[Twitter] Starting validation...
[Twitter] Elapsed validation time:0.38s
[Twitter] [Epoch=121] Train Loss=[QuantLoss=0.01818]Val loss = [QuantLoss=0.29474][QuantReg:0.46042]
[Twitter] Starting epoch 122...
[Twitter] Elapsed training time:2.44s
[Twitter] Starting validation...
[Twitter] Elapsed validation time:0.40s
[Twitter] [Epoch=122] Train Loss=[QuantLoss=0.01789]Val loss = [QuantLoss=0.29239][QuantReg:0.46211]
[Twitter] Starting epoch 123...
[Twitter] Elapsed training time:2.63s
[Twitter] Starting validation...
[Twitter] Elapsed validation time:0.29s
[Twitter] [Epoch=123] Train Loss=[QuantLoss=0.01667]Val loss = [QuantLoss=0.29053][QuantReg:0.46380]
[Twitter] Starting epoch 124...
[Twitter] Elapsed training time:2.46s
[Twitter] Starting validation...
[Twitter] Elapsed validation time:0.35s
[Twitter] [Epoch=124] Train Loss=[QuantLoss=0.02006]Val loss = [QuantLoss=0.29101][QuantReg:0.46292]
[Twitter] Starting epoch 125...
[Twitter] Elapsed training time:2.47s
[Twitter] Starting validation...
[Twitter] Elapsed validation time:0.24s
[Twitter] [Epoch=125] Train Loss=[QuantLoss=0.01884]Val loss = [QuantLoss=0.29463][QuantReg:0.46111]
[Twitter] Starting epoch 126...
[Twitter] Elapsed training time:2.32s
[Twitter] Starting validation...
[Twitter] Elapsed validation time:0.30s
[Twitter] [Epoch=126] Train Loss=[QuantLoss=0.01620]Val loss = [QuantLoss=0.29192][QuantReg:0.46306]
[Twitter] Starting epoch 127...
[Twitter] Elapsed training time:2.41s
[Twitter] Starting validation...
[Twitter] Elapsed validation time:0.33s
[Twitter] [Epoch=127] Train Loss=[QuantLoss=0.01769]Val loss = [QuantLoss=0.29423][QuantReg:0.46222]
[Twitter] Starting epoch 128...
[Twitter] Elapsed training time:2.42s
[Twitter] Starting validation...
[Twitter] Elapsed validation time:0.23s
[Twitter] [Epoch=128] Train Loss=[QuantLoss=0.01816]Val loss = [QuantLoss=0.29491][QuantReg:0.46157]
[Twitter] Starting epoch 129...
[Twitter] Elapsed training time:2.59s
[Twitter] Starting validation...
[Twitter] Elapsed validation time:0.36s
[Twitter] [Epoch=129] Train Loss=[QuantLoss=0.01698]Val loss = [QuantLoss=0.29319][QuantReg:0.46225]
[Twitter] Early stopping in epoch 129!
[Twitter] Restoring best model...
MAE médio por bag: 0.2392 ± 0.1203
Salvo em resultados_sanders/resultados_twitter_bert_kl_hardest_1.csv
