Dataset: /home/nildaimon/gmnet/experiments/train_curl/Datasets/Sanders/twitter-sanders-apple3.csv
Dificuldade: metric=l1, mode=easiest, top_k=None
Rodada: 1
Salvar resultados em: resultados_sanders
Dispositivo de treino: cuda
Carregando e processando dataset Twitter
Carregando embeddings do cache...
Model savedmodels/twitter_bert_l1_easiest_run1.pkl exists. Loading weights ...
Ignoring val_split as train and val datasets where given to fit function
We have two datasets: training 2500592 examples. validation 150000 examples.]
Using device cuda
[Twitter] Starting epoch 0...
[Twitter] Elapsed training time:7.48s
[Twitter] Starting validation...
[Twitter] Elapsed validation time:1.20s
[Twitter] [Epoch=000] Train Loss=[QuantLoss=0.02903]Val loss = [QuantLoss=0.27192][QuantReg:0.37624][saved best model in this epoch]
[Twitter] Starting epoch 1...
[Twitter] Elapsed training time:7.55s
[Twitter] Starting validation...
[Twitter] Elapsed validation time:1.21s
[Twitter] [Epoch=001] Train Loss=[QuantLoss=0.02934]Val loss = [QuantLoss=0.23861][QuantReg:0.37668][saved best model in this epoch]
[Twitter] Starting epoch 2...
[Twitter] Elapsed training time:7.53s
[Twitter] Starting validation...
[Twitter] Elapsed validation time:1.28s
[Twitter] [Epoch=002] Train Loss=[QuantLoss=0.03671]Val loss = [QuantLoss=0.26048][QuantReg:0.37701]
[Twitter] Starting epoch 3...
[Twitter] Elapsed training time:7.54s
[Twitter] Starting validation...
[Twitter] Elapsed validation time:1.14s
[Twitter] [Epoch=003] Train Loss=[QuantLoss=0.02913]Val loss = [QuantLoss=0.21638][QuantReg:0.37319][saved best model in this epoch]
[Twitter] Starting epoch 4...
[Twitter] Elapsed training time:7.62s
[Twitter] Starting validation...
[Twitter] Elapsed validation time:1.14s
[Twitter] [Epoch=004] Train Loss=[QuantLoss=0.03076]Val loss = [QuantLoss=0.21693][QuantReg:0.37852]
[Twitter] Starting epoch 5...
[Twitter] Elapsed training time:7.61s
[Twitter] Starting validation...
[Twitter] Elapsed validation time:1.10s
[Twitter] [Epoch=005] Train Loss=[QuantLoss=0.03173]Val loss = [QuantLoss=0.23980][QuantReg:0.37790]
[Twitter] Starting epoch 6...
[Twitter] Elapsed training time:7.49s
[Twitter] Starting validation...
[Twitter] Elapsed validation time:1.10s
[Twitter] [Epoch=006] Train Loss=[QuantLoss=0.03368]Val loss = [QuantLoss=0.24610][QuantReg:0.37124]
[Twitter] Starting epoch 7...
[Twitter] Elapsed training time:7.70s
[Twitter] Starting validation...
[Twitter] Elapsed validation time:1.16s
[Twitter] [Epoch=007] Train Loss=[QuantLoss=0.02802]Val loss = [QuantLoss=0.21558][QuantReg:0.36798][saved best model in this epoch]
[Twitter] Starting epoch 8...
[Twitter] Elapsed training time:7.43s
[Twitter] Starting validation...
[Twitter] Elapsed validation time:1.16s
[Twitter] [Epoch=008] Train Loss=[QuantLoss=0.03788]Val loss = [QuantLoss=0.21824][QuantReg:0.36936]
[Twitter] Starting epoch 9...
[Twitter] Elapsed training time:7.66s
[Twitter] Starting validation...
[Twitter] Elapsed validation time:1.17s
[Twitter] [Epoch=009] Train Loss=[QuantLoss=0.03790]Val loss = [QuantLoss=0.25441][QuantReg:0.37174]
[Twitter] Starting epoch 10...
[Twitter] Elapsed training time:7.69s
[Twitter] Starting validation...
[Twitter] Elapsed validation time:1.11s
[Twitter] [Epoch=010] Train Loss=[QuantLoss=0.03147]Val loss = [QuantLoss=0.24984][QuantReg:0.36964]
[Twitter] Starting epoch 11...
[Twitter] Elapsed training time:7.65s
[Twitter] Starting validation...
[Twitter] Elapsed validation time:1.27s
[Twitter] [Epoch=011] Train Loss=[QuantLoss=0.03132]Val loss = [QuantLoss=0.18504][QuantReg:0.37108][saved best model in this epoch]
[Twitter] Starting epoch 12...
[Twitter] Elapsed training time:7.42s
[Twitter] Starting validation...
[Twitter] Elapsed validation time:1.16s
[Twitter] [Epoch=012] Train Loss=[QuantLoss=0.03017]Val loss = [QuantLoss=0.22729][QuantReg:0.36758]
[Twitter] Starting epoch 13...
[Twitter] Elapsed training time:7.68s
[Twitter] Starting validation...
[Twitter] Elapsed validation time:1.16s
[Twitter] [Epoch=013] Train Loss=[QuantLoss=0.03286]Val loss = [QuantLoss=0.18556][QuantReg:0.36143]
[Twitter] Starting epoch 14...
[Twitter] Elapsed training time:7.74s
[Twitter] Starting validation...
[Twitter] Elapsed validation time:1.27s
[Twitter] [Epoch=014] Train Loss=[QuantLoss=0.03620]Val loss = [QuantLoss=0.22035][QuantReg:0.36289]
[Twitter] Starting epoch 15...
[Twitter] Elapsed training time:7.44s
[Twitter] Starting validation...
[Twitter] Elapsed validation time:1.29s
[Twitter] [Epoch=015] Train Loss=[QuantLoss=0.03585]Val loss = [QuantLoss=0.13609][QuantReg:0.36495][saved best model in this epoch]
[Twitter] Starting epoch 16...
[Twitter] Elapsed training time:7.48s
[Twitter] Starting validation...
[Twitter] Elapsed validation time:1.14s
[Twitter] [Epoch=016] Train Loss=[QuantLoss=0.03472]Val loss = [QuantLoss=0.18062][QuantReg:0.38461]
[Twitter] Starting epoch 17...
[Twitter] Elapsed training time:7.63s
[Twitter] Starting validation...
[Twitter] Elapsed validation time:1.14s
[Twitter] [Epoch=017] Train Loss=[QuantLoss=0.02865]Val loss = [QuantLoss=0.19628][QuantReg:0.38822]
[Twitter] Starting epoch 18...
[Twitter] Elapsed training time:7.45s
[Twitter] Starting validation...
[Twitter] Elapsed validation time:1.27s
[Twitter] [Epoch=018] Train Loss=[QuantLoss=0.02889]Val loss = [QuantLoss=0.21879][QuantReg:0.38709]
[Twitter] Starting epoch 19...
[Twitter] Elapsed training time:7.78s
[Twitter] Starting validation...
[Twitter] Elapsed validation time:1.10s
[Twitter] [Epoch=019] Train Loss=[QuantLoss=0.03278]Val loss = [QuantLoss=0.17392][QuantReg:0.38664]
[Twitter] Starting epoch 20...
[Twitter] Elapsed training time:7.71s
[Twitter] Starting validation...
[Twitter] Elapsed validation time:1.17s
[Twitter] [Epoch=020] Train Loss=[QuantLoss=0.03114]Val loss = [QuantLoss=0.17696][QuantReg:0.39854]
[Twitter] Starting epoch 21...
[Twitter] Elapsed training time:7.55s
[Twitter] Starting validation...
[Twitter] Elapsed validation time:1.30s
[Twitter] [Epoch=021] Train Loss=[QuantLoss=0.02982]Val loss = [QuantLoss=0.21303][QuantReg:0.42063]
[Twitter] Starting epoch 22...
[Twitter] Elapsed training time:7.66s
[Twitter] Starting validation...
[Twitter] Elapsed validation time:1.14s
[Twitter] [Epoch=022] Train Loss=[QuantLoss=0.03177]Val loss = [QuantLoss=0.19083][QuantReg:0.40368]
[Twitter] Starting epoch 23...
[Twitter] Elapsed training time:7.55s
[Twitter] Starting validation...
[Twitter] Elapsed validation time:1.16s
[Twitter] [Epoch=023] Train Loss=[QuantLoss=0.02962]Val loss = [QuantLoss=0.17462][QuantReg:0.40128]
[Twitter] Starting epoch 24...
[Twitter] Elapsed training time:7.61s
[Twitter] Starting validation...
[Twitter] Elapsed validation time:1.13s
[Twitter] [Epoch=024] Train Loss=[QuantLoss=0.03243]Val loss = [QuantLoss=0.22366][QuantReg:0.40290]
[Twitter] Starting epoch 25...
[Twitter] Elapsed training time:7.51s
[Twitter] Starting validation...
[Twitter] Elapsed validation time:1.23s
[Twitter] [Epoch=025] Train Loss=[QuantLoss=0.03487]Val loss = [QuantLoss=0.15850][QuantReg:0.39264]
[Twitter] Starting epoch 26...
[Twitter] Elapsed training time:7.53s
[Twitter] Starting validation...
[Twitter] Elapsed validation time:1.20s
[Twitter] [Epoch=026] Train Loss=[QuantLoss=0.02999]Val loss = [QuantLoss=0.14629][QuantReg:0.39909]
[Twitter] Starting epoch 27...
[Twitter] Elapsed training time:7.42s
[Twitter] Starting validation...
[Twitter] Elapsed validation time:1.11s
[Twitter] [Epoch=027] Train Loss=[QuantLoss=0.03282]Val loss = [QuantLoss=0.14218][QuantReg:0.40386]
[Twitter] Starting epoch 28...
[Twitter] Elapsed training time:7.54s
[Twitter] Starting validation...
[Twitter] Elapsed validation time:1.13s
[Twitter] [Epoch=028] Train Loss=[QuantLoss=0.03203]Val loss = [QuantLoss=0.19899][QuantReg:0.40495]
[Twitter] Starting epoch 29...
[Twitter] Elapsed training time:7.62s
[Twitter] Starting validation...
[Twitter] Elapsed validation time:1.09s
[Twitter] [Epoch=029] Train Loss=[QuantLoss=0.02933]Val loss = [QuantLoss=0.21902][QuantReg:0.40803]
[Twitter] Starting epoch 30...
[Twitter] Elapsed training time:7.70s
[Twitter] Starting validation...
[Twitter] Elapsed validation time:1.30s
[Twitter] [Epoch=030] Train Loss=[QuantLoss=0.03072]Val loss = [QuantLoss=0.17377][QuantReg:0.39917]
[Twitter] Starting epoch 31...
[Twitter] Elapsed training time:7.60s
[Twitter] Starting validation...
[Twitter] Elapsed validation time:1.15s
[Twitter] [Epoch=031] Train Loss=[QuantLoss=0.03455]Val loss = [QuantLoss=0.20402][QuantReg:0.40420]
[Twitter] Starting epoch 32...
[Twitter] Elapsed training time:7.48s
[Twitter] Starting validation...
[Twitter] Elapsed validation time:1.19s
[Twitter] [Epoch=032] Train Loss=[QuantLoss=0.03358]Val loss = [QuantLoss=0.17168][QuantReg:0.40149]
[Twitter] Starting epoch 33...
[Twitter] Elapsed training time:7.69s
[Twitter] Starting validation...
[Twitter] Elapsed validation time:1.14s
[Twitter] [Epoch=033] Train Loss=[QuantLoss=0.02853]Val loss = [QuantLoss=0.17179][QuantReg:0.40785]
[Twitter] Starting epoch 34...
[Twitter] Elapsed training time:7.42s
[Twitter] Starting validation...
[Twitter] Elapsed validation time:1.15s
[Twitter] [Epoch=034] Train Loss=[QuantLoss=0.02887]Val loss = [QuantLoss=0.15205][QuantReg:0.41141]
[Twitter] Starting epoch 35...
[Twitter] Elapsed training time:7.50s
[Twitter] Starting validation...
[Twitter] Elapsed validation time:1.23s
[Twitter] [Epoch=035] Train Loss=[QuantLoss=0.03190]Val loss = [QuantLoss=0.17253][QuantReg:0.41019]
[Twitter] Starting epoch 36...
[Twitter] Elapsed training time:7.63s
[Twitter] Starting validation...
[Twitter] Elapsed validation time:1.14s
[Twitter] [Epoch=036] Train Loss=[QuantLoss=0.03311]Val loss = [QuantLoss=0.19755][QuantReg:0.40899]
[Twitter] Starting epoch 37...
[Twitter] Elapsed training time:7.58s
[Twitter] Starting validation...
[Twitter] Elapsed validation time:1.24s
[Twitter] [Epoch=037] Train Loss=[QuantLoss=0.03372]Val loss = [QuantLoss=0.15444][QuantReg:0.41350]
[Twitter] Starting epoch 38...
[Twitter] Elapsed training time:7.63s
[Twitter] Starting validation...
[Twitter] Elapsed validation time:1.14s
[Twitter] [Epoch=038] Train Loss=[QuantLoss=0.03016]Val loss = [QuantLoss=0.17616][QuantReg:0.41295]
[Twitter] Starting epoch 39...
[Twitter] Elapsed training time:7.57s
[Twitter] Starting validation...
[Twitter] Elapsed validation time:1.10s
[Twitter] [Epoch=039] Train Loss=[QuantLoss=0.02688]Val loss = [QuantLoss=0.20039][QuantReg:0.41210]
[Twitter] Starting epoch 40...
[Twitter] Elapsed training time:7.66s
[Twitter] Starting validation...
[Twitter] Elapsed validation time:1.20s
[Twitter] [Epoch=040] Train Loss=[QuantLoss=0.02820]Val loss = [QuantLoss=0.22915][QuantReg:0.41240]
[Twitter] Starting epoch 41...
[Twitter] Elapsed training time:7.69s
[Twitter] Starting validation...
[Twitter] Elapsed validation time:1.17s
[Twitter] [Epoch=041] Train Loss=[QuantLoss=0.02569]Val loss = [QuantLoss=0.22379][QuantReg:0.41294]
[Twitter] Starting epoch 42...
[Twitter] Elapsed training time:7.41s
[Twitter] Starting validation...
[Twitter] Elapsed validation time:1.11s
[Twitter] [Epoch=042] Train Loss=[QuantLoss=0.03300]Val loss = [QuantLoss=0.20353][QuantReg:0.41195]
[Twitter] Starting epoch 43...
[Twitter] Elapsed training time:7.54s
[Twitter] Starting validation...
[Twitter] Elapsed validation time:1.24s
[Twitter] [Epoch=043] Train Loss=[QuantLoss=0.02610]Val loss = [QuantLoss=0.14570][QuantReg:0.41247]
[Twitter] Starting epoch 44...
[Twitter] Elapsed training time:7.50s
[Twitter] Starting validation...
[Twitter] Elapsed validation time:1.15s
[Twitter] [Epoch=044] Train Loss=[QuantLoss=0.02832]Val loss = [QuantLoss=0.15836][QuantReg:0.41057]
[Twitter] Starting epoch 45...
[Twitter] Elapsed training time:7.51s
[Twitter] Starting validation...
[Twitter] Elapsed validation time:1.24s
[Twitter] [Epoch=045] Train Loss=[QuantLoss=0.02638]Val loss = [QuantLoss=0.17001][QuantReg:0.40883]
[Twitter] Starting epoch 46...
[Twitter] Elapsed training time:7.44s
[Twitter] Starting validation...
[Twitter] Elapsed validation time:1.23s
[Twitter] [Epoch=046] Train Loss=[QuantLoss=0.02979]Val loss = [QuantLoss=0.16574][QuantReg:0.40945]
[Twitter] Starting epoch 47...
[Twitter] Elapsed training time:7.80s
[Twitter] Starting validation...
[Twitter] Elapsed validation time:1.28s
[Twitter] [Epoch=047] Train Loss=[QuantLoss=0.02958]Val loss = [QuantLoss=0.16967][QuantReg:0.40865]
[Twitter] Starting epoch 48...
[Twitter] Elapsed training time:7.88s
[Twitter] Starting validation...
[Twitter] Elapsed validation time:1.28s
[Twitter] [Epoch=048] Train Loss=[QuantLoss=0.02486]Val loss = [QuantLoss=0.16117][QuantReg:0.40932]
[Twitter] Starting epoch 49...
[Twitter] Elapsed training time:7.60s
[Twitter] Starting validation...
[Twitter] Elapsed validation time:1.13s
[Twitter] [Epoch=049] Train Loss=[QuantLoss=0.03006]Val loss = [QuantLoss=0.19118][QuantReg:0.41184]
[Twitter] Starting epoch 50...
[Twitter] Elapsed training time:7.70s
[Twitter] Starting validation...
[Twitter] Elapsed validation time:1.16s
[Twitter] [Epoch=050] Train Loss=[QuantLoss=0.02441]Val loss = [QuantLoss=0.18218][QuantReg:0.41192]
[Twitter] Starting epoch 51...
[Twitter] Elapsed training time:7.84s
[Twitter] Starting validation...
[Twitter] Elapsed validation time:1.10s
[Twitter] [Epoch=051] Train Loss=[QuantLoss=0.02685]Val loss = [QuantLoss=0.19022][QuantReg:0.40993]
[Twitter] Starting epoch 52...
[Twitter] Elapsed training time:7.39s
[Twitter] Starting validation...
[Twitter] Elapsed validation time:1.20s
[Twitter] [Epoch=052] Train Loss=[QuantLoss=0.02681]Val loss = [QuantLoss=0.16430][QuantReg:0.40883]
[Twitter] Starting epoch 53...
[Twitter] Elapsed training time:7.77s
[Twitter] Starting validation...
[Twitter] Elapsed validation time:1.28s
[Twitter] [Epoch=053] Train Loss=[QuantLoss=0.02614]Val loss = [QuantLoss=0.18746][QuantReg:0.40802]
[Twitter] Starting epoch 54...
[Twitter] Elapsed training time:7.84s
[Twitter] Starting validation...
[Twitter] Elapsed validation time:1.25s
[Twitter] [Epoch=054] Train Loss=[QuantLoss=0.02854]Val loss = [QuantLoss=0.19490][QuantReg:0.40684]
[Twitter] Starting epoch 55...
[Twitter] Elapsed training time:7.60s
[Twitter] Starting validation...
[Twitter] Elapsed validation time:1.15s
[Twitter] [Epoch=055] Train Loss=[QuantLoss=0.02530]Val loss = [QuantLoss=0.19399][QuantReg:0.40829]
[Twitter] Starting epoch 56...
[Twitter] Elapsed training time:7.74s
[Twitter] Starting validation...
[Twitter] Elapsed validation time:1.11s
[Twitter] [Epoch=056] Train Loss=[QuantLoss=0.02936]Val loss = [QuantLoss=0.20597][QuantReg:0.40542]
[Twitter] Starting epoch 57...
[Twitter] Elapsed training time:7.59s
[Twitter] Starting validation...
[Twitter] Elapsed validation time:1.22s
[Twitter] [Epoch=057] Train Loss=[QuantLoss=0.02644]Val loss = [QuantLoss=0.16629][QuantReg:0.40381]
[Twitter] Starting epoch 58...
[Twitter] Elapsed training time:7.70s
[Twitter] Starting validation...
[Twitter] Elapsed validation time:1.27s
[Twitter] [Epoch=058] Train Loss=[QuantLoss=0.02354]Val loss = [QuantLoss=0.17190][QuantReg:0.40346]
[Twitter] Starting epoch 59...
[Twitter] Elapsed training time:7.40s
[Twitter] Starting validation...
[Twitter] Elapsed validation time:1.33s
[Twitter] [Epoch=059] Train Loss=[QuantLoss=0.02516]Val loss = [QuantLoss=0.14150][QuantReg:0.40846]
[Twitter] Starting epoch 60...
[Twitter] Elapsed training time:7.67s
[Twitter] Starting validation...
[Twitter] Elapsed validation time:1.16s
[Twitter] [Epoch=060] Train Loss=[QuantLoss=0.02357]Val loss = [QuantLoss=0.14334][QuantReg:0.40774]
[Twitter] Starting epoch 61...
[Twitter] Elapsed training time:7.77s
[Twitter] Starting validation...
[Twitter] Elapsed validation time:1.18s
[Twitter] [Epoch=061] Train Loss=[QuantLoss=0.03037]Val loss = [QuantLoss=0.18258][QuantReg:0.40298]
[Twitter] Starting epoch 62...
[Twitter] Elapsed training time:7.72s
[Twitter] Starting validation...
[Twitter] Elapsed validation time:1.11s
[Twitter] [Epoch=062] Train Loss=[QuantLoss=0.02492]Val loss = [QuantLoss=0.16601][QuantReg:0.40517]
[Twitter] Starting epoch 63...
[Twitter] Elapsed training time:7.53s
[Twitter] Starting validation...
[Twitter] Elapsed validation time:1.20s
[Twitter] [Epoch=063] Train Loss=[QuantLoss=0.02625]Val loss = [QuantLoss=0.17628][QuantReg:0.40087]
[Twitter] Starting epoch 64...
[Twitter] Elapsed training time:7.65s
[Twitter] Starting validation...
[Twitter] Elapsed validation time:1.23s
[Twitter] [Epoch=064] Train Loss=[QuantLoss=0.02503]Val loss = [QuantLoss=0.17356][QuantReg:0.40067]
[Twitter] Starting epoch 65...
[Twitter] Elapsed training time:7.72s
[Twitter] Starting validation...
[Twitter] Elapsed validation time:1.24s
[Twitter] [Epoch=065] Train Loss=[QuantLoss=0.02464]Val loss = [QuantLoss=0.19047][QuantReg:0.39954]
[Twitter] Starting epoch 66...
[Twitter] Elapsed training time:7.64s
[Twitter] Starting validation...
[Twitter] Elapsed validation time:1.20s
[Twitter] [Epoch=066] Train Loss=[QuantLoss=0.02526]Val loss = [QuantLoss=0.15561][QuantReg:0.39953]
[Twitter] Starting epoch 67...
[Twitter] Elapsed training time:7.72s
[Twitter] Starting validation...
[Twitter] Elapsed validation time:1.19s
[Twitter] [Epoch=067] Train Loss=[QuantLoss=0.02327]Val loss = [QuantLoss=0.16122][QuantReg:0.40035]
[Twitter] Starting epoch 68...
[Twitter] Elapsed training time:7.68s
[Twitter] Starting validation...
[Twitter] Elapsed validation time:1.23s
[Twitter] [Epoch=068] Train Loss=[QuantLoss=0.02275]Val loss = [QuantLoss=0.14785][QuantReg:0.40120]
[Twitter] Starting epoch 69...
[Twitter] Elapsed training time:7.76s
[Twitter] Starting validation...
[Twitter] Elapsed validation time:1.19s
[Twitter] [Epoch=069] Train Loss=[QuantLoss=0.02782]Val loss = [QuantLoss=0.17177][QuantReg:0.40089]
[Twitter] Starting epoch 70...
[Twitter] Elapsed training time:7.40s
[Twitter] Starting validation...
[Twitter] Elapsed validation time:1.23s
[Twitter] [Epoch=070] Train Loss=[QuantLoss=0.02250]Val loss = [QuantLoss=0.16573][QuantReg:0.40140]
[Twitter] Starting epoch 71...
[Twitter] Elapsed training time:7.62s
[Twitter] Starting validation...
[Twitter] Elapsed validation time:1.18s
[Twitter] [Epoch=071] Train Loss=[QuantLoss=0.03142]Val loss = [QuantLoss=0.17948][QuantReg:0.40254]
[Twitter] Starting epoch 72...
[Twitter] Elapsed training time:7.55s
[Twitter] Starting validation...
[Twitter] Elapsed validation time:1.14s
[Twitter] [Epoch=072] Train Loss=[QuantLoss=0.02683]Val loss = [QuantLoss=0.15952][QuantReg:0.40550]
[Twitter] Starting epoch 73...
[Twitter] Elapsed training time:7.54s
[Twitter] Starting validation...
[Twitter] Elapsed validation time:1.23s
[Twitter] [Epoch=073] Train Loss=[QuantLoss=0.02797]Val loss = [QuantLoss=0.18261][QuantReg:0.40341]
[Twitter] Starting epoch 74...
[Twitter] Elapsed training time:7.43s
[Twitter] Starting validation...
[Twitter] Elapsed validation time:1.21s
[Twitter] [Epoch=074] Train Loss=[QuantLoss=0.02616]Val loss = [QuantLoss=0.17820][QuantReg:0.40261]
[Twitter] Starting epoch 75...
[Twitter] Elapsed training time:7.48s
[Twitter] Starting validation...
[Twitter] Elapsed validation time:1.11s
[Twitter] [Epoch=075] Train Loss=[QuantLoss=0.02362]Val loss = [QuantLoss=0.16455][QuantReg:0.40198]
[Twitter] Starting epoch 76...
[Twitter] Elapsed training time:7.70s
[Twitter] Starting validation...
[Twitter] Elapsed validation time:1.25s
[Twitter] [Epoch=076] Train Loss=[QuantLoss=0.02429]Val loss = [QuantLoss=0.16260][QuantReg:0.40012]
[Twitter] Starting epoch 77...
[Twitter] Elapsed training time:7.52s
[Twitter] Starting validation...
[Twitter] Elapsed validation time:1.23s
[Twitter] [Epoch=077] Train Loss=[QuantLoss=0.02403]Val loss = [QuantLoss=0.14207][QuantReg:0.40281]
[Twitter] Starting epoch 78...
[Twitter] Elapsed training time:7.46s
[Twitter] Starting validation...
[Twitter] Elapsed validation time:1.23s
[Twitter] [Epoch=078] Train Loss=[QuantLoss=0.02560]Val loss = [QuantLoss=0.17408][QuantReg:0.40103]
[Twitter] Starting epoch 79...
[Twitter] Elapsed training time:7.49s
[Twitter] Starting validation...
[Twitter] Elapsed validation time:1.16s
[Twitter] [Epoch=079] Train Loss=[QuantLoss=0.02569]Val loss = [QuantLoss=0.21055][QuantReg:0.40139]
[Twitter] Starting epoch 80...
[Twitter] Elapsed training time:7.71s
[Twitter] Starting validation...
[Twitter] Elapsed validation time:1.15s
[Twitter] [Epoch=080] Train Loss=[QuantLoss=0.02318]Val loss = [QuantLoss=0.18976][QuantReg:0.39983]
[Twitter] Starting epoch 81...
[Twitter] Elapsed training time:7.54s
[Twitter] Starting validation...
[Twitter] Elapsed validation time:1.12s
[Twitter] [Epoch=081] Train Loss=[QuantLoss=0.02407]Val loss = [QuantLoss=0.18538][QuantReg:0.39896]
[Twitter] Starting epoch 82...
[Twitter] Elapsed training time:7.50s
[Twitter] Starting validation...
[Twitter] Elapsed validation time:1.12s
[Twitter] [Epoch=082] Train Loss=[QuantLoss=0.02332]Val loss = [QuantLoss=0.18103][QuantReg:0.40051]
[Twitter] Starting epoch 83...
[Twitter] Elapsed training time:7.59s
[Twitter] Starting validation...
[Twitter] Elapsed validation time:1.23s
[Twitter] [Epoch=083] Train Loss=[QuantLoss=0.02815]Val loss = [QuantLoss=0.19177][QuantReg:0.39982]
[Twitter] Starting epoch 84...
[Twitter] Elapsed training time:7.62s
[Twitter] Starting validation...
[Twitter] Elapsed validation time:1.11s
[Twitter] [Epoch=084] Train Loss=[QuantLoss=0.02281]Val loss = [QuantLoss=0.15508][QuantReg:0.40139]
[Twitter] Starting epoch 85...
[Twitter] Elapsed training time:7.67s
[Twitter] Starting validation...
[Twitter] Elapsed validation time:1.26s
[Twitter] [Epoch=085] Train Loss=[QuantLoss=0.02389]Val loss = [QuantLoss=0.16466][QuantReg:0.39905]
[Twitter] Starting epoch 86...
[Twitter] Elapsed training time:7.61s
[Twitter] Starting validation...
[Twitter] Elapsed validation time:1.28s
[Twitter] [Epoch=086] Train Loss=[QuantLoss=0.02336]Val loss = [QuantLoss=0.16595][QuantReg:0.39917]
[Twitter] Starting epoch 87...
[Twitter] Elapsed training time:7.59s
[Twitter] Starting validation...
[Twitter] Elapsed validation time:1.23s
[Twitter] [Epoch=087] Train Loss=[QuantLoss=0.02725]Val loss = [QuantLoss=0.15064][QuantReg:0.40183]
[Twitter] Starting epoch 88...
[Twitter] Elapsed training time:7.64s
[Twitter] Starting validation...
[Twitter] Elapsed validation time:1.13s
[Twitter] [Epoch=088] Train Loss=[QuantLoss=0.02821]Val loss = [QuantLoss=0.19492][QuantReg:0.40198]
[Twitter] Starting epoch 89...
[Twitter] Elapsed training time:7.64s
[Twitter] Starting validation...
[Twitter] Elapsed validation time:1.26s
[Twitter] [Epoch=089] Train Loss=[QuantLoss=0.02151]Val loss = [QuantLoss=0.17029][QuantReg:0.40226]
[Twitter] Starting epoch 90...
[Twitter] Elapsed training time:7.66s
[Twitter] Starting validation...
[Twitter] Elapsed validation time:1.15s
[Twitter] [Epoch=090] Train Loss=[QuantLoss=0.02159]Val loss = [QuantLoss=0.18951][QuantReg:0.40267]
[Twitter] Starting epoch 91...
[Twitter] Elapsed training time:7.45s
[Twitter] Starting validation...
[Twitter] Elapsed validation time:1.09s
[Twitter] [Epoch=091] Train Loss=[QuantLoss=0.02591]Val loss = [QuantLoss=0.19486][QuantReg:0.40392]
[Twitter] Starting epoch 92...
[Twitter] Elapsed training time:7.70s
[Twitter] Starting validation...
[Twitter] Elapsed validation time:1.15s
[Twitter] [Epoch=092] Train Loss=[QuantLoss=0.02418]Val loss = [QuantLoss=0.18706][QuantReg:0.40258]
[Twitter] Starting epoch 93...
[Twitter] Elapsed training time:7.50s
[Twitter] Starting validation...
[Twitter] Elapsed validation time:1.11s
[Twitter] [Epoch=093] Train Loss=[QuantLoss=0.02473]Val loss = [QuantLoss=0.18387][QuantReg:0.40277]
[Twitter] Starting epoch 94...
[Twitter] Elapsed training time:7.61s
[Twitter] Starting validation...
[Twitter] Elapsed validation time:1.12s
[Twitter] [Epoch=094] Train Loss=[QuantLoss=0.02072]Val loss = [QuantLoss=0.17456][QuantReg:0.40197]
[Twitter] Starting epoch 95...
[Twitter] Elapsed training time:7.78s
[Twitter] Starting validation...
[Twitter] Elapsed validation time:1.13s
[Twitter] [Epoch=095] Train Loss=[QuantLoss=0.02081]Val loss = [QuantLoss=0.17338][QuantReg:0.39980]
[Twitter] Starting epoch 96...
[Twitter] Elapsed training time:7.79s
[Twitter] Starting validation...
[Twitter] Elapsed validation time:1.17s
[Twitter] [Epoch=096] Train Loss=[QuantLoss=0.02014]Val loss = [QuantLoss=0.17749][QuantReg:0.39926]
[Twitter] Starting epoch 97...
[Twitter] Elapsed training time:7.80s
[Twitter] Starting validation...
[Twitter] Elapsed validation time:1.20s
[Twitter] [Epoch=097] Train Loss=[QuantLoss=0.02026]Val loss = [QuantLoss=0.16037][QuantReg:0.40143]
[Twitter] Starting epoch 98...
[Twitter] Elapsed training time:7.55s
[Twitter] Starting validation...
[Twitter] Elapsed validation time:1.25s
[Twitter] [Epoch=098] Train Loss=[QuantLoss=0.02347]Val loss = [QuantLoss=0.18019][QuantReg:0.40164]
[Twitter] Starting epoch 99...
[Twitter] Elapsed training time:7.80s
[Twitter] Starting validation...
[Twitter] Elapsed validation time:1.26s
[Twitter] [Epoch=099] Train Loss=[QuantLoss=0.02224]Val loss = [QuantLoss=0.17928][QuantReg:0.39881]
[Twitter] Starting epoch 100...
[Twitter] Elapsed training time:7.66s
[Twitter] Starting validation...
[Twitter] Elapsed validation time:1.25s
[Twitter] [Epoch=100] Train Loss=[QuantLoss=0.02057]Val loss = [QuantLoss=0.17374][QuantReg:0.39943]
[Twitter] Starting epoch 101...
[Twitter] Elapsed training time:7.77s
[Twitter] Starting validation...
[Twitter] Elapsed validation time:1.13s
[Twitter] [Epoch=101] Train Loss=[QuantLoss=0.02163]Val loss = [QuantLoss=0.16480][QuantReg:0.39958]
[Twitter] Starting epoch 102...
[Twitter] Elapsed training time:7.54s
[Twitter] Starting validation...
[Twitter] Elapsed validation time:1.10s
[Twitter] [Epoch=102] Train Loss=[QuantLoss=0.02408]Val loss = [QuantLoss=0.16739][QuantReg:0.39888]
[Twitter] Starting epoch 103...
[Twitter] Elapsed training time:7.70s
[Twitter] Starting validation...
[Twitter] Elapsed validation time:1.19s
[Twitter] [Epoch=103] Train Loss=[QuantLoss=0.02239]Val loss = [QuantLoss=0.15539][QuantReg:0.39912]
[Twitter] Starting epoch 104...
[Twitter] Elapsed training time:7.61s
[Twitter] Starting validation...
[Twitter] Elapsed validation time:1.13s
[Twitter] [Epoch=104] Train Loss=[QuantLoss=0.02121]Val loss = [QuantLoss=0.16661][QuantReg:0.39896]
[Twitter] Starting epoch 105...
[Twitter] Elapsed training time:7.65s
[Twitter] Starting validation...
[Twitter] Elapsed validation time:1.27s
[Twitter] [Epoch=105] Train Loss=[QuantLoss=0.02098]Val loss = [QuantLoss=0.14768][QuantReg:0.39863]
[Twitter] Starting epoch 106...
[Twitter] Elapsed training time:7.77s
[Twitter] Starting validation...
[Twitter] Elapsed validation time:1.27s
[Twitter] [Epoch=106] Train Loss=[QuantLoss=0.02196]Val loss = [QuantLoss=0.17048][QuantReg:0.40006]
[Twitter] Starting epoch 107...
[Twitter] Elapsed training time:7.80s
[Twitter] Starting validation...
[Twitter] Elapsed validation time:1.21s
[Twitter] [Epoch=107] Train Loss=[QuantLoss=0.02402]Val loss = [QuantLoss=0.16581][QuantReg:0.39776]
[Twitter] Starting epoch 108...
[Twitter] Elapsed training time:7.47s
[Twitter] Starting validation...
[Twitter] Elapsed validation time:1.28s
[Twitter] [Epoch=108] Train Loss=[QuantLoss=0.02076]Val loss = [QuantLoss=0.14899][QuantReg:0.39879]
[Twitter] Starting epoch 109...
[Twitter] Elapsed training time:7.56s
[Twitter] Starting validation...
[Twitter] Elapsed validation time:1.33s
[Twitter] [Epoch=109] Train Loss=[QuantLoss=0.02165]Val loss = [QuantLoss=0.16009][QuantReg:0.39838]
[Twitter] Starting epoch 110...
[Twitter] Elapsed training time:7.70s
[Twitter] Starting validation...
[Twitter] Elapsed validation time:1.10s
[Twitter] [Epoch=110] Train Loss=[QuantLoss=0.02499]Val loss = [QuantLoss=0.16367][QuantReg:0.39650]
[Twitter] Starting epoch 111...
[Twitter] Elapsed training time:7.57s
[Twitter] Starting validation...
[Twitter] Elapsed validation time:1.07s
[Twitter] [Epoch=111] Train Loss=[QuantLoss=0.02282]Val loss = [QuantLoss=0.13816][QuantReg:0.40125]
[Twitter] Starting epoch 112...
[Twitter] Elapsed training time:7.47s
[Twitter] Starting validation...
[Twitter] Elapsed validation time:1.19s
[Twitter] [Epoch=112] Train Loss=[QuantLoss=0.02538]Val loss = [QuantLoss=0.15492][QuantReg:0.39749]
[Twitter] Starting epoch 113...
[Twitter] Elapsed training time:7.60s
[Twitter] Starting validation...
[Twitter] Elapsed validation time:1.09s
[Twitter] [Epoch=113] Train Loss=[QuantLoss=0.02408]Val loss = [QuantLoss=0.15846][QuantReg:0.39784]
[Twitter] Starting epoch 114...
[Twitter] Elapsed training time:7.57s
[Twitter] Starting validation...
[Twitter] Elapsed validation time:1.29s
[Twitter] [Epoch=114] Train Loss=[QuantLoss=0.02535]Val loss = [QuantLoss=0.15563][QuantReg:0.39802]
[Twitter] Starting epoch 115...
[Twitter] Elapsed training time:7.63s
[Twitter] Starting validation...
[Twitter] Elapsed validation time:1.11s
[Twitter] [Epoch=115] Train Loss=[QuantLoss=0.02118]Val loss = [QuantLoss=0.15870][QuantReg:0.39790]
[Twitter] Starting epoch 116...
[Twitter] Elapsed training time:7.77s
[Twitter] Starting validation...
[Twitter] Elapsed validation time:1.19s
[Twitter] [Epoch=116] Train Loss=[QuantLoss=0.02422]Val loss = [QuantLoss=0.14676][QuantReg:0.39850]
[Twitter] Starting epoch 117...
[Twitter] Elapsed training time:7.65s
[Twitter] Starting validation...
[Twitter] Elapsed validation time:1.18s
[Twitter] [Epoch=117] Train Loss=[QuantLoss=0.02428]Val loss = [QuantLoss=0.14969][QuantReg:0.39819]
[Twitter] Starting epoch 118...
[Twitter] Elapsed training time:7.43s
[Twitter] Starting validation...
[Twitter] Elapsed validation time:1.31s
[Twitter] [Epoch=118] Train Loss=[QuantLoss=0.01976]Val loss = [QuantLoss=0.15717][QuantReg:0.39794]
[Twitter] Starting epoch 119...
[Twitter] Elapsed training time:7.62s
[Twitter] Starting validation...
[Twitter] Elapsed validation time:1.38s
[Twitter] [Epoch=119] Train Loss=[QuantLoss=0.02159]Val loss = [QuantLoss=0.14659][QuantReg:0.39889]
[Twitter] Starting epoch 120...
[Twitter] Elapsed training time:7.55s
[Twitter] Starting validation...
[Twitter] Elapsed validation time:1.32s
[Twitter] [Epoch=120] Train Loss=[QuantLoss=0.02595]Val loss = [QuantLoss=0.16722][QuantReg:0.39672]
[Twitter] Starting epoch 121...
[Twitter] Elapsed training time:7.71s
[Twitter] Starting validation...
[Twitter] Elapsed validation time:1.17s
[Twitter] [Epoch=121] Train Loss=[QuantLoss=0.02217]Val loss = [QuantLoss=0.14243][QuantReg:0.39944]
[Twitter] Starting epoch 122...
[Twitter] Elapsed training time:7.50s
[Twitter] Starting validation...
[Twitter] Elapsed validation time:1.24s
[Twitter] [Epoch=122] Train Loss=[QuantLoss=0.02151]Val loss = [QuantLoss=0.14775][QuantReg:0.39897]
[Twitter] Starting epoch 123...
[Twitter] Elapsed training time:7.58s
[Twitter] Starting validation...
[Twitter] Elapsed validation time:1.35s
[Twitter] [Epoch=123] Train Loss=[QuantLoss=0.02044]Val loss = [QuantLoss=0.16318][QuantReg:0.39688]
[Twitter] Starting epoch 124...
[Twitter] Elapsed training time:7.83s
[Twitter] Starting validation...
[Twitter] Elapsed validation time:1.33s
[Twitter] [Epoch=124] Train Loss=[QuantLoss=0.02209]Val loss = [QuantLoss=0.15937][QuantReg:0.39723]
[Twitter] Starting epoch 125...
[Twitter] Elapsed training time:7.85s
[Twitter] Starting validation...
[Twitter] Elapsed validation time:1.32s
[Twitter] [Epoch=125] Train Loss=[QuantLoss=0.02311]Val loss = [QuantLoss=0.15524][QuantReg:0.39796]
[Twitter] Starting epoch 126...
[Twitter] Elapsed training time:7.59s
[Twitter] Starting validation...
[Twitter] Elapsed validation time:1.29s
[Twitter] [Epoch=126] Train Loss=[QuantLoss=0.02147]Val loss = [QuantLoss=0.17513][QuantReg:0.39613]
[Twitter] Starting epoch 127...
[Twitter] Elapsed training time:7.43s
[Twitter] Starting validation...
[Twitter] Elapsed validation time:1.21s
[Twitter] [Epoch=127] Train Loss=[QuantLoss=0.02162]Val loss = [QuantLoss=0.16076][QuantReg:0.39596]
[Twitter] Starting epoch 128...
[Twitter] Elapsed training time:7.39s
[Twitter] Starting validation...
[Twitter] Elapsed validation time:1.18s
[Twitter] [Epoch=128] Train Loss=[QuantLoss=0.01994]Val loss = [QuantLoss=0.14516][QuantReg:0.39857]
[Twitter] Starting epoch 129...
[Twitter] Elapsed training time:7.74s
[Twitter] Starting validation...
[Twitter] Elapsed validation time:1.16s
[Twitter] [Epoch=129] Train Loss=[QuantLoss=0.02066]Val loss = [QuantLoss=0.15804][QuantReg:0.39745]
[Twitter] Starting epoch 130...
[Twitter] Elapsed training time:7.51s
[Twitter] Starting validation...
[Twitter] Elapsed validation time:1.16s
[Twitter] [Epoch=130] Train Loss=[QuantLoss=0.02619]Val loss = [QuantLoss=0.17428][QuantReg:0.39773]
[Twitter] Starting epoch 131...
[Twitter] Elapsed training time:7.55s
[Twitter] Starting validation...
[Twitter] Elapsed validation time:1.11s
[Twitter] [Epoch=131] Train Loss=[QuantLoss=0.02069]Val loss = [QuantLoss=0.13685][QuantReg:0.39874]
[Twitter] Starting epoch 132...
[Twitter] Elapsed training time:7.36s
[Twitter] Starting validation...
[Twitter] Elapsed validation time:1.21s
[Twitter] [Epoch=132] Train Loss=[QuantLoss=0.02145]Val loss = [QuantLoss=0.15943][QuantReg:0.39676]
[Twitter] Starting epoch 133...
[Twitter] Elapsed training time:7.60s
[Twitter] Starting validation...
[Twitter] Elapsed validation time:1.29s
[Twitter] [Epoch=133] Train Loss=[QuantLoss=0.02007]Val loss = [QuantLoss=0.14491][QuantReg:0.39826]
[Twitter] Starting epoch 134...
[Twitter] Elapsed training time:7.68s
[Twitter] Starting validation...
[Twitter] Elapsed validation time:1.26s
[Twitter] [Epoch=134] Train Loss=[QuantLoss=0.02232]Val loss = [QuantLoss=0.12518][QuantReg:0.39974][saved best model in this epoch]
[Twitter] Starting epoch 135...
[Twitter] Elapsed training time:7.48s
[Twitter] Starting validation...
[Twitter] Elapsed validation time:1.33s
[Twitter] [Epoch=135] Train Loss=[QuantLoss=0.02031]Val loss = [QuantLoss=0.13321][QuantReg:0.39929]
[Twitter] Starting epoch 136...
[Twitter] Elapsed training time:7.42s
[Twitter] Starting validation...
[Twitter] Elapsed validation time:1.21s
[Twitter] [Epoch=136] Train Loss=[QuantLoss=0.01981]Val loss = [QuantLoss=0.15366][QuantReg:0.39771]
[Twitter] Starting epoch 137...
[Twitter] Elapsed training time:7.54s
[Twitter] Starting validation...
[Twitter] Elapsed validation time:1.29s
[Twitter] [Epoch=137] Train Loss=[QuantLoss=0.01973]Val loss = [QuantLoss=0.15901][QuantReg:0.39615]
[Twitter] Starting epoch 138...
[Twitter] Elapsed training time:7.67s
[Twitter] Starting validation...
[Twitter] Elapsed validation time:1.25s
[Twitter] [Epoch=138] Train Loss=[QuantLoss=0.02086]Val loss = [QuantLoss=0.17140][QuantReg:0.39667]
[Twitter] Starting epoch 139...
[Twitter] Elapsed training time:7.55s
[Twitter] Starting validation...
[Twitter] Elapsed validation time:1.22s
[Twitter] [Epoch=139] Train Loss=[QuantLoss=0.01984]Val loss = [QuantLoss=0.15958][QuantReg:0.39676]
[Twitter] Starting epoch 140...
[Twitter] Elapsed training time:7.61s
[Twitter] Starting validation...
[Twitter] Elapsed validation time:1.11s
[Twitter] [Epoch=140] Train Loss=[QuantLoss=0.02362]Val loss = [QuantLoss=0.16254][QuantReg:0.39732]
[Twitter] Starting epoch 141...
[Twitter] Elapsed training time:7.69s
[Twitter] Starting validation...
[Twitter] Elapsed validation time:1.19s
[Twitter] [Epoch=141] Train Loss=[QuantLoss=0.01895]Val loss = [QuantLoss=0.14523][QuantReg:0.39802]
[Twitter] Starting epoch 142...
[Twitter] Elapsed training time:7.39s
[Twitter] Starting validation...
[Twitter] Elapsed validation time:1.12s
[Twitter] [Epoch=142] Train Loss=[QuantLoss=0.02329]Val loss = [QuantLoss=0.14849][QuantReg:0.39547]
[Twitter] Starting epoch 143...
[Twitter] Elapsed training time:7.67s
[Twitter] Starting validation...
[Twitter] Elapsed validation time:1.13s
[Twitter] [Epoch=143] Train Loss=[QuantLoss=0.02119]Val loss = [QuantLoss=0.15931][QuantReg:0.39713]
[Twitter] Starting epoch 144...
[Twitter] Elapsed training time:7.63s
[Twitter] Starting validation...
[Twitter] Elapsed validation time:1.12s
[Twitter] [Epoch=144] Train Loss=[QuantLoss=0.02343]Val loss = [QuantLoss=0.15397][QuantReg:0.39757]
[Twitter] Starting epoch 145...
[Twitter] Elapsed training time:7.71s
[Twitter] Starting validation...
[Twitter] Elapsed validation time:1.19s
[Twitter] [Epoch=145] Train Loss=[QuantLoss=0.02009]Val loss = [QuantLoss=0.15528][QuantReg:0.39678]
[Twitter] Starting epoch 146...
[Twitter] Elapsed training time:7.79s
[Twitter] Starting validation...
[Twitter] Elapsed validation time:1.19s
[Twitter] [Epoch=146] Train Loss=[QuantLoss=0.02089]Val loss = [QuantLoss=0.15988][QuantReg:0.39498]
[Twitter] Starting epoch 147...
[Twitter] Elapsed training time:7.46s
[Twitter] Starting validation...
[Twitter] Elapsed validation time:1.13s
[Twitter] [Epoch=147] Train Loss=[QuantLoss=0.02289]Val loss = [QuantLoss=0.16508][QuantReg:0.39579]
[Twitter] Starting epoch 148...
[Twitter] Elapsed training time:7.85s
[Twitter] Starting validation...
[Twitter] Elapsed validation time:1.18s
[Twitter] [Epoch=148] Train Loss=[QuantLoss=0.02121]Val loss = [QuantLoss=0.15595][QuantReg:0.39716]
[Twitter] Starting epoch 149...
[Twitter] Elapsed training time:7.68s
[Twitter] Starting validation...
[Twitter] Elapsed validation time:1.11s
[Twitter] [Epoch=149] Train Loss=[QuantLoss=0.01986]Val loss = [QuantLoss=0.15249][QuantReg:0.39671]
[Twitter] Starting epoch 150...
[Twitter] Elapsed training time:7.49s
[Twitter] Starting validation...
[Twitter] Elapsed validation time:1.25s
[Twitter] [Epoch=150] Train Loss=[QuantLoss=0.02639]Val loss = [QuantLoss=0.13034][QuantReg:0.39830]
[Twitter] Starting epoch 151...
[Twitter] Elapsed training time:7.45s
[Twitter] Starting validation...
[Twitter] Elapsed validation time:1.26s
[Twitter] [Epoch=151] Train Loss=[QuantLoss=0.02123]Val loss = [QuantLoss=0.14568][QuantReg:0.39693]
[Twitter] Starting epoch 152...
[Twitter] Elapsed training time:7.60s
[Twitter] Starting validation...
[Twitter] Elapsed validation time:1.29s
[Twitter] [Epoch=152] Train Loss=[QuantLoss=0.02035]Val loss = [QuantLoss=0.13422][QuantReg:0.39845]
[Twitter] Starting epoch 153...
[Twitter] Elapsed training time:7.61s
[Twitter] Starting validation...
[Twitter] Elapsed validation time:1.32s
[Twitter] [Epoch=153] Train Loss=[QuantLoss=0.02127]Val loss = [QuantLoss=0.15147][QuantReg:0.39537]
[Twitter] Starting epoch 154...
[Twitter] Elapsed training time:7.49s
[Twitter] Starting validation...
[Twitter] Elapsed validation time:1.21s
[Twitter] [Epoch=154] Train Loss=[QuantLoss=0.02186]Val loss = [QuantLoss=0.15122][QuantReg:0.39749]
[Twitter] Starting epoch 155...
[Twitter] Elapsed training time:7.69s
[Twitter] Starting validation...
[Twitter] Elapsed validation time:1.13s
[Twitter] [Epoch=155] Train Loss=[QuantLoss=0.02138]Val loss = [QuantLoss=0.13517][QuantReg:0.39866]
[Twitter] Early stopping in epoch 155!
[Twitter] Restoring best model...
MAE médio por bag: 0.1362 ± 0.0579
Salvo em resultados_sanders/resultados_twitter_bert_l1_easiest_1.csv
