Dataset: /home/nildaimon/gmnet/experiments/train_curl/Datasets/Sanders/twitter-sanders-apple3.csv
Dificuldade: metric=kl, mode=easiest, top_k=None
Rodada: 1
Salvar resultados em: resultados_sanders
Dispositivo de treino: cuda
Carregando e processando dataset Twitter
Carregando embeddings do cache...
Model savedmodels/twitter_bert_kl_easiest_run1.pkl exists. Loading weights ...
Ignoring val_split as train and val datasets where given to fit function
We have two datasets: training 2500592 examples. validation 150000 examples.]
Using device cuda
[Twitter] Starting epoch 0...
[Twitter] Elapsed training time:7.73s
[Twitter] Starting validation...
[Twitter] Elapsed validation time:1.26s
[Twitter] [Epoch=000] Train Loss=[QuantLoss=0.02712]Val loss = [QuantLoss=0.13924][QuantReg:0.38660][saved best model in this epoch]
[Twitter] Starting epoch 1...
[Twitter] Elapsed training time:7.61s
[Twitter] Starting validation...
[Twitter] Elapsed validation time:1.35s
[Twitter] [Epoch=001] Train Loss=[QuantLoss=0.02956]Val loss = [QuantLoss=0.16749][QuantReg:0.40961]
[Twitter] Starting epoch 2...
[Twitter] Elapsed training time:7.39s
[Twitter] Starting validation...
[Twitter] Elapsed validation time:1.34s
[Twitter] [Epoch=002] Train Loss=[QuantLoss=0.03504]Val loss = [QuantLoss=0.20404][QuantReg:0.41636]
[Twitter] Starting epoch 3...
[Twitter] Elapsed training time:7.63s
[Twitter] Starting validation...
[Twitter] Elapsed validation time:1.20s
[Twitter] [Epoch=003] Train Loss=[QuantLoss=0.02659]Val loss = [QuantLoss=0.14668][QuantReg:0.41705]
[Twitter] Starting epoch 4...
[Twitter] Elapsed training time:7.75s
[Twitter] Starting validation...
[Twitter] Elapsed validation time:1.11s
[Twitter] [Epoch=004] Train Loss=[QuantLoss=0.02597]Val loss = [QuantLoss=0.14908][QuantReg:0.39531]
[Twitter] Starting epoch 5...
[Twitter] Elapsed training time:7.48s
[Twitter] Starting validation...
[Twitter] Elapsed validation time:1.23s
[Twitter] [Epoch=005] Train Loss=[QuantLoss=0.02420]Val loss = [QuantLoss=0.15251][QuantReg:0.39295]
[Twitter] Starting epoch 6...
[Twitter] Elapsed training time:7.55s
[Twitter] Starting validation...
[Twitter] Elapsed validation time:1.15s
[Twitter] [Epoch=006] Train Loss=[QuantLoss=0.03094]Val loss = [QuantLoss=0.16019][QuantReg:0.38774]
[Twitter] Starting epoch 7...
[Twitter] Elapsed training time:7.56s
[Twitter] Starting validation...
[Twitter] Elapsed validation time:1.19s
[Twitter] [Epoch=007] Train Loss=[QuantLoss=0.02722]Val loss = [QuantLoss=0.13436][QuantReg:0.39278][saved best model in this epoch]
[Twitter] Starting epoch 8...
[Twitter] Elapsed training time:7.39s
[Twitter] Starting validation...
[Twitter] Elapsed validation time:1.21s
[Twitter] [Epoch=008] Train Loss=[QuantLoss=0.03398]Val loss = [QuantLoss=0.12829][QuantReg:0.39203][saved best model in this epoch]
[Twitter] Starting epoch 9...
[Twitter] Elapsed training time:7.76s
[Twitter] Starting validation...
[Twitter] Elapsed validation time:1.31s
[Twitter] [Epoch=009] Train Loss=[QuantLoss=0.03830]Val loss = [QuantLoss=0.18258][QuantReg:0.39505]
[Twitter] Starting epoch 10...
[Twitter] Elapsed training time:7.72s
[Twitter] Starting validation...
[Twitter] Elapsed validation time:1.13s
[Twitter] [Epoch=010] Train Loss=[QuantLoss=0.02799]Val loss = [QuantLoss=0.17212][QuantReg:0.40069]
[Twitter] Starting epoch 11...
[Twitter] Elapsed training time:7.72s
[Twitter] Starting validation...
[Twitter] Elapsed validation time:1.13s
[Twitter] [Epoch=011] Train Loss=[QuantLoss=0.02701]Val loss = [QuantLoss=0.14894][QuantReg:0.40019]
[Twitter] Starting epoch 12...
[Twitter] Elapsed training time:7.69s
[Twitter] Starting validation...
[Twitter] Elapsed validation time:1.09s
[Twitter] [Epoch=012] Train Loss=[QuantLoss=0.02825]Val loss = [QuantLoss=0.14599][QuantReg:0.40088]
[Twitter] Starting epoch 13...
[Twitter] Elapsed training time:7.52s
[Twitter] Starting validation...
[Twitter] Elapsed validation time:1.25s
[Twitter] [Epoch=013] Train Loss=[QuantLoss=0.02819]Val loss = [QuantLoss=0.13347][QuantReg:0.40141]
[Twitter] Starting epoch 14...
[Twitter] Elapsed training time:7.56s
[Twitter] Starting validation...
[Twitter] Elapsed validation time:1.11s
[Twitter] [Epoch=014] Train Loss=[QuantLoss=0.03813]Val loss = [QuantLoss=0.13843][QuantReg:0.40434]
[Twitter] Starting epoch 15...
[Twitter] Elapsed training time:7.64s
[Twitter] Starting validation...
[Twitter] Elapsed validation time:1.14s
[Twitter] [Epoch=015] Train Loss=[QuantLoss=0.03337]Val loss = [QuantLoss=0.11666][QuantReg:0.39891][saved best model in this epoch]
[Twitter] Starting epoch 16...
[Twitter] Elapsed training time:7.83s
[Twitter] Starting validation...
[Twitter] Elapsed validation time:1.24s
[Twitter] [Epoch=016] Train Loss=[QuantLoss=0.02699]Val loss = [QuantLoss=0.12643][QuantReg:0.39862]
[Twitter] Starting epoch 17...
[Twitter] Elapsed training time:7.60s
[Twitter] Starting validation...
[Twitter] Elapsed validation time:1.31s
[Twitter] [Epoch=017] Train Loss=[QuantLoss=0.02701]Val loss = [QuantLoss=0.14657][QuantReg:0.40140]
[Twitter] Starting epoch 18...
[Twitter] Elapsed training time:7.49s
[Twitter] Starting validation...
[Twitter] Elapsed validation time:1.28s
[Twitter] [Epoch=018] Train Loss=[QuantLoss=0.03031]Val loss = [QuantLoss=0.11771][QuantReg:0.39487]
[Twitter] Starting epoch 19...
[Twitter] Elapsed training time:7.41s
[Twitter] Starting validation...
[Twitter] Elapsed validation time:1.24s
[Twitter] [Epoch=019] Train Loss=[QuantLoss=0.03087]Val loss = [QuantLoss=0.12636][QuantReg:0.39468]
[Twitter] Starting epoch 20...
[Twitter] Elapsed training time:7.62s
[Twitter] Starting validation...
[Twitter] Elapsed validation time:1.18s
[Twitter] [Epoch=020] Train Loss=[QuantLoss=0.03013]Val loss = [QuantLoss=0.12426][QuantReg:0.39110]
[Twitter] Starting epoch 21...
[Twitter] Elapsed training time:7.60s
[Twitter] Starting validation...
[Twitter] Elapsed validation time:1.26s
[Twitter] [Epoch=021] Train Loss=[QuantLoss=0.02351]Val loss = [QuantLoss=0.13865][QuantReg:0.38735]
[Twitter] Starting epoch 22...
[Twitter] Elapsed training time:7.51s
[Twitter] Starting validation...
[Twitter] Elapsed validation time:1.13s
[Twitter] [Epoch=022] Train Loss=[QuantLoss=0.02669]Val loss = [QuantLoss=0.11328][QuantReg:0.39756][saved best model in this epoch]
[Twitter] Starting epoch 23...
[Twitter] Elapsed training time:7.51s
[Twitter] Starting validation...
[Twitter] Elapsed validation time:1.30s
[Twitter] [Epoch=023] Train Loss=[QuantLoss=0.02855]Val loss = [QuantLoss=0.12705][QuantReg:0.39622]
[Twitter] Starting epoch 24...
[Twitter] Elapsed training time:7.57s
[Twitter] Starting validation...
[Twitter] Elapsed validation time:1.24s
[Twitter] [Epoch=024] Train Loss=[QuantLoss=0.02746]Val loss = [QuantLoss=0.16027][QuantReg:0.39361]
[Twitter] Starting epoch 25...
[Twitter] Elapsed training time:7.61s
[Twitter] Starting validation...
[Twitter] Elapsed validation time:1.26s
[Twitter] [Epoch=025] Train Loss=[QuantLoss=0.02922]Val loss = [QuantLoss=0.14471][QuantReg:0.38858]
[Twitter] Starting epoch 26...
[Twitter] Elapsed training time:7.58s
[Twitter] Starting validation...
[Twitter] Elapsed validation time:1.14s
[Twitter] [Epoch=026] Train Loss=[QuantLoss=0.02704]Val loss = [QuantLoss=0.14522][QuantReg:0.38146]
[Twitter] Starting epoch 27...
[Twitter] Elapsed training time:7.45s
[Twitter] Starting validation...
[Twitter] Elapsed validation time:1.16s
[Twitter] [Epoch=027] Train Loss=[QuantLoss=0.02857]Val loss = [QuantLoss=0.12354][QuantReg:0.38184]
[Twitter] Starting epoch 28...
[Twitter] Elapsed training time:7.69s
[Twitter] Starting validation...
[Twitter] Elapsed validation time:1.28s
[Twitter] [Epoch=028] Train Loss=[QuantLoss=0.03191]Val loss = [QuantLoss=0.13410][QuantReg:0.37272]
[Twitter] Starting epoch 29...
[Twitter] Elapsed training time:7.61s
[Twitter] Starting validation...
[Twitter] Elapsed validation time:1.31s
[Twitter] [Epoch=029] Train Loss=[QuantLoss=0.02811]Val loss = [QuantLoss=0.11255][QuantReg:0.37203][saved best model in this epoch]
[Twitter] Starting epoch 30...
[Twitter] Elapsed training time:7.65s
[Twitter] Starting validation...
[Twitter] Elapsed validation time:1.30s
[Twitter] [Epoch=030] Train Loss=[QuantLoss=0.02905]Val loss = [QuantLoss=0.12307][QuantReg:0.36623]
[Twitter] Starting epoch 31...
[Twitter] Elapsed training time:7.39s
[Twitter] Starting validation...
[Twitter] Elapsed validation time:1.14s
[Twitter] [Epoch=031] Train Loss=[QuantLoss=0.03029]Val loss = [QuantLoss=0.12983][QuantReg:0.37679]
[Twitter] Starting epoch 32...
[Twitter] Elapsed training time:7.45s
[Twitter] Starting validation...
[Twitter] Elapsed validation time:1.10s
[Twitter] [Epoch=032] Train Loss=[QuantLoss=0.03168]Val loss = [QuantLoss=0.16415][QuantReg:0.38397]
[Twitter] Starting epoch 33...
[Twitter] Elapsed training time:7.61s
[Twitter] Starting validation...
[Twitter] Elapsed validation time:1.18s
[Twitter] [Epoch=033] Train Loss=[QuantLoss=0.02885]Val loss = [QuantLoss=0.15836][QuantReg:0.38305]
[Twitter] Starting epoch 34...
[Twitter] Elapsed training time:7.59s
[Twitter] Starting validation...
[Twitter] Elapsed validation time:1.10s
[Twitter] [Epoch=034] Train Loss=[QuantLoss=0.02738]Val loss = [QuantLoss=0.13935][QuantReg:0.38080]
[Twitter] Starting epoch 35...
[Twitter] Elapsed training time:7.59s
[Twitter] Starting validation...
[Twitter] Elapsed validation time:1.11s
[Twitter] [Epoch=035] Train Loss=[QuantLoss=0.02979]Val loss = [QuantLoss=0.12899][QuantReg:0.36785]
[Twitter] Starting epoch 36...
[Twitter] Elapsed training time:7.62s
[Twitter] Starting validation...
[Twitter] Elapsed validation time:1.15s
[Twitter] [Epoch=036] Train Loss=[QuantLoss=0.03033]Val loss = [QuantLoss=0.16747][QuantReg:0.37460]
[Twitter] Starting epoch 37...
[Twitter] Elapsed training time:7.41s
[Twitter] Starting validation...
[Twitter] Elapsed validation time:1.24s
[Twitter] [Epoch=037] Train Loss=[QuantLoss=0.03014]Val loss = [QuantLoss=0.16646][QuantReg:0.38410]
[Twitter] Starting epoch 38...
[Twitter] Elapsed training time:7.61s
[Twitter] Starting validation...
[Twitter] Elapsed validation time:1.11s
[Twitter] [Epoch=038] Train Loss=[QuantLoss=0.02905]Val loss = [QuantLoss=0.14000][QuantReg:0.39171]
[Twitter] Starting epoch 39...
[Twitter] Elapsed training time:7.82s
[Twitter] Starting validation...
[Twitter] Elapsed validation time:1.25s
[Twitter] [Epoch=039] Train Loss=[QuantLoss=0.03102]Val loss = [QuantLoss=0.15972][QuantReg:0.39429]
[Twitter] Starting epoch 40...
[Twitter] Elapsed training time:7.48s
[Twitter] Starting validation...
[Twitter] Elapsed validation time:1.16s
[Twitter] [Epoch=040] Train Loss=[QuantLoss=0.03051]Val loss = [QuantLoss=0.14841][QuantReg:0.39712]
[Twitter] Starting epoch 41...
[Twitter] Elapsed training time:7.59s
[Twitter] Starting validation...
[Twitter] Elapsed validation time:1.15s
[Twitter] [Epoch=041] Train Loss=[QuantLoss=0.03356]Val loss = [QuantLoss=0.12972][QuantReg:0.39444]
[Twitter] Starting epoch 42...
[Twitter] Elapsed training time:7.74s
[Twitter] Starting validation...
[Twitter] Elapsed validation time:1.25s
[Twitter] [Epoch=042] Train Loss=[QuantLoss=0.03281]Val loss = [QuantLoss=0.14152][QuantReg:0.39420]
[Twitter] Starting epoch 43...
[Twitter] Elapsed training time:7.49s
[Twitter] Starting validation...
[Twitter] Elapsed validation time:1.16s
[Twitter] [Epoch=043] Train Loss=[QuantLoss=0.03270]Val loss = [QuantLoss=0.13426][QuantReg:0.39211]
[Twitter] Starting epoch 44...
[Twitter] Elapsed training time:7.76s
[Twitter] Starting validation...
[Twitter] Elapsed validation time:1.28s
[Twitter] [Epoch=044] Train Loss=[QuantLoss=0.02633]Val loss = [QuantLoss=0.13934][QuantReg:0.38522]
[Twitter] Starting epoch 45...
[Twitter] Elapsed training time:7.61s
[Twitter] Starting validation...
[Twitter] Elapsed validation time:1.23s
[Twitter] [Epoch=045] Train Loss=[QuantLoss=0.02800]Val loss = [QuantLoss=0.14449][QuantReg:0.38195]
[Twitter] Starting epoch 46...
[Twitter] Elapsed training time:7.66s
[Twitter] Starting validation...
[Twitter] Elapsed validation time:1.21s
[Twitter] [Epoch=046] Train Loss=[QuantLoss=0.03050]Val loss = [QuantLoss=0.17313][QuantReg:0.39743]
[Twitter] Starting epoch 47...
[Twitter] Elapsed training time:7.70s
[Twitter] Starting validation...
[Twitter] Elapsed validation time:1.19s
[Twitter] [Epoch=047] Train Loss=[QuantLoss=0.03056]Val loss = [QuantLoss=0.14897][QuantReg:0.40076]
[Twitter] Starting epoch 48...
[Twitter] Elapsed training time:7.67s
[Twitter] Starting validation...
[Twitter] Elapsed validation time:1.11s
[Twitter] [Epoch=048] Train Loss=[QuantLoss=0.02637]Val loss = [QuantLoss=0.16183][QuantReg:0.39979]
[Twitter] Starting epoch 49...
[Twitter] Elapsed training time:7.44s
[Twitter] Starting validation...
[Twitter] Elapsed validation time:1.23s
[Twitter] [Epoch=049] Train Loss=[QuantLoss=0.03720]Val loss = [QuantLoss=0.15550][QuantReg:0.39824]
[Twitter] Starting epoch 50...
[Twitter] Elapsed training time:7.45s
[Twitter] Starting validation...
[Twitter] Elapsed validation time:1.19s
[Twitter] [Epoch=050] Train Loss=[QuantLoss=0.02854]Val loss = [QuantLoss=0.14293][QuantReg:0.39983]
[Twitter] Starting epoch 51...
[Twitter] Elapsed training time:7.54s
[Twitter] Starting validation...
[Twitter] Elapsed validation time:1.23s
[Twitter] [Epoch=051] Train Loss=[QuantLoss=0.02545]Val loss = [QuantLoss=0.13502][QuantReg:0.39880]
[Twitter] Starting epoch 52...
[Twitter] Elapsed training time:7.71s
[Twitter] Starting validation...
[Twitter] Elapsed validation time:1.29s
[Twitter] [Epoch=052] Train Loss=[QuantLoss=0.02401]Val loss = [QuantLoss=0.14099][QuantReg:0.39688]
[Twitter] Starting epoch 53...
[Twitter] Elapsed training time:7.70s
[Twitter] Starting validation...
[Twitter] Elapsed validation time:1.18s
[Twitter] [Epoch=053] Train Loss=[QuantLoss=0.02685]Val loss = [QuantLoss=0.16507][QuantReg:0.39896]
[Twitter] Starting epoch 54...
[Twitter] Elapsed training time:7.59s
[Twitter] Starting validation...
[Twitter] Elapsed validation time:1.28s
[Twitter] [Epoch=054] Train Loss=[QuantLoss=0.02629]Val loss = [QuantLoss=0.15201][QuantReg:0.40367]
[Twitter] Starting epoch 55...
[Twitter] Elapsed training time:7.71s
[Twitter] Starting validation...
[Twitter] Elapsed validation time:1.28s
[Twitter] [Epoch=055] Train Loss=[QuantLoss=0.02895]Val loss = [QuantLoss=0.14982][QuantReg:0.40582]
[Twitter] Starting epoch 56...
[Twitter] Elapsed training time:7.41s
[Twitter] Starting validation...
[Twitter] Elapsed validation time:1.10s
[Twitter] [Epoch=056] Train Loss=[QuantLoss=0.02823]Val loss = [QuantLoss=0.16029][QuantReg:0.40423]
[Twitter] Starting epoch 57...
[Twitter] Elapsed training time:7.68s
[Twitter] Starting validation...
[Twitter] Elapsed validation time:1.12s
[Twitter] [Epoch=057] Train Loss=[QuantLoss=0.02794]Val loss = [QuantLoss=0.14882][QuantReg:0.40247]
[Twitter] Starting epoch 58...
[Twitter] Elapsed training time:7.56s
[Twitter] Starting validation...
[Twitter] Elapsed validation time:1.22s
[Twitter] [Epoch=058] Train Loss=[QuantLoss=0.02565]Val loss = [QuantLoss=0.13026][QuantReg:0.40070]
[Twitter] Starting epoch 59...
[Twitter] Elapsed training time:7.52s
[Twitter] Starting validation...
[Twitter] Elapsed validation time:1.15s
[Twitter] [Epoch=059] Train Loss=[QuantLoss=0.02873]Val loss = [QuantLoss=0.14939][QuantReg:0.40044]
[Twitter] Starting epoch 60...
[Twitter] Elapsed training time:7.58s
[Twitter] Starting validation...
[Twitter] Elapsed validation time:1.18s
[Twitter] [Epoch=060] Train Loss=[QuantLoss=0.02351]Val loss = [QuantLoss=0.13603][QuantReg:0.40031]
[Twitter] Starting epoch 61...
[Twitter] Elapsed training time:7.63s
[Twitter] Starting validation...
[Twitter] Elapsed validation time:1.20s
[Twitter] [Epoch=061] Train Loss=[QuantLoss=0.02960]Val loss = [QuantLoss=0.15399][QuantReg:0.39967]
[Twitter] Starting epoch 62...
[Twitter] Elapsed training time:7.49s
[Twitter] Starting validation...
[Twitter] Elapsed validation time:1.19s
[Twitter] [Epoch=062] Train Loss=[QuantLoss=0.02865]Val loss = [QuantLoss=0.16420][QuantReg:0.40161]
[Twitter] Starting epoch 63...
[Twitter] Elapsed training time:7.67s
[Twitter] Starting validation...
[Twitter] Elapsed validation time:1.23s
[Twitter] [Epoch=063] Train Loss=[QuantLoss=0.02682]Val loss = [QuantLoss=0.15191][QuantReg:0.40033]
[Twitter] Starting epoch 64...
[Twitter] Elapsed training time:7.46s
[Twitter] Starting validation...
[Twitter] Elapsed validation time:1.11s
[Twitter] [Epoch=064] Train Loss=[QuantLoss=0.02568]Val loss = [QuantLoss=0.14079][QuantReg:0.39999]
[Twitter] Starting epoch 65...
[Twitter] Elapsed training time:7.46s
[Twitter] Starting validation...
[Twitter] Elapsed validation time:1.22s
[Twitter] [Epoch=065] Train Loss=[QuantLoss=0.02986]Val loss = [QuantLoss=0.16664][QuantReg:0.39963]
[Twitter] Starting epoch 66...
[Twitter] Elapsed training time:7.80s
[Twitter] Starting validation...
[Twitter] Elapsed validation time:1.15s
[Twitter] [Epoch=066] Train Loss=[QuantLoss=0.02804]Val loss = [QuantLoss=0.16524][QuantReg:0.40106]
[Twitter] Starting epoch 67...
[Twitter] Elapsed training time:7.51s
[Twitter] Starting validation...
[Twitter] Elapsed validation time:1.15s
[Twitter] [Epoch=067] Train Loss=[QuantLoss=0.02227]Val loss = [QuantLoss=0.17551][QuantReg:0.40073]
[Twitter] Starting epoch 68...
[Twitter] Elapsed training time:7.85s
[Twitter] Starting validation...
[Twitter] Elapsed validation time:1.09s
[Twitter] [Epoch=068] Train Loss=[QuantLoss=0.02545]Val loss = [QuantLoss=0.16701][QuantReg:0.39977]
[Twitter] Starting epoch 69...
[Twitter] Elapsed training time:7.62s
[Twitter] Starting validation...
[Twitter] Elapsed validation time:1.12s
[Twitter] [Epoch=069] Train Loss=[QuantLoss=0.02736]Val loss = [QuantLoss=0.15197][QuantReg:0.39898]
[Twitter] Starting epoch 70...
[Twitter] Elapsed training time:7.55s
[Twitter] Starting validation...
[Twitter] Elapsed validation time:1.20s
[Twitter] [Epoch=070] Train Loss=[QuantLoss=0.02420]Val loss = [QuantLoss=0.15931][QuantReg:0.40014]
[Twitter] Starting epoch 71...
[Twitter] Elapsed training time:7.88s
[Twitter] Starting validation...
[Twitter] Elapsed validation time:1.17s
[Twitter] [Epoch=071] Train Loss=[QuantLoss=0.03185]Val loss = [QuantLoss=0.16438][QuantReg:0.40140]
[Twitter] Starting epoch 72...
[Twitter] Elapsed training time:7.38s
[Twitter] Starting validation...
[Twitter] Elapsed validation time:1.17s
[Twitter] [Epoch=072] Train Loss=[QuantLoss=0.02441]Val loss = [QuantLoss=0.13973][QuantReg:0.40084]
[Twitter] Starting epoch 73...
[Twitter] Elapsed training time:7.54s
[Twitter] Starting validation...
[Twitter] Elapsed validation time:1.18s
[Twitter] [Epoch=073] Train Loss=[QuantLoss=0.02559]Val loss = [QuantLoss=0.18286][QuantReg:0.39996]
[Twitter] Starting epoch 74...
[Twitter] Elapsed training time:7.76s
[Twitter] Starting validation...
[Twitter] Elapsed validation time:1.24s
[Twitter] [Epoch=074] Train Loss=[QuantLoss=0.02867]Val loss = [QuantLoss=0.16592][QuantReg:0.40021]
[Twitter] Starting epoch 75...
[Twitter] Elapsed training time:7.43s
[Twitter] Starting validation...
[Twitter] Elapsed validation time:1.18s
[Twitter] [Epoch=075] Train Loss=[QuantLoss=0.02398]Val loss = [QuantLoss=0.14535][QuantReg:0.40070]
[Twitter] Starting epoch 76...
[Twitter] Elapsed training time:7.71s
[Twitter] Starting validation...
[Twitter] Elapsed validation time:1.15s
[Twitter] [Epoch=076] Train Loss=[QuantLoss=0.02392]Val loss = [QuantLoss=0.14272][QuantReg:0.40115]
[Twitter] Starting epoch 77...
[Twitter] Elapsed training time:7.48s
[Twitter] Starting validation...
[Twitter] Elapsed validation time:1.27s
[Twitter] [Epoch=077] Train Loss=[QuantLoss=0.02414]Val loss = [QuantLoss=0.14426][QuantReg:0.40267]
[Twitter] Starting epoch 78...
[Twitter] Elapsed training time:7.65s
[Twitter] Starting validation...
[Twitter] Elapsed validation time:1.15s
[Twitter] [Epoch=078] Train Loss=[QuantLoss=0.02274]Val loss = [QuantLoss=0.16183][QuantReg:0.40008]
[Twitter] Starting epoch 79...
[Twitter] Elapsed training time:7.56s
[Twitter] Starting validation...
[Twitter] Elapsed validation time:1.24s
[Twitter] [Epoch=079] Train Loss=[QuantLoss=0.02639]Val loss = [QuantLoss=0.18648][QuantReg:0.40188]
[Twitter] Starting epoch 80...
[Twitter] Elapsed training time:7.81s
[Twitter] Starting validation...
[Twitter] Elapsed validation time:1.24s
[Twitter] [Epoch=080] Train Loss=[QuantLoss=0.02611]Val loss = [QuantLoss=0.16870][QuantReg:0.40164]
[Twitter] Starting epoch 81...
[Twitter] Elapsed training time:7.73s
[Twitter] Starting validation...
[Twitter] Elapsed validation time:1.14s
[Twitter] [Epoch=081] Train Loss=[QuantLoss=0.02497]Val loss = [QuantLoss=0.16588][QuantReg:0.40077]
[Twitter] Starting epoch 82...
[Twitter] Elapsed training time:7.42s
[Twitter] Starting validation...
[Twitter] Elapsed validation time:1.10s
[Twitter] [Epoch=082] Train Loss=[QuantLoss=0.02367]Val loss = [QuantLoss=0.16439][QuantReg:0.40155]
[Twitter] Starting epoch 83...
[Twitter] Elapsed training time:7.63s
[Twitter] Starting validation...
[Twitter] Elapsed validation time:1.07s
[Twitter] [Epoch=083] Train Loss=[QuantLoss=0.02646]Val loss = [QuantLoss=0.17536][QuantReg:0.40076]
[Twitter] Starting epoch 84...
[Twitter] Elapsed training time:7.44s
[Twitter] Starting validation...
[Twitter] Elapsed validation time:1.19s
[Twitter] [Epoch=084] Train Loss=[QuantLoss=0.02335]Val loss = [QuantLoss=0.15218][QuantReg:0.40173]
[Twitter] Starting epoch 85...
[Twitter] Elapsed training time:7.43s
[Twitter] Starting validation...
[Twitter] Elapsed validation time:1.17s
[Twitter] [Epoch=085] Train Loss=[QuantLoss=0.02727]Val loss = [QuantLoss=0.15052][QuantReg:0.39977]
[Twitter] Starting epoch 86...
[Twitter] Elapsed training time:7.48s
[Twitter] Starting validation...
[Twitter] Elapsed validation time:1.14s
[Twitter] [Epoch=086] Train Loss=[QuantLoss=0.02552]Val loss = [QuantLoss=0.18000][QuantReg:0.40032]
[Twitter] Starting epoch 87...
[Twitter] Elapsed training time:7.73s
[Twitter] Starting validation...
[Twitter] Elapsed validation time:1.16s
[Twitter] [Epoch=087] Train Loss=[QuantLoss=0.02465]Val loss = [QuantLoss=0.15692][QuantReg:0.40218]
[Twitter] Starting epoch 88...
[Twitter] Elapsed training time:7.65s
[Twitter] Starting validation...
[Twitter] Elapsed validation time:1.28s
[Twitter] [Epoch=088] Train Loss=[QuantLoss=0.03114]Val loss = [QuantLoss=0.15774][QuantReg:0.40259]
[Twitter] Starting epoch 89...
[Twitter] Elapsed training time:7.60s
[Twitter] Starting validation...
[Twitter] Elapsed validation time:1.16s
[Twitter] [Epoch=089] Train Loss=[QuantLoss=0.02251]Val loss = [QuantLoss=0.15484][QuantReg:0.40320]
[Twitter] Starting epoch 90...
[Twitter] Elapsed training time:7.79s
[Twitter] Starting validation...
[Twitter] Elapsed validation time:1.26s
[Twitter] [Epoch=090] Train Loss=[QuantLoss=0.02455]Val loss = [QuantLoss=0.16291][QuantReg:0.40367]
[Twitter] Starting epoch 91...
[Twitter] Elapsed training time:7.63s
[Twitter] Starting validation...
[Twitter] Elapsed validation time:1.11s
[Twitter] [Epoch=091] Train Loss=[QuantLoss=0.02560]Val loss = [QuantLoss=0.18338][QuantReg:0.40479]
[Twitter] Starting epoch 92...
[Twitter] Elapsed training time:7.66s
[Twitter] Starting validation...
[Twitter] Elapsed validation time:1.12s
[Twitter] [Epoch=092] Train Loss=[QuantLoss=0.02620]Val loss = [QuantLoss=0.16895][QuantReg:0.40279]
[Twitter] Starting epoch 93...
[Twitter] Elapsed training time:7.66s
[Twitter] Starting validation...
[Twitter] Elapsed validation time:1.14s
[Twitter] [Epoch=093] Train Loss=[QuantLoss=0.02606]Val loss = [QuantLoss=0.17450][QuantReg:0.40263]
[Twitter] Starting epoch 94...
[Twitter] Elapsed training time:7.46s
[Twitter] Starting validation...
[Twitter] Elapsed validation time:1.09s
[Twitter] [Epoch=094] Train Loss=[QuantLoss=0.02507]Val loss = [QuantLoss=0.16143][QuantReg:0.40234]
[Twitter] Starting epoch 95...
[Twitter] Elapsed training time:7.62s
[Twitter] Starting validation...
[Twitter] Elapsed validation time:1.12s
[Twitter] [Epoch=095] Train Loss=[QuantLoss=0.02427]Val loss = [QuantLoss=0.16899][QuantReg:0.40159]
[Twitter] Starting epoch 96...
[Twitter] Elapsed training time:7.78s
[Twitter] Starting validation...
[Twitter] Elapsed validation time:1.26s
[Twitter] [Epoch=096] Train Loss=[QuantLoss=0.02365]Val loss = [QuantLoss=0.17872][QuantReg:0.40069]
[Twitter] Starting epoch 97...
[Twitter] Elapsed training time:7.51s
[Twitter] Starting validation...
[Twitter] Elapsed validation time:1.17s
[Twitter] [Epoch=097] Train Loss=[QuantLoss=0.02123]Val loss = [QuantLoss=0.16455][QuantReg:0.40265]
[Twitter] Starting epoch 98...
[Twitter] Elapsed training time:7.55s
[Twitter] Starting validation...
[Twitter] Elapsed validation time:1.15s
[Twitter] [Epoch=098] Train Loss=[QuantLoss=0.02262]Val loss = [QuantLoss=0.17769][QuantReg:0.40198]
[Twitter] Starting epoch 99...
[Twitter] Elapsed training time:7.73s
[Twitter] Starting validation...
[Twitter] Elapsed validation time:1.21s
[Twitter] [Epoch=099] Train Loss=[QuantLoss=0.02137]Val loss = [QuantLoss=0.17421][QuantReg:0.40052]
[Twitter] Starting epoch 100...
[Twitter] Elapsed training time:7.67s
[Twitter] Starting validation...
[Twitter] Elapsed validation time:1.13s
[Twitter] [Epoch=100] Train Loss=[QuantLoss=0.02184]Val loss = [QuantLoss=0.16460][QuantReg:0.40193]
[Twitter] Starting epoch 101...
[Twitter] Elapsed training time:7.71s
[Twitter] Starting validation...
[Twitter] Elapsed validation time:1.13s
[Twitter] [Epoch=101] Train Loss=[QuantLoss=0.02131]Val loss = [QuantLoss=0.16877][QuantReg:0.40220]
[Twitter] Starting epoch 102...
[Twitter] Elapsed training time:7.88s
[Twitter] Starting validation...
[Twitter] Elapsed validation time:1.20s
[Twitter] [Epoch=102] Train Loss=[QuantLoss=0.02702]Val loss = [QuantLoss=0.16777][QuantReg:0.40156]
[Twitter] Starting epoch 103...
[Twitter] Elapsed training time:7.78s
[Twitter] Starting validation...
[Twitter] Elapsed validation time:1.20s
[Twitter] [Epoch=103] Train Loss=[QuantLoss=0.02351]Val loss = [QuantLoss=0.16417][QuantReg:0.40154]
[Twitter] Starting epoch 104...
[Twitter] Elapsed training time:7.62s
[Twitter] Starting validation...
[Twitter] Elapsed validation time:1.17s
[Twitter] [Epoch=104] Train Loss=[QuantLoss=0.02473]Val loss = [QuantLoss=0.15098][QuantReg:0.40113]
[Twitter] Starting epoch 105...
[Twitter] Elapsed training time:7.61s
[Twitter] Starting validation...
[Twitter] Elapsed validation time:1.14s
[Twitter] [Epoch=105] Train Loss=[QuantLoss=0.02258]Val loss = [QuantLoss=0.15472][QuantReg:0.40083]
[Twitter] Starting epoch 106...
[Twitter] Elapsed training time:7.60s
[Twitter] Starting validation...
[Twitter] Elapsed validation time:1.24s
[Twitter] [Epoch=106] Train Loss=[QuantLoss=0.02275]Val loss = [QuantLoss=0.15008][QuantReg:0.40173]
[Twitter] Starting epoch 107...
[Twitter] Elapsed training time:7.62s
[Twitter] Starting validation...
[Twitter] Elapsed validation time:1.10s
[Twitter] [Epoch=107] Train Loss=[QuantLoss=0.02167]Val loss = [QuantLoss=0.14991][QuantReg:0.39946]
[Twitter] Starting epoch 108...
[Twitter] Elapsed training time:7.74s
[Twitter] Starting validation...
[Twitter] Elapsed validation time:1.29s
[Twitter] [Epoch=108] Train Loss=[QuantLoss=0.02079]Val loss = [QuantLoss=0.14957][QuantReg:0.40069]
[Twitter] Starting epoch 109...
[Twitter] Elapsed training time:7.60s
[Twitter] Starting validation...
[Twitter] Elapsed validation time:1.17s
[Twitter] [Epoch=109] Train Loss=[QuantLoss=0.02492]Val loss = [QuantLoss=0.15806][QuantReg:0.40013]
[Twitter] Starting epoch 110...
[Twitter] Elapsed training time:7.69s
[Twitter] Starting validation...
[Twitter] Elapsed validation time:1.18s
[Twitter] [Epoch=110] Train Loss=[QuantLoss=0.02375]Val loss = [QuantLoss=0.15310][QuantReg:0.39866]
[Twitter] Starting epoch 111...
[Twitter] Elapsed training time:7.49s
[Twitter] Starting validation...
[Twitter] Elapsed validation time:1.10s
[Twitter] [Epoch=111] Train Loss=[QuantLoss=0.02182]Val loss = [QuantLoss=0.14310][QuantReg:0.40223]
[Twitter] Starting epoch 112...
[Twitter] Elapsed training time:7.59s
[Twitter] Starting validation...
[Twitter] Elapsed validation time:1.14s
[Twitter] [Epoch=112] Train Loss=[QuantLoss=0.02804]Val loss = [QuantLoss=0.15967][QuantReg:0.39904]
[Twitter] Starting epoch 113...
[Twitter] Elapsed training time:7.48s
[Twitter] Starting validation...
[Twitter] Elapsed validation time:1.17s
[Twitter] [Epoch=113] Train Loss=[QuantLoss=0.02245]Val loss = [QuantLoss=0.17048][QuantReg:0.39919]
[Twitter] Starting epoch 114...
[Twitter] Elapsed training time:7.62s
[Twitter] Starting validation...
[Twitter] Elapsed validation time:1.21s
[Twitter] [Epoch=114] Train Loss=[QuantLoss=0.02523]Val loss = [QuantLoss=0.16089][QuantReg:0.39901]
[Twitter] Starting epoch 115...
[Twitter] Elapsed training time:7.53s
[Twitter] Starting validation...
[Twitter] Elapsed validation time:1.23s
[Twitter] [Epoch=115] Train Loss=[QuantLoss=0.02123]Val loss = [QuantLoss=0.16039][QuantReg:0.39942]
[Twitter] Starting epoch 116...
[Twitter] Elapsed training time:7.64s
[Twitter] Starting validation...
[Twitter] Elapsed validation time:1.33s
[Twitter] [Epoch=116] Train Loss=[QuantLoss=0.02106]Val loss = [QuantLoss=0.15265][QuantReg:0.40003]
[Twitter] Starting epoch 117...
[Twitter] Elapsed training time:7.62s
[Twitter] Starting validation...
[Twitter] Elapsed validation time:1.27s
[Twitter] [Epoch=117] Train Loss=[QuantLoss=0.02163]Val loss = [QuantLoss=0.15261][QuantReg:0.39934]
[Twitter] Starting epoch 118...
[Twitter] Elapsed training time:7.43s
[Twitter] Starting validation...
[Twitter] Elapsed validation time:1.33s
[Twitter] [Epoch=118] Train Loss=[QuantLoss=0.02152]Val loss = [QuantLoss=0.15172][QuantReg:0.39958]
[Twitter] Starting epoch 119...
[Twitter] Elapsed training time:7.76s
[Twitter] Starting validation...
[Twitter] Elapsed validation time:1.30s
[Twitter] [Epoch=119] Train Loss=[QuantLoss=0.02054]Val loss = [QuantLoss=0.14358][QuantReg:0.40088]
[Twitter] Starting epoch 120...
[Twitter] Elapsed training time:7.71s
[Twitter] Starting validation...
[Twitter] Elapsed validation time:1.24s
[Twitter] [Epoch=120] Train Loss=[QuantLoss=0.02450]Val loss = [QuantLoss=0.16384][QuantReg:0.39958]
[Twitter] Starting epoch 121...
[Twitter] Elapsed training time:7.47s
[Twitter] Starting validation...
[Twitter] Elapsed validation time:1.24s
[Twitter] [Epoch=121] Train Loss=[QuantLoss=0.02022]Val loss = [QuantLoss=0.14831][QuantReg:0.40197]
[Twitter] Starting epoch 122...
[Twitter] Elapsed training time:7.65s
[Twitter] Starting validation...
[Twitter] Elapsed validation time:1.25s
[Twitter] [Epoch=122] Train Loss=[QuantLoss=0.02197]Val loss = [QuantLoss=0.13917][QuantReg:0.40213]
[Twitter] Starting epoch 123...
[Twitter] Elapsed training time:7.55s
[Twitter] Starting validation...
[Twitter] Elapsed validation time:1.26s
[Twitter] [Epoch=123] Train Loss=[QuantLoss=0.02019]Val loss = [QuantLoss=0.15162][QuantReg:0.40160]
[Twitter] Starting epoch 124...
[Twitter] Elapsed training time:7.55s
[Twitter] Starting validation...
[Twitter] Elapsed validation time:1.37s
[Twitter] [Epoch=124] Train Loss=[QuantLoss=0.02032]Val loss = [QuantLoss=0.15056][QuantReg:0.40176]
[Twitter] Starting epoch 125...
[Twitter] Elapsed training time:7.76s
[Twitter] Starting validation...
[Twitter] Elapsed validation time:1.23s
[Twitter] [Epoch=125] Train Loss=[QuantLoss=0.02479]Val loss = [QuantLoss=0.14577][QuantReg:0.40199]
[Twitter] Starting epoch 126...
[Twitter] Elapsed training time:7.94s
[Twitter] Starting validation...
[Twitter] Elapsed validation time:1.29s
[Twitter] [Epoch=126] Train Loss=[QuantLoss=0.02092]Val loss = [QuantLoss=0.16317][QuantReg:0.40088]
[Twitter] Starting epoch 127...
[Twitter] Elapsed training time:7.90s
[Twitter] Starting validation...
[Twitter] Elapsed validation time:1.18s
[Twitter] [Epoch=127] Train Loss=[QuantLoss=0.02159]Val loss = [QuantLoss=0.15357][QuantReg:0.40070]
[Twitter] Starting epoch 128...
[Twitter] Elapsed training time:7.61s
[Twitter] Starting validation...
[Twitter] Elapsed validation time:1.14s
[Twitter] [Epoch=128] Train Loss=[QuantLoss=0.01936]Val loss = [QuantLoss=0.14485][QuantReg:0.40199]
[Twitter] Starting epoch 129...
[Twitter] Elapsed training time:7.53s
[Twitter] Starting validation...
[Twitter] Elapsed validation time:1.20s
[Twitter] [Epoch=129] Train Loss=[QuantLoss=0.02274]Val loss = [QuantLoss=0.15678][QuantReg:0.40114]
[Twitter] Starting epoch 130...
[Twitter] Elapsed training time:7.45s
[Twitter] Starting validation...
[Twitter] Elapsed validation time:1.20s
[Twitter] [Epoch=130] Train Loss=[QuantLoss=0.02718]Val loss = [QuantLoss=0.15973][QuantReg:0.40145]
[Twitter] Starting epoch 131...
[Twitter] Elapsed training time:7.63s
[Twitter] Starting validation...
[Twitter] Elapsed validation time:1.18s
[Twitter] [Epoch=131] Train Loss=[QuantLoss=0.01948]Val loss = [QuantLoss=0.13741][QuantReg:0.40201]
[Twitter] Starting epoch 132...
[Twitter] Elapsed training time:7.56s
[Twitter] Starting validation...
[Twitter] Elapsed validation time:1.18s
[Twitter] [Epoch=132] Train Loss=[QuantLoss=0.01983]Val loss = [QuantLoss=0.15231][QuantReg:0.40054]
[Twitter] Starting epoch 133...
[Twitter] Elapsed training time:7.88s
[Twitter] Starting validation...
[Twitter] Elapsed validation time:1.19s
[Twitter] [Epoch=133] Train Loss=[QuantLoss=0.02039]Val loss = [QuantLoss=0.14148][QuantReg:0.40184]
[Twitter] Starting epoch 134...
[Twitter] Elapsed training time:7.65s
[Twitter] Starting validation...
[Twitter] Elapsed validation time:1.16s
[Twitter] [Epoch=134] Train Loss=[QuantLoss=0.02050]Val loss = [QuantLoss=0.12696][QuantReg:0.40202]
[Twitter] Starting epoch 135...
[Twitter] Elapsed training time:7.40s
[Twitter] Starting validation...
[Twitter] Elapsed validation time:1.24s
[Twitter] [Epoch=135] Train Loss=[QuantLoss=0.01918]Val loss = [QuantLoss=0.13295][QuantReg:0.40205]
[Twitter] Starting epoch 136...
[Twitter] Elapsed training time:7.53s
[Twitter] Starting validation...
[Twitter] Elapsed validation time:1.20s
[Twitter] [Epoch=136] Train Loss=[QuantLoss=0.02027]Val loss = [QuantLoss=0.15091][QuantReg:0.40119]
[Twitter] Starting epoch 137...
[Twitter] Elapsed training time:7.67s
[Twitter] Starting validation...
[Twitter] Elapsed validation time:1.28s
[Twitter] [Epoch=137] Train Loss=[QuantLoss=0.01995]Val loss = [QuantLoss=0.15173][QuantReg:0.40009]
[Twitter] Starting epoch 138...
[Twitter] Elapsed training time:7.67s
[Twitter] Starting validation...
[Twitter] Elapsed validation time:1.26s
[Twitter] [Epoch=138] Train Loss=[QuantLoss=0.01968]Val loss = [QuantLoss=0.16570][QuantReg:0.40053]
[Twitter] Starting epoch 139...
[Twitter] Elapsed training time:7.68s
[Twitter] Starting validation...
[Twitter] Elapsed validation time:1.25s
[Twitter] [Epoch=139] Train Loss=[QuantLoss=0.01971]Val loss = [QuantLoss=0.15584][QuantReg:0.40033]
[Twitter] Starting epoch 140...
[Twitter] Elapsed training time:7.45s
[Twitter] Starting validation...
[Twitter] Elapsed validation time:1.22s
[Twitter] [Epoch=140] Train Loss=[QuantLoss=0.02353]Val loss = [QuantLoss=0.15267][QuantReg:0.40049]
[Twitter] Starting epoch 141...
[Twitter] Elapsed training time:7.51s
[Twitter] Starting validation...
[Twitter] Elapsed validation time:1.10s
[Twitter] [Epoch=141] Train Loss=[QuantLoss=0.01834]Val loss = [QuantLoss=0.14427][QuantReg:0.40099]
[Twitter] Starting epoch 142...
[Twitter] Elapsed training time:7.76s
[Twitter] Starting validation...
[Twitter] Elapsed validation time:1.16s
[Twitter] [Epoch=142] Train Loss=[QuantLoss=0.02012]Val loss = [QuantLoss=0.14196][QuantReg:0.39909]
[Twitter] Starting epoch 143...
[Twitter] Elapsed training time:7.52s
[Twitter] Starting validation...
[Twitter] Elapsed validation time:1.17s
[Twitter] [Epoch=143] Train Loss=[QuantLoss=0.02087]Val loss = [QuantLoss=0.15375][QuantReg:0.40027]
[Twitter] Starting epoch 144...
[Twitter] Elapsed training time:7.50s
[Twitter] Starting validation...
[Twitter] Elapsed validation time:1.33s
[Twitter] [Epoch=144] Train Loss=[QuantLoss=0.02328]Val loss = [QuantLoss=0.15306][QuantReg:0.40097]
[Twitter] Starting epoch 145...
[Twitter] Elapsed training time:7.50s
[Twitter] Starting validation...
[Twitter] Elapsed validation time:1.15s
[Twitter] [Epoch=145] Train Loss=[QuantLoss=0.01887]Val loss = [QuantLoss=0.15277][QuantReg:0.40033]
[Twitter] Starting epoch 146...
[Twitter] Elapsed training time:7.54s
[Twitter] Starting validation...
[Twitter] Elapsed validation time:1.19s
[Twitter] [Epoch=146] Train Loss=[QuantLoss=0.01994]Val loss = [QuantLoss=0.16025][QuantReg:0.39914]
[Twitter] Starting epoch 147...
[Twitter] Elapsed training time:7.60s
[Twitter] Starting validation...
[Twitter] Elapsed validation time:1.33s
[Twitter] [Epoch=147] Train Loss=[QuantLoss=0.02047]Val loss = [QuantLoss=0.16350][QuantReg:0.40011]
[Twitter] Starting epoch 148...
[Twitter] Elapsed training time:7.59s
[Twitter] Starting validation...
[Twitter] Elapsed validation time:1.21s
[Twitter] [Epoch=148] Train Loss=[QuantLoss=0.02013]Val loss = [QuantLoss=0.15268][QuantReg:0.40073]
[Twitter] Starting epoch 149...
[Twitter] Elapsed training time:7.64s
[Twitter] Starting validation...
[Twitter] Elapsed validation time:1.29s
[Twitter] [Epoch=149] Train Loss=[QuantLoss=0.01882]Val loss = [QuantLoss=0.14906][QuantReg:0.40016]
[Twitter] Starting epoch 150...
[Twitter] Elapsed training time:7.79s
[Twitter] Starting validation...
[Twitter] Elapsed validation time:1.20s
[Twitter] [Epoch=150] Train Loss=[QuantLoss=0.01941]Val loss = [QuantLoss=0.13540][QuantReg:0.40077]
[Twitter] Starting epoch 151...
[Twitter] Elapsed training time:7.67s
[Twitter] Starting validation...
[Twitter] Elapsed validation time:1.14s
[Twitter] [Epoch=151] Train Loss=[QuantLoss=0.02046]Val loss = [QuantLoss=0.14259][QuantReg:0.40002]
[Twitter] Starting epoch 152...
[Twitter] Elapsed training time:7.52s
[Twitter] Starting validation...
[Twitter] Elapsed validation time:1.10s
[Twitter] [Epoch=152] Train Loss=[QuantLoss=0.02133]Val loss = [QuantLoss=0.13289][QuantReg:0.40106]
[Twitter] Starting epoch 153...
[Twitter] Elapsed training time:7.64s
[Twitter] Starting validation...
[Twitter] Elapsed validation time:1.10s
[Twitter] [Epoch=153] Train Loss=[QuantLoss=0.02240]Val loss = [QuantLoss=0.14781][QuantReg:0.39878]
[Twitter] Starting epoch 154...
[Twitter] Elapsed training time:7.43s
[Twitter] Starting validation...
[Twitter] Elapsed validation time:1.22s
[Twitter] [Epoch=154] Train Loss=[QuantLoss=0.01920]Val loss = [QuantLoss=0.15145][QuantReg:0.40051]
[Twitter] Starting epoch 155...
[Twitter] Elapsed training time:7.52s
[Twitter] Starting validation...
[Twitter] Elapsed validation time:1.24s
[Twitter] [Epoch=155] Train Loss=[QuantLoss=0.02089]Val loss = [QuantLoss=0.13922][QuantReg:0.40140]
[Twitter] Early stopping in epoch 155!
[Twitter] Restoring best model...
MAE médio por bag: 0.0943 ± 0.0406
Salvo em resultados_sanders/resultados_twitter_bert_kl_easiest_1.csv
