Dataset: /home/nildaimon/gmnet/experiments/train_curl/Datasets/Sanders/twitter-sanders-apple3.csv
Dificuldade: metric=None, mode=None, top_k=None
Rodada: 1
Salvar resultados em: resultados_sanders
Dispositivo de treino: cuda
Carregando e processando dataset Twitter
Carregando embeddings do cache...
Model savedmodels/twitter_bert_none_run1.pkl exists. Loading weights ...
Ignoring val_split as train and val datasets where given to fit function
We have two datasets: training 2500592 examples. validation 150000 examples.]
Using device cuda
[Twitter] Starting epoch 0...
[Twitter] Elapsed training time:7.56s
[Twitter] Starting validation...
[Twitter] Elapsed validation time:1.13s
[Twitter] [Epoch=000] Train Loss=[QuantLoss=0.02642]Val loss = [QuantLoss=0.15177][QuantReg:0.33753][saved best model in this epoch]
[Twitter] Starting epoch 1...
[Twitter] Elapsed training time:7.43s
[Twitter] Starting validation...
[Twitter] Elapsed validation time:1.16s
[Twitter] [Epoch=001] Train Loss=[QuantLoss=0.02533]Val loss = [QuantLoss=0.15158][QuantReg:0.33585][saved best model in this epoch]
[Twitter] Starting epoch 2...
[Twitter] Elapsed training time:7.49s
[Twitter] Starting validation...
[Twitter] Elapsed validation time:1.20s
[Twitter] [Epoch=002] Train Loss=[QuantLoss=0.02550]Val loss = [QuantLoss=0.14844][QuantReg:0.33898][saved best model in this epoch]
[Twitter] Starting epoch 3...
[Twitter] Elapsed training time:7.44s
[Twitter] Starting validation...
[Twitter] Elapsed validation time:1.16s
[Twitter] [Epoch=003] Train Loss=[QuantLoss=0.02232]Val loss = [QuantLoss=0.14221][QuantReg:0.32938][saved best model in this epoch]
[Twitter] Starting epoch 4...
[Twitter] Elapsed training time:7.59s
[Twitter] Starting validation...
[Twitter] Elapsed validation time:1.18s
[Twitter] [Epoch=004] Train Loss=[QuantLoss=0.02847]Val loss = [QuantLoss=0.15226][QuantReg:0.33228]
[Twitter] Starting epoch 5...
[Twitter] Elapsed training time:7.51s
[Twitter] Starting validation...
[Twitter] Elapsed validation time:1.18s
[Twitter] [Epoch=005] Train Loss=[QuantLoss=0.02530]Val loss = [QuantLoss=0.19389][QuantReg:0.33208]
[Twitter] Starting epoch 6...
[Twitter] Elapsed training time:7.39s
[Twitter] Starting validation...
[Twitter] Elapsed validation time:1.24s
[Twitter] [Epoch=006] Train Loss=[QuantLoss=0.02814]Val loss = [QuantLoss=0.21919][QuantReg:0.33656]
[Twitter] Starting epoch 7...
[Twitter] Elapsed training time:7.28s
[Twitter] Starting validation...
[Twitter] Elapsed validation time:1.14s
[Twitter] [Epoch=007] Train Loss=[QuantLoss=0.02516]Val loss = [QuantLoss=0.19204][QuantReg:0.33727]
[Twitter] Starting epoch 8...
[Twitter] Elapsed training time:7.42s
[Twitter] Starting validation...
[Twitter] Elapsed validation time:1.11s
[Twitter] [Epoch=008] Train Loss=[QuantLoss=0.02870]Val loss = [QuantLoss=0.15838][QuantReg:0.34649]
[Twitter] Starting epoch 9...
[Twitter] Elapsed training time:7.57s
[Twitter] Starting validation...
[Twitter] Elapsed validation time:1.10s
[Twitter] [Epoch=009] Train Loss=[QuantLoss=0.02463]Val loss = [QuantLoss=0.14514][QuantReg:0.34750]
[Twitter] Starting epoch 10...
[Twitter] Elapsed training time:7.57s
[Twitter] Starting validation...
[Twitter] Elapsed validation time:1.06s
[Twitter] [Epoch=010] Train Loss=[QuantLoss=0.02330]Val loss = [QuantLoss=0.17752][QuantReg:0.34912]
[Twitter] Starting epoch 11...
[Twitter] Elapsed training time:7.63s
[Twitter] Starting validation...
[Twitter] Elapsed validation time:1.09s
[Twitter] [Epoch=011] Train Loss=[QuantLoss=0.02268]Val loss = [QuantLoss=0.16873][QuantReg:0.34520]
[Twitter] Starting epoch 12...
[Twitter] Elapsed training time:7.72s
[Twitter] Starting validation...
[Twitter] Elapsed validation time:1.12s
[Twitter] [Epoch=012] Train Loss=[QuantLoss=0.02461]Val loss = [QuantLoss=0.15693][QuantReg:0.34433]
[Twitter] Starting epoch 13...
[Twitter] Elapsed training time:7.42s
[Twitter] Starting validation...
[Twitter] Elapsed validation time:1.14s
[Twitter] [Epoch=013] Train Loss=[QuantLoss=0.02271]Val loss = [QuantLoss=0.11721][QuantReg:0.33831][saved best model in this epoch]
[Twitter] Starting epoch 14...
[Twitter] Elapsed training time:7.32s
[Twitter] Starting validation...
[Twitter] Elapsed validation time:1.06s
[Twitter] [Epoch=014] Train Loss=[QuantLoss=0.02807]Val loss = [QuantLoss=0.13117][QuantReg:0.33768]
[Twitter] Starting epoch 15...
[Twitter] Elapsed training time:7.61s
[Twitter] Starting validation...
[Twitter] Elapsed validation time:1.14s
[Twitter] [Epoch=015] Train Loss=[QuantLoss=0.02975]Val loss = [QuantLoss=0.14413][QuantReg:0.32186]
[Twitter] Starting epoch 16...
[Twitter] Elapsed training time:7.49s
[Twitter] Starting validation...
[Twitter] Elapsed validation time:1.06s
[Twitter] [Epoch=016] Train Loss=[QuantLoss=0.02481]Val loss = [QuantLoss=0.11735][QuantReg:0.31732]
[Twitter] Starting epoch 17...
[Twitter] Elapsed training time:7.46s
[Twitter] Starting validation...
[Twitter] Elapsed validation time:1.17s
[Twitter] [Epoch=017] Train Loss=[QuantLoss=0.02164]Val loss = [QuantLoss=0.11594][QuantReg:0.32477][saved best model in this epoch]
[Twitter] Starting epoch 18...
[Twitter] Elapsed training time:7.54s
[Twitter] Starting validation...
[Twitter] Elapsed validation time:1.10s
[Twitter] [Epoch=018] Train Loss=[QuantLoss=0.02528]Val loss = [QuantLoss=0.13160][QuantReg:0.32812]
[Twitter] Starting epoch 19...
[Twitter] Elapsed training time:7.51s
[Twitter] Starting validation...
[Twitter] Elapsed validation time:1.18s
[Twitter] [Epoch=019] Train Loss=[QuantLoss=0.02468]Val loss = [QuantLoss=0.14079][QuantReg:0.32060]
[Twitter] Starting epoch 20...
[Twitter] Elapsed training time:7.59s
[Twitter] Starting validation...
[Twitter] Elapsed validation time:1.11s
[Twitter] [Epoch=020] Train Loss=[QuantLoss=0.02609]Val loss = [QuantLoss=0.15078][QuantReg:0.31766]
[Twitter] Starting epoch 21...
[Twitter] Elapsed training time:7.44s
[Twitter] Starting validation...
[Twitter] Elapsed validation time:1.17s
[Twitter] [Epoch=021] Train Loss=[QuantLoss=0.02927]Val loss = [QuantLoss=0.13334][QuantReg:0.32156]
[Twitter] Starting epoch 22...
[Twitter] Elapsed training time:7.34s
[Twitter] Starting validation...
[Twitter] Elapsed validation time:1.18s
[Twitter] [Epoch=022] Train Loss=[QuantLoss=0.02567]Val loss = [QuantLoss=0.14299][QuantReg:0.31835]
[Twitter] Starting epoch 23...
[Twitter] Elapsed training time:7.45s
[Twitter] Starting validation...
[Twitter] Elapsed validation time:1.09s
[Twitter] [Epoch=023] Train Loss=[QuantLoss=0.02654]Val loss = [QuantLoss=0.12764][QuantReg:0.32311]
[Twitter] Starting epoch 24...
[Twitter] Elapsed training time:7.52s
[Twitter] Starting validation...
[Twitter] Elapsed validation time:1.12s
[Twitter] [Epoch=024] Train Loss=[QuantLoss=0.02928]Val loss = [QuantLoss=0.13889][QuantReg:0.32749]
[Twitter] Starting epoch 25...
[Twitter] Elapsed training time:7.39s
[Twitter] Starting validation...
[Twitter] Elapsed validation time:1.22s
[Twitter] [Epoch=025] Train Loss=[QuantLoss=0.02685]Val loss = [QuantLoss=0.15927][QuantReg:0.32821]
[Twitter] Starting epoch 26...
[Twitter] Elapsed training time:7.44s
[Twitter] Starting validation...
[Twitter] Elapsed validation time:1.11s
[Twitter] [Epoch=026] Train Loss=[QuantLoss=0.02374]Val loss = [QuantLoss=0.13950][QuantReg:0.33241]
[Twitter] Starting epoch 27...
[Twitter] Elapsed training time:7.46s
[Twitter] Starting validation...
[Twitter] Elapsed validation time:1.23s
[Twitter] [Epoch=027] Train Loss=[QuantLoss=0.02194]Val loss = [QuantLoss=0.13784][QuantReg:0.32674]
[Twitter] Starting epoch 28...
[Twitter] Elapsed training time:7.43s
[Twitter] Starting validation...
[Twitter] Elapsed validation time:1.14s
[Twitter] [Epoch=028] Train Loss=[QuantLoss=0.02472]Val loss = [QuantLoss=0.15672][QuantReg:0.32938]
[Twitter] Starting epoch 29...
[Twitter] Elapsed training time:7.42s
[Twitter] Starting validation...
[Twitter] Elapsed validation time:1.22s
[Twitter] [Epoch=029] Train Loss=[QuantLoss=0.03107]Val loss = [QuantLoss=0.11476][QuantReg:0.33316][saved best model in this epoch]
[Twitter] Starting epoch 30...
[Twitter] Elapsed training time:7.49s
[Twitter] Starting validation...
[Twitter] Elapsed validation time:1.26s
[Twitter] [Epoch=030] Train Loss=[QuantLoss=0.03017]Val loss = [QuantLoss=0.12311][QuantReg:0.32789]
[Twitter] Starting epoch 31...
[Twitter] Elapsed training time:7.57s
[Twitter] Starting validation...
[Twitter] Elapsed validation time:1.18s
[Twitter] [Epoch=031] Train Loss=[QuantLoss=0.02752]Val loss = [QuantLoss=0.09719][QuantReg:0.32963][saved best model in this epoch]
[Twitter] Starting epoch 32...
[Twitter] Elapsed training time:7.37s
[Twitter] Starting validation...
[Twitter] Elapsed validation time:1.22s
[Twitter] [Epoch=032] Train Loss=[QuantLoss=0.02563]Val loss = [QuantLoss=0.13005][QuantReg:0.32725]
[Twitter] Starting epoch 33...
[Twitter] Elapsed training time:7.61s
[Twitter] Starting validation...
[Twitter] Elapsed validation time:1.07s
[Twitter] [Epoch=033] Train Loss=[QuantLoss=0.02211]Val loss = [QuantLoss=0.13715][QuantReg:0.33405]
[Twitter] Starting epoch 34...
[Twitter] Elapsed training time:7.49s
[Twitter] Starting validation...
[Twitter] Elapsed validation time:1.24s
[Twitter] [Epoch=034] Train Loss=[QuantLoss=0.02831]Val loss = [QuantLoss=0.12899][QuantReg:0.33276]
[Twitter] Starting epoch 35...
[Twitter] Elapsed training time:7.53s
[Twitter] Starting validation...
[Twitter] Elapsed validation time:1.25s
[Twitter] [Epoch=035] Train Loss=[QuantLoss=0.02659]Val loss = [QuantLoss=0.13252][QuantReg:0.33516]
[Twitter] Starting epoch 36...
[Twitter] Elapsed training time:7.50s
[Twitter] Starting validation...
[Twitter] Elapsed validation time:1.15s
[Twitter] [Epoch=036] Train Loss=[QuantLoss=0.02924]Val loss = [QuantLoss=0.13861][QuantReg:0.33660]
[Twitter] Starting epoch 37...
[Twitter] Elapsed training time:7.59s
[Twitter] Starting validation...
[Twitter] Elapsed validation time:1.13s
[Twitter] [Epoch=037] Train Loss=[QuantLoss=0.02431]Val loss = [QuantLoss=0.09801][QuantReg:0.33061]
[Twitter] Starting epoch 38...
[Twitter] Elapsed training time:7.53s
[Twitter] Starting validation...
[Twitter] Elapsed validation time:1.19s
[Twitter] [Epoch=038] Train Loss=[QuantLoss=0.02471]Val loss = [QuantLoss=0.10117][QuantReg:0.32456]
[Twitter] Starting epoch 39...
[Twitter] Elapsed training time:7.53s
[Twitter] Starting validation...
[Twitter] Elapsed validation time:1.08s
[Twitter] [Epoch=039] Train Loss=[QuantLoss=0.02715]Val loss = [QuantLoss=0.10729][QuantReg:0.32183]
[Twitter] Starting epoch 40...
[Twitter] Elapsed training time:7.50s
[Twitter] Starting validation...
[Twitter] Elapsed validation time:1.13s
[Twitter] [Epoch=040] Train Loss=[QuantLoss=0.02484]Val loss = [QuantLoss=0.11329][QuantReg:0.32709]
[Twitter] Starting epoch 41...
[Twitter] Elapsed training time:7.56s
[Twitter] Starting validation...
[Twitter] Elapsed validation time:1.16s
[Twitter] [Epoch=041] Train Loss=[QuantLoss=0.02547]Val loss = [QuantLoss=0.10443][QuantReg:0.32711]
[Twitter] Starting epoch 42...
[Twitter] Elapsed training time:7.60s
[Twitter] Starting validation...
[Twitter] Elapsed validation time:1.11s
[Twitter] [Epoch=042] Train Loss=[QuantLoss=0.03011]Val loss = [QuantLoss=0.11647][QuantReg:0.32617]
[Twitter] Starting epoch 43...
[Twitter] Elapsed training time:7.58s
[Twitter] Starting validation...
[Twitter] Elapsed validation time:1.06s
[Twitter] [Epoch=043] Train Loss=[QuantLoss=0.02564]Val loss = [QuantLoss=0.10786][QuantReg:0.32893]
[Twitter] Starting epoch 44...
[Twitter] Elapsed training time:7.63s
[Twitter] Starting validation...
[Twitter] Elapsed validation time:1.14s
[Twitter] [Epoch=044] Train Loss=[QuantLoss=0.02632]Val loss = [QuantLoss=0.10496][QuantReg:0.33396]
[Twitter] Starting epoch 45...
[Twitter] Elapsed training time:7.55s
[Twitter] Starting validation...
[Twitter] Elapsed validation time:1.20s
[Twitter] [Epoch=045] Train Loss=[QuantLoss=0.02482]Val loss = [QuantLoss=0.10354][QuantReg:0.32982]
[Twitter] Starting epoch 46...
[Twitter] Elapsed training time:7.60s
[Twitter] Starting validation...
[Twitter] Elapsed validation time:1.22s
[Twitter] [Epoch=046] Train Loss=[QuantLoss=0.02649]Val loss = [QuantLoss=0.10951][QuantReg:0.32564]
[Twitter] Starting epoch 47...
[Twitter] Elapsed training time:7.51s
[Twitter] Starting validation...
[Twitter] Elapsed validation time:1.19s
[Twitter] [Epoch=047] Train Loss=[QuantLoss=0.02349]Val loss = [QuantLoss=0.09346][QuantReg:0.33072][saved best model in this epoch]
[Twitter] Starting epoch 48...
[Twitter] Elapsed training time:7.34s
[Twitter] Starting validation...
[Twitter] Elapsed validation time:1.07s
[Twitter] [Epoch=048] Train Loss=[QuantLoss=0.02643]Val loss = [QuantLoss=0.10273][QuantReg:0.32888]
[Twitter] Starting epoch 49...
[Twitter] Elapsed training time:7.59s
[Twitter] Starting validation...
[Twitter] Elapsed validation time:1.20s
[Twitter] [Epoch=049] Train Loss=[QuantLoss=0.02482]Val loss = [QuantLoss=0.09856][QuantReg:0.33037]
[Twitter] Starting epoch 50...
[Twitter] Elapsed training time:7.40s
[Twitter] Starting validation...
[Twitter] Elapsed validation time:1.20s
[Twitter] [Epoch=050] Train Loss=[QuantLoss=0.02403]Val loss = [QuantLoss=0.12592][QuantReg:0.33819]
[Twitter] Starting epoch 51...
[Twitter] Elapsed training time:7.73s
[Twitter] Starting validation...
[Twitter] Elapsed validation time:1.14s
[Twitter] [Epoch=051] Train Loss=[QuantLoss=0.02838]Val loss = [QuantLoss=0.10684][QuantReg:0.34820]
[Twitter] Starting epoch 52...
[Twitter] Elapsed training time:7.65s
[Twitter] Starting validation...
[Twitter] Elapsed validation time:1.14s
[Twitter] [Epoch=052] Train Loss=[QuantLoss=0.02852]Val loss = [QuantLoss=0.09883][QuantReg:0.35133]
[Twitter] Starting epoch 53...
[Twitter] Elapsed training time:7.56s
[Twitter] Starting validation...
[Twitter] Elapsed validation time:1.10s
[Twitter] [Epoch=053] Train Loss=[QuantLoss=0.02688]Val loss = [QuantLoss=0.12092][QuantReg:0.34417]
[Twitter] Starting epoch 54...
[Twitter] Elapsed training time:7.61s
[Twitter] Starting validation...
[Twitter] Elapsed validation time:1.15s
[Twitter] [Epoch=054] Train Loss=[QuantLoss=0.02507]Val loss = [QuantLoss=0.11770][QuantReg:0.33610]
[Twitter] Starting epoch 55...
[Twitter] Elapsed training time:7.73s
[Twitter] Starting validation...
[Twitter] Elapsed validation time:1.12s
[Twitter] [Epoch=055] Train Loss=[QuantLoss=0.02693]Val loss = [QuantLoss=0.10371][QuantReg:0.33392]
[Twitter] Starting epoch 56...
[Twitter] Elapsed training time:7.67s
[Twitter] Starting validation...
[Twitter] Elapsed validation time:1.18s
[Twitter] [Epoch=056] Train Loss=[QuantLoss=0.02689]Val loss = [QuantLoss=0.11444][QuantReg:0.33539]
[Twitter] Starting epoch 57...
[Twitter] Elapsed training time:7.54s
[Twitter] Starting validation...
[Twitter] Elapsed validation time:1.14s
[Twitter] [Epoch=057] Train Loss=[QuantLoss=0.02662]Val loss = [QuantLoss=0.09256][QuantReg:0.33372][saved best model in this epoch]
[Twitter] Starting epoch 58...
[Twitter] Elapsed training time:7.49s
[Twitter] Starting validation...
[Twitter] Elapsed validation time:1.29s
[Twitter] [Epoch=058] Train Loss=[QuantLoss=0.02796]Val loss = [QuantLoss=0.12587][QuantReg:0.33164]
[Twitter] Starting epoch 59...
[Twitter] Elapsed training time:7.67s
[Twitter] Starting validation...
[Twitter] Elapsed validation time:1.10s
[Twitter] [Epoch=059] Train Loss=[QuantLoss=0.02849]Val loss = [QuantLoss=0.10482][QuantReg:0.33318]
[Twitter] Starting epoch 60...
[Twitter] Elapsed training time:7.72s
[Twitter] Starting validation...
[Twitter] Elapsed validation time:1.14s
[Twitter] [Epoch=060] Train Loss=[QuantLoss=0.02494]Val loss = [QuantLoss=0.11340][QuantReg:0.33729]
[Twitter] Starting epoch 61...
[Twitter] Elapsed training time:7.55s
[Twitter] Starting validation...
[Twitter] Elapsed validation time:1.21s
[Twitter] [Epoch=061] Train Loss=[QuantLoss=0.02539]Val loss = [QuantLoss=0.13160][QuantReg:0.33890]
[Twitter] Starting epoch 62...
[Twitter] Elapsed training time:7.58s
[Twitter] Starting validation...
[Twitter] Elapsed validation time:1.07s
[Twitter] [Epoch=062] Train Loss=[QuantLoss=0.02443]Val loss = [QuantLoss=0.10917][QuantReg:0.33840]
[Twitter] Starting epoch 63...
[Twitter] Elapsed training time:7.53s
[Twitter] Starting validation...
[Twitter] Elapsed validation time:1.25s
[Twitter] [Epoch=063] Train Loss=[QuantLoss=0.02490]Val loss = [QuantLoss=0.12012][QuantReg:0.32841]
[Twitter] Starting epoch 64...
[Twitter] Elapsed training time:7.64s
[Twitter] Starting validation...
[Twitter] Elapsed validation time:1.14s
[Twitter] [Epoch=064] Train Loss=[QuantLoss=0.02294]Val loss = [QuantLoss=0.12057][QuantReg:0.33042]
[Twitter] Starting epoch 65...
[Twitter] Elapsed training time:7.52s
[Twitter] Starting validation...
[Twitter] Elapsed validation time:1.10s
[Twitter] [Epoch=065] Train Loss=[QuantLoss=0.02421]Val loss = [QuantLoss=0.14558][QuantReg:0.32821]
[Twitter] Starting epoch 66...
[Twitter] Elapsed training time:7.65s
[Twitter] Starting validation...
[Twitter] Elapsed validation time:1.20s
[Twitter] [Epoch=066] Train Loss=[QuantLoss=0.02951]Val loss = [QuantLoss=0.13147][QuantReg:0.32974]
[Twitter] Starting epoch 67...
[Twitter] Elapsed training time:7.51s
[Twitter] Starting validation...
[Twitter] Elapsed validation time:1.07s
[Twitter] [Epoch=067] Train Loss=[QuantLoss=0.02701]Val loss = [QuantLoss=0.11574][QuantReg:0.33334]
[Twitter] Starting epoch 68...
[Twitter] Elapsed training time:7.70s
[Twitter] Starting validation...
[Twitter] Elapsed validation time:1.05s
[Twitter] [Epoch=068] Train Loss=[QuantLoss=0.02237]Val loss = [QuantLoss=0.11962][QuantReg:0.33411]
[Twitter] Starting epoch 69...
[Twitter] Elapsed training time:7.49s
[Twitter] Starting validation...
[Twitter] Elapsed validation time:1.06s
[Twitter] [Epoch=069] Train Loss=[QuantLoss=0.02705]Val loss = [QuantLoss=0.11711][QuantReg:0.34163]
[Twitter] Starting epoch 70...
[Twitter] Elapsed training time:7.54s
[Twitter] Starting validation...
[Twitter] Elapsed validation time:1.22s
[Twitter] [Epoch=070] Train Loss=[QuantLoss=0.02556]Val loss = [QuantLoss=0.11342][QuantReg:0.34087]
[Twitter] Starting epoch 71...
[Twitter] Elapsed training time:7.65s
[Twitter] Starting validation...
[Twitter] Elapsed validation time:1.18s
[Twitter] [Epoch=071] Train Loss=[QuantLoss=0.02234]Val loss = [QuantLoss=0.10723][QuantReg:0.34086]
[Twitter] Starting epoch 72...
[Twitter] Elapsed training time:7.47s
[Twitter] Starting validation...
[Twitter] Elapsed validation time:1.12s
[Twitter] [Epoch=072] Train Loss=[QuantLoss=0.02459]Val loss = [QuantLoss=0.10775][QuantReg:0.34407]
[Twitter] Starting epoch 73...
[Twitter] Elapsed training time:7.54s
[Twitter] Starting validation...
[Twitter] Elapsed validation time:1.14s
[Twitter] [Epoch=073] Train Loss=[QuantLoss=0.02520]Val loss = [QuantLoss=0.10687][QuantReg:0.34212]
[Twitter] Starting epoch 74...
[Twitter] Elapsed training time:7.45s
[Twitter] Starting validation...
[Twitter] Elapsed validation time:1.25s
[Twitter] [Epoch=074] Train Loss=[QuantLoss=0.02659]Val loss = [QuantLoss=0.09385][QuantReg:0.34161]
[Twitter] Starting epoch 75...
[Twitter] Elapsed training time:7.55s
[Twitter] Starting validation...
[Twitter] Elapsed validation time:1.20s
[Twitter] [Epoch=075] Train Loss=[QuantLoss=0.02449]Val loss = [QuantLoss=0.09569][QuantReg:0.34243]
[Twitter] Starting epoch 76...
[Twitter] Elapsed training time:7.60s
[Twitter] Starting validation...
[Twitter] Elapsed validation time:1.12s
[Twitter] [Epoch=076] Train Loss=[QuantLoss=0.02378]Val loss = [QuantLoss=0.09243][QuantReg:0.35271][saved best model in this epoch]
[Twitter] Starting epoch 77...
[Twitter] Elapsed training time:7.57s
[Twitter] Starting validation...
[Twitter] Elapsed validation time:1.14s
[Twitter] [Epoch=077] Train Loss=[QuantLoss=0.02488]Val loss = [QuantLoss=0.11497][QuantReg:0.36466]
[Twitter] Starting epoch 78...
[Twitter] Elapsed training time:7.58s
[Twitter] Starting validation...
[Twitter] Elapsed validation time:1.07s
[Twitter] [Epoch=078] Train Loss=[QuantLoss=0.02919]Val loss = [QuantLoss=0.10078][QuantReg:0.36211]
[Twitter] Starting epoch 79...
[Twitter] Elapsed training time:7.69s
[Twitter] Starting validation...
[Twitter] Elapsed validation time:1.16s
[Twitter] [Epoch=079] Train Loss=[QuantLoss=0.02246]Val loss = [QuantLoss=0.09800][QuantReg:0.36632]
[Twitter] Starting epoch 80...
[Twitter] Elapsed training time:7.58s
[Twitter] Starting validation...
[Twitter] Elapsed validation time:1.05s
[Twitter] [Epoch=080] Train Loss=[QuantLoss=0.02529]Val loss = [QuantLoss=0.09890][QuantReg:0.36925]
[Twitter] Starting epoch 81...
[Twitter] Elapsed training time:7.57s
[Twitter] Starting validation...
[Twitter] Elapsed validation time:1.15s
[Twitter] [Epoch=081] Train Loss=[QuantLoss=0.02596]Val loss = [QuantLoss=0.09259][QuantReg:0.36703]
[Twitter] Starting epoch 82...
[Twitter] Elapsed training time:7.43s
[Twitter] Starting validation...
[Twitter] Elapsed validation time:1.13s
[Twitter] [Epoch=082] Train Loss=[QuantLoss=0.02251]Val loss = [QuantLoss=0.10360][QuantReg:0.36575]
[Twitter] Starting epoch 83...
[Twitter] Elapsed training time:7.52s
[Twitter] Starting validation...
[Twitter] Elapsed validation time:1.12s
[Twitter] [Epoch=083] Train Loss=[QuantLoss=0.02852]Val loss = [QuantLoss=0.11238][QuantReg:0.36547]
[Twitter] Starting epoch 84...
[Twitter] Elapsed training time:7.59s
[Twitter] Starting validation...
[Twitter] Elapsed validation time:1.09s
[Twitter] [Epoch=084] Train Loss=[QuantLoss=0.03073]Val loss = [QuantLoss=0.09041][QuantReg:0.36611][saved best model in this epoch]
[Twitter] Starting epoch 85...
[Twitter] Elapsed training time:7.69s
[Twitter] Starting validation...
[Twitter] Elapsed validation time:1.19s
[Twitter] [Epoch=085] Train Loss=[QuantLoss=0.03015]Val loss = [QuantLoss=0.11221][QuantReg:0.37120]
[Twitter] Starting epoch 86...
[Twitter] Elapsed training time:7.49s
[Twitter] Starting validation...
[Twitter] Elapsed validation time:1.23s
[Twitter] [Epoch=086] Train Loss=[QuantLoss=0.02476]Val loss = [QuantLoss=0.12028][QuantReg:0.36267]
[Twitter] Starting epoch 87...
[Twitter] Elapsed training time:7.45s
[Twitter] Starting validation...
[Twitter] Elapsed validation time:1.08s
[Twitter] [Epoch=087] Train Loss=[QuantLoss=0.02427]Val loss = [QuantLoss=0.10042][QuantReg:0.35904]
[Twitter] Starting epoch 88...
[Twitter] Elapsed training time:7.51s
[Twitter] Starting validation...
[Twitter] Elapsed validation time:1.08s
[Twitter] [Epoch=088] Train Loss=[QuantLoss=0.02664]Val loss = [QuantLoss=0.11140][QuantReg:0.35612]
[Twitter] Starting epoch 89...
[Twitter] Elapsed training time:7.64s
[Twitter] Starting validation...
[Twitter] Elapsed validation time:1.13s
[Twitter] [Epoch=089] Train Loss=[QuantLoss=0.02733]Val loss = [QuantLoss=0.11219][QuantReg:0.35518]
[Twitter] Starting epoch 90...
[Twitter] Elapsed training time:7.68s
[Twitter] Starting validation...
[Twitter] Elapsed validation time:1.13s
[Twitter] [Epoch=090] Train Loss=[QuantLoss=0.02423]Val loss = [QuantLoss=0.10468][QuantReg:0.35361]
[Twitter] Starting epoch 91...
[Twitter] Elapsed training time:7.53s
[Twitter] Starting validation...
[Twitter] Elapsed validation time:1.10s
[Twitter] [Epoch=091] Train Loss=[QuantLoss=0.02132]Val loss = [QuantLoss=0.09844][QuantReg:0.35067]
[Twitter] Starting epoch 92...
[Twitter] Elapsed training time:7.70s
[Twitter] Starting validation...
[Twitter] Elapsed validation time:1.06s
[Twitter] [Epoch=092] Train Loss=[QuantLoss=0.02514]Val loss = [QuantLoss=0.10164][QuantReg:0.35139]
[Twitter] Starting epoch 93...
[Twitter] Elapsed training time:7.72s
[Twitter] Starting validation...
[Twitter] Elapsed validation time:1.09s
[Twitter] [Epoch=093] Train Loss=[QuantLoss=0.02486]Val loss = [QuantLoss=0.11001][QuantReg:0.35125]
[Twitter] Starting epoch 94...
[Twitter] Elapsed training time:7.61s
[Twitter] Starting validation...
[Twitter] Elapsed validation time:1.11s
[Twitter] [Epoch=094] Train Loss=[QuantLoss=0.02471]Val loss = [QuantLoss=0.11191][QuantReg:0.35206]
[Twitter] Starting epoch 95...
[Twitter] Elapsed training time:7.47s
[Twitter] Starting validation...
[Twitter] Elapsed validation time:1.05s
[Twitter] [Epoch=095] Train Loss=[QuantLoss=0.02535]Val loss = [QuantLoss=0.10599][QuantReg:0.35255]
[Twitter] Starting epoch 96...
[Twitter] Elapsed training time:7.60s
[Twitter] Starting validation...
[Twitter] Elapsed validation time:1.12s
[Twitter] [Epoch=096] Train Loss=[QuantLoss=0.02584]Val loss = [QuantLoss=0.13433][QuantReg:0.35062]
[Twitter] Starting epoch 97...
[Twitter] Elapsed training time:7.70s
[Twitter] Starting validation...
[Twitter] Elapsed validation time:1.28s
[Twitter] [Epoch=097] Train Loss=[QuantLoss=0.02940]Val loss = [QuantLoss=0.11339][QuantReg:0.35400]
[Twitter] Starting epoch 98...
[Twitter] Elapsed training time:7.52s
[Twitter] Starting validation...
[Twitter] Elapsed validation time:1.08s
[Twitter] [Epoch=098] Train Loss=[QuantLoss=0.02667]Val loss = [QuantLoss=0.13333][QuantReg:0.35303]
[Twitter] Starting epoch 99...
[Twitter] Elapsed training time:7.56s
[Twitter] Starting validation...
[Twitter] Elapsed validation time:1.09s
[Twitter] [Epoch=099] Train Loss=[QuantLoss=0.03111]Val loss = [QuantLoss=0.13531][QuantReg:0.35457]
[Twitter] Starting epoch 100...
[Twitter] Elapsed training time:7.60s
[Twitter] Starting validation...
[Twitter] Elapsed validation time:1.11s
[Twitter] [Epoch=100] Train Loss=[QuantLoss=0.02405]Val loss = [QuantLoss=0.13309][QuantReg:0.36457]
[Twitter] Starting epoch 101...
[Twitter] Elapsed training time:7.65s
[Twitter] Starting validation...
[Twitter] Elapsed validation time:1.09s
[Twitter] [Epoch=101] Train Loss=[QuantLoss=0.02464]Val loss = [QuantLoss=0.15447][QuantReg:0.37282]
[Twitter] Starting epoch 102...
[Twitter] Elapsed training time:7.80s
[Twitter] Starting validation...
[Twitter] Elapsed validation time:1.13s
[Twitter] [Epoch=102] Train Loss=[QuantLoss=0.02681]Val loss = [QuantLoss=0.11716][QuantReg:0.36916]
[Twitter] Starting epoch 103...
[Twitter] Elapsed training time:7.74s
[Twitter] Starting validation...
[Twitter] Elapsed validation time:1.11s
[Twitter] [Epoch=103] Train Loss=[QuantLoss=0.02957]Val loss = [QuantLoss=0.09721][QuantReg:0.37228]
[Twitter] Starting epoch 104...
[Twitter] Elapsed training time:7.72s
[Twitter] Starting validation...
[Twitter] Elapsed validation time:1.13s
[Twitter] [Epoch=104] Train Loss=[QuantLoss=0.02574]Val loss = [QuantLoss=0.08858][QuantReg:0.37004][saved best model in this epoch]
[Twitter] Starting epoch 105...
[Twitter] Elapsed training time:7.70s
[Twitter] Starting validation...
[Twitter] Elapsed validation time:1.13s
[Twitter] [Epoch=105] Train Loss=[QuantLoss=0.02473]Val loss = [QuantLoss=0.09465][QuantReg:0.36996]
[Twitter] Starting epoch 106...
[Twitter] Elapsed training time:7.54s
[Twitter] Starting validation...
[Twitter] Elapsed validation time:1.24s
[Twitter] [Epoch=106] Train Loss=[QuantLoss=0.02605]Val loss = [QuantLoss=0.10254][QuantReg:0.36569]
[Twitter] Starting epoch 107...
[Twitter] Elapsed training time:7.55s
[Twitter] Starting validation...
[Twitter] Elapsed validation time:1.22s
[Twitter] [Epoch=107] Train Loss=[QuantLoss=0.02867]Val loss = [QuantLoss=0.11557][QuantReg:0.36643]
[Twitter] Starting epoch 108...
[Twitter] Elapsed training time:7.52s
[Twitter] Starting validation...
[Twitter] Elapsed validation time:1.14s
[Twitter] [Epoch=108] Train Loss=[QuantLoss=0.02438]Val loss = [QuantLoss=0.10859][QuantReg:0.36987]
[Twitter] Starting epoch 109...
[Twitter] Elapsed training time:7.70s
[Twitter] Starting validation...
[Twitter] Elapsed validation time:1.07s
[Twitter] [Epoch=109] Train Loss=[QuantLoss=0.02240]Val loss = [QuantLoss=0.09895][QuantReg:0.36951]
[Twitter] Starting epoch 110...
[Twitter] Elapsed training time:7.57s
[Twitter] Starting validation...
[Twitter] Elapsed validation time:1.19s
[Twitter] [Epoch=110] Train Loss=[QuantLoss=0.02685]Val loss = [QuantLoss=0.10393][QuantReg:0.36846]
[Twitter] Starting epoch 111...
[Twitter] Elapsed training time:7.64s
[Twitter] Starting validation...
[Twitter] Elapsed validation time:1.13s
[Twitter] [Epoch=111] Train Loss=[QuantLoss=0.02307]Val loss = [QuantLoss=0.10794][QuantReg:0.36778]
[Twitter] Starting epoch 112...
[Twitter] Elapsed training time:7.44s
[Twitter] Starting validation...
[Twitter] Elapsed validation time:1.07s
[Twitter] [Epoch=112] Train Loss=[QuantLoss=0.02351]Val loss = [QuantLoss=0.11690][QuantReg:0.36490]
[Twitter] Starting epoch 113...
[Twitter] Elapsed training time:7.34s
[Twitter] Starting validation...
[Twitter] Elapsed validation time:1.21s
[Twitter] [Epoch=113] Train Loss=[QuantLoss=0.02478]Val loss = [QuantLoss=0.12595][QuantReg:0.36937]
[Twitter] Starting epoch 114...
[Twitter] Elapsed training time:7.64s
[Twitter] Starting validation...
[Twitter] Elapsed validation time:1.12s
[Twitter] [Epoch=114] Train Loss=[QuantLoss=0.02627]Val loss = [QuantLoss=0.10750][QuantReg:0.37458]
[Twitter] Starting epoch 115...
[Twitter] Elapsed training time:7.61s
[Twitter] Starting validation...
[Twitter] Elapsed validation time:1.23s
[Twitter] [Epoch=115] Train Loss=[QuantLoss=0.02706]Val loss = [QuantLoss=0.10725][QuantReg:0.37096]
[Twitter] Starting epoch 116...
[Twitter] Elapsed training time:7.39s
[Twitter] Starting validation...
[Twitter] Elapsed validation time:1.13s
[Twitter] [Epoch=116] Train Loss=[QuantLoss=0.02308]Val loss = [QuantLoss=0.11140][QuantReg:0.36953]
[Twitter] Starting epoch 117...
[Twitter] Elapsed training time:7.53s
[Twitter] Starting validation...
[Twitter] Elapsed validation time:1.28s
[Twitter] [Epoch=117] Train Loss=[QuantLoss=0.02546]Val loss = [QuantLoss=0.10032][QuantReg:0.36903]
[Twitter] Starting epoch 118...
[Twitter] Elapsed training time:7.70s
[Twitter] Starting validation...
[Twitter] Elapsed validation time:1.27s
[Twitter] [Epoch=118] Train Loss=[QuantLoss=0.02517]Val loss = [QuantLoss=0.12393][QuantReg:0.36721]
[Twitter] Starting epoch 119...
[Twitter] Elapsed training time:7.72s
[Twitter] Starting validation...
[Twitter] Elapsed validation time:1.25s
[Twitter] [Epoch=119] Train Loss=[QuantLoss=0.02485]Val loss = [QuantLoss=0.10843][QuantReg:0.36438]
[Twitter] Starting epoch 120...
[Twitter] Elapsed training time:7.49s
[Twitter] Starting validation...
[Twitter] Elapsed validation time:1.19s
[Twitter] [Epoch=120] Train Loss=[QuantLoss=0.02640]Val loss = [QuantLoss=0.10019][QuantReg:0.36424]
[Twitter] Starting epoch 121...
[Twitter] Elapsed training time:7.33s
[Twitter] Starting validation...
[Twitter] Elapsed validation time:1.18s
[Twitter] [Epoch=121] Train Loss=[QuantLoss=0.02173]Val loss = [QuantLoss=0.09940][QuantReg:0.36863]
[Twitter] Starting epoch 122...
[Twitter] Elapsed training time:7.59s
[Twitter] Starting validation...
[Twitter] Elapsed validation time:1.30s
[Twitter] [Epoch=122] Train Loss=[QuantLoss=0.02519]Val loss = [QuantLoss=0.08944][QuantReg:0.36760]
[Twitter] Starting epoch 123...
[Twitter] Elapsed training time:7.65s
[Twitter] Starting validation...
[Twitter] Elapsed validation time:1.11s
[Twitter] [Epoch=123] Train Loss=[QuantLoss=0.02399]Val loss = [QuantLoss=0.11081][QuantReg:0.36586]
[Twitter] Starting epoch 124...
[Twitter] Elapsed training time:7.66s
[Twitter] Starting validation...
[Twitter] Elapsed validation time:1.18s
[Twitter] [Epoch=124] Train Loss=[QuantLoss=0.02390]Val loss = [QuantLoss=0.10991][QuantReg:0.36610]
[Twitter] Starting epoch 125...
[Twitter] Elapsed training time:7.68s
[Twitter] Starting validation...
[Twitter] Elapsed validation time:1.24s
[Twitter] [Epoch=125] Train Loss=[QuantLoss=0.02736]Val loss = [QuantLoss=0.10330][QuantReg:0.36708]
[Twitter] Starting epoch 126...
[Twitter] Elapsed training time:7.59s
[Twitter] Starting validation...
[Twitter] Elapsed validation time:1.20s
[Twitter] [Epoch=126] Train Loss=[QuantLoss=0.02700]Val loss = [QuantLoss=0.10827][QuantReg:0.36799]
[Twitter] Starting epoch 127...
[Twitter] Elapsed training time:7.47s
[Twitter] Starting validation...
[Twitter] Elapsed validation time:1.17s
[Twitter] [Epoch=127] Train Loss=[QuantLoss=0.02239]Val loss = [QuantLoss=0.10962][QuantReg:0.36570]
[Twitter] Starting epoch 128...
[Twitter] Elapsed training time:7.56s
[Twitter] Starting validation...
[Twitter] Elapsed validation time:1.08s
[Twitter] [Epoch=128] Train Loss=[QuantLoss=0.02361]Val loss = [QuantLoss=0.10712][QuantReg:0.36692]
[Twitter] Starting epoch 129...
[Twitter] Elapsed training time:7.50s
[Twitter] Starting validation...
[Twitter] Elapsed validation time:1.06s
[Twitter] [Epoch=129] Train Loss=[QuantLoss=0.02453]Val loss = [QuantLoss=0.10896][QuantReg:0.36470]
[Twitter] Starting epoch 130...
[Twitter] Elapsed training time:7.50s
[Twitter] Starting validation...
[Twitter] Elapsed validation time:1.09s
[Twitter] [Epoch=130] Train Loss=[QuantLoss=0.02363]Val loss = [QuantLoss=0.10551][QuantReg:0.36691]
[Twitter] Starting epoch 131...
[Twitter] Elapsed training time:7.37s
[Twitter] Starting validation...
[Twitter] Elapsed validation time:1.21s
[Twitter] [Epoch=131] Train Loss=[QuantLoss=0.02228]Val loss = [QuantLoss=0.11256][QuantReg:0.36885]
[Twitter] Starting epoch 132...
[Twitter] Elapsed training time:7.54s
[Twitter] Starting validation...
[Twitter] Elapsed validation time:1.15s
[Twitter] [Epoch=132] Train Loss=[QuantLoss=0.02350]Val loss = [QuantLoss=0.10377][QuantReg:0.36626]
[Twitter] Starting epoch 133...
[Twitter] Elapsed training time:7.44s
[Twitter] Starting validation...
[Twitter] Elapsed validation time:1.24s
[Twitter] [Epoch=133] Train Loss=[QuantLoss=0.02227]Val loss = [QuantLoss=0.11297][QuantReg:0.36726]
[Twitter] Starting epoch 134...
[Twitter] Elapsed training time:7.69s
[Twitter] Starting validation...
[Twitter] Elapsed validation time:1.11s
[Twitter] [Epoch=134] Train Loss=[QuantLoss=0.02205]Val loss = [QuantLoss=0.10801][QuantReg:0.36701]
[Twitter] Starting epoch 135...
[Twitter] Elapsed training time:7.68s
[Twitter] Starting validation...
[Twitter] Elapsed validation time:1.20s
[Twitter] [Epoch=135] Train Loss=[QuantLoss=0.02071]Val loss = [QuantLoss=0.10991][QuantReg:0.36862]
[Twitter] Starting epoch 136...
[Twitter] Elapsed training time:7.46s
[Twitter] Starting validation...
[Twitter] Elapsed validation time:1.10s
[Twitter] [Epoch=136] Train Loss=[QuantLoss=0.02333]Val loss = [QuantLoss=0.10730][QuantReg:0.36976]
[Twitter] Starting epoch 137...
[Twitter] Elapsed training time:7.61s
[Twitter] Starting validation...
[Twitter] Elapsed validation time:1.06s
[Twitter] [Epoch=137] Train Loss=[QuantLoss=0.02272]Val loss = [QuantLoss=0.10881][QuantReg:0.36985]
[Twitter] Starting epoch 138...
[Twitter] Elapsed training time:7.45s
[Twitter] Starting validation...
[Twitter] Elapsed validation time:1.12s
[Twitter] [Epoch=138] Train Loss=[QuantLoss=0.02519]Val loss = [QuantLoss=0.10419][QuantReg:0.36975]
[Twitter] Starting epoch 139...
[Twitter] Elapsed training time:7.45s
[Twitter] Starting validation...
[Twitter] Elapsed validation time:1.15s
[Twitter] [Epoch=139] Train Loss=[QuantLoss=0.02274]Val loss = [QuantLoss=0.11531][QuantReg:0.36750]
[Twitter] Starting epoch 140...
[Twitter] Elapsed training time:7.57s
[Twitter] Starting validation...
[Twitter] Elapsed validation time:1.14s
[Twitter] [Epoch=140] Train Loss=[QuantLoss=0.02407]Val loss = [QuantLoss=0.11755][QuantReg:0.36824]
[Twitter] Starting epoch 141...
[Twitter] Elapsed training time:7.33s
[Twitter] Starting validation...
[Twitter] Elapsed validation time:1.22s
[Twitter] [Epoch=141] Train Loss=[QuantLoss=0.02646]Val loss = [QuantLoss=0.10420][QuantReg:0.36835]
[Twitter] Starting epoch 142...
[Twitter] Elapsed training time:7.40s
[Twitter] Starting validation...
[Twitter] Elapsed validation time:1.12s
[Twitter] [Epoch=142] Train Loss=[QuantLoss=0.02263]Val loss = [QuantLoss=0.10401][QuantReg:0.36667]
[Twitter] Starting epoch 143...
[Twitter] Elapsed training time:7.39s
[Twitter] Starting validation...
[Twitter] Elapsed validation time:1.21s
[Twitter] [Epoch=143] Train Loss=[QuantLoss=0.02221]Val loss = [QuantLoss=0.10484][QuantReg:0.36946]
[Twitter] Starting epoch 144...
[Twitter] Elapsed training time:7.45s
[Twitter] Starting validation...
[Twitter] Elapsed validation time:1.12s
[Twitter] [Epoch=144] Train Loss=[QuantLoss=0.02283]Val loss = [QuantLoss=0.11447][QuantReg:0.36858]
[Twitter] Starting epoch 145...
[Twitter] Elapsed training time:7.34s
[Twitter] Starting validation...
[Twitter] Elapsed validation time:1.24s
[Twitter] [Epoch=145] Train Loss=[QuantLoss=0.02257]Val loss = [QuantLoss=0.11877][QuantReg:0.36599]
[Twitter] Starting epoch 146...
[Twitter] Elapsed training time:7.55s
[Twitter] Starting validation...
[Twitter] Elapsed validation time:1.14s
[Twitter] [Epoch=146] Train Loss=[QuantLoss=0.02238]Val loss = [QuantLoss=0.12155][QuantReg:0.36695]
[Twitter] Starting epoch 147...
[Twitter] Elapsed training time:7.57s
[Twitter] Starting validation...
[Twitter] Elapsed validation time:1.20s
[Twitter] [Epoch=147] Train Loss=[QuantLoss=0.01932]Val loss = [QuantLoss=0.13556][QuantReg:0.36627]
[Twitter] Starting epoch 148...
[Twitter] Elapsed training time:7.49s
[Twitter] Starting validation...
[Twitter] Elapsed validation time:1.20s
[Twitter] [Epoch=148] Train Loss=[QuantLoss=0.01989]Val loss = [QuantLoss=0.12615][QuantReg:0.36741]
[Twitter] Starting epoch 149...
[Twitter] Elapsed training time:7.39s
[Twitter] Starting validation...
[Twitter] Elapsed validation time:1.17s
[Twitter] [Epoch=149] Train Loss=[QuantLoss=0.02046]Val loss = [QuantLoss=0.12478][QuantReg:0.36602]
[Twitter] Starting epoch 150...
[Twitter] Elapsed training time:7.49s
[Twitter] Starting validation...
[Twitter] Elapsed validation time:1.22s
[Twitter] [Epoch=150] Train Loss=[QuantLoss=0.02095]Val loss = [QuantLoss=0.12603][QuantReg:0.36598]
[Twitter] Starting epoch 151...
[Twitter] Elapsed training time:7.67s
[Twitter] Starting validation...
[Twitter] Elapsed validation time:1.10s
[Twitter] [Epoch=151] Train Loss=[QuantLoss=0.01941]Val loss = [QuantLoss=0.12740][QuantReg:0.36632]
[Twitter] Starting epoch 152...
[Twitter] Elapsed training time:7.57s
[Twitter] Starting validation...
[Twitter] Elapsed validation time:1.20s
[Twitter] [Epoch=152] Train Loss=[QuantLoss=0.02062]Val loss = [QuantLoss=0.12771][QuantReg:0.36581]
[Twitter] Starting epoch 153...
[Twitter] Elapsed training time:7.56s
[Twitter] Starting validation...
[Twitter] Elapsed validation time:1.15s
[Twitter] [Epoch=153] Train Loss=[QuantLoss=0.02146]Val loss = [QuantLoss=0.12415][QuantReg:0.36397]
[Twitter] Starting epoch 154...
[Twitter] Elapsed training time:7.37s
[Twitter] Starting validation...
[Twitter] Elapsed validation time:1.09s
[Twitter] [Epoch=154] Train Loss=[QuantLoss=0.02258]Val loss = [QuantLoss=0.12365][QuantReg:0.36686]
[Twitter] Starting epoch 155...
[Twitter] Elapsed training time:7.67s
[Twitter] Starting validation...
[Twitter] Elapsed validation time:1.20s
[Twitter] [Epoch=155] Train Loss=[QuantLoss=0.02199]Val loss = [QuantLoss=0.13170][QuantReg:0.36599]
[Twitter] Starting epoch 156...
[Twitter] Elapsed training time:7.63s
[Twitter] Starting validation...
[Twitter] Elapsed validation time:1.17s
[Twitter] [Epoch=156] Train Loss=[QuantLoss=0.02129]Val loss = [QuantLoss=0.12328][QuantReg:0.36489]
[Twitter] Starting epoch 157...
[Twitter] Elapsed training time:7.48s
[Twitter] Starting validation...
[Twitter] Elapsed validation time:1.10s
[Twitter] [Epoch=157] Train Loss=[QuantLoss=0.01993]Val loss = [QuantLoss=0.12772][QuantReg:0.36348]
[Twitter] Starting epoch 158...
[Twitter] Elapsed training time:7.60s
[Twitter] Starting validation...
[Twitter] Elapsed validation time:1.20s
[Twitter] [Epoch=158] Train Loss=[QuantLoss=0.02245]Val loss = [QuantLoss=0.10380][QuantReg:0.36613]
[Twitter] Starting epoch 159...
[Twitter] Elapsed training time:7.53s
[Twitter] Starting validation...
[Twitter] Elapsed validation time:1.07s
[Twitter] [Epoch=159] Train Loss=[QuantLoss=0.02243]Val loss = [QuantLoss=0.12089][QuantReg:0.36783]
[Twitter] Starting epoch 160...
[Twitter] Elapsed training time:7.58s
[Twitter] Starting validation...
[Twitter] Elapsed validation time:1.14s
[Twitter] [Epoch=160] Train Loss=[QuantLoss=0.02009]Val loss = [QuantLoss=0.12173][QuantReg:0.36973]
[Twitter] Starting epoch 161...
[Twitter] Elapsed training time:7.57s
[Twitter] Starting validation...
[Twitter] Elapsed validation time:1.15s
[Twitter] [Epoch=161] Train Loss=[QuantLoss=0.02212]Val loss = [QuantLoss=0.11521][QuantReg:0.36862]
[Twitter] Starting epoch 162...
[Twitter] Elapsed training time:7.43s
[Twitter] Starting validation...
[Twitter] Elapsed validation time:1.06s
[Twitter] [Epoch=162] Train Loss=[QuantLoss=0.02341]Val loss = [QuantLoss=0.12741][QuantReg:0.36951]
[Twitter] Starting epoch 163...
[Twitter] Elapsed training time:7.52s
[Twitter] Starting validation...
[Twitter] Elapsed validation time:1.11s
[Twitter] [Epoch=163] Train Loss=[QuantLoss=0.02385]Val loss = [QuantLoss=0.13830][QuantReg:0.36630]
[Twitter] Starting epoch 164...
[Twitter] Elapsed training time:7.53s
[Twitter] Starting validation...
[Twitter] Elapsed validation time:1.13s
[Twitter] [Epoch=164] Train Loss=[QuantLoss=0.02064]Val loss = [QuantLoss=0.13262][QuantReg:0.36722]
[Twitter] Starting epoch 165...
[Twitter] Elapsed training time:7.52s
[Twitter] Starting validation...
[Twitter] Elapsed validation time:1.12s
[Twitter] [Epoch=165] Train Loss=[QuantLoss=0.02198]Val loss = [QuantLoss=0.11828][QuantReg:0.36786]
[Twitter] Starting epoch 166...
[Twitter] Elapsed training time:7.53s
[Twitter] Starting validation...
[Twitter] Elapsed validation time:1.08s
[Twitter] [Epoch=166] Train Loss=[QuantLoss=0.02043]Val loss = [QuantLoss=0.11844][QuantReg:0.36837]
[Twitter] Starting epoch 167...
[Twitter] Elapsed training time:7.56s
[Twitter] Starting validation...
[Twitter] Elapsed validation time:1.15s
[Twitter] [Epoch=167] Train Loss=[QuantLoss=0.02177]Val loss = [QuantLoss=0.11434][QuantReg:0.36629]
[Twitter] Starting epoch 168...
[Twitter] Elapsed training time:7.45s
[Twitter] Starting validation...
[Twitter] Elapsed validation time:1.13s
[Twitter] [Epoch=168] Train Loss=[QuantLoss=0.02065]Val loss = [QuantLoss=0.11751][QuantReg:0.36926]
[Twitter] Starting epoch 169...
[Twitter] Elapsed training time:7.57s
[Twitter] Starting validation...
[Twitter] Elapsed validation time:1.09s
[Twitter] [Epoch=169] Train Loss=[QuantLoss=0.02085]Val loss = [QuantLoss=0.11654][QuantReg:0.36854]
[Twitter] Starting epoch 170...
[Twitter] Elapsed training time:7.47s
[Twitter] Starting validation...
[Twitter] Elapsed validation time:1.22s
[Twitter] [Epoch=170] Train Loss=[QuantLoss=0.02076]Val loss = [QuantLoss=0.12497][QuantReg:0.36770]
[Twitter] Starting epoch 171...
[Twitter] Elapsed training time:7.50s
[Twitter] Starting validation...
[Twitter] Elapsed validation time:1.06s
[Twitter] [Epoch=171] Train Loss=[QuantLoss=0.01967]Val loss = [QuantLoss=0.11645][QuantReg:0.36772]
[Twitter] Starting epoch 172...
[Twitter] Elapsed training time:7.63s
[Twitter] Starting validation...
[Twitter] Elapsed validation time:1.16s
[Twitter] [Epoch=172] Train Loss=[QuantLoss=0.02001]Val loss = [QuantLoss=0.12240][QuantReg:0.36965]
[Twitter] Starting epoch 173...
[Twitter] Elapsed training time:7.51s
[Twitter] Starting validation...
[Twitter] Elapsed validation time:1.21s
[Twitter] [Epoch=173] Train Loss=[QuantLoss=0.02129]Val loss = [QuantLoss=0.11422][QuantReg:0.36862]
[Twitter] Starting epoch 174...
[Twitter] Elapsed training time:7.58s
[Twitter] Starting validation...
[Twitter] Elapsed validation time:1.08s
[Twitter] [Epoch=174] Train Loss=[QuantLoss=0.01973]Val loss = [QuantLoss=0.12004][QuantReg:0.36950]
[Twitter] Starting epoch 175...
[Twitter] Elapsed training time:7.62s
[Twitter] Starting validation...
[Twitter] Elapsed validation time:1.04s
[Twitter] [Epoch=175] Train Loss=[QuantLoss=0.02025]Val loss = [QuantLoss=0.11771][QuantReg:0.36799]
[Twitter] Starting epoch 176...
[Twitter] Elapsed training time:7.62s
[Twitter] Starting validation...
[Twitter] Elapsed validation time:1.06s
[Twitter] [Epoch=176] Train Loss=[QuantLoss=0.01879]Val loss = [QuantLoss=0.12026][QuantReg:0.36909]
[Twitter] Starting epoch 177...
[Twitter] Elapsed training time:7.60s
[Twitter] Starting validation...
[Twitter] Elapsed validation time:1.09s
[Twitter] [Epoch=177] Train Loss=[QuantLoss=0.02073]Val loss = [QuantLoss=0.11172][QuantReg:0.36820]
[Twitter] Starting epoch 178...
[Twitter] Elapsed training time:7.58s
[Twitter] Starting validation...
[Twitter] Elapsed validation time:1.10s
[Twitter] [Epoch=178] Train Loss=[QuantLoss=0.02079]Val loss = [QuantLoss=0.11329][QuantReg:0.36854]
[Twitter] Starting epoch 179...
[Twitter] Elapsed training time:7.45s
[Twitter] Starting validation...
[Twitter] Elapsed validation time:1.11s
[Twitter] [Epoch=179] Train Loss=[QuantLoss=0.01789]Val loss = [QuantLoss=0.11636][QuantReg:0.36846]
[Twitter] Starting epoch 180...
[Twitter] Elapsed training time:7.52s
[Twitter] Starting validation...
[Twitter] Elapsed validation time:1.07s
[Twitter] [Epoch=180] Train Loss=[QuantLoss=0.01916]Val loss = [QuantLoss=0.11731][QuantReg:0.36815]
[Twitter] Starting epoch 181...
[Twitter] Elapsed training time:7.48s
[Twitter] Starting validation...
[Twitter] Elapsed validation time:1.06s
[Twitter] [Epoch=181] Train Loss=[QuantLoss=0.02058]Val loss = [QuantLoss=0.12288][QuantReg:0.36807]
[Twitter] Starting epoch 182...
[Twitter] Elapsed training time:7.50s
[Twitter] Starting validation...
[Twitter] Elapsed validation time:1.09s
[Twitter] [Epoch=182] Train Loss=[QuantLoss=0.02146]Val loss = [QuantLoss=0.10687][QuantReg:0.36857]
[Twitter] Starting epoch 183...
[Twitter] Elapsed training time:7.51s
[Twitter] Starting validation...
[Twitter] Elapsed validation time:1.28s
[Twitter] [Epoch=183] Train Loss=[QuantLoss=0.02140]Val loss = [QuantLoss=0.10864][QuantReg:0.36906]
[Twitter] Starting epoch 184...
[Twitter] Elapsed training time:7.53s
[Twitter] Starting validation...
[Twitter] Elapsed validation time:1.11s
[Twitter] [Epoch=184] Train Loss=[QuantLoss=0.02044]Val loss = [QuantLoss=0.11219][QuantReg:0.36757]
[Twitter] Starting epoch 185...
[Twitter] Elapsed training time:7.74s
[Twitter] Starting validation...
[Twitter] Elapsed validation time:1.14s
[Twitter] [Epoch=185] Train Loss=[QuantLoss=0.02123]Val loss = [QuantLoss=0.10983][QuantReg:0.36844]
[Twitter] Starting epoch 186...
[Twitter] Elapsed training time:7.57s
[Twitter] Starting validation...
[Twitter] Elapsed validation time:1.06s
[Twitter] [Epoch=186] Train Loss=[QuantLoss=0.02033]Val loss = [QuantLoss=0.11487][QuantReg:0.36815]
[Twitter] Starting epoch 187...
[Twitter] Elapsed training time:7.49s
[Twitter] Starting validation...
[Twitter] Elapsed validation time:1.20s
[Twitter] [Epoch=187] Train Loss=[QuantLoss=0.01907]Val loss = [QuantLoss=0.10683][QuantReg:0.36793]
[Twitter] Starting epoch 188...
[Twitter] Elapsed training time:7.69s
[Twitter] Starting validation...
[Twitter] Elapsed validation time:1.06s
[Twitter] [Epoch=188] Train Loss=[QuantLoss=0.02087]Val loss = [QuantLoss=0.10616][QuantReg:0.36780]
[Twitter] Starting epoch 189...
[Twitter] Elapsed training time:7.58s
[Twitter] Starting validation...
[Twitter] Elapsed validation time:1.23s
[Twitter] [Epoch=189] Train Loss=[QuantLoss=0.02120]Val loss = [QuantLoss=0.10781][QuantReg:0.36884]
[Twitter] Starting epoch 190...
[Twitter] Elapsed training time:7.64s
[Twitter] Starting validation...
[Twitter] Elapsed validation time:1.26s
[Twitter] [Epoch=190] Train Loss=[QuantLoss=0.01942]Val loss = [QuantLoss=0.10480][QuantReg:0.36824]
[Twitter] Starting epoch 191...
[Twitter] Elapsed training time:7.46s
[Twitter] Starting validation...
[Twitter] Elapsed validation time:1.08s
[Twitter] [Epoch=191] Train Loss=[QuantLoss=0.01861]Val loss = [QuantLoss=0.10593][QuantReg:0.36798]
[Twitter] Starting epoch 192...
[Twitter] Elapsed training time:7.66s
[Twitter] Starting validation...
[Twitter] Elapsed validation time:1.11s
[Twitter] [Epoch=192] Train Loss=[QuantLoss=0.02018]Val loss = [QuantLoss=0.11366][QuantReg:0.36737]
[Twitter] Starting epoch 193...
[Twitter] Elapsed training time:7.56s
[Twitter] Starting validation...
[Twitter] Elapsed validation time:1.20s
[Twitter] [Epoch=193] Train Loss=[QuantLoss=0.01922]Val loss = [QuantLoss=0.11109][QuantReg:0.36821]
[Twitter] Starting epoch 194...
[Twitter] Elapsed training time:7.56s
[Twitter] Starting validation...
[Twitter] Elapsed validation time:1.09s
[Twitter] [Epoch=194] Train Loss=[QuantLoss=0.02030]Val loss = [QuantLoss=0.10866][QuantReg:0.36787]
[Twitter] Starting epoch 195...
[Twitter] Elapsed training time:7.66s
[Twitter] Starting validation...
[Twitter] Elapsed validation time:1.07s
[Twitter] [Epoch=195] Train Loss=[QuantLoss=0.01708]Val loss = [QuantLoss=0.11021][QuantReg:0.36731]
[Twitter] Starting epoch 196...
[Twitter] Elapsed training time:7.52s
[Twitter] Starting validation...
[Twitter] Elapsed validation time:1.23s
[Twitter] [Epoch=196] Train Loss=[QuantLoss=0.02067]Val loss = [QuantLoss=0.11144][QuantReg:0.36722]
[Twitter] Starting epoch 197...
[Twitter] Elapsed training time:7.49s
[Twitter] Starting validation...
[Twitter] Elapsed validation time:1.13s
[Twitter] [Epoch=197] Train Loss=[QuantLoss=0.01917]Val loss = [QuantLoss=0.10993][QuantReg:0.36748]
[Twitter] Starting epoch 198...
[Twitter] Elapsed training time:7.54s
[Twitter] Starting validation...
[Twitter] Elapsed validation time:1.10s
[Twitter] [Epoch=198] Train Loss=[QuantLoss=0.01968]Val loss = [QuantLoss=0.11485][QuantReg:0.36681]
[Twitter] Starting epoch 199...
[Twitter] Elapsed training time:7.53s
[Twitter] Starting validation...
[Twitter] Elapsed validation time:1.06s
[Twitter] [Epoch=199] Train Loss=[QuantLoss=0.01940]Val loss = [QuantLoss=0.10773][QuantReg:0.36779]
[Twitter] Starting epoch 200...
[Twitter] Elapsed training time:7.55s
[Twitter] Starting validation...
[Twitter] Elapsed validation time:1.18s
[Twitter] [Epoch=200] Train Loss=[QuantLoss=0.02056]Val loss = [QuantLoss=0.11981][QuantReg:0.36804]
[Twitter] Starting epoch 201...
[Twitter] Elapsed training time:7.75s
[Twitter] Starting validation...
[Twitter] Elapsed validation time:1.25s
[Twitter] [Epoch=201] Train Loss=[QuantLoss=0.02014]Val loss = [QuantLoss=0.11920][QuantReg:0.36796]
[Twitter] Starting epoch 202...
[Twitter] Elapsed training time:7.53s
[Twitter] Starting validation...
[Twitter] Elapsed validation time:1.10s
[Twitter] [Epoch=202] Train Loss=[QuantLoss=0.01774]Val loss = [QuantLoss=0.11246][QuantReg:0.36728]
[Twitter] Starting epoch 203...
[Twitter] Elapsed training time:7.55s
[Twitter] Starting validation...
[Twitter] Elapsed validation time:1.23s
[Twitter] [Epoch=203] Train Loss=[QuantLoss=0.01933]Val loss = [QuantLoss=0.11427][QuantReg:0.36891]
[Twitter] Starting epoch 204...
[Twitter] Elapsed training time:7.58s
[Twitter] Starting validation...
[Twitter] Elapsed validation time:1.06s
[Twitter] [Epoch=204] Train Loss=[QuantLoss=0.01878]Val loss = [QuantLoss=0.11741][QuantReg:0.36864]
[Twitter] Starting epoch 205...
[Twitter] Elapsed training time:7.51s
[Twitter] Starting validation...
[Twitter] Elapsed validation time:1.20s
[Twitter] [Epoch=205] Train Loss=[QuantLoss=0.01924]Val loss = [QuantLoss=0.10800][QuantReg:0.36886]
[Twitter] Starting epoch 206...
[Twitter] Elapsed training time:7.53s
[Twitter] Starting validation...
[Twitter] Elapsed validation time:1.09s
[Twitter] [Epoch=206] Train Loss=[QuantLoss=0.01881]Val loss = [QuantLoss=0.10830][QuantReg:0.36964]
[Twitter] Starting epoch 207...
[Twitter] Elapsed training time:7.54s
[Twitter] Starting validation...
[Twitter] Elapsed validation time:1.21s
[Twitter] [Epoch=207] Train Loss=[QuantLoss=0.01846]Val loss = [QuantLoss=0.11313][QuantReg:0.36901]
[Twitter] Starting epoch 208...
[Twitter] Elapsed training time:7.51s
[Twitter] Starting validation...
[Twitter] Elapsed validation time:1.26s
[Twitter] [Epoch=208] Train Loss=[QuantLoss=0.01921]Val loss = [QuantLoss=0.10274][QuantReg:0.36996]
[Twitter] Starting epoch 209...
[Twitter] Elapsed training time:7.60s
[Twitter] Starting validation...
[Twitter] Elapsed validation time:1.18s
[Twitter] [Epoch=209] Train Loss=[QuantLoss=0.01927]Val loss = [QuantLoss=0.10742][QuantReg:0.36918]
[Twitter] Starting epoch 210...
[Twitter] Elapsed training time:7.56s
[Twitter] Starting validation...
[Twitter] Elapsed validation time:1.09s
[Twitter] [Epoch=210] Train Loss=[QuantLoss=0.01942]Val loss = [QuantLoss=0.11535][QuantReg:0.36775]
[Twitter] Starting epoch 211...
[Twitter] Elapsed training time:7.60s
[Twitter] Starting validation...
[Twitter] Elapsed validation time:1.24s
[Twitter] [Epoch=211] Train Loss=[QuantLoss=0.01802]Val loss = [QuantLoss=0.11209][QuantReg:0.36901]
[Twitter] Starting epoch 212...
[Twitter] Elapsed training time:7.62s
[Twitter] Starting validation...
[Twitter] Elapsed validation time:1.16s
[Twitter] [Epoch=212] Train Loss=[QuantLoss=0.02073]Val loss = [QuantLoss=0.10553][QuantReg:0.36959]
[Twitter] Starting epoch 213...
[Twitter] Elapsed training time:7.61s
[Twitter] Starting validation...
[Twitter] Elapsed validation time:1.15s
[Twitter] [Epoch=213] Train Loss=[QuantLoss=0.01906]Val loss = [QuantLoss=0.10881][QuantReg:0.36845]
[Twitter] Starting epoch 214...
[Twitter] Elapsed training time:7.91s
[Twitter] Starting validation...
[Twitter] Elapsed validation time:1.20s
[Twitter] [Epoch=214] Train Loss=[QuantLoss=0.01866]Val loss = [QuantLoss=0.11514][QuantReg:0.36875]
[Twitter] Starting epoch 215...
[Twitter] Elapsed training time:7.69s
[Twitter] Starting validation...
[Twitter] Elapsed validation time:1.22s
[Twitter] [Epoch=215] Train Loss=[QuantLoss=0.01922]Val loss = [QuantLoss=0.11625][QuantReg:0.36868]
[Twitter] Starting epoch 216...
[Twitter] Elapsed training time:7.63s
[Twitter] Starting validation...
[Twitter] Elapsed validation time:1.15s
[Twitter] [Epoch=216] Train Loss=[QuantLoss=0.02043]Val loss = [QuantLoss=0.11208][QuantReg:0.36870]
[Twitter] Starting epoch 217...
[Twitter] Elapsed training time:7.55s
[Twitter] Starting validation...
[Twitter] Elapsed validation time:1.06s
[Twitter] [Epoch=217] Train Loss=[QuantLoss=0.02187]Val loss = [QuantLoss=0.11939][QuantReg:0.36794]
[Twitter] Starting epoch 218...
[Twitter] Elapsed training time:7.50s
[Twitter] Starting validation...
[Twitter] Elapsed validation time:1.09s
[Twitter] [Epoch=218] Train Loss=[QuantLoss=0.01981]Val loss = [QuantLoss=0.11728][QuantReg:0.36782]
[Twitter] Starting epoch 219...
[Twitter] Elapsed training time:7.51s
[Twitter] Starting validation...
[Twitter] Elapsed validation time:1.23s
[Twitter] [Epoch=219] Train Loss=[QuantLoss=0.01979]Val loss = [QuantLoss=0.11351][QuantReg:0.36889]
[Twitter] Starting epoch 220...
[Twitter] Elapsed training time:7.53s
[Twitter] Starting validation...
[Twitter] Elapsed validation time:1.09s
[Twitter] [Epoch=220] Train Loss=[QuantLoss=0.02293]Val loss = [QuantLoss=0.11535][QuantReg:0.36806]
[Twitter] Starting epoch 221...
[Twitter] Elapsed training time:7.66s
[Twitter] Starting validation...
[Twitter] Elapsed validation time:1.18s
[Twitter] [Epoch=221] Train Loss=[QuantLoss=0.01913]Val loss = [QuantLoss=0.10764][QuantReg:0.36858]
[Twitter] Starting epoch 222...
[Twitter] Elapsed training time:7.66s
[Twitter] Starting validation...
[Twitter] Elapsed validation time:1.10s
[Twitter] [Epoch=222] Train Loss=[QuantLoss=0.01908]Val loss = [QuantLoss=0.10571][QuantReg:0.36842]
[Twitter] Starting epoch 223...
[Twitter] Elapsed training time:7.53s
[Twitter] Starting validation...
[Twitter] Elapsed validation time:1.09s
[Twitter] [Epoch=223] Train Loss=[QuantLoss=0.01930]Val loss = [QuantLoss=0.10659][QuantReg:0.36925]
[Twitter] Starting epoch 224...
[Twitter] Elapsed training time:7.48s
[Twitter] Starting validation...
[Twitter] Elapsed validation time:1.19s
[Twitter] [Epoch=224] Train Loss=[QuantLoss=0.02193]Val loss = [QuantLoss=0.11517][QuantReg:0.36819]
[Twitter] Starting epoch 225...
[Twitter] Elapsed training time:7.67s
[Twitter] Starting validation...
[Twitter] Elapsed validation time:1.13s
[Twitter] [Epoch=225] Train Loss=[QuantLoss=0.01754]Val loss = [QuantLoss=0.11048][QuantReg:0.36838]
[Twitter] Starting epoch 226...
[Twitter] Elapsed training time:7.52s
[Twitter] Starting validation...
[Twitter] Elapsed validation time:1.15s
[Twitter] [Epoch=226] Train Loss=[QuantLoss=0.01928]Val loss = [QuantLoss=0.11770][QuantReg:0.36846]
[Twitter] Starting epoch 227...
[Twitter] Elapsed training time:7.59s
[Twitter] Starting validation...
[Twitter] Elapsed validation time:1.11s
[Twitter] [Epoch=227] Train Loss=[QuantLoss=0.01782]Val loss = [QuantLoss=0.10790][QuantReg:0.36864]
[Twitter] Starting epoch 228...
[Twitter] Elapsed training time:7.53s
[Twitter] Starting validation...
[Twitter] Elapsed validation time:1.20s
[Twitter] [Epoch=228] Train Loss=[QuantLoss=0.01824]Val loss = [QuantLoss=0.11646][QuantReg:0.36845]
[Twitter] Starting epoch 229...
[Twitter] Elapsed training time:7.50s
[Twitter] Starting validation...
[Twitter] Elapsed validation time:1.19s
[Twitter] [Epoch=229] Train Loss=[QuantLoss=0.01872]Val loss = [QuantLoss=0.11199][QuantReg:0.36796]
[Twitter] Starting epoch 230...
[Twitter] Elapsed training time:7.46s
[Twitter] Starting validation...
[Twitter] Elapsed validation time:1.31s
[Twitter] [Epoch=230] Train Loss=[QuantLoss=0.01885]Val loss = [QuantLoss=0.11332][QuantReg:0.36947]
[Twitter] Early stopping in epoch 230!
[Twitter] Restoring best model...
MAE médio por bag: 0.0837 ± 0.0327
Salvo em resultados_sanders/resultados_twitter_bert_1.csv
