Dataset: /home/nildaimon/gmnet/experiments/train_curl/Datasets/Sanders/twitter-sanders-apple3.csv
Dificuldade: metric=l1, mode=hardest, top_k=None
Rodada: 1
Salvar resultados em: resultados_sanders
Dispositivo de treino: cuda
Carregando e processando dataset Twitter
Carregando embeddings do cache...
Model savedmodels/twitter_bert_l1_hardest_run1.pkl exists. Loading weights ...
Ignoring val_split as train and val datasets where given to fit function
We have two datasets: training 1092 examples. validation 100 examples.]
Using device cuda
[Twitter] Starting epoch 0...
[Twitter] Elapsed training time:2.48s
[Twitter] Starting validation...
[Twitter] Elapsed validation time:0.37s
[Twitter] [Epoch=000] Train Loss=[QuantLoss=0.03416]Val loss = [QuantLoss=0.08221][QuantReg:0.36211][saved best model in this epoch]
[Twitter] Starting epoch 1...
[Twitter] Elapsed training time:2.39s
[Twitter] Starting validation...
[Twitter] Elapsed validation time:0.39s
[Twitter] [Epoch=001] Train Loss=[QuantLoss=0.03844]Val loss = [QuantLoss=0.05291][QuantReg:0.36208][saved best model in this epoch]
[Twitter] Starting epoch 2...
[Twitter] Elapsed training time:2.43s
[Twitter] Starting validation...
[Twitter] Elapsed validation time:0.41s
[Twitter] [Epoch=002] Train Loss=[QuantLoss=0.03189]Val loss = [QuantLoss=0.07416][QuantReg:0.36614]
[Twitter] Starting epoch 3...
[Twitter] Elapsed training time:2.40s
[Twitter] Starting validation...
[Twitter] Elapsed validation time:0.39s
[Twitter] [Epoch=003] Train Loss=[QuantLoss=0.03663]Val loss = [QuantLoss=0.08186][QuantReg:0.38175]
[Twitter] Starting epoch 4...
[Twitter] Elapsed training time:2.54s
[Twitter] Starting validation...
[Twitter] Elapsed validation time:0.39s
[Twitter] [Epoch=004] Train Loss=[QuantLoss=0.03449]Val loss = [QuantLoss=0.06828][QuantReg:0.39070]
[Twitter] Starting epoch 5...
[Twitter] Elapsed training time:2.47s
[Twitter] Starting validation...
[Twitter] Elapsed validation time:0.24s
[Twitter] [Epoch=005] Train Loss=[QuantLoss=0.03254]Val loss = [QuantLoss=0.19986][QuantReg:0.38273]
[Twitter] Starting epoch 6...
[Twitter] Elapsed training time:2.25s
[Twitter] Starting validation...
[Twitter] Elapsed validation time:0.30s
[Twitter] [Epoch=006] Train Loss=[QuantLoss=0.03414]Val loss = [QuantLoss=0.15184][QuantReg:0.37712]
[Twitter] Starting epoch 7...
[Twitter] Elapsed training time:2.36s
[Twitter] Starting validation...
[Twitter] Elapsed validation time:0.25s
[Twitter] [Epoch=007] Train Loss=[QuantLoss=0.03311]Val loss = [QuantLoss=0.14156][QuantReg:0.37702]
[Twitter] Starting epoch 8...
[Twitter] Elapsed training time:2.49s
[Twitter] Starting validation...
[Twitter] Elapsed validation time:0.27s
[Twitter] [Epoch=008] Train Loss=[QuantLoss=0.03213]Val loss = [QuantLoss=0.12892][QuantReg:0.37453]
[Twitter] Starting epoch 9...
[Twitter] Elapsed training time:2.32s
[Twitter] Starting validation...
[Twitter] Elapsed validation time:0.29s
[Twitter] [Epoch=009] Train Loss=[QuantLoss=0.03131]Val loss = [QuantLoss=0.10386][QuantReg:0.37982]
[Twitter] Starting epoch 10...
[Twitter] Elapsed training time:2.37s
[Twitter] Starting validation...
[Twitter] Elapsed validation time:0.26s
[Twitter] [Epoch=010] Train Loss=[QuantLoss=0.03111]Val loss = [QuantLoss=0.12259][QuantReg:0.38507]
[Twitter] Starting epoch 11...
[Twitter] Elapsed training time:2.33s
[Twitter] Starting validation...
[Twitter] Elapsed validation time:0.36s
[Twitter] [Epoch=011] Train Loss=[QuantLoss=0.03188]Val loss = [QuantLoss=0.15426][QuantReg:0.38877]
[Twitter] Starting epoch 12...
[Twitter] Elapsed training time:2.35s
[Twitter] Starting validation...
[Twitter] Elapsed validation time:0.29s
[Twitter] [Epoch=012] Train Loss=[QuantLoss=0.03212]Val loss = [QuantLoss=0.15154][QuantReg:0.38224]
[Twitter] Starting epoch 13...
[Twitter] Elapsed training time:2.41s
[Twitter] Starting validation...
[Twitter] Elapsed validation time:0.26s
[Twitter] [Epoch=013] Train Loss=[QuantLoss=0.02924]Val loss = [QuantLoss=0.22228][QuantReg:0.38587]
[Twitter] Starting epoch 14...
[Twitter] Elapsed training time:2.51s
[Twitter] Starting validation...
[Twitter] Elapsed validation time:0.28s
[Twitter] [Epoch=014] Train Loss=[QuantLoss=0.03279]Val loss = [QuantLoss=0.14634][QuantReg:0.38294]
[Twitter] Starting epoch 15...
[Twitter] Elapsed training time:2.40s
[Twitter] Starting validation...
[Twitter] Elapsed validation time:0.25s
[Twitter] [Epoch=015] Train Loss=[QuantLoss=0.03147]Val loss = [QuantLoss=0.14362][QuantReg:0.38112]
[Twitter] Starting epoch 16...
[Twitter] Elapsed training time:2.38s
[Twitter] Starting validation...
[Twitter] Elapsed validation time:0.33s
[Twitter] [Epoch=016] Train Loss=[QuantLoss=0.03383]Val loss = [QuantLoss=0.11343][QuantReg:0.37498]
[Twitter] Starting epoch 17...
[Twitter] Elapsed training time:2.43s
[Twitter] Starting validation...
[Twitter] Elapsed validation time:0.29s
[Twitter] [Epoch=017] Train Loss=[QuantLoss=0.02997]Val loss = [QuantLoss=0.09792][QuantReg:0.37032]
[Twitter] Starting epoch 18...
[Twitter] Elapsed training time:2.47s
[Twitter] Starting validation...
[Twitter] Elapsed validation time:0.28s
[Twitter] [Epoch=018] Train Loss=[QuantLoss=0.03640]Val loss = [QuantLoss=0.12132][QuantReg:0.36176]
[Twitter] Starting epoch 19...
[Twitter] Elapsed training time:2.34s
[Twitter] Starting validation...
[Twitter] Elapsed validation time:0.30s
[Twitter] [Epoch=019] Train Loss=[QuantLoss=0.03062]Val loss = [QuantLoss=0.09349][QuantReg:0.35846]
[Twitter] Starting epoch 20...
[Twitter] Elapsed training time:2.47s
[Twitter] Starting validation...
[Twitter] Elapsed validation time:0.31s
[Twitter] [Epoch=020] Train Loss=[QuantLoss=0.03136]Val loss = [QuantLoss=0.13549][QuantReg:0.36124]
[Twitter] Starting epoch 21...
[Twitter] Elapsed training time:2.55s
[Twitter] Starting validation...
[Twitter] Elapsed validation time:0.35s
[Twitter] [Epoch=021] Train Loss=[QuantLoss=0.03113]Val loss = [QuantLoss=0.09417][QuantReg:0.35996]
[Twitter] Starting epoch 22...
[Twitter] Elapsed training time:2.51s
[Twitter] Starting validation...
[Twitter] Elapsed validation time:0.34s
[Twitter] [Epoch=022] Train Loss=[QuantLoss=0.03187]Val loss = [QuantLoss=0.13190][QuantReg:0.36078]
[Twitter] Starting epoch 23...
[Twitter] Elapsed training time:2.33s
[Twitter] Starting validation...
[Twitter] Elapsed validation time:0.32s
[Twitter] [Epoch=023] Train Loss=[QuantLoss=0.02834]Val loss = [QuantLoss=0.15725][QuantReg:0.36143]
[Twitter] Starting epoch 24...
[Twitter] Elapsed training time:2.51s
[Twitter] Starting validation...
[Twitter] Elapsed validation time:0.30s
[Twitter] [Epoch=024] Train Loss=[QuantLoss=0.03053]Val loss = [QuantLoss=0.19247][QuantReg:0.35981]
[Twitter] Starting epoch 25...
[Twitter] Elapsed training time:2.53s
[Twitter] Starting validation...
[Twitter] Elapsed validation time:0.27s
[Twitter] [Epoch=025] Train Loss=[QuantLoss=0.02889]Val loss = [QuantLoss=0.17501][QuantReg:0.35544]
[Twitter] Starting epoch 26...
[Twitter] Elapsed training time:2.36s
[Twitter] Starting validation...
[Twitter] Elapsed validation time:0.30s
[Twitter] [Epoch=026] Train Loss=[QuantLoss=0.02799]Val loss = [QuantLoss=0.21296][QuantReg:0.35567]
[Twitter] Starting epoch 27...
[Twitter] Elapsed training time:2.49s
[Twitter] Starting validation...
[Twitter] Elapsed validation time:0.28s
[Twitter] [Epoch=027] Train Loss=[QuantLoss=0.02806]Val loss = [QuantLoss=0.18462][QuantReg:0.35490]
[Twitter] Starting epoch 28...
[Twitter] Elapsed training time:2.34s
[Twitter] Starting validation...
[Twitter] Elapsed validation time:0.27s
[Twitter] [Epoch=028] Train Loss=[QuantLoss=0.02751]Val loss = [QuantLoss=0.18452][QuantReg:0.35375]
[Twitter] Starting epoch 29...
[Twitter] Elapsed training time:2.36s
[Twitter] Starting validation...
[Twitter] Elapsed validation time:0.30s
[Twitter] [Epoch=029] Train Loss=[QuantLoss=0.02683]Val loss = [QuantLoss=0.16435][QuantReg:0.35069]
[Twitter] Starting epoch 30...
[Twitter] Elapsed training time:2.50s
[Twitter] Starting validation...
[Twitter] Elapsed validation time:0.33s
[Twitter] [Epoch=030] Train Loss=[QuantLoss=0.02640]Val loss = [QuantLoss=0.19868][QuantReg:0.35028]
[Twitter] Starting epoch 31...
[Twitter] Elapsed training time:2.50s
[Twitter] Starting validation...
[Twitter] Elapsed validation time:0.31s
[Twitter] [Epoch=031] Train Loss=[QuantLoss=0.02779]Val loss = [QuantLoss=0.17173][QuantReg:0.34524]
[Twitter] Starting epoch 32...
[Twitter] Elapsed training time:2.39s
[Twitter] Starting validation...
[Twitter] Elapsed validation time:0.29s
[Twitter] [Epoch=032] Train Loss=[QuantLoss=0.02742]Val loss = [QuantLoss=0.15872][QuantReg:0.34211]
[Twitter] Starting epoch 33...
[Twitter] Elapsed training time:2.50s
[Twitter] Starting validation...
[Twitter] Elapsed validation time:0.28s
[Twitter] [Epoch=033] Train Loss=[QuantLoss=0.02569]Val loss = [QuantLoss=0.14327][QuantReg:0.34400]
[Twitter] Starting epoch 34...
[Twitter] Elapsed training time:2.38s
[Twitter] Starting validation...
[Twitter] Elapsed validation time:0.29s
[Twitter] [Epoch=034] Train Loss=[QuantLoss=0.02778]Val loss = [QuantLoss=0.13674][QuantReg:0.34391]
[Twitter] Starting epoch 35...
[Twitter] Elapsed training time:2.32s
[Twitter] Starting validation...
[Twitter] Elapsed validation time:0.24s
[Twitter] [Epoch=035] Train Loss=[QuantLoss=0.02758]Val loss = [QuantLoss=0.14757][QuantReg:0.34374]
[Twitter] Starting epoch 36...
[Twitter] Elapsed training time:2.37s
[Twitter] Starting validation...
[Twitter] Elapsed validation time:0.29s
[Twitter] [Epoch=036] Train Loss=[QuantLoss=0.02671]Val loss = [QuantLoss=0.18744][QuantReg:0.34456]
[Twitter] Starting epoch 37...
[Twitter] Elapsed training time:2.53s
[Twitter] Starting validation...
[Twitter] Elapsed validation time:0.34s
[Twitter] [Epoch=037] Train Loss=[QuantLoss=0.02628]Val loss = [QuantLoss=0.13776][QuantReg:0.34712]
[Twitter] Starting epoch 38...
[Twitter] Elapsed training time:2.40s
[Twitter] Starting validation...
[Twitter] Elapsed validation time:0.27s
[Twitter] [Epoch=038] Train Loss=[QuantLoss=0.02788]Val loss = [QuantLoss=0.14736][QuantReg:0.34515]
[Twitter] Starting epoch 39...
[Twitter] Elapsed training time:2.37s
[Twitter] Starting validation...
[Twitter] Elapsed validation time:0.34s
[Twitter] [Epoch=039] Train Loss=[QuantLoss=0.02620]Val loss = [QuantLoss=0.16580][QuantReg:0.34372]
[Twitter] Starting epoch 40...
[Twitter] Elapsed training time:2.37s
[Twitter] Starting validation...
[Twitter] Elapsed validation time:0.25s
[Twitter] [Epoch=040] Train Loss=[QuantLoss=0.02640]Val loss = [QuantLoss=0.13206][QuantReg:0.34535]
[Twitter] Starting epoch 41...
[Twitter] Elapsed training time:2.34s
[Twitter] Starting validation...
[Twitter] Elapsed validation time:0.29s
[Twitter] [Epoch=041] Train Loss=[QuantLoss=0.02768]Val loss = [QuantLoss=0.14674][QuantReg:0.34300]
[Twitter] Starting epoch 42...
[Twitter] Elapsed training time:2.40s
[Twitter] Starting validation...
[Twitter] Elapsed validation time:0.30s
[Twitter] [Epoch=042] Train Loss=[QuantLoss=0.02540]Val loss = [QuantLoss=0.14724][QuantReg:0.34622]
[Twitter] Starting epoch 43...
[Twitter] Elapsed training time:2.35s
[Twitter] Starting validation...
[Twitter] Elapsed validation time:0.26s
[Twitter] [Epoch=043] Train Loss=[QuantLoss=0.02941]Val loss = [QuantLoss=0.14166][QuantReg:0.34032]
[Twitter] Starting epoch 44...
[Twitter] Elapsed training time:2.36s
[Twitter] Starting validation...
[Twitter] Elapsed validation time:0.30s
[Twitter] [Epoch=044] Train Loss=[QuantLoss=0.02479]Val loss = [QuantLoss=0.13932][QuantReg:0.34330]
[Twitter] Starting epoch 45...
[Twitter] Elapsed training time:2.49s
[Twitter] Starting validation...
[Twitter] Elapsed validation time:0.31s
[Twitter] [Epoch=045] Train Loss=[QuantLoss=0.02262]Val loss = [QuantLoss=0.13625][QuantReg:0.34474]
[Twitter] Starting epoch 46...
[Twitter] Elapsed training time:2.50s
[Twitter] Starting validation...
[Twitter] Elapsed validation time:0.30s
[Twitter] [Epoch=046] Train Loss=[QuantLoss=0.02345]Val loss = [QuantLoss=0.14181][QuantReg:0.34624]
[Twitter] Starting epoch 47...
[Twitter] Elapsed training time:2.52s
[Twitter] Starting validation...
[Twitter] Elapsed validation time:0.30s
[Twitter] [Epoch=047] Train Loss=[QuantLoss=0.02349]Val loss = [QuantLoss=0.15285][QuantReg:0.34632]
[Twitter] Starting epoch 48...
[Twitter] Elapsed training time:2.41s
[Twitter] Starting validation...
[Twitter] Elapsed validation time:0.34s
[Twitter] [Epoch=048] Train Loss=[QuantLoss=0.02358]Val loss = [QuantLoss=0.15300][QuantReg:0.34553]
[Twitter] Starting epoch 49...
[Twitter] Elapsed training time:2.36s
[Twitter] Starting validation...
[Twitter] Elapsed validation time:0.34s
[Twitter] [Epoch=049] Train Loss=[QuantLoss=0.02437]Val loss = [QuantLoss=0.13922][QuantReg:0.34610]
[Twitter] Starting epoch 50...
[Twitter] Elapsed training time:2.36s
[Twitter] Starting validation...
[Twitter] Elapsed validation time:0.30s
[Twitter] [Epoch=050] Train Loss=[QuantLoss=0.02301]Val loss = [QuantLoss=0.18321][QuantReg:0.34474]
[Twitter] Starting epoch 51...
[Twitter] Elapsed training time:2.49s
[Twitter] Starting validation...
[Twitter] Elapsed validation time:0.28s
[Twitter] [Epoch=051] Train Loss=[QuantLoss=0.02472]Val loss = [QuantLoss=0.18503][QuantReg:0.34324]
[Twitter] Starting epoch 52...
[Twitter] Elapsed training time:2.47s
[Twitter] Starting validation...
[Twitter] Elapsed validation time:0.27s
[Twitter] [Epoch=052] Train Loss=[QuantLoss=0.02396]Val loss = [QuantLoss=0.14606][QuantReg:0.34284]
[Twitter] Starting epoch 53...
[Twitter] Elapsed training time:2.46s
[Twitter] Starting validation...
[Twitter] Elapsed validation time:0.25s
[Twitter] [Epoch=053] Train Loss=[QuantLoss=0.02289]Val loss = [QuantLoss=0.16292][QuantReg:0.34342]
[Twitter] Starting epoch 54...
[Twitter] Elapsed training time:2.38s
[Twitter] Starting validation...
[Twitter] Elapsed validation time:0.32s
[Twitter] [Epoch=054] Train Loss=[QuantLoss=0.02112]Val loss = [QuantLoss=0.16750][QuantReg:0.34545]
[Twitter] Starting epoch 55...
[Twitter] Elapsed training time:2.55s
[Twitter] Starting validation...
[Twitter] Elapsed validation time:0.28s
[Twitter] [Epoch=055] Train Loss=[QuantLoss=0.02279]Val loss = [QuantLoss=0.14708][QuantReg:0.34482]
[Twitter] Starting epoch 56...
[Twitter] Elapsed training time:2.38s
[Twitter] Starting validation...
[Twitter] Elapsed validation time:0.31s
[Twitter] [Epoch=056] Train Loss=[QuantLoss=0.02477]Val loss = [QuantLoss=0.16881][QuantReg:0.34471]
[Twitter] Starting epoch 57...
[Twitter] Elapsed training time:2.56s
[Twitter] Starting validation...
[Twitter] Elapsed validation time:0.28s
[Twitter] [Epoch=057] Train Loss=[QuantLoss=0.02361]Val loss = [QuantLoss=0.14739][QuantReg:0.34385]
[Twitter] Starting epoch 58...
[Twitter] Elapsed training time:2.37s
[Twitter] Starting validation...
[Twitter] Elapsed validation time:0.30s
[Twitter] [Epoch=058] Train Loss=[QuantLoss=0.02791]Val loss = [QuantLoss=0.12147][QuantReg:0.34550]
[Twitter] Starting epoch 59...
[Twitter] Elapsed training time:2.39s
[Twitter] Starting validation...
[Twitter] Elapsed validation time:0.25s
[Twitter] [Epoch=059] Train Loss=[QuantLoss=0.02234]Val loss = [QuantLoss=0.14476][QuantReg:0.34276]
[Twitter] Starting epoch 60...
[Twitter] Elapsed training time:2.38s
[Twitter] Starting validation...
[Twitter] Elapsed validation time:0.25s
[Twitter] [Epoch=060] Train Loss=[QuantLoss=0.02278]Val loss = [QuantLoss=0.14934][QuantReg:0.34551]
[Twitter] Starting epoch 61...
[Twitter] Elapsed training time:2.36s
[Twitter] Starting validation...
[Twitter] Elapsed validation time:0.26s
[Twitter] [Epoch=061] Train Loss=[QuantLoss=0.02548]Val loss = [QuantLoss=0.18624][QuantReg:0.34534]
[Twitter] Starting epoch 62...
[Twitter] Elapsed training time:2.35s
[Twitter] Starting validation...
[Twitter] Elapsed validation time:0.30s
[Twitter] [Epoch=062] Train Loss=[QuantLoss=0.02240]Val loss = [QuantLoss=0.19886][QuantReg:0.34624]
[Twitter] Starting epoch 63...
[Twitter] Elapsed training time:2.38s
[Twitter] Starting validation...
[Twitter] Elapsed validation time:0.30s
[Twitter] [Epoch=063] Train Loss=[QuantLoss=0.02072]Val loss = [QuantLoss=0.18639][QuantReg:0.34334]
[Twitter] Starting epoch 64...
[Twitter] Elapsed training time:2.40s
[Twitter] Starting validation...
[Twitter] Elapsed validation time:0.28s
[Twitter] [Epoch=064] Train Loss=[QuantLoss=0.02214]Val loss = [QuantLoss=0.21644][QuantReg:0.34308]
[Twitter] Starting epoch 65...
[Twitter] Elapsed training time:2.54s
[Twitter] Starting validation...
[Twitter] Elapsed validation time:0.30s
[Twitter] [Epoch=065] Train Loss=[QuantLoss=0.02179]Val loss = [QuantLoss=0.21009][QuantReg:0.34425]
[Twitter] Starting epoch 66...
[Twitter] Elapsed training time:2.34s
[Twitter] Starting validation...
[Twitter] Elapsed validation time:0.37s
[Twitter] [Epoch=066] Train Loss=[QuantLoss=0.02388]Val loss = [QuantLoss=0.19061][QuantReg:0.34399]
[Twitter] Starting epoch 67...
[Twitter] Elapsed training time:2.36s
[Twitter] Starting validation...
[Twitter] Elapsed validation time:0.33s
[Twitter] [Epoch=067] Train Loss=[QuantLoss=0.02112]Val loss = [QuantLoss=0.17196][QuantReg:0.34380]
[Twitter] Starting epoch 68...
[Twitter] Elapsed training time:2.36s
[Twitter] Starting validation...
[Twitter] Elapsed validation time:0.40s
[Twitter] [Epoch=068] Train Loss=[QuantLoss=0.02089]Val loss = [QuantLoss=0.15726][QuantReg:0.34338]
[Twitter] Starting epoch 69...
[Twitter] Elapsed training time:2.40s
[Twitter] Starting validation...
[Twitter] Elapsed validation time:0.33s
[Twitter] [Epoch=069] Train Loss=[QuantLoss=0.02246]Val loss = [QuantLoss=0.15570][QuantReg:0.34483]
[Twitter] Starting epoch 70...
[Twitter] Elapsed training time:2.43s
[Twitter] Starting validation...
[Twitter] Elapsed validation time:0.39s
[Twitter] [Epoch=070] Train Loss=[QuantLoss=0.02160]Val loss = [QuantLoss=0.18220][QuantReg:0.34529]
[Twitter] Starting epoch 71...
[Twitter] Elapsed training time:2.40s
[Twitter] Starting validation...
[Twitter] Elapsed validation time:0.30s
[Twitter] [Epoch=071] Train Loss=[QuantLoss=0.02144]Val loss = [QuantLoss=0.17470][QuantReg:0.34438]
[Twitter] Starting epoch 72...
[Twitter] Elapsed training time:2.39s
[Twitter] Starting validation...
[Twitter] Elapsed validation time:0.39s
[Twitter] [Epoch=072] Train Loss=[QuantLoss=0.01996]Val loss = [QuantLoss=0.18740][QuantReg:0.34507]
[Twitter] Starting epoch 73...
[Twitter] Elapsed training time:2.40s
[Twitter] Starting validation...
[Twitter] Elapsed validation time:0.41s
[Twitter] [Epoch=073] Train Loss=[QuantLoss=0.02252]Val loss = [QuantLoss=0.18356][QuantReg:0.34700]
[Twitter] Starting epoch 74...
[Twitter] Elapsed training time:2.40s
[Twitter] Starting validation...
[Twitter] Elapsed validation time:0.38s
[Twitter] [Epoch=074] Train Loss=[QuantLoss=0.02375]Val loss = [QuantLoss=0.17187][QuantReg:0.34636]
[Twitter] Starting epoch 75...
[Twitter] Elapsed training time:2.39s
[Twitter] Starting validation...
[Twitter] Elapsed validation time:0.41s
[Twitter] [Epoch=075] Train Loss=[QuantLoss=0.02338]Val loss = [QuantLoss=0.17505][QuantReg:0.34768]
[Twitter] Starting epoch 76...
[Twitter] Elapsed training time:2.48s
[Twitter] Starting validation...
[Twitter] Elapsed validation time:0.31s
[Twitter] [Epoch=076] Train Loss=[QuantLoss=0.02059]Val loss = [QuantLoss=0.18041][QuantReg:0.34767]
[Twitter] Starting epoch 77...
[Twitter] Elapsed training time:2.48s
[Twitter] Starting validation...
[Twitter] Elapsed validation time:0.38s
[Twitter] [Epoch=077] Train Loss=[QuantLoss=0.02072]Val loss = [QuantLoss=0.17714][QuantReg:0.34835]
[Twitter] Starting epoch 78...
[Twitter] Elapsed training time:2.36s
[Twitter] Starting validation...
[Twitter] Elapsed validation time:0.31s
[Twitter] [Epoch=078] Train Loss=[QuantLoss=0.02128]Val loss = [QuantLoss=0.16385][QuantReg:0.34678]
[Twitter] Starting epoch 79...
[Twitter] Elapsed training time:2.40s
[Twitter] Starting validation...
[Twitter] Elapsed validation time:0.33s
[Twitter] [Epoch=079] Train Loss=[QuantLoss=0.02235]Val loss = [QuantLoss=0.16912][QuantReg:0.34887]
[Twitter] Starting epoch 80...
[Twitter] Elapsed training time:2.36s
[Twitter] Starting validation...
[Twitter] Elapsed validation time:0.42s
[Twitter] [Epoch=080] Train Loss=[QuantLoss=0.01958]Val loss = [QuantLoss=0.20413][QuantReg:0.34824]
[Twitter] Starting epoch 81...
[Twitter] Elapsed training time:2.53s
[Twitter] Starting validation...
[Twitter] Elapsed validation time:0.33s
[Twitter] [Epoch=081] Train Loss=[QuantLoss=0.02385]Val loss = [QuantLoss=0.18547][QuantReg:0.34586]
[Twitter] Starting epoch 82...
[Twitter] Elapsed training time:2.40s
[Twitter] Starting validation...
[Twitter] Elapsed validation time:0.37s
[Twitter] [Epoch=082] Train Loss=[QuantLoss=0.02059]Val loss = [QuantLoss=0.18186][QuantReg:0.34609]
[Twitter] Starting epoch 83...
[Twitter] Elapsed training time:2.40s
[Twitter] Starting validation...
[Twitter] Elapsed validation time:0.38s
[Twitter] [Epoch=083] Train Loss=[QuantLoss=0.02123]Val loss = [QuantLoss=0.17734][QuantReg:0.34463]
[Twitter] Starting epoch 84...
[Twitter] Elapsed training time:2.49s
[Twitter] Starting validation...
[Twitter] Elapsed validation time:0.37s
[Twitter] [Epoch=084] Train Loss=[QuantLoss=0.02150]Val loss = [QuantLoss=0.23464][QuantReg:0.34443]
[Twitter] Starting epoch 85...
[Twitter] Elapsed training time:2.45s
[Twitter] Starting validation...
[Twitter] Elapsed validation time:0.40s
[Twitter] [Epoch=085] Train Loss=[QuantLoss=0.02174]Val loss = [QuantLoss=0.18144][QuantReg:0.34615]
[Twitter] Starting epoch 86...
[Twitter] Elapsed training time:2.29s
[Twitter] Starting validation...
[Twitter] Elapsed validation time:0.39s
[Twitter] [Epoch=086] Train Loss=[QuantLoss=0.01945]Val loss = [QuantLoss=0.17396][QuantReg:0.34493]
[Twitter] Starting epoch 87...
[Twitter] Elapsed training time:2.40s
[Twitter] Starting validation...
[Twitter] Elapsed validation time:0.39s
[Twitter] [Epoch=087] Train Loss=[QuantLoss=0.01946]Val loss = [QuantLoss=0.17151][QuantReg:0.34517]
[Twitter] Starting epoch 88...
[Twitter] Elapsed training time:2.32s
[Twitter] Starting validation...
[Twitter] Elapsed validation time:0.40s
[Twitter] [Epoch=088] Train Loss=[QuantLoss=0.01994]Val loss = [QuantLoss=0.19006][QuantReg:0.34501]
[Twitter] Starting epoch 89...
[Twitter] Elapsed training time:2.42s
[Twitter] Starting validation...
[Twitter] Elapsed validation time:0.41s
[Twitter] [Epoch=089] Train Loss=[QuantLoss=0.01993]Val loss = [QuantLoss=0.17857][QuantReg:0.34350]
[Twitter] Starting epoch 90...
[Twitter] Elapsed training time:2.39s
[Twitter] Starting validation...
[Twitter] Elapsed validation time:0.39s
[Twitter] [Epoch=090] Train Loss=[QuantLoss=0.02047]Val loss = [QuantLoss=0.21099][QuantReg:0.34438]
[Twitter] Starting epoch 91...
[Twitter] Elapsed training time:2.55s
[Twitter] Starting validation...
[Twitter] Elapsed validation time:0.33s
[Twitter] [Epoch=091] Train Loss=[QuantLoss=0.02170]Val loss = [QuantLoss=0.16880][QuantReg:0.34440]
[Twitter] Starting epoch 92...
[Twitter] Elapsed training time:2.38s
[Twitter] Starting validation...
[Twitter] Elapsed validation time:0.39s
[Twitter] [Epoch=092] Train Loss=[QuantLoss=0.02047]Val loss = [QuantLoss=0.18153][QuantReg:0.34248]
[Twitter] Starting epoch 93...
[Twitter] Elapsed training time:2.44s
[Twitter] Starting validation...
[Twitter] Elapsed validation time:0.39s
[Twitter] [Epoch=093] Train Loss=[QuantLoss=0.02134]Val loss = [QuantLoss=0.17762][QuantReg:0.34553]
[Twitter] Starting epoch 94...
[Twitter] Elapsed training time:2.42s
[Twitter] Starting validation...
[Twitter] Elapsed validation time:0.32s
[Twitter] [Epoch=094] Train Loss=[QuantLoss=0.01940]Val loss = [QuantLoss=0.17392][QuantReg:0.34398]
[Twitter] Starting epoch 95...
[Twitter] Elapsed training time:2.40s
[Twitter] Starting validation...
[Twitter] Elapsed validation time:0.32s
[Twitter] [Epoch=095] Train Loss=[QuantLoss=0.02024]Val loss = [QuantLoss=0.16986][QuantReg:0.34500]
[Twitter] Starting epoch 96...
[Twitter] Elapsed training time:2.34s
[Twitter] Starting validation...
[Twitter] Elapsed validation time:0.38s
[Twitter] [Epoch=096] Train Loss=[QuantLoss=0.01938]Val loss = [QuantLoss=0.17221][QuantReg:0.34479]
[Twitter] Starting epoch 97...
[Twitter] Elapsed training time:2.36s
[Twitter] Starting validation...
[Twitter] Elapsed validation time:0.39s
[Twitter] [Epoch=097] Train Loss=[QuantLoss=0.02147]Val loss = [QuantLoss=0.18185][QuantReg:0.34585]
[Twitter] Starting epoch 98...
[Twitter] Elapsed training time:2.36s
[Twitter] Starting validation...
[Twitter] Elapsed validation time:0.34s
[Twitter] [Epoch=098] Train Loss=[QuantLoss=0.02092]Val loss = [QuantLoss=0.17775][QuantReg:0.34503]
[Twitter] Starting epoch 99...
[Twitter] Elapsed training time:2.51s
[Twitter] Starting validation...
[Twitter] Elapsed validation time:0.35s
[Twitter] [Epoch=099] Train Loss=[QuantLoss=0.01791]Val loss = [QuantLoss=0.17170][QuantReg:0.34593]
[Twitter] Starting epoch 100...
[Twitter] Elapsed training time:2.45s
[Twitter] Starting validation...
[Twitter] Elapsed validation time:0.32s
[Twitter] [Epoch=100] Train Loss=[QuantLoss=0.02167]Val loss = [QuantLoss=0.17989][QuantReg:0.34640]
[Twitter] Starting epoch 101...
[Twitter] Elapsed training time:2.40s
[Twitter] Starting validation...
[Twitter] Elapsed validation time:0.38s
[Twitter] [Epoch=101] Train Loss=[QuantLoss=0.02077]Val loss = [QuantLoss=0.18442][QuantReg:0.34410]
[Twitter] Starting epoch 102...
[Twitter] Elapsed training time:2.39s
[Twitter] Starting validation...
[Twitter] Elapsed validation time:0.39s
[Twitter] [Epoch=102] Train Loss=[QuantLoss=0.02125]Val loss = [QuantLoss=0.17494][QuantReg:0.34511]
[Twitter] Starting epoch 103...
[Twitter] Elapsed training time:2.58s
[Twitter] Starting validation...
[Twitter] Elapsed validation time:0.37s
[Twitter] [Epoch=103] Train Loss=[QuantLoss=0.01924]Val loss = [QuantLoss=0.16855][QuantReg:0.34501]
[Twitter] Starting epoch 104...
[Twitter] Elapsed training time:2.44s
[Twitter] Starting validation...
[Twitter] Elapsed validation time:0.38s
[Twitter] [Epoch=104] Train Loss=[QuantLoss=0.01973]Val loss = [QuantLoss=0.19246][QuantReg:0.34457]
[Twitter] Starting epoch 105...
[Twitter] Elapsed training time:2.38s
[Twitter] Starting validation...
[Twitter] Elapsed validation time:0.34s
[Twitter] [Epoch=105] Train Loss=[QuantLoss=0.01934]Val loss = [QuantLoss=0.16032][QuantReg:0.34478]
[Twitter] Starting epoch 106...
[Twitter] Elapsed training time:2.36s
[Twitter] Starting validation...
[Twitter] Elapsed validation time:0.40s
[Twitter] [Epoch=106] Train Loss=[QuantLoss=0.01941]Val loss = [QuantLoss=0.17408][QuantReg:0.34611]
[Twitter] Starting epoch 107...
[Twitter] Elapsed training time:2.41s
[Twitter] Starting validation...
[Twitter] Elapsed validation time:0.38s
[Twitter] [Epoch=107] Train Loss=[QuantLoss=0.02070]Val loss = [QuantLoss=0.17458][QuantReg:0.34529]
[Twitter] Starting epoch 108...
[Twitter] Elapsed training time:2.59s
[Twitter] Starting validation...
[Twitter] Elapsed validation time:0.37s
[Twitter] [Epoch=108] Train Loss=[QuantLoss=0.02087]Val loss = [QuantLoss=0.17266][QuantReg:0.34541]
[Twitter] Starting epoch 109...
[Twitter] Elapsed training time:2.57s
[Twitter] Starting validation...
[Twitter] Elapsed validation time:0.39s
[Twitter] [Epoch=109] Train Loss=[QuantLoss=0.01891]Val loss = [QuantLoss=0.16765][QuantReg:0.34510]
[Twitter] Starting epoch 110...
[Twitter] Elapsed training time:2.55s
[Twitter] Starting validation...
[Twitter] Elapsed validation time:0.39s
[Twitter] [Epoch=110] Train Loss=[QuantLoss=0.01674]Val loss = [QuantLoss=0.17056][QuantReg:0.34424]
[Twitter] Starting epoch 111...
[Twitter] Elapsed training time:2.37s
[Twitter] Starting validation...
[Twitter] Elapsed validation time:0.41s
[Twitter] [Epoch=111] Train Loss=[QuantLoss=0.01866]Val loss = [QuantLoss=0.16706][QuantReg:0.34474]
[Twitter] Starting epoch 112...
[Twitter] Elapsed training time:2.61s
[Twitter] Starting validation...
[Twitter] Elapsed validation time:0.40s
[Twitter] [Epoch=112] Train Loss=[QuantLoss=0.01996]Val loss = [QuantLoss=0.17185][QuantReg:0.34471]
[Twitter] Starting epoch 113...
[Twitter] Elapsed training time:2.56s
[Twitter] Starting validation...
[Twitter] Elapsed validation time:0.37s
[Twitter] [Epoch=113] Train Loss=[QuantLoss=0.02013]Val loss = [QuantLoss=0.19169][QuantReg:0.34322]
[Twitter] Starting epoch 114...
[Twitter] Elapsed training time:2.46s
[Twitter] Starting validation...
[Twitter] Elapsed validation time:0.40s
[Twitter] [Epoch=114] Train Loss=[QuantLoss=0.01905]Val loss = [QuantLoss=0.17479][QuantReg:0.34346]
[Twitter] Starting epoch 115...
[Twitter] Elapsed training time:2.35s
[Twitter] Starting validation...
[Twitter] Elapsed validation time:0.34s
[Twitter] [Epoch=115] Train Loss=[QuantLoss=0.02056]Val loss = [QuantLoss=0.16898][QuantReg:0.34450]
[Twitter] Starting epoch 116...
[Twitter] Elapsed training time:2.46s
[Twitter] Starting validation...
[Twitter] Elapsed validation time:0.41s
[Twitter] [Epoch=116] Train Loss=[QuantLoss=0.01779]Val loss = [QuantLoss=0.18020][QuantReg:0.34458]
[Twitter] Starting epoch 117...
[Twitter] Elapsed training time:2.53s
[Twitter] Starting validation...
[Twitter] Elapsed validation time:0.38s
[Twitter] [Epoch=117] Train Loss=[QuantLoss=0.01917]Val loss = [QuantLoss=0.17068][QuantReg:0.34452]
[Twitter] Starting epoch 118...
[Twitter] Elapsed training time:2.39s
[Twitter] Starting validation...
[Twitter] Elapsed validation time:0.40s
[Twitter] [Epoch=118] Train Loss=[QuantLoss=0.02073]Val loss = [QuantLoss=0.18172][QuantReg:0.34486]
[Twitter] Starting epoch 119...
[Twitter] Elapsed training time:2.38s
[Twitter] Starting validation...
[Twitter] Elapsed validation time:0.38s
[Twitter] [Epoch=119] Train Loss=[QuantLoss=0.01898]Val loss = [QuantLoss=0.17807][QuantReg:0.34306]
[Twitter] Starting epoch 120...
[Twitter] Elapsed training time:2.35s
[Twitter] Starting validation...
[Twitter] Elapsed validation time:0.40s
[Twitter] [Epoch=120] Train Loss=[QuantLoss=0.01999]Val loss = [QuantLoss=0.17721][QuantReg:0.34508]
[Twitter] Starting epoch 121...
[Twitter] Elapsed training time:2.35s
[Twitter] Starting validation...
[Twitter] Elapsed validation time:0.36s
[Twitter] [Epoch=121] Train Loss=[QuantLoss=0.02063]Val loss = [QuantLoss=0.18790][QuantReg:0.34267]
[Twitter] Starting epoch 122...
[Twitter] Elapsed training time:2.53s
[Twitter] Starting validation...
[Twitter] Elapsed validation time:0.38s
[Twitter] [Epoch=122] Train Loss=[QuantLoss=0.02003]Val loss = [QuantLoss=0.18739][QuantReg:0.34437]
[Twitter] Starting epoch 123...
[Twitter] Elapsed training time:2.53s
[Twitter] Starting validation...
[Twitter] Elapsed validation time:0.37s
[Twitter] [Epoch=123] Train Loss=[QuantLoss=0.01797]Val loss = [QuantLoss=0.18765][QuantReg:0.34508]
[Twitter] Starting epoch 124...
[Twitter] Elapsed training time:2.52s
[Twitter] Starting validation...
[Twitter] Elapsed validation time:0.34s
[Twitter] [Epoch=124] Train Loss=[QuantLoss=0.02010]Val loss = [QuantLoss=0.17219][QuantReg:0.34541]
[Twitter] Starting epoch 125...
[Twitter] Elapsed training time:2.33s
[Twitter] Starting validation...
[Twitter] Elapsed validation time:0.32s
[Twitter] [Epoch=125] Train Loss=[QuantLoss=0.01932]Val loss = [QuantLoss=0.17335][QuantReg:0.34382]
[Twitter] Starting epoch 126...
[Twitter] Elapsed training time:2.54s
[Twitter] Starting validation...
[Twitter] Elapsed validation time:0.40s
[Twitter] [Epoch=126] Train Loss=[QuantLoss=0.02093]Val loss = [QuantLoss=0.17920][QuantReg:0.34466]
[Twitter] Starting epoch 127...
[Twitter] Elapsed training time:2.40s
[Twitter] Starting validation...
[Twitter] Elapsed validation time:0.40s
[Twitter] [Epoch=127] Train Loss=[QuantLoss=0.01953]Val loss = [QuantLoss=0.17012][QuantReg:0.34443]
[Twitter] Early stopping in epoch 127!
[Twitter] Restoring best model...
MAE médio por bag: 0.1657 ± 0.0783
Salvo em resultados_sanders/resultados_twitter_bert_l1_hardest_1.csv
