Dataset: /home/nildaimon/gmnet/experiments/train_curl/Datasets/Sanders/twitter-sanders-apple3.csv
Dificuldade: metric=kl, mode=easiest, top_k=None
Rodada: 5
Salvar resultados em: resultados_sanders
Dispositivo de treino: cpu
Carregando e processando dataset Twitter
Carregando embeddings do cache...
Ignoring val_split as train and val datasets where given to fit function
We have two datasets: training 1092 examples. validation 100 examples.]
Using device cpu
[Twitter] Starting epoch 0...
[Twitter] Elapsed training time:2.91s
[Twitter] Starting validation...
[Twitter] Elapsed validation time:0.19s
[Twitter] [Epoch=000] Train Loss=[QuantLoss=0.07034]Val loss = [QuantLoss=0.05375][QuantReg:0.45749][saved best model in this epoch]
[Twitter] Starting epoch 1...
[Twitter] Elapsed training time:2.94s
[Twitter] Starting validation...
[Twitter] Elapsed validation time:0.19s
[Twitter] [Epoch=001] Train Loss=[QuantLoss=0.07194]Val loss = [QuantLoss=0.06109][QuantReg:0.44615]
[Twitter] Starting epoch 2...
[Twitter] Elapsed training time:3.00s
[Twitter] Starting validation...
[Twitter] Elapsed validation time:0.18s
[Twitter] [Epoch=002] Train Loss=[QuantLoss=0.07313]Val loss = [QuantLoss=0.10787][QuantReg:0.41067]
[Twitter] Starting epoch 3...
[Twitter] Elapsed training time:2.96s
[Twitter] Starting validation...
[Twitter] Elapsed validation time:0.20s
[Twitter] [Epoch=003] Train Loss=[QuantLoss=0.06803]Val loss = [QuantLoss=0.17622][QuantReg:0.42086]
[Twitter] Starting epoch 4...
[Twitter] Elapsed training time:2.97s
[Twitter] Starting validation...
[Twitter] Elapsed validation time:0.22s
[Twitter] [Epoch=004] Train Loss=[QuantLoss=0.06721]Val loss = [QuantLoss=0.06710][QuantReg:0.46066]
[Twitter] Starting epoch 5...
[Twitter] Elapsed training time:2.94s
[Twitter] Starting validation...
[Twitter] Elapsed validation time:0.19s
[Twitter] [Epoch=005] Train Loss=[QuantLoss=0.06465]Val loss = [QuantLoss=0.15697][QuantReg:0.43633]
[Twitter] Starting epoch 6...
[Twitter] Elapsed training time:2.94s
[Twitter] Starting validation...
[Twitter] Elapsed validation time:0.23s
[Twitter] [Epoch=006] Train Loss=[QuantLoss=0.06541]Val loss = [QuantLoss=0.15056][QuantReg:0.40976]
[Twitter] Starting epoch 7...
[Twitter] Elapsed training time:2.96s
[Twitter] Starting validation...
[Twitter] Elapsed validation time:0.22s
[Twitter] [Epoch=007] Train Loss=[QuantLoss=0.06591]Val loss = [QuantLoss=0.16178][QuantReg:0.45250]
[Twitter] Starting epoch 8...
[Twitter] Elapsed training time:2.91s
[Twitter] Starting validation...
[Twitter] Elapsed validation time:0.20s
[Twitter] [Epoch=008] Train Loss=[QuantLoss=0.06041]Val loss = [QuantLoss=0.12929][QuantReg:0.49337]
[Twitter] Starting epoch 9...
[Twitter] Elapsed training time:2.94s
[Twitter] Starting validation...
[Twitter] Elapsed validation time:0.20s
[Twitter] [Epoch=009] Train Loss=[QuantLoss=0.05857]Val loss = [QuantLoss=0.13051][QuantReg:0.47903]
[Twitter] Starting epoch 10...
[Twitter] Elapsed training time:2.98s
[Twitter] Starting validation...
[Twitter] Elapsed validation time:0.21s
[Twitter] [Epoch=010] Train Loss=[QuantLoss=0.05834]Val loss = [QuantLoss=0.15117][QuantReg:0.49766]
[Twitter] Starting epoch 11...
[Twitter] Elapsed training time:3.00s
[Twitter] Starting validation...
[Twitter] Elapsed validation time:0.22s
[Twitter] [Epoch=011] Train Loss=[QuantLoss=0.05669]Val loss = [QuantLoss=0.13993][QuantReg:0.48502]
[Twitter] Starting epoch 12...
[Twitter] Elapsed training time:2.93s
[Twitter] Starting validation...
[Twitter] Elapsed validation time:0.18s
[Twitter] [Epoch=012] Train Loss=[QuantLoss=0.05796]Val loss = [QuantLoss=0.16727][QuantReg:0.47799]
[Twitter] Starting epoch 13...
[Twitter] Elapsed training time:3.03s
[Twitter] Starting validation...
[Twitter] Elapsed validation time:0.18s
[Twitter] [Epoch=013] Train Loss=[QuantLoss=0.05751]Val loss = [QuantLoss=0.19788][QuantReg:0.47650]
[Twitter] Starting epoch 14...
[Twitter] Elapsed training time:2.96s
[Twitter] Starting validation...
[Twitter] Elapsed validation time:0.19s
[Twitter] [Epoch=014] Train Loss=[QuantLoss=0.06734]Val loss = [QuantLoss=0.18541][QuantReg:0.47653]
[Twitter] Starting epoch 15...
[Twitter] Elapsed training time:2.95s
[Twitter] Starting validation...
[Twitter] Elapsed validation time:0.18s
[Twitter] [Epoch=015] Train Loss=[QuantLoss=0.05596]Val loss = [QuantLoss=0.16062][QuantReg:0.46254]
[Twitter] Starting epoch 16...
[Twitter] Elapsed training time:2.96s
[Twitter] Starting validation...
[Twitter] Elapsed validation time:0.19s
[Twitter] [Epoch=016] Train Loss=[QuantLoss=0.06812]Val loss = [QuantLoss=0.13999][QuantReg:0.46009]
[Twitter] Starting epoch 17...
[Twitter] Elapsed training time:3.04s
[Twitter] Starting validation...
[Twitter] Elapsed validation time:0.20s
[Twitter] [Epoch=017] Train Loss=[QuantLoss=0.04747]Val loss = [QuantLoss=0.16394][QuantReg:0.45175]
[Twitter] Starting epoch 18...
[Twitter] Elapsed training time:2.99s
[Twitter] Starting validation...
[Twitter] Elapsed validation time:0.21s
[Twitter] [Epoch=018] Train Loss=[QuantLoss=0.05251]Val loss = [QuantLoss=0.14556][QuantReg:0.45149]
[Twitter] Starting epoch 19...
[Twitter] Elapsed training time:2.95s
[Twitter] Starting validation...
[Twitter] Elapsed validation time:0.19s
[Twitter] [Epoch=019] Train Loss=[QuantLoss=0.05718]Val loss = [QuantLoss=0.11223][QuantReg:0.46048]
[Twitter] Starting epoch 20...
[Twitter] Elapsed training time:2.95s
[Twitter] Starting validation...
[Twitter] Elapsed validation time:0.19s
[Twitter] [Epoch=020] Train Loss=[QuantLoss=0.05473]Val loss = [QuantLoss=0.12778][QuantReg:0.47796]
[Twitter] Starting epoch 21...
[Twitter] Elapsed training time:2.95s
[Twitter] Starting validation...
[Twitter] Elapsed validation time:0.21s
[Twitter] [Epoch=021] Train Loss=[QuantLoss=0.05078]Val loss = [QuantLoss=0.10026][QuantReg:0.48327]
[Twitter] Starting epoch 22...
[Twitter] Elapsed training time:2.99s
[Twitter] Starting validation...
[Twitter] Elapsed validation time:0.20s
[Twitter] [Epoch=022] Train Loss=[QuantLoss=0.05196]Val loss = [QuantLoss=0.07997][QuantReg:0.47405]
[Twitter] Starting epoch 23...
[Twitter] Elapsed training time:2.94s
[Twitter] Starting validation...
[Twitter] Elapsed validation time:0.29s
[Twitter] [Epoch=023] Train Loss=[QuantLoss=0.05467]Val loss = [QuantLoss=0.08671][QuantReg:0.47309]
[Twitter] Starting epoch 24...
[Twitter] Elapsed training time:2.95s
[Twitter] Starting validation...
[Twitter] Elapsed validation time:0.29s
[Twitter] [Epoch=024] Train Loss=[QuantLoss=0.05718]Val loss = [QuantLoss=0.08885][QuantReg:0.47294]
[Twitter] Starting epoch 25...
[Twitter] Elapsed training time:2.97s
[Twitter] Starting validation...
[Twitter] Elapsed validation time:0.26s
[Twitter] [Epoch=025] Train Loss=[QuantLoss=0.04871]Val loss = [QuantLoss=0.08862][QuantReg:0.47534]
[Twitter] Starting epoch 26...
[Twitter] Elapsed training time:3.03s
[Twitter] Starting validation...
[Twitter] Elapsed validation time:0.31s
[Twitter] [Epoch=026] Train Loss=[QuantLoss=0.04475]Val loss = [QuantLoss=0.09103][QuantReg:0.47510]
[Twitter] Starting epoch 27...
[Twitter] Elapsed training time:2.97s
[Twitter] Starting validation...
[Twitter] Elapsed validation time:0.28s
[Twitter] [Epoch=027] Train Loss=[QuantLoss=0.04898]Val loss = [QuantLoss=0.10957][QuantReg:0.47357]
[Twitter] Starting epoch 28...
[Twitter] Elapsed training time:2.98s
[Twitter] Starting validation...
[Twitter] Elapsed validation time:0.28s
[Twitter] [Epoch=028] Train Loss=[QuantLoss=0.04841]Val loss = [QuantLoss=0.10742][QuantReg:0.46891]
[Twitter] Starting epoch 29...
[Twitter] Elapsed training time:3.01s
[Twitter] Starting validation...
[Twitter] Elapsed validation time:0.28s
[Twitter] [Epoch=029] Train Loss=[QuantLoss=0.04904]Val loss = [QuantLoss=0.12249][QuantReg:0.46691]
[Twitter] Starting epoch 30...
[Twitter] Elapsed training time:2.95s
[Twitter] Starting validation...
[Twitter] Elapsed validation time:0.28s
[Twitter] [Epoch=030] Train Loss=[QuantLoss=0.04955]Val loss = [QuantLoss=0.11653][QuantReg:0.46693]
[Twitter] Starting epoch 31...
[Twitter] Elapsed training time:2.99s
[Twitter] Starting validation...
[Twitter] Elapsed validation time:0.28s
[Twitter] [Epoch=031] Train Loss=[QuantLoss=0.04257]Val loss = [QuantLoss=0.10549][QuantReg:0.46769]
[Twitter] Starting epoch 32...
[Twitter] Elapsed training time:2.98s
[Twitter] Starting validation...
[Twitter] Elapsed validation time:0.28s
[Twitter] [Epoch=032] Train Loss=[QuantLoss=0.04891]Val loss = [QuantLoss=0.08839][QuantReg:0.46742]
[Twitter] Starting epoch 33...
[Twitter] Elapsed training time:3.05s
[Twitter] Starting validation...
[Twitter] Elapsed validation time:0.28s
[Twitter] [Epoch=033] Train Loss=[QuantLoss=0.04391]Val loss = [QuantLoss=0.08168][QuantReg:0.46902]
[Twitter] Starting epoch 34...
[Twitter] Elapsed training time:3.00s
[Twitter] Starting validation...
[Twitter] Elapsed validation time:0.28s
[Twitter] [Epoch=034] Train Loss=[QuantLoss=0.05415]Val loss = [QuantLoss=0.09458][QuantReg:0.46716]
[Twitter] Starting epoch 35...
[Twitter] Elapsed training time:2.91s
[Twitter] Starting validation...
[Twitter] Elapsed validation time:0.28s
[Twitter] [Epoch=035] Train Loss=[QuantLoss=0.04472]Val loss = [QuantLoss=0.08868][QuantReg:0.47405]
[Twitter] Starting epoch 36...
[Twitter] Elapsed training time:3.01s
[Twitter] Starting validation...
[Twitter] Elapsed validation time:0.28s
[Twitter] [Epoch=036] Train Loss=[QuantLoss=0.04747]Val loss = [QuantLoss=0.07871][QuantReg:0.47190]
[Twitter] Starting epoch 37...
[Twitter] Elapsed training time:2.97s
[Twitter] Starting validation...
[Twitter] Elapsed validation time:0.28s
[Twitter] [Epoch=037] Train Loss=[QuantLoss=0.04053]Val loss = [QuantLoss=0.10767][QuantReg:0.47470]
[Twitter] Starting epoch 38...
[Twitter] Elapsed training time:2.96s
[Twitter] Starting validation...
[Twitter] Elapsed validation time:0.31s
[Twitter] [Epoch=038] Train Loss=[QuantLoss=0.05095]Val loss = [QuantLoss=0.14053][QuantReg:0.46598]
[Twitter] Starting epoch 39...
[Twitter] Elapsed training time:2.96s
[Twitter] Starting validation...
[Twitter] Elapsed validation time:0.28s
[Twitter] [Epoch=039] Train Loss=[QuantLoss=0.04902]Val loss = [QuantLoss=0.10965][QuantReg:0.45542]
[Twitter] Starting epoch 40...
[Twitter] Elapsed training time:2.97s
[Twitter] Starting validation...
[Twitter] Elapsed validation time:0.31s
[Twitter] [Epoch=040] Train Loss=[QuantLoss=0.04062]Val loss = [QuantLoss=0.10522][QuantReg:0.45506]
[Twitter] Starting epoch 41...
[Twitter] Elapsed training time:3.09s
[Twitter] Starting validation...
[Twitter] Elapsed validation time:0.29s
[Twitter] [Epoch=041] Train Loss=[QuantLoss=0.04603]Val loss = [QuantLoss=0.24639][QuantReg:0.45518]
[Twitter] Starting epoch 42...
[Twitter] Elapsed training time:3.02s
[Twitter] Starting validation...
[Twitter] Elapsed validation time:0.29s
[Twitter] [Epoch=042] Train Loss=[QuantLoss=0.04512]Val loss = [QuantLoss=0.21943][QuantReg:0.46092]
[Twitter] Starting epoch 43...
[Twitter] Elapsed training time:2.93s
[Twitter] Starting validation...
[Twitter] Elapsed validation time:0.29s
[Twitter] [Epoch=043] Train Loss=[QuantLoss=0.04996]Val loss = [QuantLoss=0.16701][QuantReg:0.46244]
[Twitter] Starting epoch 44...
[Twitter] Elapsed training time:3.04s
[Twitter] Starting validation...
[Twitter] Elapsed validation time:0.30s
[Twitter] [Epoch=044] Train Loss=[QuantLoss=0.03934]Val loss = [QuantLoss=0.12571][QuantReg:0.46048]
[Twitter] Starting epoch 45...
[Twitter] Elapsed training time:2.99s
[Twitter] Starting validation...
[Twitter] Elapsed validation time:0.28s
[Twitter] [Epoch=045] Train Loss=[QuantLoss=0.04011]Val loss = [QuantLoss=0.14437][QuantReg:0.45430]
[Twitter] Starting epoch 46...
[Twitter] Elapsed training time:3.08s
[Twitter] Starting validation...
[Twitter] Elapsed validation time:0.29s
[Twitter] [Epoch=046] Train Loss=[QuantLoss=0.04117]Val loss = [QuantLoss=0.21110][QuantReg:0.45225]
[Twitter] Starting epoch 47...
[Twitter] Elapsed training time:2.97s
[Twitter] Starting validation...
[Twitter] Elapsed validation time:0.29s
[Twitter] [Epoch=047] Train Loss=[QuantLoss=0.04141]Val loss = [QuantLoss=0.32349][QuantReg:0.45114]
[Twitter] Starting epoch 48...
[Twitter] Elapsed training time:2.99s
[Twitter] Starting validation...
[Twitter] Elapsed validation time:0.29s
[Twitter] [Epoch=048] Train Loss=[QuantLoss=0.03972]Val loss = [QuantLoss=0.30762][QuantReg:0.44680]
[Twitter] Starting epoch 49...
[Twitter] Elapsed training time:2.95s
[Twitter] Starting validation...
[Twitter] Elapsed validation time:0.28s
[Twitter] [Epoch=049] Train Loss=[QuantLoss=0.04014]Val loss = [QuantLoss=0.33713][QuantReg:0.45235]
[Twitter] Starting epoch 50...
[Twitter] Elapsed training time:2.96s
[Twitter] Starting validation...
[Twitter] Elapsed validation time:0.29s
[Twitter] [Epoch=050] Train Loss=[QuantLoss=0.04582]Val loss = [QuantLoss=0.28853][QuantReg:0.45228]
[Twitter] Starting epoch 51...
[Twitter] Elapsed training time:2.98s
[Twitter] Starting validation...
[Twitter] Elapsed validation time:0.27s
[Twitter] [Epoch=051] Train Loss=[QuantLoss=0.03912]Val loss = [QuantLoss=0.14196][QuantReg:0.45140]
[Twitter] Starting epoch 52...
[Twitter] Elapsed training time:3.05s
[Twitter] Starting validation...
[Twitter] Elapsed validation time:0.19s
[Twitter] [Epoch=052] Train Loss=[QuantLoss=0.03752]Val loss = [QuantLoss=0.22588][QuantReg:0.44874]
[Twitter] Starting epoch 53...
[Twitter] Elapsed training time:2.93s
[Twitter] Starting validation...
[Twitter] Elapsed validation time:0.20s
[Twitter] [Epoch=053] Train Loss=[QuantLoss=0.03641]Val loss = [QuantLoss=0.25080][QuantReg:0.45304]
[Twitter] Starting epoch 54...
[Twitter] Elapsed training time:2.94s
[Twitter] Starting validation...
[Twitter] Elapsed validation time:0.18s
[Twitter] [Epoch=054] Train Loss=[QuantLoss=0.04034]Val loss = [QuantLoss=0.15295][QuantReg:0.45431]
[Twitter] Starting epoch 55...
[Twitter] Elapsed training time:2.95s
[Twitter] Starting validation...
[Twitter] Elapsed validation time:0.19s
[Twitter] [Epoch=055] Train Loss=[QuantLoss=0.03599]Val loss = [QuantLoss=0.12059][QuantReg:0.44845]
[Twitter] Starting epoch 56...
[Twitter] Elapsed training time:2.92s
[Twitter] Starting validation...
[Twitter] Elapsed validation time:0.20s
[Twitter] [Epoch=056] Train Loss=[QuantLoss=0.03758]Val loss = [QuantLoss=0.12743][QuantReg:0.44923]
[Twitter] Starting epoch 57...
[Twitter] Elapsed training time:3.02s
[Twitter] Starting validation...
[Twitter] Elapsed validation time:0.19s
[Twitter] [Epoch=057] Train Loss=[QuantLoss=0.04141]Val loss = [QuantLoss=0.08606][QuantReg:0.45320]
[Twitter] Starting epoch 58...
[Twitter] Elapsed training time:2.95s
[Twitter] Starting validation...
[Twitter] Elapsed validation time:0.19s
[Twitter] [Epoch=058] Train Loss=[QuantLoss=0.03617]Val loss = [QuantLoss=0.08207][QuantReg:0.45880]
[Twitter] Starting epoch 59...
[Twitter] Elapsed training time:2.98s
[Twitter] Starting validation...
[Twitter] Elapsed validation time:0.18s
[Twitter] [Epoch=059] Train Loss=[QuantLoss=0.03819]Val loss = [QuantLoss=0.08258][QuantReg:0.46011]
[Twitter] Starting epoch 60...
[Twitter] Elapsed training time:2.95s
[Twitter] Starting validation...
[Twitter] Elapsed validation time:0.26s
[Twitter] [Epoch=060] Train Loss=[QuantLoss=0.03547]Val loss = [QuantLoss=0.09727][QuantReg:0.45421]
[Twitter] Starting epoch 61...
[Twitter] Elapsed training time:3.00s
[Twitter] Starting validation...
[Twitter] Elapsed validation time:0.20s
[Twitter] [Epoch=061] Train Loss=[QuantLoss=0.03707]Val loss = [QuantLoss=0.08289][QuantReg:0.45387]
[Twitter] Starting epoch 62...
[Twitter] Elapsed training time:2.97s
[Twitter] Starting validation...
[Twitter] Elapsed validation time:0.19s
[Twitter] [Epoch=062] Train Loss=[QuantLoss=0.03658]Val loss = [QuantLoss=0.12976][QuantReg:0.45378]
[Twitter] Starting epoch 63...
[Twitter] Elapsed training time:2.96s
[Twitter] Starting validation...
[Twitter] Elapsed validation time:0.19s
[Twitter] [Epoch=063] Train Loss=[QuantLoss=0.03763]Val loss = [QuantLoss=0.11236][QuantReg:0.45970]
[Twitter] Starting epoch 64...
[Twitter] Elapsed training time:2.98s
[Twitter] Starting validation...
[Twitter] Elapsed validation time:0.23s
[Twitter] [Epoch=064] Train Loss=[QuantLoss=0.03617]Val loss = [QuantLoss=0.09294][QuantReg:0.45953]
[Twitter] Starting epoch 65...
[Twitter] Elapsed training time:2.95s
[Twitter] Starting validation...
[Twitter] Elapsed validation time:0.18s
[Twitter] [Epoch=065] Train Loss=[QuantLoss=0.03312]Val loss = [QuantLoss=0.10131][QuantReg:0.45870]
[Twitter] Starting epoch 66...
[Twitter] Elapsed training time:2.93s
[Twitter] Starting validation...
[Twitter] Elapsed validation time:0.20s
[Twitter] [Epoch=066] Train Loss=[QuantLoss=0.03297]Val loss = [QuantLoss=0.07893][QuantReg:0.45696]
[Twitter] Starting epoch 67...
[Twitter] Elapsed training time:3.02s
[Twitter] Starting validation...
[Twitter] Elapsed validation time:0.19s
[Twitter] [Epoch=067] Train Loss=[QuantLoss=0.03632]Val loss = [QuantLoss=0.09397][QuantReg:0.45493]
[Twitter] Starting epoch 68...
[Twitter] Elapsed training time:3.07s
[Twitter] Starting validation...
[Twitter] Elapsed validation time:0.18s
[Twitter] [Epoch=068] Train Loss=[QuantLoss=0.03377]Val loss = [QuantLoss=0.08973][QuantReg:0.45433]
[Twitter] Starting epoch 69...
[Twitter] Elapsed training time:3.01s
[Twitter] Starting validation...
[Twitter] Elapsed validation time:0.19s
[Twitter] [Epoch=069] Train Loss=[QuantLoss=0.03542]Val loss = [QuantLoss=0.08539][QuantReg:0.45449]
[Twitter] Starting epoch 70...
[Twitter] Elapsed training time:3.02s
[Twitter] Starting validation...
[Twitter] Elapsed validation time:0.20s
[Twitter] [Epoch=070] Train Loss=[QuantLoss=0.03287]Val loss = [QuantLoss=0.09534][QuantReg:0.45106]
[Twitter] Starting epoch 71...
[Twitter] Elapsed training time:2.96s
[Twitter] Starting validation...
[Twitter] Elapsed validation time:0.19s
[Twitter] [Epoch=071] Train Loss=[QuantLoss=0.03295]Val loss = [QuantLoss=0.08316][QuantReg:0.45200]
[Twitter] Starting epoch 72...
[Twitter] Elapsed training time:2.97s
[Twitter] Starting validation...
[Twitter] Elapsed validation time:0.18s
[Twitter] [Epoch=072] Train Loss=[QuantLoss=0.03428]Val loss = [QuantLoss=0.08280][QuantReg:0.44969]
[Twitter] Starting epoch 73...
[Twitter] Elapsed training time:2.97s
[Twitter] Starting validation...
[Twitter] Elapsed validation time:0.19s
[Twitter] [Epoch=073] Train Loss=[QuantLoss=0.03588]Val loss = [QuantLoss=0.08634][QuantReg:0.44946]
[Twitter] Starting epoch 74...
[Twitter] Elapsed training time:2.94s
[Twitter] Starting validation...
[Twitter] Elapsed validation time:0.19s
[Twitter] [Epoch=074] Train Loss=[QuantLoss=0.03484]Val loss = [QuantLoss=0.08689][QuantReg:0.45015]
[Twitter] Starting epoch 75...
[Twitter] Elapsed training time:2.96s
[Twitter] Starting validation...
[Twitter] Elapsed validation time:0.18s
[Twitter] [Epoch=075] Train Loss=[QuantLoss=0.03239]Val loss = [QuantLoss=0.08830][QuantReg:0.44925]
[Twitter] Starting epoch 76...
[Twitter] Elapsed training time:3.02s
[Twitter] Starting validation...
[Twitter] Elapsed validation time:0.20s
[Twitter] [Epoch=076] Train Loss=[QuantLoss=0.03348]Val loss = [QuantLoss=0.08506][QuantReg:0.44886]
[Twitter] Starting epoch 77...
[Twitter] Elapsed training time:2.94s
[Twitter] Starting validation...
[Twitter] Elapsed validation time:0.21s
[Twitter] [Epoch=077] Train Loss=[QuantLoss=0.03705]Val loss = [QuantLoss=0.08368][QuantReg:0.44778]
[Twitter] Starting epoch 78...
[Twitter] Elapsed training time:2.93s
[Twitter] Starting validation...
[Twitter] Elapsed validation time:0.18s
[Twitter] [Epoch=078] Train Loss=[QuantLoss=0.03410]Val loss = [QuantLoss=0.09485][QuantReg:0.45247]
[Twitter] Starting epoch 79...
[Twitter] Elapsed training time:3.00s
[Twitter] Starting validation...
[Twitter] Elapsed validation time:0.19s
[Twitter] [Epoch=079] Train Loss=[QuantLoss=0.03729]Val loss = [QuantLoss=0.09559][QuantReg:0.44983]
[Twitter] Starting epoch 80...
[Twitter] Elapsed training time:2.94s
[Twitter] Starting validation...
[Twitter] Elapsed validation time:0.19s
[Twitter] [Epoch=080] Train Loss=[QuantLoss=0.03237]Val loss = [QuantLoss=0.07095][QuantReg:0.44514]
[Twitter] Starting epoch 81...
[Twitter] Elapsed training time:2.97s
[Twitter] Starting validation...
[Twitter] Elapsed validation time:0.20s
[Twitter] [Epoch=081] Train Loss=[QuantLoss=0.03465]Val loss = [QuantLoss=0.06885][QuantReg:0.44773]
[Twitter] Starting epoch 82...
[Twitter] Elapsed training time:3.00s
[Twitter] Starting validation...
[Twitter] Elapsed validation time:0.20s
[Twitter] [Epoch=082] Train Loss=[QuantLoss=0.03803]Val loss = [QuantLoss=0.08202][QuantReg:0.44539]
[Twitter] Starting epoch 83...
[Twitter] Elapsed training time:2.96s
[Twitter] Starting validation...
[Twitter] Elapsed validation time:0.19s
[Twitter] [Epoch=083] Train Loss=[QuantLoss=0.03155]Val loss = [QuantLoss=0.07800][QuantReg:0.44521]
[Twitter] Starting epoch 84...
[Twitter] Elapsed training time:2.97s
[Twitter] Starting validation...
[Twitter] Elapsed validation time:0.19s
[Twitter] [Epoch=084] Train Loss=[QuantLoss=0.03423]Val loss = [QuantLoss=0.08628][QuantReg:0.45073]
[Twitter] Starting epoch 85...
[Twitter] Elapsed training time:2.92s
[Twitter] Starting validation...
[Twitter] Elapsed validation time:0.19s
[Twitter] [Epoch=085] Train Loss=[QuantLoss=0.03185]Val loss = [QuantLoss=0.06788][QuantReg:0.44802]
[Twitter] Starting epoch 86...
[Twitter] Elapsed training time:2.98s
[Twitter] Starting validation...
[Twitter] Elapsed validation time:0.28s
[Twitter] [Epoch=086] Train Loss=[QuantLoss=0.03042]Val loss = [QuantLoss=0.07265][QuantReg:0.45150]
[Twitter] Starting epoch 87...
[Twitter] Elapsed training time:3.01s
[Twitter] Starting validation...
[Twitter] Elapsed validation time:0.28s
[Twitter] [Epoch=087] Train Loss=[QuantLoss=0.02873]Val loss = [QuantLoss=0.07346][QuantReg:0.45253]
[Twitter] Starting epoch 88...
[Twitter] Elapsed training time:2.92s
[Twitter] Starting validation...
[Twitter] Elapsed validation time:0.27s
[Twitter] [Epoch=088] Train Loss=[QuantLoss=0.03113]Val loss = [QuantLoss=0.08733][QuantReg:0.45125]
[Twitter] Starting epoch 89...
[Twitter] Elapsed training time:2.97s
[Twitter] Starting validation...
[Twitter] Elapsed validation time:0.28s
[Twitter] [Epoch=089] Train Loss=[QuantLoss=0.03088]Val loss = [QuantLoss=0.07570][QuantReg:0.45274]
[Twitter] Starting epoch 90...
[Twitter] Elapsed training time:2.99s
[Twitter] Starting validation...
[Twitter] Elapsed validation time:0.28s
[Twitter] [Epoch=090] Train Loss=[QuantLoss=0.02907]Val loss = [QuantLoss=0.07652][QuantReg:0.45311]
[Twitter] Starting epoch 91...
[Twitter] Elapsed training time:2.99s
[Twitter] Starting validation...
[Twitter] Elapsed validation time:0.29s
[Twitter] [Epoch=091] Train Loss=[QuantLoss=0.03184]Val loss = [QuantLoss=0.06951][QuantReg:0.45250]
[Twitter] Starting epoch 92...
[Twitter] Elapsed training time:2.89s
[Twitter] Starting validation...
[Twitter] Elapsed validation time:0.28s
[Twitter] [Epoch=092] Train Loss=[QuantLoss=0.02980]Val loss = [QuantLoss=0.08038][QuantReg:0.44892]
[Twitter] Starting epoch 93...
[Twitter] Elapsed training time:2.97s
[Twitter] Starting validation...
[Twitter] Elapsed validation time:0.28s
[Twitter] [Epoch=093] Train Loss=[QuantLoss=0.03337]Val loss = [QuantLoss=0.08716][QuantReg:0.44906]
[Twitter] Starting epoch 94...
[Twitter] Elapsed training time:2.98s
[Twitter] Starting validation...
[Twitter] Elapsed validation time:0.30s
[Twitter] [Epoch=094] Train Loss=[QuantLoss=0.03053]Val loss = [QuantLoss=0.08794][QuantReg:0.44886]
[Twitter] Starting epoch 95...
[Twitter] Elapsed training time:2.96s
[Twitter] Starting validation...
[Twitter] Elapsed validation time:0.28s
[Twitter] [Epoch=095] Train Loss=[QuantLoss=0.02936]Val loss = [QuantLoss=0.07621][QuantReg:0.45026]
[Twitter] Starting epoch 96...
[Twitter] Elapsed training time:3.04s
[Twitter] Starting validation...
[Twitter] Elapsed validation time:0.28s
[Twitter] [Epoch=096] Train Loss=[QuantLoss=0.03841]Val loss = [QuantLoss=0.09160][QuantReg:0.44696]
[Twitter] Starting epoch 97...
[Twitter] Elapsed training time:3.01s
[Twitter] Starting validation...
[Twitter] Elapsed validation time:0.27s
[Twitter] [Epoch=097] Train Loss=[QuantLoss=0.03176]Val loss = [QuantLoss=0.08460][QuantReg:0.44721]
[Twitter] Starting epoch 98...
[Twitter] Elapsed training time:2.98s
[Twitter] Starting validation...
[Twitter] Elapsed validation time:0.28s
[Twitter] [Epoch=098] Train Loss=[QuantLoss=0.03019]Val loss = [QuantLoss=0.06834][QuantReg:0.44781]
[Twitter] Starting epoch 99...
[Twitter] Elapsed training time:3.02s
[Twitter] Starting validation...
[Twitter] Elapsed validation time:0.29s
[Twitter] [Epoch=099] Train Loss=[QuantLoss=0.02955]Val loss = [QuantLoss=0.06681][QuantReg:0.44848]
[Twitter] Starting epoch 100...
[Twitter] Elapsed training time:2.96s
[Twitter] Starting validation...
[Twitter] Elapsed validation time:0.27s
[Twitter] [Epoch=100] Train Loss=[QuantLoss=0.03043]Val loss = [QuantLoss=0.09056][QuantReg:0.44667]
[Twitter] Starting epoch 101...
[Twitter] Elapsed training time:3.04s
[Twitter] Starting validation...
[Twitter] Elapsed validation time:0.28s
[Twitter] [Epoch=101] Train Loss=[QuantLoss=0.02905]Val loss = [QuantLoss=0.07924][QuantReg:0.44910]
[Twitter] Starting epoch 102...
[Twitter] Elapsed training time:2.99s
[Twitter] Starting validation...
[Twitter] Elapsed validation time:0.28s
[Twitter] [Epoch=102] Train Loss=[QuantLoss=0.03011]Val loss = [QuantLoss=0.08586][QuantReg:0.44989]
[Twitter] Starting epoch 103...
[Twitter] Elapsed training time:2.97s
[Twitter] Starting validation...
[Twitter] Elapsed validation time:0.29s
[Twitter] [Epoch=103] Train Loss=[QuantLoss=0.02999]Val loss = [QuantLoss=0.08239][QuantReg:0.44972]
[Twitter] Starting epoch 104...
[Twitter] Elapsed training time:3.02s
[Twitter] Starting validation...
[Twitter] Elapsed validation time:0.29s
[Twitter] [Epoch=104] Train Loss=[QuantLoss=0.02973]Val loss = [QuantLoss=0.07949][QuantReg:0.44891]
[Twitter] Starting epoch 105...
[Twitter] Elapsed training time:3.02s
[Twitter] Starting validation...
[Twitter] Elapsed validation time:0.31s
[Twitter] [Epoch=105] Train Loss=[QuantLoss=0.03002]Val loss = [QuantLoss=0.08270][QuantReg:0.44893]
[Twitter] Starting epoch 106...
[Twitter] Elapsed training time:3.03s
[Twitter] Starting validation...
[Twitter] Elapsed validation time:0.28s
[Twitter] [Epoch=106] Train Loss=[QuantLoss=0.02903]Val loss = [QuantLoss=0.08521][QuantReg:0.44850]
[Twitter] Starting epoch 107...
[Twitter] Elapsed training time:2.96s
[Twitter] Starting validation...
[Twitter] Elapsed validation time:0.28s
[Twitter] [Epoch=107] Train Loss=[QuantLoss=0.02868]Val loss = [QuantLoss=0.08664][QuantReg:0.44839]
[Twitter] Starting epoch 108...
[Twitter] Elapsed training time:3.00s
[Twitter] Starting validation...
[Twitter] Elapsed validation time:0.28s
[Twitter] [Epoch=108] Train Loss=[QuantLoss=0.02884]Val loss = [QuantLoss=0.07823][QuantReg:0.45191]
[Twitter] Starting epoch 109...
[Twitter] Elapsed training time:3.00s
[Twitter] Starting validation...
[Twitter] Elapsed validation time:0.28s
[Twitter] [Epoch=109] Train Loss=[QuantLoss=0.02900]Val loss = [QuantLoss=0.08629][QuantReg:0.44876]
[Twitter] Starting epoch 110...
[Twitter] Elapsed training time:2.99s
[Twitter] Starting validation...
[Twitter] Elapsed validation time:0.30s
[Twitter] [Epoch=110] Train Loss=[QuantLoss=0.02907]Val loss = [QuantLoss=0.09016][QuantReg:0.44828]
[Twitter] Starting epoch 111...
[Twitter] Elapsed training time:2.94s
[Twitter] Starting validation...
[Twitter] Elapsed validation time:0.30s
[Twitter] [Epoch=111] Train Loss=[QuantLoss=0.02770]Val loss = [QuantLoss=0.09305][QuantReg:0.44818]
[Twitter] Starting epoch 112...
[Twitter] Elapsed training time:3.05s
[Twitter] Starting validation...
[Twitter] Elapsed validation time:0.20s
[Twitter] [Epoch=112] Train Loss=[QuantLoss=0.02912]Val loss = [QuantLoss=0.09263][QuantReg:0.44719]
[Twitter] Starting epoch 113...
[Twitter] Elapsed training time:2.92s
[Twitter] Starting validation...
[Twitter] Elapsed validation time:0.18s
[Twitter] [Epoch=113] Train Loss=[QuantLoss=0.02842]Val loss = [QuantLoss=0.08799][QuantReg:0.44961]
[Twitter] Starting epoch 114...
[Twitter] Elapsed training time:3.01s
[Twitter] Starting validation...
[Twitter] Elapsed validation time:0.23s
[Twitter] [Epoch=114] Train Loss=[QuantLoss=0.02970]Val loss = [QuantLoss=0.09661][QuantReg:0.44873]
[Twitter] Starting epoch 115...
[Twitter] Elapsed training time:2.97s
[Twitter] Starting validation...
[Twitter] Elapsed validation time:0.19s
[Twitter] [Epoch=115] Train Loss=[QuantLoss=0.03325]Val loss = [QuantLoss=0.09525][QuantReg:0.44599]
[Twitter] Starting epoch 116...
[Twitter] Elapsed training time:2.99s
[Twitter] Starting validation...
[Twitter] Elapsed validation time:0.20s
[Twitter] [Epoch=116] Train Loss=[QuantLoss=0.03445]Val loss = [QuantLoss=0.09562][QuantReg:0.44739]
[Twitter] Starting epoch 117...
[Twitter] Elapsed training time:2.97s
[Twitter] Starting validation...
[Twitter] Elapsed validation time:0.19s
[Twitter] [Epoch=117] Train Loss=[QuantLoss=0.02855]Val loss = [QuantLoss=0.08704][QuantReg:0.44832]
[Twitter] Starting epoch 118...
[Twitter] Elapsed training time:2.95s
[Twitter] Starting validation...
[Twitter] Elapsed validation time:0.20s
[Twitter] [Epoch=118] Train Loss=[QuantLoss=0.02861]Val loss = [QuantLoss=0.09568][QuantReg:0.44734]
[Twitter] Starting epoch 119...
[Twitter] Elapsed training time:2.97s
[Twitter] Starting validation...
[Twitter] Elapsed validation time:0.19s
[Twitter] [Epoch=119] Train Loss=[QuantLoss=0.02805]Val loss = [QuantLoss=0.08155][QuantReg:0.44779]
[Twitter] Starting epoch 120...
[Twitter] Elapsed training time:2.97s
[Twitter] Starting validation...
[Twitter] Elapsed validation time:0.19s
[Twitter] [Epoch=120] Train Loss=[QuantLoss=0.02767]Val loss = [QuantLoss=0.08028][QuantReg:0.44815]
[Twitter] Starting epoch 121...
[Twitter] Elapsed training time:2.98s
[Twitter] Starting validation...
[Twitter] Elapsed validation time:0.20s
[Twitter] [Epoch=121] Train Loss=[QuantLoss=0.02926]Val loss = [QuantLoss=0.08716][QuantReg:0.44853]
[Twitter] Starting epoch 122...
[Twitter] Elapsed training time:2.94s
[Twitter] Starting validation...
[Twitter] Elapsed validation time:0.19s
[Twitter] [Epoch=122] Train Loss=[QuantLoss=0.02808]Val loss = [QuantLoss=0.09339][QuantReg:0.44777]
[Twitter] Starting epoch 123...
[Twitter] Elapsed training time:2.93s
[Twitter] Starting validation...
[Twitter] Elapsed validation time:0.18s
[Twitter] [Epoch=123] Train Loss=[QuantLoss=0.02747]Val loss = [QuantLoss=0.08518][QuantReg:0.45104]
[Twitter] Starting epoch 124...
[Twitter] Elapsed training time:2.92s
[Twitter] Starting validation...
[Twitter] Elapsed validation time:0.19s
[Twitter] [Epoch=124] Train Loss=[QuantLoss=0.02878]Val loss = [QuantLoss=0.08576][QuantReg:0.44783]
[Twitter] Starting epoch 125...
[Twitter] Elapsed training time:2.99s
[Twitter] Starting validation...
[Twitter] Elapsed validation time:0.20s
[Twitter] [Epoch=125] Train Loss=[QuantLoss=0.02759]Val loss = [QuantLoss=0.08554][QuantReg:0.44822]
[Twitter] Starting epoch 126...
[Twitter] Elapsed training time:2.98s
[Twitter] Starting validation...
[Twitter] Elapsed validation time:0.19s
[Twitter] [Epoch=126] Train Loss=[QuantLoss=0.02866]Val loss = [QuantLoss=0.09832][QuantReg:0.44647]
[Twitter] Early stopping in epoch 126!
[Twitter] Restoring best model...
MAE médio por bag: 0.0972 ± 0.0415
Salvo em resultados_sanders/resultados_twitter_bert_kl_easiest_5.csv
