Dataset: /home/nildaimon/gmnet/experiments/train_curl/Datasets/Sanders/twitter-sanders-apple3.csv
Dificuldade: metric=l1, mode=hardest, top_k=None
Rodada: 5
Salvar resultados em: resultados_sanders
Dispositivo de treino: cpu
Carregando e processando dataset Twitter
Carregando embeddings do cache...
Ignoring val_split as train and val datasets where given to fit function
We have two datasets: training 1092 examples. validation 100 examples.]
Using device cpu
[Twitter] Starting epoch 0...
[Twitter] Elapsed training time:2.84s
[Twitter] Starting validation...
[Twitter] Elapsed validation time:0.18s
[Twitter] [Epoch=000] Train Loss=[QuantLoss=0.09249]Val loss = [QuantLoss=0.18578][QuantReg:0.62986][saved best model in this epoch]
[Twitter] Starting epoch 1...
[Twitter] Elapsed training time:2.94s
[Twitter] Starting validation...
[Twitter] Elapsed validation time:0.19s
[Twitter] [Epoch=001] Train Loss=[QuantLoss=0.07790]Val loss = [QuantLoss=0.13239][QuantReg:0.55407][saved best model in this epoch]
[Twitter] Starting epoch 2...
[Twitter] Elapsed training time:2.93s
[Twitter] Starting validation...
[Twitter] Elapsed validation time:0.19s
[Twitter] [Epoch=002] Train Loss=[QuantLoss=0.07980]Val loss = [QuantLoss=0.09242][QuantReg:0.49289][saved best model in this epoch]
[Twitter] Starting epoch 3...
[Twitter] Elapsed training time:2.96s
[Twitter] Starting validation...
[Twitter] Elapsed validation time:0.21s
[Twitter] [Epoch=003] Train Loss=[QuantLoss=0.07762]Val loss = [QuantLoss=0.06944][QuantReg:0.48561][saved best model in this epoch]
[Twitter] Starting epoch 4...
[Twitter] Elapsed training time:2.97s
[Twitter] Starting validation...
[Twitter] Elapsed validation time:0.18s
[Twitter] [Epoch=004] Train Loss=[QuantLoss=0.06619]Val loss = [QuantLoss=0.09049][QuantReg:0.47525]
[Twitter] Starting epoch 5...
[Twitter] Elapsed training time:2.98s
[Twitter] Starting validation...
[Twitter] Elapsed validation time:0.20s
[Twitter] [Epoch=005] Train Loss=[QuantLoss=0.06459]Val loss = [QuantLoss=0.07155][QuantReg:0.44564]
[Twitter] Starting epoch 6...
[Twitter] Elapsed training time:2.93s
[Twitter] Starting validation...
[Twitter] Elapsed validation time:0.23s
[Twitter] [Epoch=006] Train Loss=[QuantLoss=0.06753]Val loss = [QuantLoss=0.09837][QuantReg:0.48083]
[Twitter] Starting epoch 7...
[Twitter] Elapsed training time:2.94s
[Twitter] Starting validation...
[Twitter] Elapsed validation time:0.21s
[Twitter] [Epoch=007] Train Loss=[QuantLoss=0.06279]Val loss = [QuantLoss=0.18361][QuantReg:0.45602]
[Twitter] Starting epoch 8...
[Twitter] Elapsed training time:2.96s
[Twitter] Starting validation...
[Twitter] Elapsed validation time:0.18s
[Twitter] [Epoch=008] Train Loss=[QuantLoss=0.06309]Val loss = [QuantLoss=0.19484][QuantReg:0.42201]
[Twitter] Starting epoch 9...
[Twitter] Elapsed training time:2.95s
[Twitter] Starting validation...
[Twitter] Elapsed validation time:0.20s
[Twitter] [Epoch=009] Train Loss=[QuantLoss=0.05836]Val loss = [QuantLoss=0.09018][QuantReg:0.42572]
[Twitter] Starting epoch 10...
[Twitter] Elapsed training time:2.90s
[Twitter] Starting validation...
[Twitter] Elapsed validation time:0.18s
[Twitter] [Epoch=010] Train Loss=[QuantLoss=0.05938]Val loss = [QuantLoss=0.05572][QuantReg:0.43291][saved best model in this epoch]
[Twitter] Starting epoch 11...
[Twitter] Elapsed training time:2.88s
[Twitter] Starting validation...
[Twitter] Elapsed validation time:0.23s
[Twitter] [Epoch=011] Train Loss=[QuantLoss=0.05370]Val loss = [QuantLoss=0.07537][QuantReg:0.44913]
[Twitter] Starting epoch 12...
[Twitter] Elapsed training time:2.94s
[Twitter] Starting validation...
[Twitter] Elapsed validation time:0.18s
[Twitter] [Epoch=012] Train Loss=[QuantLoss=0.05397]Val loss = [QuantLoss=0.05616][QuantReg:0.45577]
[Twitter] Starting epoch 13...
[Twitter] Elapsed training time:2.88s
[Twitter] Starting validation...
[Twitter] Elapsed validation time:0.20s
[Twitter] [Epoch=013] Train Loss=[QuantLoss=0.05139]Val loss = [QuantLoss=0.06827][QuantReg:0.46148]
[Twitter] Starting epoch 14...
[Twitter] Elapsed training time:2.99s
[Twitter] Starting validation...
[Twitter] Elapsed validation time:0.20s
[Twitter] [Epoch=014] Train Loss=[QuantLoss=0.05487]Val loss = [QuantLoss=0.05166][QuantReg:0.46939][saved best model in this epoch]
[Twitter] Starting epoch 15...
[Twitter] Elapsed training time:2.96s
[Twitter] Starting validation...
[Twitter] Elapsed validation time:0.19s
[Twitter] [Epoch=015] Train Loss=[QuantLoss=0.04932]Val loss = [QuantLoss=0.06245][QuantReg:0.46554]
[Twitter] Starting epoch 16...
[Twitter] Elapsed training time:2.94s
[Twitter] Starting validation...
[Twitter] Elapsed validation time:0.20s
[Twitter] [Epoch=016] Train Loss=[QuantLoss=0.04871]Val loss = [QuantLoss=0.06074][QuantReg:0.45971]
[Twitter] Starting epoch 17...
[Twitter] Elapsed training time:2.91s
[Twitter] Starting validation...
[Twitter] Elapsed validation time:0.19s
[Twitter] [Epoch=017] Train Loss=[QuantLoss=0.04559]Val loss = [QuantLoss=0.04589][QuantReg:0.45792][saved best model in this epoch]
[Twitter] Starting epoch 18...
[Twitter] Elapsed training time:2.98s
[Twitter] Starting validation...
[Twitter] Elapsed validation time:0.19s
[Twitter] [Epoch=018] Train Loss=[QuantLoss=0.04701]Val loss = [QuantLoss=0.04225][QuantReg:0.46681][saved best model in this epoch]
[Twitter] Starting epoch 19...
[Twitter] Elapsed training time:2.95s
[Twitter] Starting validation...
[Twitter] Elapsed validation time:0.20s
[Twitter] [Epoch=019] Train Loss=[QuantLoss=0.04631]Val loss = [QuantLoss=0.04458][QuantReg:0.46233]
[Twitter] Starting epoch 20...
[Twitter] Elapsed training time:3.00s
[Twitter] Starting validation...
[Twitter] Elapsed validation time:0.20s
[Twitter] [Epoch=020] Train Loss=[QuantLoss=0.04705]Val loss = [QuantLoss=0.07739][QuantReg:0.47254]
[Twitter] Starting epoch 21...
[Twitter] Elapsed training time:2.93s
[Twitter] Starting validation...
[Twitter] Elapsed validation time:0.18s
[Twitter] [Epoch=021] Train Loss=[QuantLoss=0.04643]Val loss = [QuantLoss=0.11160][QuantReg:0.47447]
[Twitter] Starting epoch 22...
[Twitter] Elapsed training time:2.99s
[Twitter] Starting validation...
[Twitter] Elapsed validation time:0.23s
[Twitter] [Epoch=022] Train Loss=[QuantLoss=0.04607]Val loss = [QuantLoss=0.07401][QuantReg:0.47381]
[Twitter] Starting epoch 23...
[Twitter] Elapsed training time:2.96s
[Twitter] Starting validation...
[Twitter] Elapsed validation time:0.33s
[Twitter] [Epoch=023] Train Loss=[QuantLoss=0.04563]Val loss = [QuantLoss=0.09891][QuantReg:0.46031]
[Twitter] Starting epoch 24...
[Twitter] Elapsed training time:3.03s
[Twitter] Starting validation...
[Twitter] Elapsed validation time:0.29s
[Twitter] [Epoch=024] Train Loss=[QuantLoss=0.04742]Val loss = [QuantLoss=0.05874][QuantReg:0.45427]
[Twitter] Starting epoch 25...
[Twitter] Elapsed training time:2.97s
[Twitter] Starting validation...
[Twitter] Elapsed validation time:0.28s
[Twitter] [Epoch=025] Train Loss=[QuantLoss=0.04399]Val loss = [QuantLoss=0.06895][QuantReg:0.45873]
[Twitter] Starting epoch 26...
[Twitter] Elapsed training time:3.00s
[Twitter] Starting validation...
[Twitter] Elapsed validation time:0.28s
[Twitter] [Epoch=026] Train Loss=[QuantLoss=0.04611]Val loss = [QuantLoss=0.05651][QuantReg:0.45763]
[Twitter] Starting epoch 27...
[Twitter] Elapsed training time:2.95s
[Twitter] Starting validation...
[Twitter] Elapsed validation time:0.28s
[Twitter] [Epoch=027] Train Loss=[QuantLoss=0.04063]Val loss = [QuantLoss=0.07202][QuantReg:0.44956]
[Twitter] Starting epoch 28...
[Twitter] Elapsed training time:2.93s
[Twitter] Starting validation...
[Twitter] Elapsed validation time:0.27s
[Twitter] [Epoch=028] Train Loss=[QuantLoss=0.04596]Val loss = [QuantLoss=0.07343][QuantReg:0.45262]
[Twitter] Starting epoch 29...
[Twitter] Elapsed training time:2.97s
[Twitter] Starting validation...
[Twitter] Elapsed validation time:0.29s
[Twitter] [Epoch=029] Train Loss=[QuantLoss=0.04357]Val loss = [QuantLoss=0.07338][QuantReg:0.43445]
[Twitter] Starting epoch 30...
[Twitter] Elapsed training time:2.95s
[Twitter] Starting validation...
[Twitter] Elapsed validation time:0.29s
[Twitter] [Epoch=030] Train Loss=[QuantLoss=0.04427]Val loss = [QuantLoss=0.11999][QuantReg:0.43042]
[Twitter] Starting epoch 31...
[Twitter] Elapsed training time:2.93s
[Twitter] Starting validation...
[Twitter] Elapsed validation time:0.27s
[Twitter] [Epoch=031] Train Loss=[QuantLoss=0.04537]Val loss = [QuantLoss=0.07043][QuantReg:0.43549]
[Twitter] Starting epoch 32...
[Twitter] Elapsed training time:2.95s
[Twitter] Starting validation...
[Twitter] Elapsed validation time:0.29s
[Twitter] [Epoch=032] Train Loss=[QuantLoss=0.04839]Val loss = [QuantLoss=0.04561][QuantReg:0.44057]
[Twitter] Starting epoch 33...
[Twitter] Elapsed training time:2.95s
[Twitter] Starting validation...
[Twitter] Elapsed validation time:0.28s
[Twitter] [Epoch=033] Train Loss=[QuantLoss=0.04361]Val loss = [QuantLoss=0.06899][QuantReg:0.43685]
[Twitter] Starting epoch 34...
[Twitter] Elapsed training time:2.95s
[Twitter] Starting validation...
[Twitter] Elapsed validation time:0.30s
[Twitter] [Epoch=034] Train Loss=[QuantLoss=0.04060]Val loss = [QuantLoss=0.04956][QuantReg:0.43299]
[Twitter] Starting epoch 35...
[Twitter] Elapsed training time:2.95s
[Twitter] Starting validation...
[Twitter] Elapsed validation time:0.32s
[Twitter] [Epoch=035] Train Loss=[QuantLoss=0.04500]Val loss = [QuantLoss=0.05004][QuantReg:0.42412]
[Twitter] Starting epoch 36...
[Twitter] Elapsed training time:2.97s
[Twitter] Starting validation...
[Twitter] Elapsed validation time:0.28s
[Twitter] [Epoch=036] Train Loss=[QuantLoss=0.04350]Val loss = [QuantLoss=0.04140][QuantReg:0.42625][saved best model in this epoch]
[Twitter] Starting epoch 37...
[Twitter] Elapsed training time:2.99s
[Twitter] Starting validation...
[Twitter] Elapsed validation time:0.28s
[Twitter] [Epoch=037] Train Loss=[QuantLoss=0.04977]Val loss = [QuantLoss=0.07153][QuantReg:0.42099]
[Twitter] Starting epoch 38...
[Twitter] Elapsed training time:3.01s
[Twitter] Starting validation...
[Twitter] Elapsed validation time:0.28s
[Twitter] [Epoch=038] Train Loss=[QuantLoss=0.04504]Val loss = [QuantLoss=0.04077][QuantReg:0.42132][saved best model in this epoch]
[Twitter] Starting epoch 39...
[Twitter] Elapsed training time:2.98s
[Twitter] Starting validation...
[Twitter] Elapsed validation time:0.27s
[Twitter] [Epoch=039] Train Loss=[QuantLoss=0.04475]Val loss = [QuantLoss=0.04540][QuantReg:0.41178]
[Twitter] Starting epoch 40...
[Twitter] Elapsed training time:3.03s
[Twitter] Starting validation...
[Twitter] Elapsed validation time:0.27s
[Twitter] [Epoch=040] Train Loss=[QuantLoss=0.04400]Val loss = [QuantLoss=0.06131][QuantReg:0.39932]
[Twitter] Starting epoch 41...
[Twitter] Elapsed training time:2.98s
[Twitter] Starting validation...
[Twitter] Elapsed validation time:0.28s
[Twitter] [Epoch=041] Train Loss=[QuantLoss=0.04493]Val loss = [QuantLoss=0.05767][QuantReg:0.39596]
[Twitter] Starting epoch 42...
[Twitter] Elapsed training time:2.99s
[Twitter] Starting validation...
[Twitter] Elapsed validation time:0.29s
[Twitter] [Epoch=042] Train Loss=[QuantLoss=0.04348]Val loss = [QuantLoss=0.06545][QuantReg:0.39422]
[Twitter] Starting epoch 43...
[Twitter] Elapsed training time:3.01s
[Twitter] Starting validation...
[Twitter] Elapsed validation time:0.28s
[Twitter] [Epoch=043] Train Loss=[QuantLoss=0.04300]Val loss = [QuantLoss=0.09292][QuantReg:0.39462]
[Twitter] Starting epoch 44...
[Twitter] Elapsed training time:3.03s
[Twitter] Starting validation...
[Twitter] Elapsed validation time:0.30s
[Twitter] [Epoch=044] Train Loss=[QuantLoss=0.04727]Val loss = [QuantLoss=0.08602][QuantReg:0.39812]
[Twitter] Starting epoch 45...
[Twitter] Elapsed training time:3.00s
[Twitter] Starting validation...
[Twitter] Elapsed validation time:0.28s
[Twitter] [Epoch=045] Train Loss=[QuantLoss=0.04304]Val loss = [QuantLoss=0.07050][QuantReg:0.39320]
[Twitter] Starting epoch 46...
[Twitter] Elapsed training time:3.01s
[Twitter] Starting validation...
[Twitter] Elapsed validation time:0.29s
[Twitter] [Epoch=046] Train Loss=[QuantLoss=0.04113]Val loss = [QuantLoss=0.07169][QuantReg:0.39040]
[Twitter] Starting epoch 47...
[Twitter] Elapsed training time:3.01s
[Twitter] Starting validation...
[Twitter] Elapsed validation time:0.28s
[Twitter] [Epoch=047] Train Loss=[QuantLoss=0.04504]Val loss = [QuantLoss=0.06306][QuantReg:0.39088]
[Twitter] Starting epoch 48...
[Twitter] Elapsed training time:2.97s
[Twitter] Starting validation...
[Twitter] Elapsed validation time:0.28s
[Twitter] [Epoch=048] Train Loss=[QuantLoss=0.04386]Val loss = [QuantLoss=0.04884][QuantReg:0.39658]
[Twitter] Starting epoch 49...
[Twitter] Elapsed training time:2.97s
[Twitter] Starting validation...
[Twitter] Elapsed validation time:0.28s
[Twitter] [Epoch=049] Train Loss=[QuantLoss=0.04340]Val loss = [QuantLoss=0.07956][QuantReg:0.40134]
[Twitter] Starting epoch 50...
[Twitter] Elapsed training time:2.98s
[Twitter] Starting validation...
[Twitter] Elapsed validation time:0.28s
[Twitter] [Epoch=050] Train Loss=[QuantLoss=0.04742]Val loss = [QuantLoss=0.07280][QuantReg:0.40074]
[Twitter] Starting epoch 51...
[Twitter] Elapsed training time:3.01s
[Twitter] Starting validation...
[Twitter] Elapsed validation time:0.28s
[Twitter] [Epoch=051] Train Loss=[QuantLoss=0.04247]Val loss = [QuantLoss=0.11743][QuantReg:0.39981]
[Twitter] Starting epoch 52...
[Twitter] Elapsed training time:2.96s
[Twitter] Starting validation...
[Twitter] Elapsed validation time:0.28s
[Twitter] [Epoch=052] Train Loss=[QuantLoss=0.04498]Val loss = [QuantLoss=0.07813][QuantReg:0.40925]
[Twitter] Starting epoch 53...
[Twitter] Elapsed training time:3.10s
[Twitter] Starting validation...
[Twitter] Elapsed validation time:0.20s
[Twitter] [Epoch=053] Train Loss=[QuantLoss=0.04241]Val loss = [QuantLoss=0.12090][QuantReg:0.40971]
[Twitter] Starting epoch 54...
[Twitter] Elapsed training time:2.91s
[Twitter] Starting validation...
[Twitter] Elapsed validation time:0.20s
[Twitter] [Epoch=054] Train Loss=[QuantLoss=0.04304]Val loss = [QuantLoss=0.05434][QuantReg:0.40570]
[Twitter] Starting epoch 55...
[Twitter] Elapsed training time:2.97s
[Twitter] Starting validation...
[Twitter] Elapsed validation time:0.21s
[Twitter] [Epoch=055] Train Loss=[QuantLoss=0.04271]Val loss = [QuantLoss=0.06373][QuantReg:0.41104]
[Twitter] Starting epoch 56...
[Twitter] Elapsed training time:2.90s
[Twitter] Starting validation...
[Twitter] Elapsed validation time:0.18s
[Twitter] [Epoch=056] Train Loss=[QuantLoss=0.04827]Val loss = [QuantLoss=0.04727][QuantReg:0.41785]
[Twitter] Starting epoch 57...
[Twitter] Elapsed training time:2.94s
[Twitter] Starting validation...
[Twitter] Elapsed validation time:0.19s
[Twitter] [Epoch=057] Train Loss=[QuantLoss=0.04782]Val loss = [QuantLoss=0.03823][QuantReg:0.41093][saved best model in this epoch]
[Twitter] Starting epoch 58...
[Twitter] Elapsed training time:2.96s
[Twitter] Starting validation...
[Twitter] Elapsed validation time:0.20s
[Twitter] [Epoch=058] Train Loss=[QuantLoss=0.04350]Val loss = [QuantLoss=0.06446][QuantReg:0.40413]
[Twitter] Starting epoch 59...
[Twitter] Elapsed training time:3.00s
[Twitter] Starting validation...
[Twitter] Elapsed validation time:0.19s
[Twitter] [Epoch=059] Train Loss=[QuantLoss=0.04612]Val loss = [QuantLoss=0.06412][QuantReg:0.40496]
[Twitter] Starting epoch 60...
[Twitter] Elapsed training time:2.94s
[Twitter] Starting validation...
[Twitter] Elapsed validation time:0.22s
[Twitter] [Epoch=060] Train Loss=[QuantLoss=0.04821]Val loss = [QuantLoss=0.04111][QuantReg:0.40898]
[Twitter] Starting epoch 61...
[Twitter] Elapsed training time:2.97s
[Twitter] Starting validation...
[Twitter] Elapsed validation time:0.20s
[Twitter] [Epoch=061] Train Loss=[QuantLoss=0.04483]Val loss = [QuantLoss=0.06426][QuantReg:0.40538]
[Twitter] Starting epoch 62...
[Twitter] Elapsed training time:2.95s
[Twitter] Starting validation...
[Twitter] Elapsed validation time:0.19s
[Twitter] [Epoch=062] Train Loss=[QuantLoss=0.04572]Val loss = [QuantLoss=0.06709][QuantReg:0.40772]
[Twitter] Starting epoch 63...
[Twitter] Elapsed training time:2.96s
[Twitter] Starting validation...
[Twitter] Elapsed validation time:0.19s
[Twitter] [Epoch=063] Train Loss=[QuantLoss=0.04685]Val loss = [QuantLoss=0.03367][QuantReg:0.40978][saved best model in this epoch]
[Twitter] Starting epoch 64...
[Twitter] Elapsed training time:2.96s
[Twitter] Starting validation...
[Twitter] Elapsed validation time:0.19s
[Twitter] [Epoch=064] Train Loss=[QuantLoss=0.04234]Val loss = [QuantLoss=0.07162][QuantReg:0.40998]
[Twitter] Starting epoch 65...
[Twitter] Elapsed training time:2.98s
[Twitter] Starting validation...
[Twitter] Elapsed validation time:0.20s
[Twitter] [Epoch=065] Train Loss=[QuantLoss=0.04182]Val loss = [QuantLoss=0.06431][QuantReg:0.40506]
[Twitter] Starting epoch 66...
[Twitter] Elapsed training time:2.95s
[Twitter] Starting validation...
[Twitter] Elapsed validation time:0.20s
[Twitter] [Epoch=066] Train Loss=[QuantLoss=0.04158]Val loss = [QuantLoss=0.06192][QuantReg:0.41245]
[Twitter] Starting epoch 67...
[Twitter] Elapsed training time:2.94s
[Twitter] Starting validation...
[Twitter] Elapsed validation time:0.19s
[Twitter] [Epoch=067] Train Loss=[QuantLoss=0.04141]Val loss = [QuantLoss=0.06294][QuantReg:0.41202]
[Twitter] Starting epoch 68...
[Twitter] Elapsed training time:2.96s
[Twitter] Starting validation...
[Twitter] Elapsed validation time:0.19s
[Twitter] [Epoch=068] Train Loss=[QuantLoss=0.04644]Val loss = [QuantLoss=0.09796][QuantReg:0.40953]
[Twitter] Starting epoch 69...
[Twitter] Elapsed training time:2.98s
[Twitter] Starting validation...
[Twitter] Elapsed validation time:0.20s
[Twitter] [Epoch=069] Train Loss=[QuantLoss=0.04265]Val loss = [QuantLoss=0.07110][QuantReg:0.40780]
[Twitter] Starting epoch 70...
[Twitter] Elapsed training time:3.01s
[Twitter] Starting validation...
[Twitter] Elapsed validation time:0.19s
[Twitter] [Epoch=070] Train Loss=[QuantLoss=0.04261]Val loss = [QuantLoss=0.05249][QuantReg:0.42434]
[Twitter] Starting epoch 71...
[Twitter] Elapsed training time:2.98s
[Twitter] Starting validation...
[Twitter] Elapsed validation time:0.20s
[Twitter] [Epoch=071] Train Loss=[QuantLoss=0.04598]Val loss = [QuantLoss=0.09679][QuantReg:0.43021]
[Twitter] Starting epoch 72...
[Twitter] Elapsed training time:2.92s
[Twitter] Starting validation...
[Twitter] Elapsed validation time:0.22s
[Twitter] [Epoch=072] Train Loss=[QuantLoss=0.04395]Val loss = [QuantLoss=0.04855][QuantReg:0.44074]
[Twitter] Starting epoch 73...
[Twitter] Elapsed training time:3.01s
[Twitter] Starting validation...
[Twitter] Elapsed validation time:0.21s
[Twitter] [Epoch=073] Train Loss=[QuantLoss=0.04089]Val loss = [QuantLoss=0.04962][QuantReg:0.43436]
[Twitter] Starting epoch 74...
[Twitter] Elapsed training time:2.92s
[Twitter] Starting validation...
[Twitter] Elapsed validation time:0.21s
[Twitter] [Epoch=074] Train Loss=[QuantLoss=0.04541]Val loss = [QuantLoss=0.06221][QuantReg:0.43399]
[Twitter] Starting epoch 75...
[Twitter] Elapsed training time:2.94s
[Twitter] Starting validation...
[Twitter] Elapsed validation time:0.19s
[Twitter] [Epoch=075] Train Loss=[QuantLoss=0.04346]Val loss = [QuantLoss=0.05278][QuantReg:0.43253]
[Twitter] Starting epoch 76...
[Twitter] Elapsed training time:2.89s
[Twitter] Starting validation...
[Twitter] Elapsed validation time:0.21s
[Twitter] [Epoch=076] Train Loss=[QuantLoss=0.04228]Val loss = [QuantLoss=0.09425][QuantReg:0.42353]
[Twitter] Starting epoch 77...
[Twitter] Elapsed training time:2.93s
[Twitter] Starting validation...
[Twitter] Elapsed validation time:0.23s
[Twitter] [Epoch=077] Train Loss=[QuantLoss=0.04615]Val loss = [QuantLoss=0.06313][QuantReg:0.41466]
[Twitter] Starting epoch 78...
[Twitter] Elapsed training time:2.94s
[Twitter] Starting validation...
[Twitter] Elapsed validation time:0.20s
[Twitter] [Epoch=078] Train Loss=[QuantLoss=0.04404]Val loss = [QuantLoss=0.04776][QuantReg:0.41759]
[Twitter] Starting epoch 79...
[Twitter] Elapsed training time:2.95s
[Twitter] Starting validation...
[Twitter] Elapsed validation time:0.20s
[Twitter] [Epoch=079] Train Loss=[QuantLoss=0.04486]Val loss = [QuantLoss=0.15076][QuantReg:0.41563]
[Twitter] Starting epoch 80...
[Twitter] Elapsed training time:2.97s
[Twitter] Starting validation...
[Twitter] Elapsed validation time:0.18s
[Twitter] [Epoch=080] Train Loss=[QuantLoss=0.04624]Val loss = [QuantLoss=0.04606][QuantReg:0.41739]
[Twitter] Starting epoch 81...
[Twitter] Elapsed training time:2.93s
[Twitter] Starting validation...
[Twitter] Elapsed validation time:0.18s
[Twitter] [Epoch=081] Train Loss=[QuantLoss=0.04267]Val loss = [QuantLoss=0.05603][QuantReg:0.41993]
[Twitter] Starting epoch 82...
[Twitter] Elapsed training time:2.93s
[Twitter] Starting validation...
[Twitter] Elapsed validation time:0.19s
[Twitter] [Epoch=082] Train Loss=[QuantLoss=0.04390]Val loss = [QuantLoss=0.05971][QuantReg:0.41710]
[Twitter] Starting epoch 83...
[Twitter] Elapsed training time:2.94s
[Twitter] Starting validation...
[Twitter] Elapsed validation time:0.19s
[Twitter] [Epoch=083] Train Loss=[QuantLoss=0.04718]Val loss = [QuantLoss=0.06771][QuantReg:0.39844]
[Twitter] Starting epoch 84...
[Twitter] Elapsed training time:2.95s
[Twitter] Starting validation...
[Twitter] Elapsed validation time:0.22s
[Twitter] [Epoch=084] Train Loss=[QuantLoss=0.04560]Val loss = [QuantLoss=0.05150][QuantReg:0.40182]
[Twitter] Starting epoch 85...
[Twitter] Elapsed training time:2.93s
[Twitter] Starting validation...
[Twitter] Elapsed validation time:0.19s
[Twitter] [Epoch=085] Train Loss=[QuantLoss=0.04439]Val loss = [QuantLoss=0.08882][QuantReg:0.41421]
[Twitter] Starting epoch 86...
[Twitter] Elapsed training time:2.92s
[Twitter] Starting validation...
[Twitter] Elapsed validation time:0.19s
[Twitter] [Epoch=086] Train Loss=[QuantLoss=0.04369]Val loss = [QuantLoss=0.05097][QuantReg:0.40874]
[Twitter] Starting epoch 87...
[Twitter] Elapsed training time:2.96s
[Twitter] Starting validation...
[Twitter] Elapsed validation time:0.28s
[Twitter] [Epoch=087] Train Loss=[QuantLoss=0.04031]Val loss = [QuantLoss=0.06861][QuantReg:0.40196]
[Twitter] Starting epoch 88...
[Twitter] Elapsed training time:3.00s
[Twitter] Starting validation...
[Twitter] Elapsed validation time:0.29s
[Twitter] [Epoch=088] Train Loss=[QuantLoss=0.04399]Val loss = [QuantLoss=0.08740][QuantReg:0.39465]
[Twitter] Starting epoch 89...
[Twitter] Elapsed training time:2.93s
[Twitter] Starting validation...
[Twitter] Elapsed validation time:0.31s
[Twitter] [Epoch=089] Train Loss=[QuantLoss=0.04365]Val loss = [QuantLoss=0.05525][QuantReg:0.39572]
[Twitter] Starting epoch 90...
[Twitter] Elapsed training time:2.97s
[Twitter] Starting validation...
[Twitter] Elapsed validation time:0.27s
[Twitter] [Epoch=090] Train Loss=[QuantLoss=0.04309]Val loss = [QuantLoss=0.08066][QuantReg:0.39495]
[Twitter] Starting epoch 91...
[Twitter] Elapsed training time:2.96s
[Twitter] Starting validation...
[Twitter] Elapsed validation time:0.28s
[Twitter] [Epoch=091] Train Loss=[QuantLoss=0.04261]Val loss = [QuantLoss=0.05103][QuantReg:0.39446]
[Twitter] Starting epoch 92...
[Twitter] Elapsed training time:2.97s
[Twitter] Starting validation...
[Twitter] Elapsed validation time:0.29s
[Twitter] [Epoch=092] Train Loss=[QuantLoss=0.04264]Val loss = [QuantLoss=0.06136][QuantReg:0.39308]
[Twitter] Starting epoch 93...
[Twitter] Elapsed training time:2.90s
[Twitter] Starting validation...
[Twitter] Elapsed validation time:0.28s
[Twitter] [Epoch=093] Train Loss=[QuantLoss=0.03963]Val loss = [QuantLoss=0.06672][QuantReg:0.39916]
[Twitter] Starting epoch 94...
[Twitter] Elapsed training time:2.90s
[Twitter] Starting validation...
[Twitter] Elapsed validation time:0.27s
[Twitter] [Epoch=094] Train Loss=[QuantLoss=0.04267]Val loss = [QuantLoss=0.07479][QuantReg:0.40231]
[Twitter] Starting epoch 95...
[Twitter] Elapsed training time:2.93s
[Twitter] Starting validation...
[Twitter] Elapsed validation time:0.29s
[Twitter] [Epoch=095] Train Loss=[QuantLoss=0.04176]Val loss = [QuantLoss=0.06677][QuantReg:0.40191]
[Twitter] Starting epoch 96...
[Twitter] Elapsed training time:2.92s
[Twitter] Starting validation...
[Twitter] Elapsed validation time:0.29s
[Twitter] [Epoch=096] Train Loss=[QuantLoss=0.04308]Val loss = [QuantLoss=0.06865][QuantReg:0.39732]
[Twitter] Starting epoch 97...
[Twitter] Elapsed training time:2.96s
[Twitter] Starting validation...
[Twitter] Elapsed validation time:0.28s
[Twitter] [Epoch=097] Train Loss=[QuantLoss=0.04129]Val loss = [QuantLoss=0.04606][QuantReg:0.39634]
[Twitter] Starting epoch 98...
[Twitter] Elapsed training time:2.98s
[Twitter] Starting validation...
[Twitter] Elapsed validation time:0.28s
[Twitter] [Epoch=098] Train Loss=[QuantLoss=0.03892]Val loss = [QuantLoss=0.06336][QuantReg:0.38219]
[Twitter] Starting epoch 99...
[Twitter] Elapsed training time:2.95s
[Twitter] Starting validation...
[Twitter] Elapsed validation time:0.29s
[Twitter] [Epoch=099] Train Loss=[QuantLoss=0.04082]Val loss = [QuantLoss=0.05323][QuantReg:0.38380]
[Twitter] Starting epoch 100...
[Twitter] Elapsed training time:2.96s
[Twitter] Starting validation...
[Twitter] Elapsed validation time:0.30s
[Twitter] [Epoch=100] Train Loss=[QuantLoss=0.03977]Val loss = [QuantLoss=0.06117][QuantReg:0.39226]
[Twitter] Starting epoch 101...
[Twitter] Elapsed training time:2.94s
[Twitter] Starting validation...
[Twitter] Elapsed validation time:0.28s
[Twitter] [Epoch=101] Train Loss=[QuantLoss=0.03718]Val loss = [QuantLoss=0.07393][QuantReg:0.39935]
[Twitter] Starting epoch 102...
[Twitter] Elapsed training time:2.94s
[Twitter] Starting validation...
[Twitter] Elapsed validation time:0.28s
[Twitter] [Epoch=102] Train Loss=[QuantLoss=0.04093]Val loss = [QuantLoss=0.08538][QuantReg:0.39645]
[Twitter] Starting epoch 103...
[Twitter] Elapsed training time:2.92s
[Twitter] Starting validation...
[Twitter] Elapsed validation time:0.29s
[Twitter] [Epoch=103] Train Loss=[QuantLoss=0.04269]Val loss = [QuantLoss=0.04978][QuantReg:0.40245]
[Twitter] Starting epoch 104...
[Twitter] Elapsed training time:2.94s
[Twitter] Starting validation...
[Twitter] Elapsed validation time:0.28s
[Twitter] [Epoch=104] Train Loss=[QuantLoss=0.04081]Val loss = [QuantLoss=0.06362][QuantReg:0.39215]
[Twitter] Starting epoch 105...
[Twitter] Elapsed training time:2.95s
[Twitter] Starting validation...
[Twitter] Elapsed validation time:0.29s
[Twitter] [Epoch=105] Train Loss=[QuantLoss=0.04341]Val loss = [QuantLoss=0.08067][QuantReg:0.38566]
[Twitter] Starting epoch 106...
[Twitter] Elapsed training time:2.95s
[Twitter] Starting validation...
[Twitter] Elapsed validation time:0.28s
[Twitter] [Epoch=106] Train Loss=[QuantLoss=0.04035]Val loss = [QuantLoss=0.07048][QuantReg:0.38211]
[Twitter] Starting epoch 107...
[Twitter] Elapsed training time:2.96s
[Twitter] Starting validation...
[Twitter] Elapsed validation time:0.28s
[Twitter] [Epoch=107] Train Loss=[QuantLoss=0.04093]Val loss = [QuantLoss=0.04021][QuantReg:0.37909]
[Twitter] Starting epoch 108...
[Twitter] Elapsed training time:2.97s
[Twitter] Starting validation...
[Twitter] Elapsed validation time:0.28s
[Twitter] [Epoch=108] Train Loss=[QuantLoss=0.03962]Val loss = [QuantLoss=0.06223][QuantReg:0.38405]
[Twitter] Starting epoch 109...
[Twitter] Elapsed training time:2.90s
[Twitter] Starting validation...
[Twitter] Elapsed validation time:0.30s
[Twitter] [Epoch=109] Train Loss=[QuantLoss=0.03897]Val loss = [QuantLoss=0.04958][QuantReg:0.38188]
[Twitter] Starting epoch 110...
[Twitter] Elapsed training time:3.01s
[Twitter] Starting validation...
[Twitter] Elapsed validation time:0.30s
[Twitter] [Epoch=110] Train Loss=[QuantLoss=0.04132]Val loss = [QuantLoss=0.05507][QuantReg:0.38560]
[Twitter] Starting epoch 111...
[Twitter] Elapsed training time:3.02s
[Twitter] Starting validation...
[Twitter] Elapsed validation time:0.29s
[Twitter] [Epoch=111] Train Loss=[QuantLoss=0.03840]Val loss = [QuantLoss=0.04797][QuantReg:0.38595]
[Twitter] Starting epoch 112...
[Twitter] Elapsed training time:3.02s
[Twitter] Starting validation...
[Twitter] Elapsed validation time:0.29s
[Twitter] [Epoch=112] Train Loss=[QuantLoss=0.03715]Val loss = [QuantLoss=0.04935][QuantReg:0.38513]
[Twitter] Starting epoch 113...
[Twitter] Elapsed training time:2.95s
[Twitter] Starting validation...
[Twitter] Elapsed validation time:0.29s
[Twitter] [Epoch=113] Train Loss=[QuantLoss=0.03642]Val loss = [QuantLoss=0.05202][QuantReg:0.39150]
[Twitter] Starting epoch 114...
[Twitter] Elapsed training time:2.92s
[Twitter] Starting validation...
[Twitter] Elapsed validation time:0.29s
[Twitter] [Epoch=114] Train Loss=[QuantLoss=0.03544]Val loss = [QuantLoss=0.04460][QuantReg:0.39166]
[Twitter] Starting epoch 115...
[Twitter] Elapsed training time:3.04s
[Twitter] Starting validation...
[Twitter] Elapsed validation time:0.19s
[Twitter] [Epoch=115] Train Loss=[QuantLoss=0.03560]Val loss = [QuantLoss=0.05675][QuantReg:0.38641]
[Twitter] Starting epoch 116...
[Twitter] Elapsed training time:2.91s
[Twitter] Starting validation...
[Twitter] Elapsed validation time:0.18s
[Twitter] [Epoch=116] Train Loss=[QuantLoss=0.03370]Val loss = [QuantLoss=0.05503][QuantReg:0.38826]
[Twitter] Starting epoch 117...
[Twitter] Elapsed training time:2.92s
[Twitter] Starting validation...
[Twitter] Elapsed validation time:0.19s
[Twitter] [Epoch=117] Train Loss=[QuantLoss=0.03561]Val loss = [QuantLoss=0.06937][QuantReg:0.39377]
[Twitter] Starting epoch 118...
[Twitter] Elapsed training time:2.94s
[Twitter] Starting validation...
[Twitter] Elapsed validation time:0.19s
[Twitter] [Epoch=118] Train Loss=[QuantLoss=0.03407]Val loss = [QuantLoss=0.07908][QuantReg:0.39265]
[Twitter] Starting epoch 119...
[Twitter] Elapsed training time:2.96s
[Twitter] Starting validation...
[Twitter] Elapsed validation time:0.19s
[Twitter] [Epoch=119] Train Loss=[QuantLoss=0.03452]Val loss = [QuantLoss=0.06697][QuantReg:0.38966]
[Twitter] Starting epoch 120...
[Twitter] Elapsed training time:3.00s
[Twitter] Starting validation...
[Twitter] Elapsed validation time:0.19s
[Twitter] [Epoch=120] Train Loss=[QuantLoss=0.03459]Val loss = [QuantLoss=0.06007][QuantReg:0.38774]
[Twitter] Starting epoch 121...
[Twitter] Elapsed training time:2.94s
[Twitter] Starting validation...
[Twitter] Elapsed validation time:0.19s
[Twitter] [Epoch=121] Train Loss=[QuantLoss=0.03363]Val loss = [QuantLoss=0.07245][QuantReg:0.38659]
[Twitter] Starting epoch 122...
[Twitter] Elapsed training time:2.92s
[Twitter] Starting validation...
[Twitter] Elapsed validation time:0.23s
[Twitter] [Epoch=122] Train Loss=[QuantLoss=0.03517]Val loss = [QuantLoss=0.07974][QuantReg:0.38534]
[Twitter] Starting epoch 123...
[Twitter] Elapsed training time:2.95s
[Twitter] Starting validation...
[Twitter] Elapsed validation time:0.19s
[Twitter] [Epoch=123] Train Loss=[QuantLoss=0.03556]Val loss = [QuantLoss=0.07163][QuantReg:0.39136]
[Twitter] Starting epoch 124...
[Twitter] Elapsed training time:2.98s
[Twitter] Starting validation...
[Twitter] Elapsed validation time:0.18s
[Twitter] [Epoch=124] Train Loss=[QuantLoss=0.03386]Val loss = [QuantLoss=0.05568][QuantReg:0.39170]
[Twitter] Starting epoch 125...
[Twitter] Elapsed training time:2.93s
[Twitter] Starting validation...
[Twitter] Elapsed validation time:0.19s
[Twitter] [Epoch=125] Train Loss=[QuantLoss=0.03404]Val loss = [QuantLoss=0.06418][QuantReg:0.39079]
[Twitter] Starting epoch 126...
[Twitter] Elapsed training time:2.94s
[Twitter] Starting validation...
[Twitter] Elapsed validation time:0.18s
[Twitter] [Epoch=126] Train Loss=[QuantLoss=0.03367]Val loss = [QuantLoss=0.06489][QuantReg:0.38877]
[Twitter] Starting epoch 127...
[Twitter] Elapsed training time:3.00s
[Twitter] Starting validation...
[Twitter] Elapsed validation time:0.20s
[Twitter] [Epoch=127] Train Loss=[QuantLoss=0.03317]Val loss = [QuantLoss=0.06579][QuantReg:0.38788]
[Twitter] Starting epoch 128...
[Twitter] Elapsed training time:2.94s
[Twitter] Starting validation...
[Twitter] Elapsed validation time:0.20s
[Twitter] [Epoch=128] Train Loss=[QuantLoss=0.03110]Val loss = [QuantLoss=0.06596][QuantReg:0.38950]
[Twitter] Starting epoch 129...
[Twitter] Elapsed training time:2.99s
[Twitter] Starting validation...
[Twitter] Elapsed validation time:0.19s
[Twitter] [Epoch=129] Train Loss=[QuantLoss=0.03191]Val loss = [QuantLoss=0.06944][QuantReg:0.39191]
[Twitter] Starting epoch 130...
[Twitter] Elapsed training time:2.91s
[Twitter] Starting validation...
[Twitter] Elapsed validation time:0.20s
[Twitter] [Epoch=130] Train Loss=[QuantLoss=0.03124]Val loss = [QuantLoss=0.06577][QuantReg:0.39054]
[Twitter] Starting epoch 131...
[Twitter] Elapsed training time:2.96s
[Twitter] Starting validation...
[Twitter] Elapsed validation time:0.19s
[Twitter] [Epoch=131] Train Loss=[QuantLoss=0.03206]Val loss = [QuantLoss=0.07634][QuantReg:0.38966]
[Twitter] Starting epoch 132...
[Twitter] Elapsed training time:2.92s
[Twitter] Starting validation...
[Twitter] Elapsed validation time:0.19s
[Twitter] [Epoch=132] Train Loss=[QuantLoss=0.03192]Val loss = [QuantLoss=0.08222][QuantReg:0.39102]
[Twitter] Starting epoch 133...
[Twitter] Elapsed training time:2.92s
[Twitter] Starting validation...
[Twitter] Elapsed validation time:0.20s
[Twitter] [Epoch=133] Train Loss=[QuantLoss=0.03259]Val loss = [QuantLoss=0.08496][QuantReg:0.39164]
[Twitter] Starting epoch 134...
[Twitter] Elapsed training time:2.94s
[Twitter] Starting validation...
[Twitter] Elapsed validation time:0.19s
[Twitter] [Epoch=134] Train Loss=[QuantLoss=0.03220]Val loss = [QuantLoss=0.06959][QuantReg:0.38926]
[Twitter] Starting epoch 135...
[Twitter] Elapsed training time:2.92s
[Twitter] Starting validation...
[Twitter] Elapsed validation time:0.18s
[Twitter] [Epoch=135] Train Loss=[QuantLoss=0.03118]Val loss = [QuantLoss=0.06025][QuantReg:0.38554]
[Twitter] Starting epoch 136...
[Twitter] Elapsed training time:2.99s
[Twitter] Starting validation...
[Twitter] Elapsed validation time:0.19s
[Twitter] [Epoch=136] Train Loss=[QuantLoss=0.03192]Val loss = [QuantLoss=0.05054][QuantReg:0.38270]
[Twitter] Starting epoch 137...
[Twitter] Elapsed training time:2.96s
[Twitter] Starting validation...
[Twitter] Elapsed validation time:0.19s
[Twitter] [Epoch=137] Train Loss=[QuantLoss=0.03254]Val loss = [QuantLoss=0.06609][QuantReg:0.38370]
[Twitter] Starting epoch 138...
[Twitter] Elapsed training time:2.99s
[Twitter] Starting validation...
[Twitter] Elapsed validation time:0.19s
[Twitter] [Epoch=138] Train Loss=[QuantLoss=0.03139]Val loss = [QuantLoss=0.06070][QuantReg:0.38714]
[Twitter] Starting epoch 139...
[Twitter] Elapsed training time:3.02s
[Twitter] Starting validation...
[Twitter] Elapsed validation time:0.20s
[Twitter] [Epoch=139] Train Loss=[QuantLoss=0.03165]Val loss = [QuantLoss=0.06731][QuantReg:0.38503]
[Twitter] Starting epoch 140...
[Twitter] Elapsed training time:2.90s
[Twitter] Starting validation...
[Twitter] Elapsed validation time:0.34s
[Twitter] [Epoch=140] Train Loss=[QuantLoss=0.03221]Val loss = [QuantLoss=0.06831][QuantReg:0.38279]
[Twitter] Starting epoch 141...
[Twitter] Elapsed training time:2.91s
[Twitter] Starting validation...
[Twitter] Elapsed validation time:0.18s
[Twitter] [Epoch=141] Train Loss=[QuantLoss=0.03183]Val loss = [QuantLoss=0.06248][QuantReg:0.38417]
[Twitter] Starting epoch 142...
[Twitter] Elapsed training time:2.95s
[Twitter] Starting validation...
[Twitter] Elapsed validation time:0.27s
[Twitter] [Epoch=142] Train Loss=[QuantLoss=0.03056]Val loss = [QuantLoss=0.05361][QuantReg:0.38491]
[Twitter] Starting epoch 143...
[Twitter] Elapsed training time:2.96s
[Twitter] Starting validation...
[Twitter] Elapsed validation time:0.28s
[Twitter] [Epoch=143] Train Loss=[QuantLoss=0.03313]Val loss = [QuantLoss=0.05710][QuantReg:0.38274]
[Twitter] Starting epoch 144...
[Twitter] Elapsed training time:2.92s
[Twitter] Starting validation...
[Twitter] Elapsed validation time:0.29s
[Twitter] [Epoch=144] Train Loss=[QuantLoss=0.03183]Val loss = [QuantLoss=0.06133][QuantReg:0.38724]
[Twitter] Starting epoch 145...
[Twitter] Elapsed training time:2.94s
[Twitter] Starting validation...
[Twitter] Elapsed validation time:0.29s
[Twitter] [Epoch=145] Train Loss=[QuantLoss=0.03025]Val loss = [QuantLoss=0.05854][QuantReg:0.38758]
[Twitter] Starting epoch 146...
[Twitter] Elapsed training time:2.92s
[Twitter] Starting validation...
[Twitter] Elapsed validation time:0.28s
[Twitter] [Epoch=146] Train Loss=[QuantLoss=0.03138]Val loss = [QuantLoss=0.05845][QuantReg:0.38615]
[Twitter] Starting epoch 147...
[Twitter] Elapsed training time:2.95s
[Twitter] Starting validation...
[Twitter] Elapsed validation time:0.27s
[Twitter] [Epoch=147] Train Loss=[QuantLoss=0.03252]Val loss = [QuantLoss=0.06819][QuantReg:0.38474]
[Twitter] Starting epoch 148...
[Twitter] Elapsed training time:2.97s
[Twitter] Starting validation...
[Twitter] Elapsed validation time:0.28s
[Twitter] [Epoch=148] Train Loss=[QuantLoss=0.03083]Val loss = [QuantLoss=0.06496][QuantReg:0.38744]
[Twitter] Starting epoch 149...
[Twitter] Elapsed training time:2.97s
[Twitter] Starting validation...
[Twitter] Elapsed validation time:0.27s
[Twitter] [Epoch=149] Train Loss=[QuantLoss=0.03223]Val loss = [QuantLoss=0.06845][QuantReg:0.38611]
[Twitter] Starting epoch 150...
[Twitter] Elapsed training time:3.00s
[Twitter] Starting validation...
[Twitter] Elapsed validation time:0.29s
[Twitter] [Epoch=150] Train Loss=[QuantLoss=0.02984]Val loss = [QuantLoss=0.06413][QuantReg:0.38677]
[Twitter] Starting epoch 151...
[Twitter] Elapsed training time:2.96s
[Twitter] Starting validation...
[Twitter] Elapsed validation time:0.30s
[Twitter] [Epoch=151] Train Loss=[QuantLoss=0.02973]Val loss = [QuantLoss=0.06309][QuantReg:0.38387]
[Twitter] Starting epoch 152...
[Twitter] Elapsed training time:2.94s
[Twitter] Starting validation...
[Twitter] Elapsed validation time:0.30s
[Twitter] [Epoch=152] Train Loss=[QuantLoss=0.03022]Val loss = [QuantLoss=0.06119][QuantReg:0.38387]
[Twitter] Starting epoch 153...
[Twitter] Elapsed training time:2.97s
[Twitter] Starting validation...
[Twitter] Elapsed validation time:0.28s
[Twitter] [Epoch=153] Train Loss=[QuantLoss=0.03077]Val loss = [QuantLoss=0.06456][QuantReg:0.38387]
[Twitter] Starting epoch 154...
[Twitter] Elapsed training time:2.93s
[Twitter] Starting validation...
[Twitter] Elapsed validation time:0.27s
[Twitter] [Epoch=154] Train Loss=[QuantLoss=0.03019]Val loss = [QuantLoss=0.05788][QuantReg:0.38382]
[Twitter] Starting epoch 155...
[Twitter] Elapsed training time:2.97s
[Twitter] Starting validation...
[Twitter] Elapsed validation time:0.28s
[Twitter] [Epoch=155] Train Loss=[QuantLoss=0.02915]Val loss = [QuantLoss=0.06996][QuantReg:0.38581]
[Twitter] Starting epoch 156...
[Twitter] Elapsed training time:2.98s
[Twitter] Starting validation...
[Twitter] Elapsed validation time:0.28s
[Twitter] [Epoch=156] Train Loss=[QuantLoss=0.02928]Val loss = [QuantLoss=0.06200][QuantReg:0.38401]
[Twitter] Starting epoch 157...
[Twitter] Elapsed training time:2.98s
[Twitter] Starting validation...
[Twitter] Elapsed validation time:0.29s
[Twitter] [Epoch=157] Train Loss=[QuantLoss=0.03084]Val loss = [QuantLoss=0.05926][QuantReg:0.38148]
[Twitter] Starting epoch 158...
[Twitter] Elapsed training time:2.96s
[Twitter] Starting validation...
[Twitter] Elapsed validation time:0.28s
[Twitter] [Epoch=158] Train Loss=[QuantLoss=0.02983]Val loss = [QuantLoss=0.06120][QuantReg:0.38228]
[Twitter] Starting epoch 159...
[Twitter] Elapsed training time:2.98s
[Twitter] Starting validation...
[Twitter] Elapsed validation time:0.27s
[Twitter] [Epoch=159] Train Loss=[QuantLoss=0.02945]Val loss = [QuantLoss=0.05898][QuantReg:0.38302]
[Twitter] Starting epoch 160...
[Twitter] Elapsed training time:2.99s
[Twitter] Starting validation...
[Twitter] Elapsed validation time:0.28s
[Twitter] [Epoch=160] Train Loss=[QuantLoss=0.02993]Val loss = [QuantLoss=0.05857][QuantReg:0.38151]
[Twitter] Starting epoch 161...
[Twitter] Elapsed training time:2.90s
[Twitter] Starting validation...
[Twitter] Elapsed validation time:0.27s
[Twitter] [Epoch=161] Train Loss=[QuantLoss=0.02909]Val loss = [QuantLoss=0.06351][QuantReg:0.38271]
[Twitter] Starting epoch 162...
[Twitter] Elapsed training time:3.06s
[Twitter] Starting validation...
[Twitter] Elapsed validation time:0.29s
[Twitter] [Epoch=162] Train Loss=[QuantLoss=0.02953]Val loss = [QuantLoss=0.05780][QuantReg:0.38301]
[Twitter] Starting epoch 163...
[Twitter] Elapsed training time:2.96s
[Twitter] Starting validation...
[Twitter] Elapsed validation time:0.28s
[Twitter] [Epoch=163] Train Loss=[QuantLoss=0.03193]Val loss = [QuantLoss=0.05896][QuantReg:0.38266]
[Twitter] Starting epoch 164...
[Twitter] Elapsed training time:2.94s
[Twitter] Starting validation...
[Twitter] Elapsed validation time:0.31s
[Twitter] [Epoch=164] Train Loss=[QuantLoss=0.03002]Val loss = [QuantLoss=0.05638][QuantReg:0.38335]
[Twitter] Starting epoch 165...
[Twitter] Elapsed training time:2.94s
[Twitter] Starting validation...
[Twitter] Elapsed validation time:0.29s
[Twitter] [Epoch=165] Train Loss=[QuantLoss=0.02902]Val loss = [QuantLoss=0.05896][QuantReg:0.38485]
[Twitter] Starting epoch 166...
[Twitter] Elapsed training time:2.93s
[Twitter] Starting validation...
[Twitter] Elapsed validation time:0.28s
[Twitter] [Epoch=166] Train Loss=[QuantLoss=0.02939]Val loss = [QuantLoss=0.05652][QuantReg:0.38325]
[Twitter] Starting epoch 167...
[Twitter] Elapsed training time:2.96s
[Twitter] Starting validation...
[Twitter] Elapsed validation time:0.30s
[Twitter] [Epoch=167] Train Loss=[QuantLoss=0.03035]Val loss = [QuantLoss=0.05795][QuantReg:0.38542]
[Twitter] Starting epoch 168...
[Twitter] Elapsed training time:2.99s
[Twitter] Starting validation...
[Twitter] Elapsed validation time:0.28s
[Twitter] [Epoch=168] Train Loss=[QuantLoss=0.02999]Val loss = [QuantLoss=0.06200][QuantReg:0.38376]
[Twitter] Starting epoch 169...
[Twitter] Elapsed training time:2.96s
[Twitter] Starting validation...
[Twitter] Elapsed validation time:0.28s
[Twitter] [Epoch=169] Train Loss=[QuantLoss=0.02831]Val loss = [QuantLoss=0.05789][QuantReg:0.38357]
[Twitter] Starting epoch 170...
[Twitter] Elapsed training time:2.93s
[Twitter] Starting validation...
[Twitter] Elapsed validation time:0.28s
[Twitter] [Epoch=170] Train Loss=[QuantLoss=0.02957]Val loss = [QuantLoss=0.05959][QuantReg:0.38442]
[Twitter] Starting epoch 171...
[Twitter] Elapsed training time:2.95s
[Twitter] Starting validation...
[Twitter] Elapsed validation time:0.28s
[Twitter] [Epoch=171] Train Loss=[QuantLoss=0.02902]Val loss = [QuantLoss=0.05669][QuantReg:0.38374]
[Twitter] Starting epoch 172...
[Twitter] Elapsed training time:2.97s
[Twitter] Starting validation...
[Twitter] Elapsed validation time:0.28s
[Twitter] [Epoch=172] Train Loss=[QuantLoss=0.02879]Val loss = [QuantLoss=0.05599][QuantReg:0.38142]
[Twitter] Starting epoch 173...
[Twitter] Elapsed training time:2.95s
[Twitter] Starting validation...
[Twitter] Elapsed validation time:0.29s
[Twitter] [Epoch=173] Train Loss=[QuantLoss=0.02858]Val loss = [QuantLoss=0.05593][QuantReg:0.38418]
[Twitter] Starting epoch 174...
[Twitter] Elapsed training time:3.00s
[Twitter] Starting validation...
[Twitter] Elapsed validation time:0.28s
[Twitter] [Epoch=174] Train Loss=[QuantLoss=0.02838]Val loss = [QuantLoss=0.05490][QuantReg:0.38372]
[Twitter] Starting epoch 175...
[Twitter] Elapsed training time:3.02s
[Twitter] Starting validation...
[Twitter] Elapsed validation time:0.29s
[Twitter] [Epoch=175] Train Loss=[QuantLoss=0.02866]Val loss = [QuantLoss=0.05806][QuantReg:0.38308]
[Twitter] Starting epoch 176...
[Twitter] Elapsed training time:3.08s
[Twitter] Starting validation...
[Twitter] Elapsed validation time:0.19s
[Twitter] [Epoch=176] Train Loss=[QuantLoss=0.02867]Val loss = [QuantLoss=0.05742][QuantReg:0.38359]
[Twitter] Starting epoch 177...
[Twitter] Elapsed training time:2.95s
[Twitter] Starting validation...
[Twitter] Elapsed validation time:0.21s
[Twitter] [Epoch=177] Train Loss=[QuantLoss=0.02893]Val loss = [QuantLoss=0.05496][QuantReg:0.38311]
[Twitter] Starting epoch 178...
[Twitter] Elapsed training time:2.87s
[Twitter] Starting validation...
[Twitter] Elapsed validation time:0.21s
[Twitter] [Epoch=178] Train Loss=[QuantLoss=0.02975]Val loss = [QuantLoss=0.05422][QuantReg:0.38152]
[Twitter] Starting epoch 179...
[Twitter] Elapsed training time:2.98s
[Twitter] Starting validation...
[Twitter] Elapsed validation time:0.18s
[Twitter] [Epoch=179] Train Loss=[QuantLoss=0.02789]Val loss = [QuantLoss=0.05463][QuantReg:0.38203]
[Twitter] Starting epoch 180...
[Twitter] Elapsed training time:2.93s
[Twitter] Starting validation...
[Twitter] Elapsed validation time:0.18s
[Twitter] [Epoch=180] Train Loss=[QuantLoss=0.02923]Val loss = [QuantLoss=0.05613][QuantReg:0.38216]
[Twitter] Starting epoch 181...
[Twitter] Elapsed training time:3.02s
[Twitter] Starting validation...
[Twitter] Elapsed validation time:0.20s
[Twitter] [Epoch=181] Train Loss=[QuantLoss=0.02840]Val loss = [QuantLoss=0.05355][QuantReg:0.38240]
[Twitter] Starting epoch 182...
[Twitter] Elapsed training time:2.98s
[Twitter] Starting validation...
[Twitter] Elapsed validation time:0.19s
[Twitter] [Epoch=182] Train Loss=[QuantLoss=0.02950]Val loss = [QuantLoss=0.05482][QuantReg:0.38223]
[Twitter] Starting epoch 183...
[Twitter] Elapsed training time:2.94s
[Twitter] Starting validation...
[Twitter] Elapsed validation time:0.20s
[Twitter] [Epoch=183] Train Loss=[QuantLoss=0.03063]Val loss = [QuantLoss=0.05097][QuantReg:0.38233]
[Twitter] Starting epoch 184...
[Twitter] Elapsed training time:2.94s
[Twitter] Starting validation...
[Twitter] Elapsed validation time:0.18s
[Twitter] [Epoch=184] Train Loss=[QuantLoss=0.02828]Val loss = [QuantLoss=0.05126][QuantReg:0.38124]
[Twitter] Starting epoch 185...
[Twitter] Elapsed training time:2.97s
[Twitter] Starting validation...
[Twitter] Elapsed validation time:0.19s
[Twitter] [Epoch=185] Train Loss=[QuantLoss=0.02819]Val loss = [QuantLoss=0.05076][QuantReg:0.38010]
[Twitter] Starting epoch 186...
[Twitter] Elapsed training time:2.99s
[Twitter] Starting validation...
[Twitter] Elapsed validation time:0.19s
[Twitter] [Epoch=186] Train Loss=[QuantLoss=0.02914]Val loss = [QuantLoss=0.05241][QuantReg:0.38278]
[Twitter] Starting epoch 187...
[Twitter] Elapsed training time:2.91s
[Twitter] Starting validation...
[Twitter] Elapsed validation time:0.19s
[Twitter] [Epoch=187] Train Loss=[QuantLoss=0.02872]Val loss = [QuantLoss=0.05563][QuantReg:0.38217]
[Twitter] Starting epoch 188...
[Twitter] Elapsed training time:2.92s
[Twitter] Starting validation...
[Twitter] Elapsed validation time:0.18s
[Twitter] [Epoch=188] Train Loss=[QuantLoss=0.02872]Val loss = [QuantLoss=0.05618][QuantReg:0.38139]
[Twitter] Starting epoch 189...
[Twitter] Elapsed training time:3.01s
[Twitter] Starting validation...
[Twitter] Elapsed validation time:0.21s
[Twitter] [Epoch=189] Train Loss=[QuantLoss=0.02832]Val loss = [QuantLoss=0.06052][QuantReg:0.38041]
[Twitter] Early stopping in epoch 189!
[Twitter] Restoring best model...
MAE médio por bag: 0.0885 ± 0.0443
Salvo em resultados_sanders/resultados_twitter_bert_l1_hardest_5.csv
