Dataset: SST-5
Dificuldade: kl, modo: hardest, top_k: None
Dispositivo de treino: cuda
Baixando Stanford Sentiment Treebank (SST-5) do Hugging Face...
Carregando embeddings e splits do cache...
Ignoring val_split as train and val datasets where given to fit function
We have two datasets: training 16544 examples. validation 1000 examples.]
Using device cuda
[SST-5] Starting epoch 0...
[SST-5] Elapsed training time:13.22s
[SST-5] Starting validation...
[SST-5] Elapsed validation time:1.24s
[SST-5] [Epoch=000] Train Loss=[QuantLoss=0.06207]Val loss = [QuantLoss=0.02990][QuantReg:0.44406][saved best model in this epoch]
[SST-5] Starting epoch 1...
[SST-5] Elapsed training time:13.22s
[SST-5] Starting validation...
[SST-5] Elapsed validation time:1.30s
[SST-5] [Epoch=001] Train Loss=[QuantLoss=0.03598]Val loss = [QuantLoss=0.03227][QuantReg:0.39625]
[SST-5] Starting epoch 2...
[SST-5] Elapsed training time:13.04s
[SST-5] Starting validation...
[SST-5] Elapsed validation time:1.25s
[SST-5] [Epoch=002] Train Loss=[QuantLoss=0.03075]Val loss = [QuantLoss=0.03058][QuantReg:0.39080]
[SST-5] Starting epoch 3...
[SST-5] Elapsed training time:13.17s
[SST-5] Starting validation...
[SST-5] Elapsed validation time:1.27s
[SST-5] [Epoch=003] Train Loss=[QuantLoss=0.02679]Val loss = [QuantLoss=0.02649][QuantReg:0.37886][saved best model in this epoch]
[SST-5] Starting epoch 4...
[SST-5] Elapsed training time:13.00s
[SST-5] Starting validation...
[SST-5] Elapsed validation time:1.23s
[SST-5] [Epoch=004] Train Loss=[QuantLoss=0.02601]Val loss = [QuantLoss=0.02415][QuantReg:0.37805][saved best model in this epoch]
[SST-5] Starting epoch 5...
[SST-5] Elapsed training time:13.01s
[SST-5] Starting validation...
[SST-5] Elapsed validation time:1.21s
[SST-5] [Epoch=005] Train Loss=[QuantLoss=0.02697]Val loss = [QuantLoss=0.02390][QuantReg:0.36514][saved best model in this epoch]
[SST-5] Starting epoch 6...
[SST-5] Elapsed training time:12.92s
[SST-5] Starting validation...
[SST-5] Elapsed validation time:1.31s
[SST-5] [Epoch=006] Train Loss=[QuantLoss=0.02751]Val loss = [QuantLoss=0.02219][QuantReg:0.35951][saved best model in this epoch]
[SST-5] Starting epoch 7...
[SST-5] Elapsed training time:12.75s
[SST-5] Starting validation...
[SST-5] Elapsed validation time:1.32s
[SST-5] [Epoch=007] Train Loss=[QuantLoss=0.02796]Val loss = [QuantLoss=0.03953][QuantReg:0.36321]
[SST-5] Starting epoch 8...
[SST-5] Elapsed training time:12.74s
[SST-5] Starting validation...
[SST-5] Elapsed validation time:1.34s
[SST-5] [Epoch=008] Train Loss=[QuantLoss=0.02590]Val loss = [QuantLoss=0.03338][QuantReg:0.36689]
[SST-5] Starting epoch 9...
[SST-5] Elapsed training time:13.14s
[SST-5] Starting validation...
[SST-5] Elapsed validation time:1.25s
[SST-5] [Epoch=009] Train Loss=[QuantLoss=0.02442]Val loss = [QuantLoss=0.01844][QuantReg:0.36418][saved best model in this epoch]
[SST-5] Starting epoch 10...
[SST-5] Elapsed training time:13.38s
[SST-5] Starting validation...
[SST-5] Elapsed validation time:1.26s
[SST-5] [Epoch=010] Train Loss=[QuantLoss=0.02428]Val loss = [QuantLoss=0.02409][QuantReg:0.36016]
[SST-5] Starting epoch 11...
[SST-5] Elapsed training time:12.74s
[SST-5] Starting validation...
[SST-5] Elapsed validation time:1.26s
[SST-5] [Epoch=011] Train Loss=[QuantLoss=0.02458]Val loss = [QuantLoss=0.01703][QuantReg:0.35845][saved best model in this epoch]
[SST-5] Starting epoch 12...
[SST-5] Elapsed training time:13.35s
[SST-5] Starting validation...
[SST-5] Elapsed validation time:1.24s
[SST-5] [Epoch=012] Train Loss=[QuantLoss=0.02373]Val loss = [QuantLoss=0.03336][QuantReg:0.35646]
[SST-5] Starting epoch 13...
[SST-5] Elapsed training time:13.04s
[SST-5] Starting validation...
[SST-5] Elapsed validation time:1.32s
[SST-5] [Epoch=013] Train Loss=[QuantLoss=0.02391]Val loss = [QuantLoss=0.02750][QuantReg:0.35815]
[SST-5] Starting epoch 14...
[SST-5] Elapsed training time:12.86s
[SST-5] Starting validation...
[SST-5] Elapsed validation time:1.25s
[SST-5] [Epoch=014] Train Loss=[QuantLoss=0.02403]Val loss = [QuantLoss=0.02854][QuantReg:0.36412]
[SST-5] Starting epoch 15...
[SST-5] Elapsed training time:13.12s
[SST-5] Starting validation...
[SST-5] Elapsed validation time:1.31s
[SST-5] [Epoch=015] Train Loss=[QuantLoss=0.02342]Val loss = [QuantLoss=0.02198][QuantReg:0.34849]
[SST-5] Starting epoch 16...
[SST-5] Elapsed training time:13.10s
[SST-5] Starting validation...
[SST-5] Elapsed validation time:1.25s
[SST-5] [Epoch=016] Train Loss=[QuantLoss=0.02464]Val loss = [QuantLoss=0.02265][QuantReg:0.34500]
[SST-5] Starting epoch 17...
[SST-5] Elapsed training time:13.08s
[SST-5] Starting validation...
[SST-5] Elapsed validation time:1.29s
[SST-5] [Epoch=017] Train Loss=[QuantLoss=0.02478]Val loss = [QuantLoss=0.02025][QuantReg:0.34169]
[SST-5] Starting epoch 18...
[SST-5] Elapsed training time:13.23s
[SST-5] Starting validation...
[SST-5] Elapsed validation time:1.23s
[SST-5] [Epoch=018] Train Loss=[QuantLoss=0.02420]Val loss = [QuantLoss=0.02803][QuantReg:0.34094]
[SST-5] Starting epoch 19...
[SST-5] Elapsed training time:12.79s
[SST-5] Starting validation...
[SST-5] Elapsed validation time:1.33s
[SST-5] [Epoch=019] Train Loss=[QuantLoss=0.02413]Val loss = [QuantLoss=0.02599][QuantReg:0.34455]
[SST-5] Starting epoch 20...
[SST-5] Elapsed training time:13.00s
[SST-5] Starting validation...
[SST-5] Elapsed validation time:1.25s
[SST-5] [Epoch=020] Train Loss=[QuantLoss=0.02375]Val loss = [QuantLoss=0.02941][QuantReg:0.34540]
[SST-5] Starting epoch 21...
[SST-5] Elapsed training time:13.16s
[SST-5] Starting validation...
[SST-5] Elapsed validation time:1.33s
[SST-5] [Epoch=021] Train Loss=[QuantLoss=0.02388]Val loss = [QuantLoss=0.02468][QuantReg:0.34747]
[SST-5] Starting epoch 22...
[SST-5] Elapsed training time:12.98s
[SST-5] Starting validation...
[SST-5] Elapsed validation time:1.28s
[SST-5] [Epoch=022] Train Loss=[QuantLoss=0.02114]Val loss = [QuantLoss=0.02157][QuantReg:0.34231]
[SST-5] Starting epoch 23...
[SST-5] Elapsed training time:13.03s
[SST-5] Starting validation...
[SST-5] Elapsed validation time:1.25s
[SST-5] [Epoch=023] Train Loss=[QuantLoss=0.02366]Val loss = [QuantLoss=0.03183][QuantReg:0.35241]
[SST-5] Starting epoch 24...
[SST-5] Elapsed training time:12.92s
[SST-5] Starting validation...
[SST-5] Elapsed validation time:1.22s
[SST-5] [Epoch=024] Train Loss=[QuantLoss=0.02544]Val loss = [QuantLoss=0.03406][QuantReg:0.34373]
[SST-5] Starting epoch 25...
[SST-5] Elapsed training time:13.01s
[SST-5] Starting validation...
[SST-5] Elapsed validation time:1.32s
[SST-5] [Epoch=025] Train Loss=[QuantLoss=0.02490]Val loss = [QuantLoss=0.01703][QuantReg:0.33697][saved best model in this epoch]
[SST-5] Starting epoch 26...
[SST-5] Elapsed training time:12.91s
[SST-5] Starting validation...
[SST-5] Elapsed validation time:1.24s
[SST-5] [Epoch=026] Train Loss=[QuantLoss=0.02511]Val loss = [QuantLoss=0.02168][QuantReg:0.34212]
[SST-5] Starting epoch 27...
[SST-5] Elapsed training time:12.76s
[SST-5] Starting validation...
[SST-5] Elapsed validation time:1.34s
[SST-5] [Epoch=027] Train Loss=[QuantLoss=0.02424]Val loss = [QuantLoss=0.01682][QuantReg:0.34178][saved best model in this epoch]
[SST-5] Starting epoch 28...
[SST-5] Elapsed training time:13.19s
[SST-5] Starting validation...
[SST-5] Elapsed validation time:1.25s
[SST-5] [Epoch=028] Train Loss=[QuantLoss=0.02367]Val loss = [QuantLoss=0.03452][QuantReg:0.34473]
[SST-5] Starting epoch 29...
[SST-5] Elapsed training time:12.85s
[SST-5] Starting validation...
[SST-5] Elapsed validation time:1.28s
[SST-5] [Epoch=029] Train Loss=[QuantLoss=0.02402]Val loss = [QuantLoss=0.02597][QuantReg:0.33759]
[SST-5] Starting epoch 30...
[SST-5] Elapsed training time:12.91s
[SST-5] Starting validation...
[SST-5] Elapsed validation time:1.27s
[SST-5] [Epoch=030] Train Loss=[QuantLoss=0.02335]Val loss = [QuantLoss=0.03904][QuantReg:0.34017]
[SST-5] Starting epoch 31...
[SST-5] Elapsed training time:12.79s
[SST-5] Starting validation...
[SST-5] Elapsed validation time:1.33s
[SST-5] [Epoch=031] Train Loss=[QuantLoss=0.02424]Val loss = [QuantLoss=0.01549][QuantReg:0.34871][saved best model in this epoch]
[SST-5] Starting epoch 32...
[SST-5] Elapsed training time:13.11s
[SST-5] Starting validation...
[SST-5] Elapsed validation time:1.28s
[SST-5] [Epoch=032] Train Loss=[QuantLoss=0.02280]Val loss = [QuantLoss=0.02182][QuantReg:0.33802]
[SST-5] Starting epoch 33...
[SST-5] Elapsed training time:13.27s
[SST-5] Starting validation...
[SST-5] Elapsed validation time:1.31s
[SST-5] [Epoch=033] Train Loss=[QuantLoss=0.02218]Val loss = [QuantLoss=0.02203][QuantReg:0.32895]
[SST-5] Starting epoch 34...
[SST-5] Elapsed training time:13.28s
[SST-5] Starting validation...
[SST-5] Elapsed validation time:1.25s
[SST-5] [Epoch=034] Train Loss=[QuantLoss=0.02243]Val loss = [QuantLoss=0.02180][QuantReg:0.33018]
[SST-5] Starting epoch 35...
[SST-5] Elapsed training time:13.24s
[SST-5] Starting validation...
[SST-5] Elapsed validation time:1.32s
[SST-5] [Epoch=035] Train Loss=[QuantLoss=0.02302]Val loss = [QuantLoss=0.02816][QuantReg:0.32352]
[SST-5] Starting epoch 36...
[SST-5] Elapsed training time:13.20s
[SST-5] Starting validation...
[SST-5] Elapsed validation time:1.31s
[SST-5] [Epoch=036] Train Loss=[QuantLoss=0.02289]Val loss = [QuantLoss=0.01935][QuantReg:0.33744]
[SST-5] Starting epoch 37...
[SST-5] Elapsed training time:13.10s
[SST-5] Starting validation...
[SST-5] Elapsed validation time:1.26s
[SST-5] [Epoch=037] Train Loss=[QuantLoss=0.02394]Val loss = [QuantLoss=0.02597][QuantReg:0.34365]
[SST-5] Starting epoch 38...
[SST-5] Elapsed training time:13.13s
[SST-5] Starting validation...
[SST-5] Elapsed validation time:1.28s
[SST-5] [Epoch=038] Train Loss=[QuantLoss=0.02097]Val loss = [QuantLoss=0.02690][QuantReg:0.35058]
[SST-5] Starting epoch 39...
[SST-5] Elapsed training time:13.19s
[SST-5] Starting validation...
[SST-5] Elapsed validation time:1.29s
[SST-5] [Epoch=039] Train Loss=[QuantLoss=0.02056]Val loss = [QuantLoss=0.01887][QuantReg:0.35079]
[SST-5] Starting epoch 40...
[SST-5] Elapsed training time:12.95s
[SST-5] Starting validation...
[SST-5] Elapsed validation time:1.23s
[SST-5] [Epoch=040] Train Loss=[QuantLoss=0.02309]Val loss = [QuantLoss=0.02685][QuantReg:0.34901]
[SST-5] Starting epoch 41...
[SST-5] Elapsed training time:12.89s
[SST-5] Starting validation...
[SST-5] Elapsed validation time:1.30s
[SST-5] [Epoch=041] Train Loss=[QuantLoss=0.02177]Val loss = [QuantLoss=0.03206][QuantReg:0.34201]
[SST-5] Starting epoch 42...
[SST-5] Elapsed training time:12.73s
[SST-5] Starting validation...
[SST-5] Elapsed validation time:1.32s
[SST-5] [Epoch=042] Train Loss=[QuantLoss=0.02168]Val loss = [QuantLoss=0.01765][QuantReg:0.33110]
[SST-5] Starting epoch 43...
[SST-5] Elapsed training time:12.82s
[SST-5] Starting validation...
[SST-5] Elapsed validation time:1.23s
[SST-5] [Epoch=043] Train Loss=[QuantLoss=0.02120]Val loss = [QuantLoss=0.03339][QuantReg:0.32130]
[SST-5] Starting epoch 44...
[SST-5] Elapsed training time:12.82s
[SST-5] Starting validation...
[SST-5] Elapsed validation time:1.33s
[SST-5] [Epoch=044] Train Loss=[QuantLoss=0.02309]Val loss = [QuantLoss=0.01693][QuantReg:0.32216]
[SST-5] Starting epoch 45...
[SST-5] Elapsed training time:12.84s
[SST-5] Starting validation...
[SST-5] Elapsed validation time:1.32s
[SST-5] [Epoch=045] Train Loss=[QuantLoss=0.02162]Val loss = [QuantLoss=0.01990][QuantReg:0.32067]
[SST-5] Starting epoch 46...
[SST-5] Elapsed training time:13.08s
[SST-5] Starting validation...
[SST-5] Elapsed validation time:1.27s
[SST-5] [Epoch=046] Train Loss=[QuantLoss=0.02225]Val loss = [QuantLoss=0.01805][QuantReg:0.31871]
[SST-5] Starting epoch 47...
[SST-5] Elapsed training time:13.36s
[SST-5] Starting validation...
[SST-5] Elapsed validation time:1.30s
[SST-5] [Epoch=047] Train Loss=[QuantLoss=0.02232]Val loss = [QuantLoss=0.03013][QuantReg:0.32682]
[SST-5] Starting epoch 48...
[SST-5] Elapsed training time:12.92s
[SST-5] Starting validation...
[SST-5] Elapsed validation time:1.42s
[SST-5] [Epoch=048] Train Loss=[QuantLoss=0.02209]Val loss = [QuantLoss=0.01902][QuantReg:0.32731]
[SST-5] Starting epoch 49...
[SST-5] Elapsed training time:12.83s
[SST-5] Starting validation...
[SST-5] Elapsed validation time:1.33s
[SST-5] [Epoch=049] Train Loss=[QuantLoss=0.02126]Val loss = [QuantLoss=0.01427][QuantReg:0.32601][saved best model in this epoch]
[SST-5] Starting epoch 50...
[SST-5] Elapsed training time:12.78s
[SST-5] Starting validation...
[SST-5] Elapsed validation time:1.34s
[SST-5] [Epoch=050] Train Loss=[QuantLoss=0.02199]Val loss = [QuantLoss=0.02152][QuantReg:0.32777]
[SST-5] Starting epoch 51...
[SST-5] Elapsed training time:13.14s
[SST-5] Starting validation...
[SST-5] Elapsed validation time:1.37s
[SST-5] [Epoch=051] Train Loss=[QuantLoss=0.02221]Val loss = [QuantLoss=0.02527][QuantReg:0.32276]
[SST-5] Starting epoch 52...
[SST-5] Elapsed training time:13.09s
[SST-5] Starting validation...
[SST-5] Elapsed validation time:1.41s
[SST-5] [Epoch=052] Train Loss=[QuantLoss=0.02251]Val loss = [QuantLoss=0.02410][QuantReg:0.32297]
[SST-5] Starting epoch 53...
[SST-5] Elapsed training time:12.75s
[SST-5] Starting validation...
[SST-5] Elapsed validation time:1.39s
[SST-5] [Epoch=053] Train Loss=[QuantLoss=0.02304]Val loss = [QuantLoss=0.02331][QuantReg:0.32606]
[SST-5] Starting epoch 54...
[SST-5] Elapsed training time:12.77s
[SST-5] Starting validation...
[SST-5] Elapsed validation time:1.36s
[SST-5] [Epoch=054] Train Loss=[QuantLoss=0.02293]Val loss = [QuantLoss=0.01945][QuantReg:0.31707]
[SST-5] Starting epoch 55...
[SST-5] Elapsed training time:12.83s
[SST-5] Starting validation...
[SST-5] Elapsed validation time:1.44s
[SST-5] [Epoch=055] Train Loss=[QuantLoss=0.02190]Val loss = [QuantLoss=0.02202][QuantReg:0.31289]
[SST-5] Starting epoch 56...
[SST-5] Elapsed training time:12.93s
[SST-5] Starting validation...
[SST-5] Elapsed validation time:1.38s
[SST-5] [Epoch=056] Train Loss=[QuantLoss=0.02062]Val loss = [QuantLoss=0.02107][QuantReg:0.31567]
[SST-5] Starting epoch 57...
[SST-5] Elapsed training time:12.86s
[SST-5] Starting validation...
[SST-5] Elapsed validation time:1.44s
[SST-5] [Epoch=057] Train Loss=[QuantLoss=0.02037]Val loss = [QuantLoss=0.02468][QuantReg:0.31218]
[SST-5] Starting epoch 58...
[SST-5] Elapsed training time:12.94s
[SST-5] Starting validation...
[SST-5] Elapsed validation time:1.36s
[SST-5] [Epoch=058] Train Loss=[QuantLoss=0.02208]Val loss = [QuantLoss=0.01623][QuantReg:0.31637]
[SST-5] Starting epoch 59...
[SST-5] Elapsed training time:13.20s
[SST-5] Starting validation...
[SST-5] Elapsed validation time:1.38s
[SST-5] [Epoch=059] Train Loss=[QuantLoss=0.02152]Val loss = [QuantLoss=0.01870][QuantReg:0.30678]
[SST-5] Starting epoch 60...
[SST-5] Elapsed training time:12.94s
[SST-5] Starting validation...
