Dataset: SST-5
Dificuldade: None, modo: None, top_k: None
Dispositivo de treino: cuda
Baixando Stanford Sentiment Treebank (SST-5) do Hugging Face...
Carregando embeddings e splits do cache...
Ignoring val_split as train and val datasets where given to fit function
We have two datasets: training 2508544 examples. validation 150000 examples.]
Using device cuda
[SST-5] Starting epoch 0...
[SST-5] Elapsed training time:7.78s
[SST-5] Starting validation...
[SST-5] Elapsed validation time:1.26s
[SST-5] [Epoch=000] Train Loss=[QuantLoss=0.05565]Val loss = [QuantLoss=0.06938][QuantReg:0.42764][saved best model in this epoch]
[SST-5] Starting epoch 1...
[SST-5] Elapsed training time:7.64s
[SST-5] Starting validation...
[SST-5] Elapsed validation time:1.23s
[SST-5] [Epoch=001] Train Loss=[QuantLoss=0.03712]Val loss = [QuantLoss=0.08205][QuantReg:0.32185]
[SST-5] Starting epoch 2...
[SST-5] Elapsed training time:7.58s
[SST-5] Starting validation...
[SST-5] Elapsed validation time:1.29s
[SST-5] [Epoch=002] Train Loss=[QuantLoss=0.03220]Val loss = [QuantLoss=0.08535][QuantReg:0.31006]
[SST-5] Starting epoch 3...
[SST-5] Elapsed training time:7.66s
[SST-5] Starting validation...
[SST-5] Elapsed validation time:1.17s
[SST-5] [Epoch=003] Train Loss=[QuantLoss=0.03230]Val loss = [QuantLoss=0.08502][QuantReg:0.28674]
[SST-5] Starting epoch 4...
[SST-5] Elapsed training time:7.67s
[SST-5] Starting validation...
[SST-5] Elapsed validation time:1.22s
[SST-5] [Epoch=004] Train Loss=[QuantLoss=0.03124]Val loss = [QuantLoss=0.09386][QuantReg:0.28029]
[SST-5] Starting epoch 5...
[SST-5] Elapsed training time:7.70s
[SST-5] Starting validation...
[SST-5] Elapsed validation time:1.34s
[SST-5] [Epoch=005] Train Loss=[QuantLoss=0.03027]Val loss = [QuantLoss=0.08015][QuantReg:0.29243]
[SST-5] Starting epoch 6...
[SST-5] Elapsed training time:7.58s
[SST-5] Starting validation...
[SST-5] Elapsed validation time:1.27s
[SST-5] [Epoch=006] Train Loss=[QuantLoss=0.02960]Val loss = [QuantLoss=0.07808][QuantReg:0.29806]
[SST-5] Starting epoch 7...
[SST-5] Elapsed training time:7.54s
[SST-5] Starting validation...
[SST-5] Elapsed validation time:1.18s
[SST-5] [Epoch=007] Train Loss=[QuantLoss=0.02958]Val loss = [QuantLoss=0.08505][QuantReg:0.29653]
[SST-5] Starting epoch 8...
[SST-5] Elapsed training time:7.67s
[SST-5] Starting validation...
[SST-5] Elapsed validation time:1.20s
[SST-5] [Epoch=008] Train Loss=[QuantLoss=0.02784]Val loss = [QuantLoss=0.08404][QuantReg:0.29249]
[SST-5] Starting epoch 9...
[SST-5] Elapsed training time:7.70s
[SST-5] Starting validation...
[SST-5] Elapsed validation time:1.33s
[SST-5] [Epoch=009] Train Loss=[QuantLoss=0.02570]Val loss = [QuantLoss=0.07306][QuantReg:0.28464]
[SST-5] Starting epoch 10...
[SST-5] Elapsed training time:7.58s
[SST-5] Starting validation...
[SST-5] Elapsed validation time:1.33s
[SST-5] [Epoch=010] Train Loss=[QuantLoss=0.02650]Val loss = [QuantLoss=0.07483][QuantReg:0.29904]
[SST-5] Starting epoch 11...
[SST-5] Elapsed training time:7.64s
[SST-5] Starting validation...
[SST-5] Elapsed validation time:1.31s
[SST-5] [Epoch=011] Train Loss=[QuantLoss=0.02719]Val loss = [QuantLoss=0.07989][QuantReg:0.29105]
[SST-5] Starting epoch 12...
[SST-5] Elapsed training time:7.90s
[SST-5] Starting validation...
[SST-5] Elapsed validation time:1.28s
[SST-5] [Epoch=012] Train Loss=[QuantLoss=0.02704]Val loss = [QuantLoss=0.07497][QuantReg:0.30531]
[SST-5] Starting epoch 13...
[SST-5] Elapsed training time:7.64s
[SST-5] Starting validation...
[SST-5] Elapsed validation time:1.31s
[SST-5] [Epoch=013] Train Loss=[QuantLoss=0.02862]Val loss = [QuantLoss=0.08244][QuantReg:0.30864]
[SST-5] Starting epoch 14...
[SST-5] Elapsed training time:7.79s
[SST-5] Starting validation...
[SST-5] Elapsed validation time:1.27s
[SST-5] [Epoch=014] Train Loss=[QuantLoss=0.02704]Val loss = [QuantLoss=0.09056][QuantReg:0.29955]
[SST-5] Starting epoch 15...
[SST-5] Elapsed training time:7.71s
[SST-5] Starting validation...
[SST-5] Elapsed validation time:1.23s
[SST-5] [Epoch=015] Train Loss=[QuantLoss=0.02622]Val loss = [QuantLoss=0.08522][QuantReg:0.29183]
[SST-5] Starting epoch 16...
[SST-5] Elapsed training time:7.92s
[SST-5] Starting validation...
[SST-5] Elapsed validation time:1.34s
[SST-5] [Epoch=016] Train Loss=[QuantLoss=0.02707]Val loss = [QuantLoss=0.07620][QuantReg:0.29324]
[SST-5] Starting epoch 17...
[SST-5] Elapsed training time:7.66s
[SST-5] Starting validation...
[SST-5] Elapsed validation time:1.31s
[SST-5] [Epoch=017] Train Loss=[QuantLoss=0.02541]Val loss = [QuantLoss=0.08532][QuantReg:0.28741]
[SST-5] Starting epoch 18...
[SST-5] Elapsed training time:7.71s
[SST-5] Starting validation...
[SST-5] Elapsed validation time:1.22s
[SST-5] [Epoch=018] Train Loss=[QuantLoss=0.02671]Val loss = [QuantLoss=0.07257][QuantReg:0.30528]
[SST-5] Starting epoch 19...
[SST-5] Elapsed training time:7.56s
[SST-5] Starting validation...
[SST-5] Elapsed validation time:1.30s
[SST-5] [Epoch=019] Train Loss=[QuantLoss=0.02493]Val loss = [QuantLoss=0.07815][QuantReg:0.29184]
[SST-5] Starting epoch 20...
[SST-5] Elapsed training time:7.68s
[SST-5] Starting validation...
[SST-5] Elapsed validation time:1.27s
[SST-5] [Epoch=020] Train Loss=[QuantLoss=0.02535]Val loss = [QuantLoss=0.09222][QuantReg:0.29121]
[SST-5] Starting epoch 21...
[SST-5] Elapsed training time:7.65s
[SST-5] Starting validation...
[SST-5] Elapsed validation time:1.16s
[SST-5] [Epoch=021] Train Loss=[QuantLoss=0.02508]Val loss = [QuantLoss=0.08277][QuantReg:0.28961]
[SST-5] Starting epoch 22...
[SST-5] Elapsed training time:7.59s
[SST-5] Starting validation...
[SST-5] Elapsed validation time:1.28s
[SST-5] [Epoch=022] Train Loss=[QuantLoss=0.02327]Val loss = [QuantLoss=0.08601][QuantReg:0.29485]
[SST-5] Starting epoch 23...
[SST-5] Elapsed training time:7.65s
[SST-5] Starting validation...
[SST-5] Elapsed validation time:1.23s
[SST-5] [Epoch=023] Train Loss=[QuantLoss=0.02050]Val loss = [QuantLoss=0.08014][QuantReg:0.29440]
[SST-5] Starting epoch 24...
[SST-5] Elapsed training time:7.74s
[SST-5] Starting validation...
[SST-5] Elapsed validation time:1.31s
[SST-5] [Epoch=024] Train Loss=[QuantLoss=0.02071]Val loss = [QuantLoss=0.08675][QuantReg:0.29264]
[SST-5] Starting epoch 25...
[SST-5] Elapsed training time:7.53s
[SST-5] Starting validation...
[SST-5] Elapsed validation time:1.18s
[SST-5] [Epoch=025] Train Loss=[QuantLoss=0.02062]Val loss = [QuantLoss=0.07951][QuantReg:0.29066]
[SST-5] Starting epoch 26...
[SST-5] Elapsed training time:7.54s
[SST-5] Starting validation...
[SST-5] Elapsed validation time:1.30s
[SST-5] [Epoch=026] Train Loss=[QuantLoss=0.02123]Val loss = [QuantLoss=0.08084][QuantReg:0.28946]
[SST-5] Starting epoch 27...
[SST-5] Elapsed training time:7.75s
[SST-5] Starting validation...
[SST-5] Elapsed validation time:1.34s
[SST-5] [Epoch=027] Train Loss=[QuantLoss=0.01974]Val loss = [QuantLoss=0.08783][QuantReg:0.29028]
[SST-5] Starting epoch 28...
[SST-5] Elapsed training time:7.63s
[SST-5] Starting validation...
[SST-5] Elapsed validation time:1.30s
[SST-5] [Epoch=028] Train Loss=[QuantLoss=0.01957]Val loss = [QuantLoss=0.08185][QuantReg:0.29217]
[SST-5] Starting epoch 29...
[SST-5] Elapsed training time:7.62s
[SST-5] Starting validation...
[SST-5] Elapsed validation time:1.31s
[SST-5] [Epoch=029] Train Loss=[QuantLoss=0.01939]Val loss = [QuantLoss=0.08000][QuantReg:0.29269]
[SST-5] Starting epoch 30...
[SST-5] Elapsed training time:7.68s
[SST-5] Starting validation...
[SST-5] Elapsed validation time:1.27s
[SST-5] [Epoch=030] Train Loss=[QuantLoss=0.01973]Val loss = [QuantLoss=0.07770][QuantReg:0.29177]
[SST-5] Starting epoch 31...
[SST-5] Elapsed training time:7.71s
[SST-5] Starting validation...
[SST-5] Elapsed validation time:1.31s
[SST-5] [Epoch=031] Train Loss=[QuantLoss=0.01974]Val loss = [QuantLoss=0.07339][QuantReg:0.29089]
[SST-5] Starting epoch 32...
[SST-5] Elapsed training time:7.66s
[SST-5] Starting validation...
[SST-5] Elapsed validation time:1.21s
[SST-5] [Epoch=032] Train Loss=[QuantLoss=0.01863]Val loss = [QuantLoss=0.07888][QuantReg:0.29173]
[SST-5] Starting epoch 33...
[SST-5] Elapsed training time:7.64s
[SST-5] Starting validation...
[SST-5] Elapsed validation time:1.32s
[SST-5] [Epoch=033] Train Loss=[QuantLoss=0.01947]Val loss = [QuantLoss=0.08359][QuantReg:0.28981]
[SST-5] Starting epoch 34...
[SST-5] Elapsed training time:7.70s
[SST-5] Starting validation...
[SST-5] Elapsed validation time:1.22s
[SST-5] [Epoch=034] Train Loss=[QuantLoss=0.01936]Val loss = [QuantLoss=0.08136][QuantReg:0.29026]
[SST-5] Starting epoch 35...
[SST-5] Elapsed training time:7.79s
[SST-5] Starting validation...
[SST-5] Elapsed validation time:1.15s
[SST-5] [Epoch=035] Train Loss=[QuantLoss=0.01835]Val loss = [QuantLoss=0.07836][QuantReg:0.29056]
[SST-5] Starting epoch 36...
[SST-5] Elapsed training time:7.61s
[SST-5] Starting validation...
[SST-5] Elapsed validation time:1.30s
[SST-5] [Epoch=036] Train Loss=[QuantLoss=0.01959]Val loss = [QuantLoss=0.07799][QuantReg:0.28962]
[SST-5] Starting epoch 37...
[SST-5] Elapsed training time:7.59s
[SST-5] Starting validation...
[SST-5] Elapsed validation time:1.27s
[SST-5] [Epoch=037] Train Loss=[QuantLoss=0.01911]Val loss = [QuantLoss=0.08481][QuantReg:0.28914]
[SST-5] Starting epoch 38...
[SST-5] Elapsed training time:7.63s
[SST-5] Starting validation...
[SST-5] Elapsed validation time:1.23s
[SST-5] [Epoch=038] Train Loss=[QuantLoss=0.01818]Val loss = [QuantLoss=0.07705][QuantReg:0.29292]
[SST-5] Starting epoch 39...
[SST-5] Elapsed training time:7.74s
[SST-5] Starting validation...
[SST-5] Elapsed validation time:1.19s
[SST-5] [Epoch=039] Train Loss=[QuantLoss=0.01904]Val loss = [QuantLoss=0.07938][QuantReg:0.29187]
[SST-5] Starting epoch 40...
[SST-5] Elapsed training time:7.79s
[SST-5] Starting validation...
[SST-5] Elapsed validation time:1.28s
[SST-5] [Epoch=040] Train Loss=[QuantLoss=0.01776]Val loss = [QuantLoss=0.08529][QuantReg:0.28973]
[SST-5] Starting epoch 41...
[SST-5] Elapsed training time:7.78s
[SST-5] Starting validation...
[SST-5] Elapsed validation time:1.25s
[SST-5] [Epoch=041] Train Loss=[QuantLoss=0.01855]Val loss = [QuantLoss=0.07938][QuantReg:0.28881]
[SST-5] Starting epoch 42...
[SST-5] Elapsed training time:7.81s
[SST-5] Starting validation...
[SST-5] Elapsed validation time:1.22s
[SST-5] [Epoch=042] Train Loss=[QuantLoss=0.01889]Val loss = [QuantLoss=0.07977][QuantReg:0.28949]
[SST-5] Early stopping in epoch 42!
[SST-5] Restoring best model...
MAE médio: 0.0835 ± 0.0337
