Dataset: SST-5
Dificuldade: l1, modo: easiest, top_k: None
Dispositivo de treino: cuda
Baixando Stanford Sentiment Treebank (SST-5) do Hugging Face...
Carregando embeddings e splits do cache...
Ignoring val_split as train and val datasets where given to fit function
We have two datasets: training 2508544 examples. validation 150000 examples.]
Using device cuda
[SST-5] Starting epoch 0...
[SST-5] Elapsed training time:7.90s
[SST-5] Starting validation...
[SST-5] Elapsed validation time:1.23s
[SST-5] [Epoch=000] Train Loss=[QuantLoss=0.04814]Val loss = [QuantLoss=0.08051][QuantReg:0.35535][saved best model in this epoch]
[SST-5] Starting epoch 1...
[SST-5] Elapsed training time:7.46s
[SST-5] Starting validation...
[SST-5] Elapsed validation time:1.20s
[SST-5] [Epoch=001] Train Loss=[QuantLoss=0.04170]Val loss = [QuantLoss=0.09039][QuantReg:0.29936]
[SST-5] Starting epoch 2...
[SST-5] Elapsed training time:7.71s
[SST-5] Starting validation...
[SST-5] Elapsed validation time:1.12s
[SST-5] [Epoch=002] Train Loss=[QuantLoss=0.03665]Val loss = [QuantLoss=0.09095][QuantReg:0.26740]
[SST-5] Starting epoch 3...
[SST-5] Elapsed training time:7.54s
[SST-5] Starting validation...
[SST-5] Elapsed validation time:1.23s
[SST-5] [Epoch=003] Train Loss=[QuantLoss=0.03951]Val loss = [QuantLoss=0.08093][QuantReg:0.26585]
[SST-5] Starting epoch 4...
[SST-5] Elapsed training time:7.74s
[SST-5] Starting validation...
[SST-5] Elapsed validation time:1.22s
[SST-5] [Epoch=004] Train Loss=[QuantLoss=0.03809]Val loss = [QuantLoss=0.07144][QuantReg:0.26777][saved best model in this epoch]
[SST-5] Starting epoch 5...
[SST-5] Elapsed training time:7.48s
[SST-5] Starting validation...
[SST-5] Elapsed validation time:1.18s
[SST-5] [Epoch=005] Train Loss=[QuantLoss=0.03547]Val loss = [QuantLoss=0.08213][QuantReg:0.26133]
[SST-5] Starting epoch 6...
[SST-5] Elapsed training time:7.53s
[SST-5] Starting validation...
[SST-5] Elapsed validation time:1.20s
[SST-5] [Epoch=006] Train Loss=[QuantLoss=0.03354]Val loss = [QuantLoss=0.07711][QuantReg:0.25904]
[SST-5] Starting epoch 7...
[SST-5] Elapsed training time:7.82s
[SST-5] Starting validation...
[SST-5] Elapsed validation time:1.25s
[SST-5] [Epoch=007] Train Loss=[QuantLoss=0.02947]Val loss = [QuantLoss=0.07850][QuantReg:0.25278]
[SST-5] Starting epoch 8...
[SST-5] Elapsed training time:7.71s
[SST-5] Starting validation...
[SST-5] Elapsed validation time:1.25s
[SST-5] [Epoch=008] Train Loss=[QuantLoss=0.02974]Val loss = [QuantLoss=0.08740][QuantReg:0.25197]
[SST-5] Starting epoch 9...
[SST-5] Elapsed training time:7.69s
[SST-5] Starting validation...
[SST-5] Elapsed validation time:1.20s
[SST-5] [Epoch=009] Train Loss=[QuantLoss=0.02835]Val loss = [QuantLoss=0.07735][QuantReg:0.24790]
[SST-5] Starting epoch 10...
[SST-5] Elapsed training time:7.70s
[SST-5] Starting validation...
[SST-5] Elapsed validation time:1.21s
[SST-5] [Epoch=010] Train Loss=[QuantLoss=0.03111]Val loss = [QuantLoss=0.07794][QuantReg:0.24926]
[SST-5] Starting epoch 11...
[SST-5] Elapsed training time:7.95s
[SST-5] Starting validation...
[SST-5] Elapsed validation time:1.25s
[SST-5] [Epoch=011] Train Loss=[QuantLoss=0.03316]Val loss = [QuantLoss=0.09031][QuantReg:0.25678]
[SST-5] Starting epoch 12...
[SST-5] Elapsed training time:7.52s
[SST-5] Starting validation...
[SST-5] Elapsed validation time:1.31s
[SST-5] [Epoch=012] Train Loss=[QuantLoss=0.03083]Val loss = [QuantLoss=0.09627][QuantReg:0.24991]
[SST-5] Starting epoch 13...
[SST-5] Elapsed training time:7.59s
[SST-5] Starting validation...
[SST-5] Elapsed validation time:1.30s
[SST-5] [Epoch=013] Train Loss=[QuantLoss=0.02886]Val loss = [QuantLoss=0.08203][QuantReg:0.24912]
[SST-5] Starting epoch 14...
[SST-5] Elapsed training time:7.56s
[SST-5] Starting validation...
[SST-5] Elapsed validation time:1.28s
[SST-5] [Epoch=014] Train Loss=[QuantLoss=0.02811]Val loss = [QuantLoss=0.08291][QuantReg:0.24993]
[SST-5] Starting epoch 15...
[SST-5] Elapsed training time:7.63s
[SST-5] Starting validation...
[SST-5] Elapsed validation time:1.36s
[SST-5] [Epoch=015] Train Loss=[QuantLoss=0.03136]Val loss = [QuantLoss=0.09479][QuantReg:0.24227]
[SST-5] Starting epoch 16...
[SST-5] Elapsed training time:7.67s
[SST-5] Starting validation...
[SST-5] Elapsed validation time:1.29s
[SST-5] [Epoch=016] Train Loss=[QuantLoss=0.03012]Val loss = [QuantLoss=0.07914][QuantReg:0.24175]
[SST-5] Starting epoch 17...
[SST-5] Elapsed training time:7.57s
[SST-5] Starting validation...
[SST-5] Elapsed validation time:1.34s
[SST-5] [Epoch=017] Train Loss=[QuantLoss=0.03032]Val loss = [QuantLoss=0.08121][QuantReg:0.24617]
[SST-5] Starting epoch 18...
[SST-5] Elapsed training time:7.57s
[SST-5] Starting validation...
[SST-5] Elapsed validation time:1.25s
[SST-5] [Epoch=018] Train Loss=[QuantLoss=0.02772]Val loss = [QuantLoss=0.07927][QuantReg:0.25135]
[SST-5] Starting epoch 19...
[SST-5] Elapsed training time:7.74s
[SST-5] Starting validation...
[SST-5] Elapsed validation time:1.39s
[SST-5] [Epoch=019] Train Loss=[QuantLoss=0.03076]Val loss = [QuantLoss=0.07989][QuantReg:0.25029]
[SST-5] Starting epoch 20...
[SST-5] Elapsed training time:7.52s
[SST-5] Starting validation...
[SST-5] Elapsed validation time:1.35s
[SST-5] [Epoch=020] Train Loss=[QuantLoss=0.03080]Val loss = [QuantLoss=0.09043][QuantReg:0.25378]
[SST-5] Starting epoch 21...
[SST-5] Elapsed training time:7.91s
[SST-5] Starting validation...
[SST-5] Elapsed validation time:1.20s
[SST-5] [Epoch=021] Train Loss=[QuantLoss=0.02814]Val loss = [QuantLoss=0.08564][QuantReg:0.24160]
[SST-5] Starting epoch 22...
[SST-5] Elapsed training time:7.72s
[SST-5] Starting validation...
[SST-5] Elapsed validation time:1.23s
[SST-5] [Epoch=022] Train Loss=[QuantLoss=0.02698]Val loss = [QuantLoss=0.08026][QuantReg:0.24443]
[SST-5] Starting epoch 23...
[SST-5] Elapsed training time:7.51s
[SST-5] Starting validation...
[SST-5] Elapsed validation time:1.23s
[SST-5] [Epoch=023] Train Loss=[QuantLoss=0.02759]Val loss = [QuantLoss=0.07890][QuantReg:0.24208]
[SST-5] Starting epoch 24...
[SST-5] Elapsed training time:7.64s
[SST-5] Starting validation...
[SST-5] Elapsed validation time:1.20s
[SST-5] [Epoch=024] Train Loss=[QuantLoss=0.02844]Val loss = [QuantLoss=0.08595][QuantReg:0.24714]
[SST-5] Starting epoch 25...
[SST-5] Elapsed training time:7.79s
[SST-5] Starting validation...
[SST-5] Elapsed validation time:1.26s
[SST-5] [Epoch=025] Train Loss=[QuantLoss=0.02905]Val loss = [QuantLoss=0.09268][QuantReg:0.24970]
[SST-5] Starting epoch 26...
[SST-5] Elapsed training time:7.59s
[SST-5] Starting validation...
[SST-5] Elapsed validation time:1.19s
[SST-5] [Epoch=026] Train Loss=[QuantLoss=0.02573]Val loss = [QuantLoss=0.08611][QuantReg:0.24552]
[SST-5] Starting epoch 27...
[SST-5] Elapsed training time:7.57s
[SST-5] Starting validation...
[SST-5] Elapsed validation time:1.32s
[SST-5] [Epoch=027] Train Loss=[QuantLoss=0.02499]Val loss = [QuantLoss=0.09211][QuantReg:0.24512]
[SST-5] Starting epoch 28...
[SST-5] Elapsed training time:7.61s
[SST-5] Starting validation...
[SST-5] Elapsed validation time:1.34s
[SST-5] [Epoch=028] Train Loss=[QuantLoss=0.02305]Val loss = [QuantLoss=0.08547][QuantReg:0.24742]
[SST-5] Starting epoch 29...
[SST-5] Elapsed training time:7.74s
[SST-5] Starting validation...
[SST-5] Elapsed validation time:1.23s
[SST-5] [Epoch=029] Train Loss=[QuantLoss=0.02388]Val loss = [QuantLoss=0.08423][QuantReg:0.24817]
[SST-5] Starting epoch 30...
[SST-5] Elapsed training time:7.52s
[SST-5] Starting validation...
[SST-5] Elapsed validation time:1.34s
[SST-5] [Epoch=030] Train Loss=[QuantLoss=0.02492]Val loss = [QuantLoss=0.07964][QuantReg:0.24662]
[SST-5] Starting epoch 31...
[SST-5] Elapsed training time:7.78s
[SST-5] Starting validation...
[SST-5] Elapsed validation time:1.34s
[SST-5] [Epoch=031] Train Loss=[QuantLoss=0.02112]Val loss = [QuantLoss=0.07580][QuantReg:0.24857]
[SST-5] Starting epoch 32...
[SST-5] Elapsed training time:7.58s
[SST-5] Starting validation...
[SST-5] Elapsed validation time:1.19s
[SST-5] [Epoch=032] Train Loss=[QuantLoss=0.02197]Val loss = [QuantLoss=0.08380][QuantReg:0.24936]
[SST-5] Starting epoch 33...
[SST-5] Elapsed training time:7.80s
[SST-5] Starting validation...
[SST-5] Elapsed validation time:1.32s
[SST-5] [Epoch=033] Train Loss=[QuantLoss=0.02341]Val loss = [QuantLoss=0.09004][QuantReg:0.24833]
[SST-5] Starting epoch 34...
[SST-5] Elapsed training time:7.90s
[SST-5] Starting validation...
[SST-5] Elapsed validation time:1.19s
[SST-5] [Epoch=034] Train Loss=[QuantLoss=0.02165]Val loss = [QuantLoss=0.08330][QuantReg:0.24864]
[SST-5] Starting epoch 35...
[SST-5] Elapsed training time:7.66s
[SST-5] Starting validation...
[SST-5] Elapsed validation time:1.26s
[SST-5] [Epoch=035] Train Loss=[QuantLoss=0.02166]Val loss = [QuantLoss=0.08041][QuantReg:0.25190]
[SST-5] Starting epoch 36...
[SST-5] Elapsed training time:7.74s
[SST-5] Starting validation...
[SST-5] Elapsed validation time:1.37s
[SST-5] [Epoch=036] Train Loss=[QuantLoss=0.01997]Val loss = [QuantLoss=0.08714][QuantReg:0.25066]
[SST-5] Starting epoch 37...
[SST-5] Elapsed training time:7.65s
[SST-5] Starting validation...
[SST-5] Elapsed validation time:1.19s
[SST-5] [Epoch=037] Train Loss=[QuantLoss=0.02122]Val loss = [QuantLoss=0.08834][QuantReg:0.24827]
[SST-5] Starting epoch 38...
[SST-5] Elapsed training time:7.79s
[SST-5] Starting validation...
[SST-5] Elapsed validation time:1.37s
[SST-5] [Epoch=038] Train Loss=[QuantLoss=0.02143]Val loss = [QuantLoss=0.08464][QuantReg:0.24831]
[SST-5] Starting epoch 39...
[SST-5] Elapsed training time:7.76s
[SST-5] Starting validation...
[SST-5] Elapsed validation time:1.19s
[SST-5] [Epoch=039] Train Loss=[QuantLoss=0.02013]Val loss = [QuantLoss=0.08308][QuantReg:0.24862]
[SST-5] Starting epoch 40...
[SST-5] Elapsed training time:7.81s
[SST-5] Starting validation...
[SST-5] Elapsed validation time:1.29s
[SST-5] [Epoch=040] Train Loss=[QuantLoss=0.02116]Val loss = [QuantLoss=0.08222][QuantReg:0.24624]
[SST-5] Starting epoch 41...
[SST-5] Elapsed training time:7.75s
[SST-5] Starting validation...
[SST-5] Elapsed validation time:1.30s
[SST-5] [Epoch=041] Train Loss=[QuantLoss=0.02110]Val loss = [QuantLoss=0.08281][QuantReg:0.24768]
[SST-5] Starting epoch 42...
[SST-5] Elapsed training time:7.82s
[SST-5] Starting validation...
[SST-5] Elapsed validation time:1.14s
[SST-5] [Epoch=042] Train Loss=[QuantLoss=0.02178]Val loss = [QuantLoss=0.08242][QuantReg:0.24828]
[SST-5] Starting epoch 43...
[SST-5] Elapsed training time:7.87s
[SST-5] Starting validation...
[SST-5] Elapsed validation time:1.20s
[SST-5] [Epoch=043] Train Loss=[QuantLoss=0.02073]Val loss = [QuantLoss=0.08558][QuantReg:0.24783]
[SST-5] Starting epoch 44...
[SST-5] Elapsed training time:7.84s
[SST-5] Starting validation...
[SST-5] Elapsed validation time:1.17s
[SST-5] [Epoch=044] Train Loss=[QuantLoss=0.01975]Val loss = [QuantLoss=0.08135][QuantReg:0.24791]
[SST-5] Starting epoch 45...
[SST-5] Elapsed training time:7.73s
[SST-5] Starting validation...
[SST-5] Elapsed validation time:1.19s
[SST-5] [Epoch=045] Train Loss=[QuantLoss=0.02073]Val loss = [QuantLoss=0.08411][QuantReg:0.24719]
[SST-5] Starting epoch 46...
[SST-5] Elapsed training time:7.79s
[SST-5] Starting validation...
[SST-5] Elapsed validation time:1.18s
[SST-5] [Epoch=046] Train Loss=[QuantLoss=0.02048]Val loss = [QuantLoss=0.07983][QuantReg:0.24573]
[SST-5] Early stopping in epoch 46!
[SST-5] Restoring best model...
MAE médio: 0.0862 ± 0.0366
