Dataset: SST-5
Dificuldade: l1, modo: hardest, top_k: None
Dispositivo de treino: cuda
Baixando Stanford Sentiment Treebank (SST-5) do Hugging Face...
Carregando embeddings e splits do cache...
Ignoring val_split as train and val datasets where given to fit function
We have two datasets: training 17044 examples. validation 1100 examples.]
Using device cuda
[SST-5] Starting epoch 0...
[SST-5] Elapsed training time:2.66s
[SST-5] Starting validation...
[SST-5] Elapsed validation time:0.32s
[SST-5] [Epoch=000] Train Loss=[QuantLoss=0.08414]Val loss = [QuantLoss=0.05596][QuantReg:0.33880][saved best model in this epoch]
[SST-5] Starting epoch 1...
[SST-5] Elapsed training time:2.46s
[SST-5] Starting validation...
[SST-5] Elapsed validation time:0.31s
[SST-5] [Epoch=001] Train Loss=[QuantLoss=0.06681]Val loss = [QuantLoss=0.05649][QuantReg:0.26354]
[SST-5] Starting epoch 2...
[SST-5] Elapsed training time:2.56s
[SST-5] Starting validation...
[SST-5] Elapsed validation time:0.35s
[SST-5] [Epoch=002] Train Loss=[QuantLoss=0.05976]Val loss = [QuantLoss=0.05255][QuantReg:0.25448][saved best model in this epoch]
[SST-5] Starting epoch 3...
[SST-5] Elapsed training time:2.61s
[SST-5] Starting validation...
[SST-5] Elapsed validation time:0.27s
[SST-5] [Epoch=003] Train Loss=[QuantLoss=0.05561]Val loss = [QuantLoss=0.04467][QuantReg:0.25983][saved best model in this epoch]
[SST-5] Starting epoch 4...
[SST-5] Elapsed training time:2.38s
[SST-5] Starting validation...
[SST-5] Elapsed validation time:0.33s
[SST-5] [Epoch=004] Train Loss=[QuantLoss=0.05308]Val loss = [QuantLoss=0.04716][QuantReg:0.26306]
[SST-5] Starting epoch 5...
[SST-5] Elapsed training time:2.42s
[SST-5] Starting validation...
[SST-5] Elapsed validation time:0.30s
[SST-5] [Epoch=005] Train Loss=[QuantLoss=0.05044]Val loss = [QuantLoss=0.04677][QuantReg:0.24702]
[SST-5] Starting epoch 6...
[SST-5] Elapsed training time:2.60s
[SST-5] Starting validation...
[SST-5] Elapsed validation time:0.31s
[SST-5] [Epoch=006] Train Loss=[QuantLoss=0.04786]Val loss = [QuantLoss=0.04626][QuantReg:0.24656]
[SST-5] Starting epoch 7...
[SST-5] Elapsed training time:2.48s
[SST-5] Starting validation...
[SST-5] Elapsed validation time:0.27s
[SST-5] [Epoch=007] Train Loss=[QuantLoss=0.04780]Val loss = [QuantLoss=0.05611][QuantReg:0.25469]
[SST-5] Starting epoch 8...
[SST-5] Elapsed training time:2.47s
[SST-5] Starting validation...
[SST-5] Elapsed validation time:0.27s
[SST-5] [Epoch=008] Train Loss=[QuantLoss=0.04653]Val loss = [QuantLoss=0.04896][QuantReg:0.24908]
[SST-5] Starting epoch 9...
[SST-5] Elapsed training time:2.45s
[SST-5] Starting validation...
[SST-5] Elapsed validation time:0.28s
[SST-5] [Epoch=009] Train Loss=[QuantLoss=0.04422]Val loss = [QuantLoss=0.05080][QuantReg:0.24369]
[SST-5] Starting epoch 10...
[SST-5] Elapsed training time:2.42s
[SST-5] Starting validation...
[SST-5] Elapsed validation time:0.32s
[SST-5] [Epoch=010] Train Loss=[QuantLoss=0.04223]Val loss = [QuantLoss=0.04898][QuantReg:0.24316]
[SST-5] Starting epoch 11...
[SST-5] Elapsed training time:2.55s
[SST-5] Starting validation...
[SST-5] Elapsed validation time:0.36s
[SST-5] [Epoch=011] Train Loss=[QuantLoss=0.04144]Val loss = [QuantLoss=0.04662][QuantReg:0.24638]
[SST-5] Starting epoch 12...
[SST-5] Elapsed training time:2.46s
[SST-5] Starting validation...
[SST-5] Elapsed validation time:0.32s
[SST-5] [Epoch=012] Train Loss=[QuantLoss=0.04117]Val loss = [QuantLoss=0.05033][QuantReg:0.24953]
[SST-5] Starting epoch 13...
[SST-5] Elapsed training time:2.45s
[SST-5] Starting validation...
[SST-5] Elapsed validation time:0.32s
[SST-5] [Epoch=013] Train Loss=[QuantLoss=0.03979]Val loss = [QuantLoss=0.05253][QuantReg:0.24856]
[SST-5] Starting epoch 14...
[SST-5] Elapsed training time:2.61s
[SST-5] Starting validation...
[SST-5] Elapsed validation time:0.33s
[SST-5] [Epoch=014] Train Loss=[QuantLoss=0.03902]Val loss = [QuantLoss=0.04494][QuantReg:0.25361]
[SST-5] Starting epoch 15...
[SST-5] Elapsed training time:2.41s
[SST-5] Starting validation...
[SST-5] Elapsed validation time:0.29s
[SST-5] [Epoch=015] Train Loss=[QuantLoss=0.03949]Val loss = [QuantLoss=0.04868][QuantReg:0.24904]
[SST-5] Starting epoch 16...
[SST-5] Elapsed training time:2.60s
[SST-5] Starting validation...
[SST-5] Elapsed validation time:0.27s
[SST-5] [Epoch=016] Train Loss=[QuantLoss=0.04056]Val loss = [QuantLoss=0.04900][QuantReg:0.24768]
[SST-5] Starting epoch 17...
[SST-5] Elapsed training time:2.45s
[SST-5] Starting validation...
[SST-5] Elapsed validation time:0.29s
[SST-5] [Epoch=017] Train Loss=[QuantLoss=0.03734]Val loss = [QuantLoss=0.04970][QuantReg:0.24025]
[SST-5] Starting epoch 18...
[SST-5] Elapsed training time:2.44s
[SST-5] Starting validation...
[SST-5] Elapsed validation time:0.30s
[SST-5] [Epoch=018] Train Loss=[QuantLoss=0.03836]Val loss = [QuantLoss=0.04826][QuantReg:0.24714]
[SST-5] Starting epoch 19...
[SST-5] Elapsed training time:2.44s
[SST-5] Starting validation...
[SST-5] Elapsed validation time:0.28s
[SST-5] [Epoch=019] Train Loss=[QuantLoss=0.03754]Val loss = [QuantLoss=0.05102][QuantReg:0.24747]
[SST-5] Starting epoch 20...
[SST-5] Elapsed training time:2.42s
[SST-5] Starting validation...
[SST-5] Elapsed validation time:0.27s
[SST-5] [Epoch=020] Train Loss=[QuantLoss=0.03772]Val loss = [QuantLoss=0.04552][QuantReg:0.24701]
[SST-5] Starting epoch 21...
[SST-5] Elapsed training time:2.40s
[SST-5] Starting validation...
[SST-5] Elapsed validation time:0.30s
[SST-5] [Epoch=021] Train Loss=[QuantLoss=0.03694]Val loss = [QuantLoss=0.04884][QuantReg:0.24948]
[SST-5] Starting epoch 22...
[SST-5] Elapsed training time:2.47s
[SST-5] Starting validation...
[SST-5] Elapsed validation time:0.30s
[SST-5] [Epoch=022] Train Loss=[QuantLoss=0.03701]Val loss = [QuantLoss=0.04585][QuantReg:0.24383]
[SST-5] Starting epoch 23...
[SST-5] Elapsed training time:2.44s
[SST-5] Starting validation...
[SST-5] Elapsed validation time:0.36s
[SST-5] [Epoch=023] Train Loss=[QuantLoss=0.03443]Val loss = [QuantLoss=0.04793][QuantReg:0.24887]
[SST-5] Starting epoch 24...
[SST-5] Elapsed training time:2.57s
[SST-5] Starting validation...
[SST-5] Elapsed validation time:0.27s
[SST-5] [Epoch=024] Train Loss=[QuantLoss=0.03544]Val loss = [QuantLoss=0.04887][QuantReg:0.24239]
[SST-5] Starting epoch 25...
[SST-5] Elapsed training time:2.57s
[SST-5] Starting validation...
[SST-5] Elapsed validation time:0.25s
[SST-5] [Epoch=025] Train Loss=[QuantLoss=0.03185]Val loss = [QuantLoss=0.05184][QuantReg:0.24467]
[SST-5] Starting epoch 26...
[SST-5] Elapsed training time:2.43s
[SST-5] Starting validation...
[SST-5] Elapsed validation time:0.31s
[SST-5] [Epoch=026] Train Loss=[QuantLoss=0.02944]Val loss = [QuantLoss=0.05281][QuantReg:0.24406]
[SST-5] Starting epoch 27...
[SST-5] Elapsed training time:2.48s
[SST-5] Starting validation...
[SST-5] Elapsed validation time:0.29s
[SST-5] [Epoch=027] Train Loss=[QuantLoss=0.02946]Val loss = [QuantLoss=0.05238][QuantReg:0.24489]
[SST-5] Starting epoch 28...
[SST-5] Elapsed training time:2.44s
[SST-5] Starting validation...
[SST-5] Elapsed validation time:0.30s
[SST-5] [Epoch=028] Train Loss=[QuantLoss=0.02887]Val loss = [QuantLoss=0.04846][QuantReg:0.24554]
[SST-5] Starting epoch 29...
[SST-5] Elapsed training time:2.44s
[SST-5] Starting validation...
[SST-5] Elapsed validation time:0.32s
[SST-5] [Epoch=029] Train Loss=[QuantLoss=0.02837]Val loss = [QuantLoss=0.04874][QuantReg:0.24502]
[SST-5] Starting epoch 30...
[SST-5] Elapsed training time:2.56s
[SST-5] Starting validation...
[SST-5] Elapsed validation time:0.27s
[SST-5] [Epoch=030] Train Loss=[QuantLoss=0.02751]Val loss = [QuantLoss=0.05101][QuantReg:0.24581]
[SST-5] Starting epoch 31...
[SST-5] Elapsed training time:2.43s
[SST-5] Starting validation...
[SST-5] Elapsed validation time:0.26s
[SST-5] [Epoch=031] Train Loss=[QuantLoss=0.02731]Val loss = [QuantLoss=0.04985][QuantReg:0.24460]
[SST-5] Starting epoch 32...
[SST-5] Elapsed training time:2.50s
[SST-5] Starting validation...
[SST-5] Elapsed validation time:0.31s
[SST-5] [Epoch=032] Train Loss=[QuantLoss=0.02715]Val loss = [QuantLoss=0.05021][QuantReg:0.24435]
[SST-5] Starting epoch 33...
[SST-5] Elapsed training time:2.44s
[SST-5] Starting validation...
[SST-5] Elapsed validation time:0.31s
[SST-5] [Epoch=033] Train Loss=[QuantLoss=0.02767]Val loss = [QuantLoss=0.04798][QuantReg:0.24187]
[SST-5] Starting epoch 34...
[SST-5] Elapsed training time:2.60s
[SST-5] Starting validation...
[SST-5] Elapsed validation time:0.27s
[SST-5] [Epoch=034] Train Loss=[QuantLoss=0.02628]Val loss = [QuantLoss=0.04876][QuantReg:0.24236]
[SST-5] Starting epoch 35...
[SST-5] Elapsed training time:2.39s
[SST-5] Starting validation...
[SST-5] Elapsed validation time:0.26s
[SST-5] [Epoch=035] Train Loss=[QuantLoss=0.02630]Val loss = [QuantLoss=0.04913][QuantReg:0.24153]
[SST-5] Starting epoch 36...
[SST-5] Elapsed training time:2.52s
[SST-5] Starting validation...
[SST-5] Elapsed validation time:0.29s
[SST-5] [Epoch=036] Train Loss=[QuantLoss=0.02643]Val loss = [QuantLoss=0.04773][QuantReg:0.24151]
[SST-5] Starting epoch 37...
[SST-5] Elapsed training time:2.60s
[SST-5] Starting validation...
[SST-5] Elapsed validation time:0.28s
[SST-5] [Epoch=037] Train Loss=[QuantLoss=0.02588]Val loss = [QuantLoss=0.04712][QuantReg:0.23985]
[SST-5] Starting epoch 38...
[SST-5] Elapsed training time:2.43s
[SST-5] Starting validation...
[SST-5] Elapsed validation time:0.32s
[SST-5] [Epoch=038] Train Loss=[QuantLoss=0.02587]Val loss = [QuantLoss=0.04687][QuantReg:0.23975]
[SST-5] Starting epoch 39...
[SST-5] Elapsed training time:2.50s
[SST-5] Starting validation...
[SST-5] Elapsed validation time:0.31s
[SST-5] [Epoch=039] Train Loss=[QuantLoss=0.02610]Val loss = [QuantLoss=0.04679][QuantReg:0.23905]
[SST-5] Starting epoch 40...
[SST-5] Elapsed training time:2.45s
[SST-5] Starting validation...
[SST-5] Elapsed validation time:0.26s
[SST-5] [Epoch=040] Train Loss=[QuantLoss=0.02604]Val loss = [QuantLoss=0.04540][QuantReg:0.24166]
[SST-5] Starting epoch 41...
[SST-5] Elapsed training time:2.61s
[SST-5] Starting validation...
[SST-5] Elapsed validation time:0.33s
[SST-5] [Epoch=041] Train Loss=[QuantLoss=0.02569]Val loss = [QuantLoss=0.04996][QuantReg:0.24111]
[SST-5] Starting epoch 42...
[SST-5] Elapsed training time:2.44s
[SST-5] Starting validation...
[SST-5] Elapsed validation time:0.27s
[SST-5] [Epoch=042] Train Loss=[QuantLoss=0.02571]Val loss = [QuantLoss=0.04695][QuantReg:0.23995]
[SST-5] Starting epoch 43...
[SST-5] Elapsed training time:2.58s
[SST-5] Starting validation...
[SST-5] Elapsed validation time:0.32s
[SST-5] [Epoch=043] Train Loss=[QuantLoss=0.02573]Val loss = [QuantLoss=0.04572][QuantReg:0.23972]
[SST-5] Starting epoch 44...
[SST-5] Elapsed training time:2.56s
[SST-5] Starting validation...
[SST-5] Elapsed validation time:0.32s
[SST-5] [Epoch=044] Train Loss=[QuantLoss=0.02530]Val loss = [QuantLoss=0.04819][QuantReg:0.23984]
[SST-5] Starting epoch 45...
[SST-5] Elapsed training time:2.63s
[SST-5] Starting validation...
[SST-5] Elapsed validation time:0.31s
[SST-5] [Epoch=045] Train Loss=[QuantLoss=0.02605]Val loss = [QuantLoss=0.04540][QuantReg:0.23904]
[SST-5] Early stopping in epoch 45!
[SST-5] Restoring best model...
MAE médio: 0.1051 ± 0.0396
