Dataset: SST-5
Dificuldade: kl, modo: easiest, top_k: None
Dispositivo de treino: cuda
Baixando Stanford Sentiment Treebank (SST-5) do Hugging Face...
Carregando embeddings e splits do cache...
Ignoring val_split as train and val datasets where given to fit function
We have two datasets: training 2508544 examples. validation 150000 examples.]
Using device cuda
[SST-5] Starting epoch 0...
[SST-5] Elapsed training time:7.71s
[SST-5] Starting validation...
[SST-5] Elapsed validation time:1.20s
[SST-5] [Epoch=000] Train Loss=[QuantLoss=0.04656]Val loss = [QuantLoss=0.09108][QuantReg:0.30529][saved best model in this epoch]
[SST-5] Starting epoch 1...
[SST-5] Elapsed training time:7.61s
[SST-5] Starting validation...
[SST-5] Elapsed validation time:1.14s
[SST-5] [Epoch=001] Train Loss=[QuantLoss=0.04260]Val loss = [QuantLoss=0.08162][QuantReg:0.26807][saved best model in this epoch]
[SST-5] Starting epoch 2...
[SST-5] Elapsed training time:7.65s
[SST-5] Starting validation...
[SST-5] Elapsed validation time:1.35s
[SST-5] [Epoch=002] Train Loss=[QuantLoss=0.03661]Val loss = [QuantLoss=0.09325][QuantReg:0.25360]
[SST-5] Starting epoch 3...
[SST-5] Elapsed training time:7.49s
[SST-5] Starting validation...
[SST-5] Elapsed validation time:1.15s
[SST-5] [Epoch=003] Train Loss=[QuantLoss=0.04067]Val loss = [QuantLoss=0.07785][QuantReg:0.23971][saved best model in this epoch]
[SST-5] Starting epoch 4...
[SST-5] Elapsed training time:7.91s
[SST-5] Starting validation...
[SST-5] Elapsed validation time:1.20s
[SST-5] [Epoch=004] Train Loss=[QuantLoss=0.03629]Val loss = [QuantLoss=0.08851][QuantReg:0.25227]
[SST-5] Starting epoch 5...
[SST-5] Elapsed training time:7.69s
[SST-5] Starting validation...
[SST-5] Elapsed validation time:1.14s
[SST-5] [Epoch=005] Train Loss=[QuantLoss=0.03571]Val loss = [QuantLoss=0.08512][QuantReg:0.25439]
[SST-5] Starting epoch 6...
[SST-5] Elapsed training time:7.66s
[SST-5] Starting validation...
[SST-5] Elapsed validation time:1.20s
[SST-5] [Epoch=006] Train Loss=[QuantLoss=0.03192]Val loss = [QuantLoss=0.08869][QuantReg:0.24115]
[SST-5] Starting epoch 7...
[SST-5] Elapsed training time:7.50s
[SST-5] Starting validation...
[SST-5] Elapsed validation time:1.24s
[SST-5] [Epoch=007] Train Loss=[QuantLoss=0.03260]Val loss = [QuantLoss=0.06475][QuantReg:0.23150][saved best model in this epoch]
[SST-5] Starting epoch 8...
[SST-5] Elapsed training time:7.57s
[SST-5] Starting validation...
[SST-5] Elapsed validation time:1.25s
[SST-5] [Epoch=008] Train Loss=[QuantLoss=0.03352]Val loss = [QuantLoss=0.08462][QuantReg:0.24039]
[SST-5] Starting epoch 9...
[SST-5] Elapsed training time:7.66s
[SST-5] Starting validation...
[SST-5] Elapsed validation time:1.15s
[SST-5] [Epoch=009] Train Loss=[QuantLoss=0.03166]Val loss = [QuantLoss=0.07608][QuantReg:0.24476]
[SST-5] Starting epoch 10...
[SST-5] Elapsed training time:7.51s
[SST-5] Starting validation...
[SST-5] Elapsed validation time:1.36s
[SST-5] [Epoch=010] Train Loss=[QuantLoss=0.03150]Val loss = [QuantLoss=0.07177][QuantReg:0.24218]
[SST-5] Starting epoch 11...
[SST-5] Elapsed training time:7.64s
[SST-5] Starting validation...
[SST-5] Elapsed validation time:1.33s
[SST-5] [Epoch=011] Train Loss=[QuantLoss=0.03088]Val loss = [QuantLoss=0.08399][QuantReg:0.24898]
[SST-5] Starting epoch 12...
[SST-5] Elapsed training time:7.89s
[SST-5] Starting validation...
[SST-5] Elapsed validation time:1.24s
[SST-5] [Epoch=012] Train Loss=[QuantLoss=0.03051]Val loss = [QuantLoss=0.07977][QuantReg:0.24556]
[SST-5] Starting epoch 13...
[SST-5] Elapsed training time:7.86s
[SST-5] Starting validation...
[SST-5] Elapsed validation time:1.14s
[SST-5] [Epoch=013] Train Loss=[QuantLoss=0.02874]Val loss = [QuantLoss=0.07966][QuantReg:0.23991]
[SST-5] Starting epoch 14...
[SST-5] Elapsed training time:7.79s
[SST-5] Starting validation...
[SST-5] Elapsed validation time:1.30s
[SST-5] [Epoch=014] Train Loss=[QuantLoss=0.02949]Val loss = [QuantLoss=0.07569][QuantReg:0.23511]
[SST-5] Starting epoch 15...
[SST-5] Elapsed training time:7.65s
[SST-5] Starting validation...
[SST-5] Elapsed validation time:1.20s
[SST-5] [Epoch=015] Train Loss=[QuantLoss=0.03041]Val loss = [QuantLoss=0.06828][QuantReg:0.23226]
[SST-5] Starting epoch 16...
[SST-5] Elapsed training time:7.55s
[SST-5] Starting validation...
[SST-5] Elapsed validation time:1.26s
[SST-5] [Epoch=016] Train Loss=[QuantLoss=0.03008]Val loss = [QuantLoss=0.07583][QuantReg:0.22857]
[SST-5] Starting epoch 17...
[SST-5] Elapsed training time:7.75s
[SST-5] Starting validation...
[SST-5] Elapsed validation time:1.28s
[SST-5] [Epoch=017] Train Loss=[QuantLoss=0.03138]Val loss = [QuantLoss=0.07724][QuantReg:0.23009]
[SST-5] Starting epoch 18...
[SST-5] Elapsed training time:7.88s
[SST-5] Starting validation...
[SST-5] Elapsed validation time:1.26s
[SST-5] [Epoch=018] Train Loss=[QuantLoss=0.02953]Val loss = [QuantLoss=0.07240][QuantReg:0.23714]
[SST-5] Starting epoch 19...
[SST-5] Elapsed training time:7.65s
[SST-5] Starting validation...
[SST-5] Elapsed validation time:1.32s
[SST-5] [Epoch=019] Train Loss=[QuantLoss=0.03018]Val loss = [QuantLoss=0.07963][QuantReg:0.24248]
[SST-5] Starting epoch 20...
[SST-5] Elapsed training time:7.74s
[SST-5] Starting validation...
[SST-5] Elapsed validation time:1.21s
[SST-5] [Epoch=020] Train Loss=[QuantLoss=0.02960]Val loss = [QuantLoss=0.08189][QuantReg:0.24400]
[SST-5] Starting epoch 21...
[SST-5] Elapsed training time:7.64s
[SST-5] Starting validation...
[SST-5] Elapsed validation time:1.25s
[SST-5] [Epoch=021] Train Loss=[QuantLoss=0.02875]Val loss = [QuantLoss=0.07667][QuantReg:0.24163]
[SST-5] Starting epoch 22...
[SST-5] Elapsed training time:7.61s
[SST-5] Starting validation...
[SST-5] Elapsed validation time:1.20s
[SST-5] [Epoch=022] Train Loss=[QuantLoss=0.02899]Val loss = [QuantLoss=0.07860][QuantReg:0.24453]
[SST-5] Starting epoch 23...
[SST-5] Elapsed training time:7.71s
[SST-5] Starting validation...
[SST-5] Elapsed validation time:1.14s
[SST-5] [Epoch=023] Train Loss=[QuantLoss=0.02763]Val loss = [QuantLoss=0.07895][QuantReg:0.23970]
[SST-5] Starting epoch 24...
[SST-5] Elapsed training time:7.64s
[SST-5] Starting validation...
[SST-5] Elapsed validation time:1.18s
[SST-5] [Epoch=024] Train Loss=[QuantLoss=0.02716]Val loss = [QuantLoss=0.07729][QuantReg:0.23897]
[SST-5] Starting epoch 25...
[SST-5] Elapsed training time:7.69s
[SST-5] Starting validation...
[SST-5] Elapsed validation time:1.32s
[SST-5] [Epoch=025] Train Loss=[QuantLoss=0.02875]Val loss = [QuantLoss=0.07728][QuantReg:0.23436]
[SST-5] Starting epoch 26...
[SST-5] Elapsed training time:7.69s
[SST-5] Starting validation...
[SST-5] Elapsed validation time:1.36s
[SST-5] [Epoch=026] Train Loss=[QuantLoss=0.02830]Val loss = [QuantLoss=0.08480][QuantReg:0.23806]
[SST-5] Starting epoch 27...
[SST-5] Elapsed training time:7.64s
[SST-5] Starting validation...
[SST-5] Elapsed validation time:1.29s
[SST-5] [Epoch=027] Train Loss=[QuantLoss=0.02805]Val loss = [QuantLoss=0.07793][QuantReg:0.24092]
[SST-5] Starting epoch 28...
[SST-5] Elapsed training time:7.81s
[SST-5] Starting validation...
[SST-5] Elapsed validation time:1.33s
[SST-5] [Epoch=028] Train Loss=[QuantLoss=0.02878]Val loss = [QuantLoss=0.07768][QuantReg:0.23451]
[SST-5] Starting epoch 29...
[SST-5] Elapsed training time:7.81s
[SST-5] Starting validation...
[SST-5] Elapsed validation time:1.15s
[SST-5] [Epoch=029] Train Loss=[QuantLoss=0.02563]Val loss = [QuantLoss=0.07596][QuantReg:0.23407]
[SST-5] Starting epoch 30...
[SST-5] Elapsed training time:7.91s
[SST-5] Starting validation...
[SST-5] Elapsed validation time:1.25s
[SST-5] [Epoch=030] Train Loss=[QuantLoss=0.02405]Val loss = [QuantLoss=0.07587][QuantReg:0.23452]
[SST-5] Starting epoch 31...
[SST-5] Elapsed training time:7.68s
[SST-5] Starting validation...
[SST-5] Elapsed validation time:1.24s
[SST-5] [Epoch=031] Train Loss=[QuantLoss=0.02248]Val loss = [QuantLoss=0.07268][QuantReg:0.23540]
[SST-5] Starting epoch 32...
[SST-5] Elapsed training time:7.62s
[SST-5] Starting validation...
[SST-5] Elapsed validation time:1.17s
[SST-5] [Epoch=032] Train Loss=[QuantLoss=0.02267]Val loss = [QuantLoss=0.07746][QuantReg:0.23712]
[SST-5] Starting epoch 33...
[SST-5] Elapsed training time:7.61s
[SST-5] Starting validation...
[SST-5] Elapsed validation time:1.17s
[SST-5] [Epoch=033] Train Loss=[QuantLoss=0.02221]Val loss = [QuantLoss=0.08358][QuantReg:0.23667]
[SST-5] Starting epoch 34...
[SST-5] Elapsed training time:7.66s
[SST-5] Starting validation...
[SST-5] Elapsed validation time:1.16s
[SST-5] [Epoch=034] Train Loss=[QuantLoss=0.02210]Val loss = [QuantLoss=0.07818][QuantReg:0.23571]
[SST-5] Starting epoch 35...
[SST-5] Elapsed training time:7.85s
[SST-5] Starting validation...
[SST-5] Elapsed validation time:1.38s
[SST-5] [Epoch=035] Train Loss=[QuantLoss=0.02163]Val loss = [QuantLoss=0.07798][QuantReg:0.23751]
[SST-5] Starting epoch 36...
[SST-5] Elapsed training time:7.85s
[SST-5] Starting validation...
[SST-5] Elapsed validation time:1.31s
[SST-5] [Epoch=036] Train Loss=[QuantLoss=0.02155]Val loss = [QuantLoss=0.08153][QuantReg:0.23780]
[SST-5] Starting epoch 37...
[SST-5] Elapsed training time:7.77s
[SST-5] Starting validation...
[SST-5] Elapsed validation time:1.36s
[SST-5] [Epoch=037] Train Loss=[QuantLoss=0.02119]Val loss = [QuantLoss=0.08357][QuantReg:0.23601]
[SST-5] Starting epoch 38...
[SST-5] Elapsed training time:7.90s
[SST-5] Starting validation...
[SST-5] Elapsed validation time:1.24s
[SST-5] [Epoch=038] Train Loss=[QuantLoss=0.02169]Val loss = [QuantLoss=0.08317][QuantReg:0.23696]
[SST-5] Starting epoch 39...
[SST-5] Elapsed training time:7.61s
[SST-5] Starting validation...
[SST-5] Elapsed validation time:1.33s
[SST-5] [Epoch=039] Train Loss=[QuantLoss=0.02173]Val loss = [QuantLoss=0.08002][QuantReg:0.23692]
[SST-5] Starting epoch 40...
[SST-5] Elapsed training time:7.74s
[SST-5] Starting validation...
[SST-5] Elapsed validation time:1.32s
[SST-5] [Epoch=040] Train Loss=[QuantLoss=0.02070]Val loss = [QuantLoss=0.07954][QuantReg:0.23643]
[SST-5] Starting epoch 41...
[SST-5] Elapsed training time:7.48s
[SST-5] Starting validation...
[SST-5] Elapsed validation time:1.18s
[SST-5] [Epoch=041] Train Loss=[QuantLoss=0.02074]Val loss = [QuantLoss=0.07949][QuantReg:0.23851]
[SST-5] Starting epoch 42...
[SST-5] Elapsed training time:7.90s
[SST-5] Starting validation...
[SST-5] Elapsed validation time:1.32s
[SST-5] [Epoch=042] Train Loss=[QuantLoss=0.02194]Val loss = [QuantLoss=0.07805][QuantReg:0.23754]
[SST-5] Starting epoch 43...
[SST-5] Elapsed training time:7.99s
[SST-5] Starting validation...
[SST-5] Elapsed validation time:1.13s
[SST-5] [Epoch=043] Train Loss=[QuantLoss=0.02064]Val loss = [QuantLoss=0.07880][QuantReg:0.23744]
[SST-5] Starting epoch 44...
[SST-5] Elapsed training time:7.99s
[SST-5] Starting validation...
[SST-5] Elapsed validation time:1.30s
[SST-5] [Epoch=044] Train Loss=[QuantLoss=0.01917]Val loss = [QuantLoss=0.07753][QuantReg:0.23880]
[SST-5] Starting epoch 45...
[SST-5] Elapsed training time:7.57s
[SST-5] Starting validation...
[SST-5] Elapsed validation time:1.26s
[SST-5] [Epoch=045] Train Loss=[QuantLoss=0.02115]Val loss = [QuantLoss=0.07921][QuantReg:0.24029]
[SST-5] Starting epoch 46...
[SST-5] Elapsed training time:7.74s
[SST-5] Starting validation...
[SST-5] Elapsed validation time:1.34s
[SST-5] [Epoch=046] Train Loss=[QuantLoss=0.02038]Val loss = [QuantLoss=0.07399][QuantReg:0.23887]
[SST-5] Starting epoch 47...
[SST-5] Elapsed training time:7.93s
[SST-5] Starting validation...
[SST-5] Elapsed validation time:1.21s
[SST-5] [Epoch=047] Train Loss=[QuantLoss=0.02055]Val loss = [QuantLoss=0.08237][QuantReg:0.23968]
[SST-5] Starting epoch 48...
[SST-5] Elapsed training time:7.72s
[SST-5] Starting validation...
[SST-5] Elapsed validation time:1.21s
[SST-5] [Epoch=048] Train Loss=[QuantLoss=0.02049]Val loss = [QuantLoss=0.08093][QuantReg:0.23991]
[SST-5] Starting epoch 49...
[SST-5] Elapsed training time:7.51s
[SST-5] Starting validation...
[SST-5] Elapsed validation time:1.33s
[SST-5] [Epoch=049] Train Loss=[QuantLoss=0.02065]Val loss = [QuantLoss=0.08596][QuantReg:0.23851]
[SST-5] Early stopping in epoch 49!
[SST-5] Restoring best model...
MAE médio: 0.0874 ± 0.0331
