Dataset: yelp
Dispositivo de treino: cuda
Baixando Yelp Review Full do Hugging Face...
Carregando embeddings do cache...
Model savedmodels/yelp_bert_run1.pkl exists. Loading weights ...
Ignoring val_split as train and val datasets where given to fit function
We have two datasets: training 780000 examples. validation 130000 examples.]
Using device cuda
[Yelp] Starting epoch 0...
[Yelp] Elapsed training time:2.71s
[Yelp] Starting validation...
[Yelp] Elapsed validation time:0.52s
[Yelp] [Epoch=000] Train Loss=[QuantLoss=0.05396]Val loss = [QuantLoss=0.07755][QuantReg:0.27101][saved best model in this epoch]
[Yelp] Starting epoch 1...
[Yelp] Elapsed training time:2.49s
[Yelp] Starting validation...
[Yelp] Elapsed validation time:0.47s
[Yelp] [Epoch=001] Train Loss=[QuantLoss=0.06205]Val loss = [QuantLoss=0.08319][QuantReg:0.27150]
[Yelp] Starting epoch 2...
[Yelp] Elapsed training time:2.60s
[Yelp] Starting validation...
[Yelp] Elapsed validation time:0.50s
[Yelp] [Epoch=002] Train Loss=[QuantLoss=0.05776]Val loss = [QuantLoss=0.08659][QuantReg:0.27184]
[Yelp] Starting epoch 3...
[Yelp] Elapsed training time:2.59s
[Yelp] Starting validation...
[Yelp] Elapsed validation time:0.44s
[Yelp] [Epoch=003] Train Loss=[QuantLoss=0.06420]Val loss = [QuantLoss=0.08392][QuantReg:0.27316]
[Yelp] Starting epoch 4...
[Yelp] Elapsed training time:2.60s
[Yelp] Starting validation...
[Yelp] Elapsed validation time:0.50s
[Yelp] [Epoch=004] Train Loss=[QuantLoss=0.06232]Val loss = [QuantLoss=0.08968][QuantReg:0.27204]
[Yelp] Starting epoch 5...
[Yelp] Elapsed training time:2.75s
[Yelp] Starting validation...
[Yelp] Elapsed validation time:0.47s
[Yelp] [Epoch=005] Train Loss=[QuantLoss=0.05953]Val loss = [QuantLoss=0.07216][QuantReg:0.27113][saved best model in this epoch]
[Yelp] Starting epoch 6...
[Yelp] Elapsed training time:2.52s
[Yelp] Starting validation...
[Yelp] Elapsed validation time:0.48s
[Yelp] [Epoch=006] Train Loss=[QuantLoss=0.05619]Val loss = [QuantLoss=0.07973][QuantReg:0.26975]
[Yelp] Starting epoch 7...
[Yelp] Elapsed training time:2.63s
[Yelp] Starting validation...
[Yelp] Elapsed validation time:0.49s
[Yelp] [Epoch=007] Train Loss=[QuantLoss=0.05616]Val loss = [QuantLoss=0.07173][QuantReg:0.27083][saved best model in this epoch]
[Yelp] Starting epoch 8...
[Yelp] Elapsed training time:2.65s
[Yelp] Starting validation...
[Yelp] Elapsed validation time:0.48s
[Yelp] [Epoch=008] Train Loss=[QuantLoss=0.05676]Val loss = [QuantLoss=0.08272][QuantReg:0.26855]
[Yelp] Starting epoch 9...
[Yelp] Elapsed training time:2.63s
[Yelp] Starting validation...
[Yelp] Elapsed validation time:0.46s
[Yelp] [Epoch=009] Train Loss=[QuantLoss=0.05694]Val loss = [QuantLoss=0.07683][QuantReg:0.27228]
[Yelp] Starting epoch 10...
[Yelp] Elapsed training time:2.57s
[Yelp] Starting validation...
[Yelp] Elapsed validation time:0.46s
[Yelp] [Epoch=010] Train Loss=[QuantLoss=0.05510]Val loss = [QuantLoss=0.07899][QuantReg:0.27304]
[Yelp] Starting epoch 11...
[Yelp] Elapsed training time:2.57s
[Yelp] Starting validation...
[Yelp] Elapsed validation time:0.46s
[Yelp] [Epoch=011] Train Loss=[QuantLoss=0.06012]Val loss = [QuantLoss=0.06895][QuantReg:0.27443][saved best model in this epoch]
[Yelp] Starting epoch 12...
[Yelp] Elapsed training time:2.70s
[Yelp] Starting validation...
[Yelp] Elapsed validation time:0.48s
[Yelp] [Epoch=012] Train Loss=[QuantLoss=0.05898]Val loss = [QuantLoss=0.07651][QuantReg:0.27699]
[Yelp] Starting epoch 13...
[Yelp] Elapsed training time:2.61s
[Yelp] Starting validation...
[Yelp] Elapsed validation time:0.53s
[Yelp] [Epoch=013] Train Loss=[QuantLoss=0.05826]Val loss = [QuantLoss=0.08117][QuantReg:0.27556]
[Yelp] Starting epoch 14...
[Yelp] Elapsed training time:2.61s
[Yelp] Starting validation...
[Yelp] Elapsed validation time:0.45s
[Yelp] [Epoch=014] Train Loss=[QuantLoss=0.05770]Val loss = [QuantLoss=0.09986][QuantReg:0.27247]
[Yelp] Starting epoch 15...
[Yelp] Elapsed training time:2.73s
[Yelp] Starting validation...
[Yelp] Elapsed validation time:0.53s
[Yelp] [Epoch=015] Train Loss=[QuantLoss=0.05743]Val loss = [QuantLoss=0.10520][QuantReg:0.27467]
[Yelp] Starting epoch 16...
[Yelp] Elapsed training time:2.62s
[Yelp] Starting validation...
[Yelp] Elapsed validation time:0.51s
[Yelp] [Epoch=016] Train Loss=[QuantLoss=0.05612]Val loss = [QuantLoss=0.08701][QuantReg:0.27885]
[Yelp] Starting epoch 17...
[Yelp] Elapsed training time:2.73s
[Yelp] Starting validation...
[Yelp] Elapsed validation time:0.49s
[Yelp] [Epoch=017] Train Loss=[QuantLoss=0.06090]Val loss = [QuantLoss=0.08046][QuantReg:0.28176]
[Yelp] Starting epoch 18...
[Yelp] Elapsed training time:2.66s
[Yelp] Starting validation...
[Yelp] Elapsed validation time:0.46s
[Yelp] [Epoch=018] Train Loss=[QuantLoss=0.05889]Val loss = [QuantLoss=0.09370][QuantReg:0.27828]
[Yelp] Starting epoch 19...
[Yelp] Elapsed training time:2.60s
[Yelp] Starting validation...
[Yelp] Elapsed validation time:0.44s
[Yelp] [Epoch=019] Train Loss=[QuantLoss=0.06226]Val loss = [QuantLoss=0.08793][QuantReg:0.27548]
[Yelp] Starting epoch 20...
[Yelp] Elapsed training time:2.71s
[Yelp] Starting validation...
[Yelp] Elapsed validation time:0.45s
[Yelp] [Epoch=020] Train Loss=[QuantLoss=0.05899]Val loss = [QuantLoss=0.07417][QuantReg:0.27771]
[Yelp] Starting epoch 21...
[Yelp] Elapsed training time:2.60s
[Yelp] Starting validation...
[Yelp] Elapsed validation time:0.58s
[Yelp] [Epoch=021] Train Loss=[QuantLoss=0.05958]Val loss = [QuantLoss=0.07485][QuantReg:0.27928]
[Yelp] Starting epoch 22...
[Yelp] Elapsed training time:2.76s
[Yelp] Starting validation...
[Yelp] Elapsed validation time:0.58s
[Yelp] [Epoch=022] Train Loss=[QuantLoss=0.05996]Val loss = [QuantLoss=0.10311][QuantReg:0.28262]
[Yelp] Starting epoch 23...
[Yelp] Elapsed training time:2.59s
[Yelp] Starting validation...
[Yelp] Elapsed validation time:0.47s
[Yelp] [Epoch=023] Train Loss=[QuantLoss=0.06093]Val loss = [QuantLoss=0.07478][QuantReg:0.28155]
[Yelp] Starting epoch 24...
[Yelp] Elapsed training time:2.66s
[Yelp] Starting validation...
[Yelp] Elapsed validation time:0.47s
[Yelp] [Epoch=024] Train Loss=[QuantLoss=0.06254]Val loss = [QuantLoss=0.08398][QuantReg:0.28301]
[Yelp] Starting epoch 25...
[Yelp] Elapsed training time:2.65s
[Yelp] Starting validation...
[Yelp] Elapsed validation time:0.52s
[Yelp] [Epoch=025] Train Loss=[QuantLoss=0.06233]Val loss = [QuantLoss=0.08150][QuantReg:0.28333]
[Yelp] Starting epoch 26...
[Yelp] Elapsed training time:2.66s
[Yelp] Starting validation...
[Yelp] Elapsed validation time:0.53s
[Yelp] [Epoch=026] Train Loss=[QuantLoss=0.06133]Val loss = [QuantLoss=0.08137][QuantReg:0.28250]
[Yelp] Starting epoch 27...
[Yelp] Elapsed training time:2.63s
[Yelp] Starting validation...
[Yelp] Elapsed validation time:0.48s
[Yelp] [Epoch=027] Train Loss=[QuantLoss=0.05737]Val loss = [QuantLoss=0.08215][QuantReg:0.28411]
[Yelp] Starting epoch 28...
[Yelp] Elapsed training time:2.58s
[Yelp] Starting validation...
[Yelp] Elapsed validation time:0.45s
[Yelp] [Epoch=028] Train Loss=[QuantLoss=0.05695]Val loss = [QuantLoss=0.08080][QuantReg:0.28232]
[Yelp] Starting epoch 29...
[Yelp] Elapsed training time:2.62s
[Yelp] Starting validation...
[Yelp] Elapsed validation time:0.48s
[Yelp] [Epoch=029] Train Loss=[QuantLoss=0.05779]Val loss = [QuantLoss=0.08139][QuantReg:0.27728]
[Yelp] Starting epoch 30...
[Yelp] Elapsed training time:2.64s
[Yelp] Starting validation...
[Yelp] Elapsed validation time:0.51s
[Yelp] [Epoch=030] Train Loss=[QuantLoss=0.05722]Val loss = [QuantLoss=0.08396][QuantReg:0.28012]
[Yelp] Starting epoch 31...
[Yelp] Elapsed training time:2.62s
[Yelp] Starting validation...
[Yelp] Elapsed validation time:0.47s
[Yelp] [Epoch=031] Train Loss=[QuantLoss=0.05877]Val loss = [QuantLoss=0.08059][QuantReg:0.28006]
[Yelp] Starting epoch 32...
[Yelp] Elapsed training time:2.66s
[Yelp] Starting validation...
[Yelp] Elapsed validation time:0.45s
[Yelp] [Epoch=032] Train Loss=[QuantLoss=0.05713]Val loss = [QuantLoss=0.08027][QuantReg:0.27785]
[Yelp] Starting epoch 33...
[Yelp] Elapsed training time:2.78s
[Yelp] Starting validation...
[Yelp] Elapsed validation time:0.57s
[Yelp] [Epoch=033] Train Loss=[QuantLoss=0.05750]Val loss = [QuantLoss=0.08291][QuantReg:0.27850]
[Yelp] Starting epoch 34...
[Yelp] Elapsed training time:2.81s
[Yelp] Starting validation...
[Yelp] Elapsed validation time:0.49s
[Yelp] [Epoch=034] Train Loss=[QuantLoss=0.05195]Val loss = [QuantLoss=0.07270][QuantReg:0.27840]
[Yelp] Starting epoch 35...
[Yelp] Elapsed training time:2.61s
[Yelp] Starting validation...
[Yelp] Elapsed validation time:0.45s
[Yelp] [Epoch=035] Train Loss=[QuantLoss=0.05285]Val loss = [QuantLoss=0.06675][QuantReg:0.27776][saved best model in this epoch]
[Yelp] Starting epoch 36...
[Yelp] Elapsed training time:2.59s
[Yelp] Starting validation...
[Yelp] Elapsed validation time:0.45s
[Yelp] [Epoch=036] Train Loss=[QuantLoss=0.05376]Val loss = [QuantLoss=0.07526][QuantReg:0.27723]
[Yelp] Starting epoch 37...
[Yelp] Elapsed training time:2.65s
[Yelp] Starting validation...
[Yelp] Elapsed validation time:0.54s
[Yelp] [Epoch=037] Train Loss=[QuantLoss=0.05562]Val loss = [QuantLoss=0.07277][QuantReg:0.27796]
[Yelp] Starting epoch 38...
[Yelp] Elapsed training time:2.60s
[Yelp] Starting validation...
[Yelp] Elapsed validation time:0.44s
[Yelp] [Epoch=038] Train Loss=[QuantLoss=0.05276]Val loss = [QuantLoss=0.07186][QuantReg:0.27724]
[Yelp] Starting epoch 39...
[Yelp] Elapsed training time:2.63s
[Yelp] Starting validation...
[Yelp] Elapsed validation time:0.46s
[Yelp] [Epoch=039] Train Loss=[QuantLoss=0.05780]Val loss = [QuantLoss=0.08085][QuantReg:0.27781]
[Yelp] Starting epoch 40...
[Yelp] Elapsed training time:2.60s
[Yelp] Starting validation...
[Yelp] Elapsed validation time:0.51s
[Yelp] [Epoch=040] Train Loss=[QuantLoss=0.05187]Val loss = [QuantLoss=0.07061][QuantReg:0.27780]
[Yelp] Starting epoch 41...
[Yelp] Elapsed training time:2.59s
[Yelp] Starting validation...
[Yelp] Elapsed validation time:0.54s
[Yelp] [Epoch=041] Train Loss=[QuantLoss=0.05679]Val loss = [QuantLoss=0.07371][QuantReg:0.27782]
[Yelp] Starting epoch 42...
[Yelp] Elapsed training time:2.76s
[Yelp] Starting validation...
[Yelp] Elapsed validation time:0.52s
[Yelp] [Epoch=042] Train Loss=[QuantLoss=0.05286]Val loss = [QuantLoss=0.07416][QuantReg:0.27725]
[Yelp] Starting epoch 43...
[Yelp] Elapsed training time:2.68s
[Yelp] Starting validation...
[Yelp] Elapsed validation time:0.46s
[Yelp] [Epoch=043] Train Loss=[QuantLoss=0.04993]Val loss = [QuantLoss=0.07057][QuantReg:0.27771]
[Yelp] Starting epoch 44...
[Yelp] Elapsed training time:2.59s
[Yelp] Starting validation...
[Yelp] Elapsed validation time:0.46s
[Yelp] [Epoch=044] Train Loss=[QuantLoss=0.05320]Val loss = [QuantLoss=0.07026][QuantReg:0.27720]
[Yelp] Starting epoch 45...
[Yelp] Elapsed training time:2.61s
[Yelp] Starting validation...
[Yelp] Elapsed validation time:0.46s
[Yelp] [Epoch=045] Train Loss=[QuantLoss=0.05082]Val loss = [QuantLoss=0.07201][QuantReg:0.27695]
[Yelp] Starting epoch 46...
[Yelp] Elapsed training time:2.66s
[Yelp] Starting validation...
[Yelp] Elapsed validation time:0.47s
[Yelp] [Epoch=046] Train Loss=[QuantLoss=0.05058]Val loss = [QuantLoss=0.06488][QuantReg:0.27717][saved best model in this epoch]
[Yelp] Starting epoch 47...
[Yelp] Elapsed training time:2.65s
[Yelp] Starting validation...
[Yelp] Elapsed validation time:0.54s
[Yelp] [Epoch=047] Train Loss=[QuantLoss=0.05132]Val loss = [QuantLoss=0.06997][QuantReg:0.27704]
[Yelp] Starting epoch 48...
[Yelp] Elapsed training time:2.68s
[Yelp] Starting validation...
[Yelp] Elapsed validation time:0.52s
[Yelp] [Epoch=048] Train Loss=[QuantLoss=0.05643]Val loss = [QuantLoss=0.08057][QuantReg:0.27780]
[Yelp] Starting epoch 49...
[Yelp] Elapsed training time:2.61s
[Yelp] Starting validation...
[Yelp] Elapsed validation time:0.45s
[Yelp] [Epoch=049] Train Loss=[QuantLoss=0.05293]Val loss = [QuantLoss=0.07073][QuantReg:0.27615]
[Yelp] Starting epoch 50...
[Yelp] Elapsed training time:2.58s
[Yelp] Starting validation...
[Yelp] Elapsed validation time:0.59s
[Yelp] [Epoch=050] Train Loss=[QuantLoss=0.05182]Val loss = [QuantLoss=0.06914][QuantReg:0.27577]
[Yelp] Starting epoch 51...
[Yelp] Elapsed training time:2.57s
[Yelp] Starting validation...
[Yelp] Elapsed validation time:0.48s
[Yelp] [Epoch=051] Train Loss=[QuantLoss=0.05322]Val loss = [QuantLoss=0.06972][QuantReg:0.27608]
[Yelp] Starting epoch 52...
[Yelp] Elapsed training time:2.73s
[Yelp] Starting validation...
[Yelp] Elapsed validation time:0.49s
[Yelp] [Epoch=052] Train Loss=[QuantLoss=0.05177]Val loss = [QuantLoss=0.07021][QuantReg:0.27704]
[Yelp] Starting epoch 53...
[Yelp] Elapsed training time:2.61s
[Yelp] Starting validation...
[Yelp] Elapsed validation time:0.49s
[Yelp] [Epoch=053] Train Loss=[QuantLoss=0.05308]Val loss = [QuantLoss=0.06977][QuantReg:0.27798]
[Yelp] Starting epoch 54...
[Yelp] Elapsed training time:2.63s
[Yelp] Starting validation...
[Yelp] Elapsed validation time:0.46s
[Yelp] [Epoch=054] Train Loss=[QuantLoss=0.04951]Val loss = [QuantLoss=0.07235][QuantReg:0.27713]
[Yelp] Starting epoch 55...
[Yelp] Elapsed training time:2.61s
[Yelp] Starting validation...
[Yelp] Elapsed validation time:0.58s
[Yelp] [Epoch=055] Train Loss=[QuantLoss=0.05179]Val loss = [QuantLoss=0.07109][QuantReg:0.27698]
[Yelp] Starting epoch 56...
[Yelp] Elapsed training time:2.61s
[Yelp] Starting validation...
[Yelp] Elapsed validation time:0.46s
[Yelp] [Epoch=056] Train Loss=[QuantLoss=0.05133]Val loss = [QuantLoss=0.07488][QuantReg:0.27661]
[Yelp] Starting epoch 57...
[Yelp] Elapsed training time:2.61s
[Yelp] Starting validation...
[Yelp] Elapsed validation time:0.53s
[Yelp] [Epoch=057] Train Loss=[QuantLoss=0.05152]Val loss = [QuantLoss=0.07477][QuantReg:0.27699]
[Yelp] Starting epoch 58...
[Yelp] Elapsed training time:2.60s
[Yelp] Starting validation...
[Yelp] Elapsed validation time:0.44s
[Yelp] [Epoch=058] Train Loss=[QuantLoss=0.05324]Val loss = [QuantLoss=0.07508][QuantReg:0.27720]
[Yelp] Starting epoch 59...
[Yelp] Elapsed training time:2.61s
[Yelp] Starting validation...
[Yelp] Elapsed validation time:0.61s
[Yelp] [Epoch=059] Train Loss=[QuantLoss=0.04980]Val loss = [QuantLoss=0.07171][QuantReg:0.27797]
[Yelp] Starting epoch 60...
[Yelp] Elapsed training time:2.64s
[Yelp] Starting validation...
[Yelp] Elapsed validation time:0.61s
[Yelp] [Epoch=060] Train Loss=[QuantLoss=0.05429]Val loss = [QuantLoss=0.07215][QuantReg:0.27781]
[Yelp] Starting epoch 61...
[Yelp] Elapsed training time:2.66s
[Yelp] Starting validation...
[Yelp] Elapsed validation time:0.59s
[Yelp] [Epoch=061] Train Loss=[QuantLoss=0.05206]Val loss = [QuantLoss=0.07294][QuantReg:0.27746]
[Yelp] Starting epoch 62...
[Yelp] Elapsed training time:2.56s
[Yelp] Starting validation...
[Yelp] Elapsed validation time:0.51s
[Yelp] [Epoch=062] Train Loss=[QuantLoss=0.05244]Val loss = [QuantLoss=0.07804][QuantReg:0.27814]
[Yelp] Starting epoch 63...
[Yelp] Elapsed training time:2.57s
[Yelp] Starting validation...
[Yelp] Elapsed validation time:0.57s
[Yelp] [Epoch=063] Train Loss=[QuantLoss=0.04964]Val loss = [QuantLoss=0.07657][QuantReg:0.27873]
[Yelp] Starting epoch 64...
[Yelp] Elapsed training time:2.57s
[Yelp] Starting validation...
[Yelp] Elapsed validation time:0.55s
[Yelp] [Epoch=064] Train Loss=[QuantLoss=0.05151]Val loss = [QuantLoss=0.07650][QuantReg:0.27788]
[Yelp] Starting epoch 65...
[Yelp] Elapsed training time:2.56s
[Yelp] Starting validation...
[Yelp] Elapsed validation time:0.61s
[Yelp] [Epoch=065] Train Loss=[QuantLoss=0.05016]Val loss = [QuantLoss=0.06955][QuantReg:0.27774]
[Yelp] Starting epoch 66...
[Yelp] Elapsed training time:2.60s
[Yelp] Starting validation...
[Yelp] Elapsed validation time:0.50s
[Yelp] [Epoch=066] Train Loss=[QuantLoss=0.05688]Val loss = [QuantLoss=0.08098][QuantReg:0.27781]
[Yelp] Starting epoch 67...
[Yelp] Elapsed training time:2.60s
[Yelp] Starting validation...
[Yelp] Elapsed validation time:0.63s
[Yelp] [Epoch=067] Train Loss=[QuantLoss=0.04988]Val loss = [QuantLoss=0.07054][QuantReg:0.27733]
[Yelp] Early stopping in epoch 67!
[Yelp] Restoring best model...
MAE médio: 0.0477 ± 0.0294
