Dataset: yelp
Dificuldade: l1, modo: hardest, top_k: 50
Dispositivo de treino: cuda
Baixando Yelp Review Full do Hugging Face...
Carregando embeddings do cache...
Ignoring val_split as train and val datasets where given to fit function
We have two datasets: training 780000 examples. validation 130000 examples.]
Using device cuda
[Yelp] Starting epoch 0...
[Yelp] Elapsed training time:0.99s
[Yelp] Starting validation...
[Yelp] Elapsed validation time:0.57s
[Yelp] [Epoch=000] Train Loss=[QuantLoss=0.01005]Val loss = [QuantLoss=0.09284][QuantReg:0.00234][saved best model in this epoch]
[Yelp] Starting epoch 1...
[Yelp] Elapsed training time:0.67s
[Yelp] Starting validation...
[Yelp] Elapsed validation time:0.50s
[Yelp] [Epoch=001] Train Loss=[QuantLoss=0.00509]Val loss = [QuantLoss=0.25549][QuantReg:0.01198]
[Yelp] Starting epoch 2...
[Yelp] Elapsed training time:0.69s
[Yelp] Starting validation...
[Yelp] Elapsed validation time:0.46s
[Yelp] [Epoch=002] Train Loss=[QuantLoss=0.00281]Val loss = [QuantLoss=0.23780][QuantReg:0.01589]
[Yelp] Starting epoch 3...
[Yelp] Elapsed training time:0.67s
[Yelp] Starting validation...
[Yelp] Elapsed validation time:0.46s
[Yelp] [Epoch=003] Train Loss=[QuantLoss=0.00099]Val loss = [QuantLoss=0.32246][QuantReg:0.01726]
[Yelp] Starting epoch 4...
[Yelp] Elapsed training time:0.73s
[Yelp] Starting validation...
[Yelp] Elapsed validation time:0.55s
[Yelp] [Epoch=004] Train Loss=[QuantLoss=0.00072]Val loss = [QuantLoss=0.35342][QuantReg:0.01672]
[Yelp] Starting epoch 5...
[Yelp] Elapsed training time:0.79s
[Yelp] Starting validation...
[Yelp] Elapsed validation time:0.54s
[Yelp] [Epoch=005] Train Loss=[QuantLoss=0.00087]Val loss = [QuantLoss=0.34476][QuantReg:0.01644]
[Yelp] Starting epoch 6...
[Yelp] Elapsed training time:0.83s
[Yelp] Starting validation...
[Yelp] Elapsed validation time:0.55s
[Yelp] [Epoch=006] Train Loss=[QuantLoss=0.00081]Val loss = [QuantLoss=0.33243][QuantReg:0.01608]
[Yelp] Starting epoch 7...
[Yelp] Elapsed training time:0.66s
[Yelp] Starting validation...
[Yelp] Elapsed validation time:0.54s
[Yelp] [Epoch=007] Train Loss=[QuantLoss=0.00082]Val loss = [QuantLoss=0.31790][QuantReg:0.01563]
[Yelp] Starting epoch 8...
[Yelp] Elapsed training time:0.82s
[Yelp] Starting validation...
[Yelp] Elapsed validation time:0.51s
[Yelp] [Epoch=008] Train Loss=[QuantLoss=0.00083]Val loss = [QuantLoss=0.31248][QuantReg:0.01485]
[Yelp] Starting epoch 9...
[Yelp] Elapsed training time:0.82s
[Yelp] Starting validation...
[Yelp] Elapsed validation time:0.49s
[Yelp] [Epoch=009] Train Loss=[QuantLoss=0.00077]Val loss = [QuantLoss=0.31003][QuantReg:0.01545]
[Yelp] Starting epoch 10...
[Yelp] Elapsed training time:0.69s
[Yelp] Starting validation...
[Yelp] Elapsed validation time:0.54s
[Yelp] [Epoch=010] Train Loss=[QuantLoss=0.00084]Val loss = [QuantLoss=0.32282][QuantReg:0.01465]
[Yelp] Starting epoch 11...
[Yelp] Elapsed training time:0.68s
[Yelp] Starting validation...
[Yelp] Elapsed validation time:0.47s
[Yelp] [Epoch=011] Train Loss=[QuantLoss=0.00088]Val loss = [QuantLoss=0.31594][QuantReg:0.01479]
[Yelp] Starting epoch 12...
[Yelp] Elapsed training time:0.66s
[Yelp] Starting validation...
[Yelp] Elapsed validation time:0.51s
[Yelp] [Epoch=012] Train Loss=[QuantLoss=0.00083]Val loss = [QuantLoss=0.31172][QuantReg:0.01463]
[Yelp] Starting epoch 13...
[Yelp] Elapsed training time:0.71s
[Yelp] Starting validation...
[Yelp] Elapsed validation time:0.48s
[Yelp] [Epoch=013] Train Loss=[QuantLoss=0.00083]Val loss = [QuantLoss=0.31259][QuantReg:0.01472]
[Yelp] Starting epoch 14...
[Yelp] Elapsed training time:0.70s
[Yelp] Starting validation...
[Yelp] Elapsed validation time:0.53s
[Yelp] [Epoch=014] Train Loss=[QuantLoss=0.00087]Val loss = [QuantLoss=0.32034][QuantReg:0.01411]
[Yelp] Starting epoch 15...
[Yelp] Elapsed training time:0.67s
[Yelp] Starting validation...
[Yelp] Elapsed validation time:0.48s
[Yelp] [Epoch=015] Train Loss=[QuantLoss=0.00088]Val loss = [QuantLoss=0.32200][QuantReg:0.01358]
[Yelp] Starting epoch 16...
[Yelp] Elapsed training time:0.84s
[Yelp] Starting validation...
[Yelp] Elapsed validation time:0.47s
[Yelp] [Epoch=016] Train Loss=[QuantLoss=0.00088]Val loss = [QuantLoss=0.32314][QuantReg:0.01381]
[Yelp] Starting epoch 17...
[Yelp] Elapsed training time:0.80s
[Yelp] Starting validation...
[Yelp] Elapsed validation time:0.46s
[Yelp] [Epoch=017] Train Loss=[QuantLoss=0.00088]Val loss = [QuantLoss=0.32106][QuantReg:0.01432]
[Yelp] Starting epoch 18...
[Yelp] Elapsed training time:0.80s
[Yelp] Starting validation...
[Yelp] Elapsed validation time:0.54s
[Yelp] [Epoch=018] Train Loss=[QuantLoss=0.00090]Val loss = [QuantLoss=0.32278][QuantReg:0.01380]
[Yelp] Starting epoch 19...
[Yelp] Elapsed training time:0.67s
[Yelp] Starting validation...
[Yelp] Elapsed validation time:0.54s
[Yelp] [Epoch=019] Train Loss=[QuantLoss=0.00095]Val loss = [QuantLoss=0.32852][QuantReg:0.01387]
[Yelp] Starting epoch 20...
[Yelp] Elapsed training time:0.82s
[Yelp] Starting validation...
[Yelp] Elapsed validation time:0.50s
[Yelp] [Epoch=020] Train Loss=[QuantLoss=0.00087]Val loss = [QuantLoss=0.32444][QuantReg:0.01406]
[Yelp] Starting epoch 21...
[Yelp] Elapsed training time:0.70s
[Yelp] Starting validation...
[Yelp] Elapsed validation time:0.49s
[Yelp] [Epoch=021] Train Loss=[QuantLoss=0.00084]Val loss = [QuantLoss=0.32015][QuantReg:0.01387]
[Yelp] Starting epoch 22...
[Yelp] Elapsed training time:0.68s
[Yelp] Starting validation...
[Yelp] Elapsed validation time:0.53s
[Yelp] [Epoch=022] Train Loss=[QuantLoss=0.00088]Val loss = [QuantLoss=0.32233][QuantReg:0.01333]
[Yelp] Starting epoch 23...
[Yelp] Elapsed training time:0.68s
[Yelp] Starting validation...
[Yelp] Elapsed validation time:0.51s
[Yelp] [Epoch=023] Train Loss=[QuantLoss=0.00076]Val loss = [QuantLoss=0.31923][QuantReg:0.01368]
[Yelp] Starting epoch 24...
[Yelp] Elapsed training time:0.74s
[Yelp] Starting validation...
[Yelp] Elapsed validation time:0.47s
[Yelp] [Epoch=024] Train Loss=[QuantLoss=0.00099]Val loss = [QuantLoss=0.32264][QuantReg:0.01374]
[Yelp] Starting epoch 25...
[Yelp] Elapsed training time:0.73s
[Yelp] Starting validation...
[Yelp] Elapsed validation time:0.51s
[Yelp] [Epoch=025] Train Loss=[QuantLoss=0.00081]Val loss = [QuantLoss=0.33051][QuantReg:0.01367]
[Yelp] Starting epoch 26...
[Yelp] Elapsed training time:0.69s
[Yelp] Starting validation...
[Yelp] Elapsed validation time:0.48s
[Yelp] [Epoch=026] Train Loss=[QuantLoss=0.00074]Val loss = [QuantLoss=0.32845][QuantReg:0.01371]
[Yelp] Starting epoch 27...
[Yelp] Elapsed training time:0.69s
[Yelp] Starting validation...
[Yelp] Elapsed validation time:0.49s
[Yelp] [Epoch=027] Train Loss=[QuantLoss=0.00081]Val loss = [QuantLoss=0.33637][QuantReg:0.01381]
[Yelp] Starting epoch 28...
[Yelp] Elapsed training time:0.68s
[Yelp] Starting validation...
[Yelp] Elapsed validation time:0.53s
[Yelp] [Epoch=028] Train Loss=[QuantLoss=0.00081]Val loss = [QuantLoss=0.32325][QuantReg:0.01318]
[Yelp] Starting epoch 29...
[Yelp] Elapsed training time:0.71s
[Yelp] Starting validation...
[Yelp] Elapsed validation time:0.54s
[Yelp] [Epoch=029] Train Loss=[QuantLoss=0.00087]Val loss = [QuantLoss=0.32709][QuantReg:0.01360]
[Yelp] Starting epoch 30...
[Yelp] Elapsed training time:0.70s
[Yelp] Starting validation...
[Yelp] Elapsed validation time:0.53s
[Yelp] [Epoch=030] Train Loss=[QuantLoss=0.00098]Val loss = [QuantLoss=0.33078][QuantReg:0.01362]
[Yelp] Starting epoch 31...
[Yelp] Elapsed training time:0.69s
[Yelp] Starting validation...
[Yelp] Elapsed validation time:0.52s
[Yelp] [Epoch=031] Train Loss=[QuantLoss=0.00092]Val loss = [QuantLoss=0.33560][QuantReg:0.01329]
[Yelp] Starting epoch 32...
[Yelp] Elapsed training time:0.69s
[Yelp] Starting validation...
[Yelp] Elapsed validation time:0.51s
[Yelp] [Epoch=032] Train Loss=[QuantLoss=0.00085]Val loss = [QuantLoss=0.33953][QuantReg:0.01336]
[Yelp] Starting epoch 33...
[Yelp] Elapsed training time:0.68s
[Yelp] Starting validation...
[Yelp] Elapsed validation time:0.53s
[Yelp] [Epoch=033] Train Loss=[QuantLoss=0.00101]Val loss = [QuantLoss=0.33154][QuantReg:0.01343]
[Yelp] Starting epoch 34...
[Yelp] Elapsed training time:0.70s
[Yelp] Starting validation...
[Yelp] Elapsed validation time:0.52s
[Yelp] [Epoch=034] Train Loss=[QuantLoss=0.00085]Val loss = [QuantLoss=0.33396][QuantReg:0.01344]
[Yelp] Starting epoch 35...
[Yelp] Elapsed training time:0.72s
[Yelp] Starting validation...
[Yelp] Elapsed validation time:0.50s
[Yelp] [Epoch=035] Train Loss=[QuantLoss=0.00086]Val loss = [QuantLoss=0.32963][QuantReg:0.01355]
[Yelp] Starting epoch 36...
[Yelp] Elapsed training time:0.69s
[Yelp] Starting validation...
[Yelp] Elapsed validation time:0.51s
[Yelp] [Epoch=036] Train Loss=[QuantLoss=0.00081]Val loss = [QuantLoss=0.33373][QuantReg:0.01338]
[Yelp] Starting epoch 37...
[Yelp] Elapsed training time:0.69s
[Yelp] Starting validation...
[Yelp] Elapsed validation time:0.48s
[Yelp] [Epoch=037] Train Loss=[QuantLoss=0.00085]Val loss = [QuantLoss=0.34415][QuantReg:0.01356]
[Yelp] Starting epoch 38...
[Yelp] Elapsed training time:0.74s
[Yelp] Starting validation...
[Yelp] Elapsed validation time:0.50s
[Yelp] [Epoch=038] Train Loss=[QuantLoss=0.00089]Val loss = [QuantLoss=0.33872][QuantReg:0.01334]
[Yelp] Starting epoch 39...
[Yelp] Elapsed training time:0.67s
[Yelp] Starting validation...
[Yelp] Elapsed validation time:0.50s
[Yelp] [Epoch=039] Train Loss=[QuantLoss=0.00085]Val loss = [QuantLoss=0.33768][QuantReg:0.01347]
[Yelp] Starting epoch 40...
[Yelp] Elapsed training time:0.67s
[Yelp] Starting validation...
[Yelp] Elapsed validation time:0.48s
[Yelp] [Epoch=040] Train Loss=[QuantLoss=0.00080]Val loss = [QuantLoss=0.32951][QuantReg:0.01331]
[Yelp] Starting epoch 41...
[Yelp] Elapsed training time:0.67s
[Yelp] Starting validation...
[Yelp] Elapsed validation time:0.51s
[Yelp] [Epoch=041] Train Loss=[QuantLoss=0.00083]Val loss = [QuantLoss=0.33239][QuantReg:0.01380]
[Yelp] Starting epoch 42...
[Yelp] Elapsed training time:0.66s
[Yelp] Starting validation...
[Yelp] Elapsed validation time:0.53s
[Yelp] [Epoch=042] Train Loss=[QuantLoss=0.00082]Val loss = [QuantLoss=0.34186][QuantReg:0.01334]
[Yelp] Early stopping in epoch 42!
[Yelp] Restoring best model...
MAE médio: 0.1682 ± 0.1068
