Dataset: yelp
Dificuldade: kl, modo: hardest, top_k: 50
Dispositivo de treino: cuda
Baixando Yelp Review Full do Hugging Face...
Carregando embeddings do cache...
Ignoring val_split as train and val datasets where given to fit function
We have two datasets: training 780000 examples. validation 130000 examples.]
Using device cuda
[Yelp] Starting epoch 0...
[Yelp] Elapsed training time:2.67s
[Yelp] Starting validation...
[Yelp] Elapsed validation time:0.49s
[Yelp] [Epoch=000] Train Loss=[QuantLoss=0.10489]Val loss = [QuantLoss=0.06470][QuantReg:0.57580][saved best model in this epoch]
[Yelp] Starting epoch 1...
[Yelp] Elapsed training time:2.53s
[Yelp] Starting validation...
[Yelp] Elapsed validation time:0.51s
[Yelp] [Epoch=001] Train Loss=[QuantLoss=0.10132]Val loss = [QuantLoss=0.05794][QuantReg:0.47869][saved best model in this epoch]
[Yelp] Starting epoch 2...
[Yelp] Elapsed training time:2.50s
[Yelp] Starting validation...
[Yelp] Elapsed validation time:0.54s
[Yelp] [Epoch=002] Train Loss=[QuantLoss=0.08275]Val loss = [QuantLoss=0.06501][QuantReg:0.43114]
[Yelp] Starting epoch 3...
[Yelp] Elapsed training time:2.52s
[Yelp] Starting validation...
[Yelp] Elapsed validation time:0.47s
[Yelp] [Epoch=003] Train Loss=[QuantLoss=0.08310]Val loss = [QuantLoss=0.06891][QuantReg:0.43979]
[Yelp] Starting epoch 4...
[Yelp] Elapsed training time:2.59s
[Yelp] Starting validation...
[Yelp] Elapsed validation time:0.47s
[Yelp] [Epoch=004] Train Loss=[QuantLoss=0.07837]Val loss = [QuantLoss=0.06307][QuantReg:0.43824]
[Yelp] Starting epoch 5...
[Yelp] Elapsed training time:2.56s
[Yelp] Starting validation...
[Yelp] Elapsed validation time:0.48s
[Yelp] [Epoch=005] Train Loss=[QuantLoss=0.07560]Val loss = [QuantLoss=0.06281][QuantReg:0.41993]
[Yelp] Starting epoch 6...
[Yelp] Elapsed training time:2.58s
[Yelp] Starting validation...
[Yelp] Elapsed validation time:0.50s
[Yelp] [Epoch=006] Train Loss=[QuantLoss=0.07225]Val loss = [QuantLoss=0.05457][QuantReg:0.40003][saved best model in this epoch]
[Yelp] Starting epoch 7...
[Yelp] Elapsed training time:2.71s
[Yelp] Starting validation...
[Yelp] Elapsed validation time:0.50s
[Yelp] [Epoch=007] Train Loss=[QuantLoss=0.07280]Val loss = [QuantLoss=0.05916][QuantReg:0.39993]
[Yelp] Starting epoch 8...
[Yelp] Elapsed training time:2.65s
[Yelp] Starting validation...
[Yelp] Elapsed validation time:0.47s
[Yelp] [Epoch=008] Train Loss=[QuantLoss=0.06820]Val loss = [QuantLoss=0.06229][QuantReg:0.40036]
[Yelp] Starting epoch 9...
[Yelp] Elapsed training time:2.54s
[Yelp] Starting validation...
[Yelp] Elapsed validation time:0.48s
[Yelp] [Epoch=009] Train Loss=[QuantLoss=0.06820]Val loss = [QuantLoss=0.06094][QuantReg:0.38726]
[Yelp] Starting epoch 10...
[Yelp] Elapsed training time:2.56s
[Yelp] Starting validation...
[Yelp] Elapsed validation time:0.47s
[Yelp] [Epoch=010] Train Loss=[QuantLoss=0.06784]Val loss = [QuantLoss=0.06397][QuantReg:0.37843]
[Yelp] Starting epoch 11...
[Yelp] Elapsed training time:2.65s
[Yelp] Starting validation...
[Yelp] Elapsed validation time:0.53s
[Yelp] [Epoch=011] Train Loss=[QuantLoss=0.06521]Val loss = [QuantLoss=0.05790][QuantReg:0.37262]
[Yelp] Starting epoch 12...
[Yelp] Elapsed training time:2.66s
[Yelp] Starting validation...
[Yelp] Elapsed validation time:0.46s
[Yelp] [Epoch=012] Train Loss=[QuantLoss=0.06614]Val loss = [QuantLoss=0.05923][QuantReg:0.36538]
[Yelp] Starting epoch 13...
[Yelp] Elapsed training time:2.60s
[Yelp] Starting validation...
[Yelp] Elapsed validation time:0.47s
[Yelp] [Epoch=013] Train Loss=[QuantLoss=0.06631]Val loss = [QuantLoss=0.05812][QuantReg:0.34788]
[Yelp] Starting epoch 14...
[Yelp] Elapsed training time:2.57s
[Yelp] Starting validation...
[Yelp] Elapsed validation time:0.49s
[Yelp] [Epoch=014] Train Loss=[QuantLoss=0.06426]Val loss = [QuantLoss=0.05366][QuantReg:0.34588][saved best model in this epoch]
[Yelp] Starting epoch 15...
[Yelp] Elapsed training time:2.58s
[Yelp] Starting validation...
[Yelp] Elapsed validation time:0.55s
[Yelp] [Epoch=015] Train Loss=[QuantLoss=0.06320]Val loss = [QuantLoss=0.05814][QuantReg:0.33015]
[Yelp] Starting epoch 16...
[Yelp] Elapsed training time:2.73s
[Yelp] Starting validation...
[Yelp] Elapsed validation time:0.51s
[Yelp] [Epoch=016] Train Loss=[QuantLoss=0.06715]Val loss = [QuantLoss=0.05526][QuantReg:0.32507]
[Yelp] Starting epoch 17...
[Yelp] Elapsed training time:2.60s
[Yelp] Starting validation...
[Yelp] Elapsed validation time:0.47s
[Yelp] [Epoch=017] Train Loss=[QuantLoss=0.06247]Val loss = [QuantLoss=0.05709][QuantReg:0.32981]
[Yelp] Starting epoch 18...
[Yelp] Elapsed training time:2.56s
[Yelp] Starting validation...
[Yelp] Elapsed validation time:0.56s
[Yelp] [Epoch=018] Train Loss=[QuantLoss=0.06430]Val loss = [QuantLoss=0.05455][QuantReg:0.33924]
[Yelp] Starting epoch 19...
[Yelp] Elapsed training time:2.57s
[Yelp] Starting validation...
[Yelp] Elapsed validation time:0.45s
[Yelp] [Epoch=019] Train Loss=[QuantLoss=0.06232]Val loss = [QuantLoss=0.05999][QuantReg:0.33411]
[Yelp] Starting epoch 20...
[Yelp] Elapsed training time:2.57s
[Yelp] Starting validation...
[Yelp] Elapsed validation time:0.48s
[Yelp] [Epoch=020] Train Loss=[QuantLoss=0.06197]Val loss = [QuantLoss=0.05636][QuantReg:0.32711]
[Yelp] Starting epoch 21...
[Yelp] Elapsed training time:2.67s
[Yelp] Starting validation...
[Yelp] Elapsed validation time:0.44s
[Yelp] [Epoch=021] Train Loss=[QuantLoss=0.06259]Val loss = [QuantLoss=0.05415][QuantReg:0.32133]
[Yelp] Starting epoch 22...
[Yelp] Elapsed training time:2.58s
[Yelp] Starting validation...
[Yelp] Elapsed validation time:0.54s
[Yelp] [Epoch=022] Train Loss=[QuantLoss=0.06069]Val loss = [QuantLoss=0.06063][QuantReg:0.31238]
[Yelp] Starting epoch 23...
[Yelp] Elapsed training time:2.58s
[Yelp] Starting validation...
[Yelp] Elapsed validation time:0.45s
[Yelp] [Epoch=023] Train Loss=[QuantLoss=0.06071]Val loss = [QuantLoss=0.05291][QuantReg:0.30685][saved best model in this epoch]
[Yelp] Starting epoch 24...
[Yelp] Elapsed training time:2.56s
[Yelp] Starting validation...
[Yelp] Elapsed validation time:0.49s
[Yelp] [Epoch=024] Train Loss=[QuantLoss=0.06352]Val loss = [QuantLoss=0.06210][QuantReg:0.30002]
[Yelp] Starting epoch 25...
[Yelp] Elapsed training time:2.61s
[Yelp] Starting validation...
[Yelp] Elapsed validation time:0.44s
[Yelp] [Epoch=025] Train Loss=[QuantLoss=0.06213]Val loss = [QuantLoss=0.05872][QuantReg:0.29493]
[Yelp] Starting epoch 26...
[Yelp] Elapsed training time:2.54s
[Yelp] Starting validation...
[Yelp] Elapsed validation time:0.47s
[Yelp] [Epoch=026] Train Loss=[QuantLoss=0.06171]Val loss = [QuantLoss=0.05826][QuantReg:0.28848]
[Yelp] Starting epoch 27...
[Yelp] Elapsed training time:2.56s
[Yelp] Starting validation...
[Yelp] Elapsed validation time:0.44s
[Yelp] [Epoch=027] Train Loss=[QuantLoss=0.06042]Val loss = [QuantLoss=0.06254][QuantReg:0.28691]
[Yelp] Starting epoch 28...
[Yelp] Elapsed training time:2.56s
[Yelp] Starting validation...
[Yelp] Elapsed validation time:0.49s
[Yelp] [Epoch=028] Train Loss=[QuantLoss=0.06297]Val loss = [QuantLoss=0.05496][QuantReg:0.29185]
[Yelp] Starting epoch 29...
[Yelp] Elapsed training time:2.73s
[Yelp] Starting validation...
[Yelp] Elapsed validation time:0.50s
[Yelp] [Epoch=029] Train Loss=[QuantLoss=0.06110]Val loss = [QuantLoss=0.06299][QuantReg:0.28905]
[Yelp] Starting epoch 30...
[Yelp] Elapsed training time:2.59s
[Yelp] Starting validation...
[Yelp] Elapsed validation time:0.54s
[Yelp] [Epoch=030] Train Loss=[QuantLoss=0.06145]Val loss = [QuantLoss=0.06078][QuantReg:0.29199]
[Yelp] Starting epoch 31...
[Yelp] Elapsed training time:2.57s
[Yelp] Starting validation...
[Yelp] Elapsed validation time:0.50s
[Yelp] [Epoch=031] Train Loss=[QuantLoss=0.06247]Val loss = [QuantLoss=0.06683][QuantReg:0.29067]
[Yelp] Starting epoch 32...
[Yelp] Elapsed training time:2.58s
[Yelp] Starting validation...
[Yelp] Elapsed validation time:0.50s
[Yelp] [Epoch=032] Train Loss=[QuantLoss=0.06064]Val loss = [QuantLoss=0.05925][QuantReg:0.28761]
[Yelp] Starting epoch 33...
[Yelp] Elapsed training time:2.54s
[Yelp] Starting validation...
[Yelp] Elapsed validation time:0.47s
[Yelp] [Epoch=033] Train Loss=[QuantLoss=0.06290]Val loss = [QuantLoss=0.06250][QuantReg:0.28129]
[Yelp] Starting epoch 34...
[Yelp] Elapsed training time:2.58s
[Yelp] Starting validation...
[Yelp] Elapsed validation time:0.46s
[Yelp] [Epoch=034] Train Loss=[QuantLoss=0.05953]Val loss = [QuantLoss=0.05982][QuantReg:0.27870]
[Yelp] Starting epoch 35...
[Yelp] Elapsed training time:2.61s
[Yelp] Starting validation...
[Yelp] Elapsed validation time:0.51s
[Yelp] [Epoch=035] Train Loss=[QuantLoss=0.05995]Val loss = [QuantLoss=0.05305][QuantReg:0.28074]
[Yelp] Starting epoch 36...
[Yelp] Elapsed training time:2.69s
[Yelp] Starting validation...
[Yelp] Elapsed validation time:0.50s
[Yelp] [Epoch=036] Train Loss=[QuantLoss=0.06312]Val loss = [QuantLoss=0.06069][QuantReg:0.27781]
[Yelp] Starting epoch 37...
[Yelp] Elapsed training time:2.57s
[Yelp] Starting validation...
[Yelp] Elapsed validation time:0.46s
[Yelp] [Epoch=037] Train Loss=[QuantLoss=0.06414]Val loss = [QuantLoss=0.06278][QuantReg:0.28395]
[Yelp] Starting epoch 38...
[Yelp] Elapsed training time:2.57s
[Yelp] Starting validation...
[Yelp] Elapsed validation time:0.49s
[Yelp] [Epoch=038] Train Loss=[QuantLoss=0.06078]Val loss = [QuantLoss=0.05860][QuantReg:0.28081]
[Yelp] Starting epoch 39...
[Yelp] Elapsed training time:2.61s
[Yelp] Starting validation...
[Yelp] Elapsed validation time:0.50s
[Yelp] [Epoch=039] Train Loss=[QuantLoss=0.05935]Val loss = [QuantLoss=0.05863][QuantReg:0.28090]
[Yelp] Starting epoch 40...
[Yelp] Elapsed training time:2.59s
[Yelp] Starting validation...
[Yelp] Elapsed validation time:0.57s
[Yelp] [Epoch=040] Train Loss=[QuantLoss=0.05971]Val loss = [QuantLoss=0.05109][QuantReg:0.27759][saved best model in this epoch]
[Yelp] Starting epoch 41...
[Yelp] Elapsed training time:2.59s
[Yelp] Starting validation...
[Yelp] Elapsed validation time:0.53s
[Yelp] [Epoch=041] Train Loss=[QuantLoss=0.05956]Val loss = [QuantLoss=0.05843][QuantReg:0.28062]
[Yelp] Starting epoch 42...
[Yelp] Elapsed training time:2.55s
[Yelp] Starting validation...
[Yelp] Elapsed validation time:0.49s
[Yelp] [Epoch=042] Train Loss=[QuantLoss=0.06008]Val loss = [QuantLoss=0.05398][QuantReg:0.28379]
[Yelp] Starting epoch 43...
[Yelp] Elapsed training time:2.75s
[Yelp] Starting validation...
[Yelp] Elapsed validation time:0.50s
[Yelp] [Epoch=043] Train Loss=[QuantLoss=0.05982]Val loss = [QuantLoss=0.05445][QuantReg:0.28324]
[Yelp] Starting epoch 44...
[Yelp] Elapsed training time:2.60s
[Yelp] Starting validation...
[Yelp] Elapsed validation time:0.49s
[Yelp] [Epoch=044] Train Loss=[QuantLoss=0.06039]Val loss = [QuantLoss=0.05343][QuantReg:0.28975]
[Yelp] Starting epoch 45...
[Yelp] Elapsed training time:2.76s
[Yelp] Starting validation...
[Yelp] Elapsed validation time:0.52s
[Yelp] [Epoch=045] Train Loss=[QuantLoss=0.05812]Val loss = [QuantLoss=0.06322][QuantReg:0.29907]
[Yelp] Starting epoch 46...
[Yelp] Elapsed training time:2.77s
[Yelp] Starting validation...
[Yelp] Elapsed validation time:0.48s
[Yelp] [Epoch=046] Train Loss=[QuantLoss=0.06454]Val loss = [QuantLoss=0.05384][QuantReg:0.29464]
[Yelp] Starting epoch 47...
[Yelp] Elapsed training time:2.57s
[Yelp] Starting validation...
[Yelp] Elapsed validation time:0.50s
[Yelp] [Epoch=047] Train Loss=[QuantLoss=0.05939]Val loss = [QuantLoss=0.05311][QuantReg:0.29399]
[Yelp] Starting epoch 48...
[Yelp] Elapsed training time:2.54s
[Yelp] Starting validation...
[Yelp] Elapsed validation time:0.50s
[Yelp] [Epoch=048] Train Loss=[QuantLoss=0.06049]Val loss = [QuantLoss=0.05474][QuantReg:0.29700]
[Yelp] Starting epoch 49...
[Yelp] Elapsed training time:2.59s
[Yelp] Starting validation...
[Yelp] Elapsed validation time:0.52s
[Yelp] [Epoch=049] Train Loss=[QuantLoss=0.06151]Val loss = [QuantLoss=0.05397][QuantReg:0.29125]
[Yelp] Starting epoch 50...
[Yelp] Elapsed training time:2.55s
[Yelp] Starting validation...
[Yelp] Elapsed validation time:0.55s
[Yelp] [Epoch=050] Train Loss=[QuantLoss=0.06059]Val loss = [QuantLoss=0.05515][QuantReg:0.29387]
[Yelp] Starting epoch 51...
[Yelp] Elapsed training time:2.74s
[Yelp] Starting validation...
[Yelp] Elapsed validation time:0.51s
[Yelp] [Epoch=051] Train Loss=[QuantLoss=0.05982]Val loss = [QuantLoss=0.05171][QuantReg:0.29355]
[Yelp] Starting epoch 52...
[Yelp] Elapsed training time:2.58s
[Yelp] Starting validation...
[Yelp] Elapsed validation time:0.52s
[Yelp] [Epoch=052] Train Loss=[QuantLoss=0.05972]Val loss = [QuantLoss=0.05324][QuantReg:0.29116]
[Yelp] Starting epoch 53...
[Yelp] Elapsed training time:2.57s
[Yelp] Starting validation...
[Yelp] Elapsed validation time:0.51s
[Yelp] [Epoch=053] Train Loss=[QuantLoss=0.05986]Val loss = [QuantLoss=0.05442][QuantReg:0.29653]
[Yelp] Starting epoch 54...
[Yelp] Elapsed training time:2.55s
[Yelp] Starting validation...
[Yelp] Elapsed validation time:0.55s
[Yelp] [Epoch=054] Train Loss=[QuantLoss=0.05800]Val loss = [QuantLoss=0.06107][QuantReg:0.29270]
[Yelp] Starting epoch 55...
[Yelp] Elapsed training time:2.72s
[Yelp] Starting validation...
[Yelp] Elapsed validation time:0.59s
[Yelp] [Epoch=055] Train Loss=[QuantLoss=0.05929]Val loss = [QuantLoss=0.05488][QuantReg:0.28975]
[Yelp] Starting epoch 56...
[Yelp] Elapsed training time:2.55s
[Yelp] Starting validation...
[Yelp] Elapsed validation time:0.55s
[Yelp] [Epoch=056] Train Loss=[QuantLoss=0.05745]Val loss = [QuantLoss=0.05500][QuantReg:0.29035]
[Yelp] Starting epoch 57...
[Yelp] Elapsed training time:2.71s
[Yelp] Starting validation...
[Yelp] Elapsed validation time:0.52s
[Yelp] [Epoch=057] Train Loss=[QuantLoss=0.05779]Val loss = [QuantLoss=0.05712][QuantReg:0.28979]
[Yelp] Starting epoch 58...
[Yelp] Elapsed training time:2.74s
[Yelp] Starting validation...
[Yelp] Elapsed validation time:0.59s
[Yelp] [Epoch=058] Train Loss=[QuantLoss=0.05911]Val loss = [QuantLoss=0.05454][QuantReg:0.29168]
[Yelp] Starting epoch 59...
[Yelp] Elapsed training time:2.69s
[Yelp] Starting validation...
[Yelp] Elapsed validation time:0.57s
[Yelp] [Epoch=059] Train Loss=[QuantLoss=0.05748]Val loss = [QuantLoss=0.05794][QuantReg:0.28472]
[Yelp] Starting epoch 60...
[Yelp] Elapsed training time:2.62s
[Yelp] Starting validation...
[Yelp] Elapsed validation time:0.59s
[Yelp] [Epoch=060] Train Loss=[QuantLoss=0.05868]Val loss = [QuantLoss=0.05601][QuantReg:0.28077]
[Yelp] Starting epoch 61...
[Yelp] Elapsed training time:2.61s
[Yelp] Starting validation...
[Yelp] Elapsed validation time:0.65s
[Yelp] [Epoch=061] Train Loss=[QuantLoss=0.05874]Val loss = [QuantLoss=0.05929][QuantReg:0.28333]
[Yelp] Starting epoch 62...
[Yelp] Elapsed training time:2.58s
[Yelp] Starting validation...
[Yelp] Elapsed validation time:0.61s
[Yelp] [Epoch=062] Train Loss=[QuantLoss=0.06551]Val loss = [QuantLoss=0.07336][QuantReg:0.28385]
[Yelp] Starting epoch 63...
[Yelp] Elapsed training time:2.73s
[Yelp] Starting validation...
[Yelp] Elapsed validation time:0.56s
[Yelp] [Epoch=063] Train Loss=[QuantLoss=0.05171]Val loss = [QuantLoss=0.06844][QuantReg:0.28313]
[Yelp] Starting epoch 64...
[Yelp] Elapsed training time:2.55s
[Yelp] Starting validation...
[Yelp] Elapsed validation time:0.58s
[Yelp] [Epoch=064] Train Loss=[QuantLoss=0.05236]Val loss = [QuantLoss=0.06854][QuantReg:0.28338]
[Yelp] Starting epoch 65...
[Yelp] Elapsed training time:2.53s
[Yelp] Starting validation...
[Yelp] Elapsed validation time:0.57s
[Yelp] [Epoch=065] Train Loss=[QuantLoss=0.05139]Val loss = [QuantLoss=0.06262][QuantReg:0.28347]
[Yelp] Starting epoch 66...
[Yelp] Elapsed training time:2.56s
[Yelp] Starting validation...
[Yelp] Elapsed validation time:0.58s
[Yelp] [Epoch=066] Train Loss=[QuantLoss=0.05331]Val loss = [QuantLoss=0.06927][QuantReg:0.28303]
[Yelp] Starting epoch 67...
[Yelp] Elapsed training time:2.78s
[Yelp] Starting validation...
[Yelp] Elapsed validation time:0.56s
[Yelp] [Epoch=067] Train Loss=[QuantLoss=0.05063]Val loss = [QuantLoss=0.06893][QuantReg:0.28340]
[Yelp] Starting epoch 68...
[Yelp] Elapsed training time:2.59s
[Yelp] Starting validation...
[Yelp] Elapsed validation time:0.59s
[Yelp] [Epoch=068] Train Loss=[QuantLoss=0.05285]Val loss = [QuantLoss=0.06667][QuantReg:0.28360]
[Yelp] Starting epoch 69...
[Yelp] Elapsed training time:2.53s
[Yelp] Starting validation...
[Yelp] Elapsed validation time:0.51s
[Yelp] [Epoch=069] Train Loss=[QuantLoss=0.05131]Val loss = [QuantLoss=0.06839][QuantReg:0.28347]
[Yelp] Starting epoch 70...
[Yelp] Elapsed training time:2.60s
[Yelp] Starting validation...
[Yelp] Elapsed validation time:0.64s
[Yelp] [Epoch=070] Train Loss=[QuantLoss=0.05138]Val loss = [QuantLoss=0.06351][QuantReg:0.28381]
[Yelp] Starting epoch 71...
[Yelp] Elapsed training time:2.75s
[Yelp] Starting validation...
[Yelp] Elapsed validation time:0.58s
[Yelp] [Epoch=071] Train Loss=[QuantLoss=0.05095]Val loss = [QuantLoss=0.06628][QuantReg:0.28348]
[Yelp] Starting epoch 72...
[Yelp] Elapsed training time:2.48s
[Yelp] Starting validation...
[Yelp] Elapsed validation time:0.53s
[Yelp] [Epoch=072] Train Loss=[QuantLoss=0.05056]Val loss = [QuantLoss=0.06697][QuantReg:0.28314]
[Yelp] Starting epoch 73...
[Yelp] Elapsed training time:2.54s
[Yelp] Starting validation...
[Yelp] Elapsed validation time:0.60s
[Yelp] [Epoch=073] Train Loss=[QuantLoss=0.05102]Val loss = [QuantLoss=0.06529][QuantReg:0.28274]
[Yelp] Starting epoch 74...
[Yelp] Elapsed training time:2.72s
[Yelp] Starting validation...
[Yelp] Elapsed validation time:0.57s
[Yelp] [Epoch=074] Train Loss=[QuantLoss=0.05020]Val loss = [QuantLoss=0.06785][QuantReg:0.28341]
[Yelp] Starting epoch 75...
[Yelp] Elapsed training time:2.55s
[Yelp] Starting validation...
[Yelp] Elapsed validation time:0.51s
[Yelp] [Epoch=075] Train Loss=[QuantLoss=0.05014]Val loss = [QuantLoss=0.06768][QuantReg:0.28363]
[Yelp] Starting epoch 76...
[Yelp] Elapsed training time:2.55s
[Yelp] Starting validation...
[Yelp] Elapsed validation time:0.60s
[Yelp] [Epoch=076] Train Loss=[QuantLoss=0.05198]Val loss = [QuantLoss=0.06727][QuantReg:0.28450]
[Yelp] Starting epoch 77...
[Yelp] Elapsed training time:2.57s
[Yelp] Starting validation...
[Yelp] Elapsed validation time:0.62s
[Yelp] [Epoch=077] Train Loss=[QuantLoss=0.05019]Val loss = [QuantLoss=0.06553][QuantReg:0.28333]
[Yelp] Starting epoch 78...
[Yelp] Elapsed training time:2.72s
[Yelp] Starting validation...
[Yelp] Elapsed validation time:0.56s
[Yelp] [Epoch=078] Train Loss=[QuantLoss=0.05041]Val loss = [QuantLoss=0.06538][QuantReg:0.28413]
[Yelp] Starting epoch 79...
[Yelp] Elapsed training time:2.77s
[Yelp] Starting validation...
[Yelp] Elapsed validation time:0.61s
[Yelp] [Epoch=079] Train Loss=[QuantLoss=0.05027]Val loss = [QuantLoss=0.06882][QuantReg:0.28315]
[Yelp] Starting epoch 80...
[Yelp] Elapsed training time:2.73s
[Yelp] Starting validation...
[Yelp] Elapsed validation time:0.51s
[Yelp] [Epoch=080] Train Loss=[QuantLoss=0.04934]Val loss = [QuantLoss=0.07064][QuantReg:0.28362]
[Yelp] Starting epoch 81...
[Yelp] Elapsed training time:2.63s
[Yelp] Starting validation...
[Yelp] Elapsed validation time:0.53s
[Yelp] [Epoch=081] Train Loss=[QuantLoss=0.05095]Val loss = [QuantLoss=0.06531][QuantReg:0.28384]
[Yelp] Starting epoch 82...
[Yelp] Elapsed training time:2.59s
[Yelp] Starting validation...
[Yelp] Elapsed validation time:0.54s
[Yelp] [Epoch=082] Train Loss=[QuantLoss=0.05075]Val loss = [QuantLoss=0.06504][QuantReg:0.28391]
[Yelp] Early stopping in epoch 82!
[Yelp] Restoring best model...
MAE médio: 0.0783 ± 0.0432
