Dataset: yelp
Dificuldade: kl, modo: easiest, top_k: 50
Dispositivo de treino: cuda
Baixando Yelp Review Full do Hugging Face...
Carregando embeddings do cache...
Ignoring val_split as train and val datasets where given to fit function
We have two datasets: training 5390000 examples. validation 300000 examples.]
Using device cuda
[Yelp] Starting epoch 0...
[Yelp] Elapsed training time:2.11s
[Yelp] Starting validation...
[Yelp] Elapsed validation time:2.24s
[Yelp] [Epoch=000] Train Loss=[QuantLoss=0.00040]Val loss = [QuantLoss=0.35073][QuantReg:0.00215][saved best model in this epoch]
[Yelp] Starting epoch 1...
[Yelp] Elapsed training time:1.99s
[Yelp] Starting validation...
[Yelp] Elapsed validation time:2.38s
[Yelp] [Epoch=001] Train Loss=[QuantLoss=0.00141]Val loss = [QuantLoss=0.16714][QuantReg:0.00415][saved best model in this epoch]
[Yelp] Starting epoch 2...
[Yelp] Elapsed training time:2.13s
[Yelp] Starting validation...
[Yelp] Elapsed validation time:2.32s
[Yelp] [Epoch=002] Train Loss=[QuantLoss=0.00072]Val loss = [QuantLoss=0.13519][QuantReg:0.00584][saved best model in this epoch]
[Yelp] Starting epoch 3...
[Yelp] Elapsed training time:2.08s
[Yelp] Starting validation...
[Yelp] Elapsed validation time:2.49s
[Yelp] [Epoch=003] Train Loss=[QuantLoss=0.00112]Val loss = [QuantLoss=0.13773][QuantReg:0.00634]
[Yelp] Starting epoch 4...
[Yelp] Elapsed training time:2.04s
[Yelp] Starting validation...
[Yelp] Elapsed validation time:2.32s
[Yelp] [Epoch=004] Train Loss=[QuantLoss=0.00046]Val loss = [QuantLoss=0.12213][QuantReg:0.00665][saved best model in this epoch]
[Yelp] Starting epoch 5...
[Yelp] Elapsed training time:2.08s
[Yelp] Starting validation...
[Yelp] Elapsed validation time:2.43s
[Yelp] [Epoch=005] Train Loss=[QuantLoss=0.00069]Val loss = [QuantLoss=0.11694][QuantReg:0.00673][saved best model in this epoch]
[Yelp] Starting epoch 6...
[Yelp] Elapsed training time:1.94s
[Yelp] Starting validation...
[Yelp] Elapsed validation time:2.40s
[Yelp] [Epoch=006] Train Loss=[QuantLoss=0.00066]Val loss = [QuantLoss=0.11188][QuantReg:0.00713][saved best model in this epoch]
[Yelp] Starting epoch 7...
[Yelp] Elapsed training time:2.02s
[Yelp] Starting validation...
[Yelp] Elapsed validation time:2.49s
[Yelp] [Epoch=007] Train Loss=[QuantLoss=0.00051]Val loss = [QuantLoss=0.12155][QuantReg:0.00755]
[Yelp] Starting epoch 8...
[Yelp] Elapsed training time:1.91s
[Yelp] Starting validation...
[Yelp] Elapsed validation time:2.43s
[Yelp] [Epoch=008] Train Loss=[QuantLoss=0.00043]Val loss = [QuantLoss=0.12161][QuantReg:0.00791]
[Yelp] Starting epoch 9...
[Yelp] Elapsed training time:2.01s
[Yelp] Starting validation...
[Yelp] Elapsed validation time:2.38s
[Yelp] [Epoch=009] Train Loss=[QuantLoss=0.00045]Val loss = [QuantLoss=0.12926][QuantReg:0.00815]
[Yelp] Starting epoch 10...
[Yelp] Elapsed training time:2.04s
[Yelp] Starting validation...
[Yelp] Elapsed validation time:2.27s
[Yelp] [Epoch=010] Train Loss=[QuantLoss=0.00042]Val loss = [QuantLoss=0.12685][QuantReg:0.00834]
[Yelp] Starting epoch 11...
[Yelp] Elapsed training time:2.18s
[Yelp] Starting validation...
[Yelp] Elapsed validation time:2.47s
[Yelp] [Epoch=011] Train Loss=[QuantLoss=0.00044]Val loss = [QuantLoss=0.11544][QuantReg:0.00847]
[Yelp] Starting epoch 12...
[Yelp] Elapsed training time:1.94s
[Yelp] Starting validation...
[Yelp] Elapsed validation time:2.38s
[Yelp] [Epoch=012] Train Loss=[QuantLoss=0.00036]Val loss = [QuantLoss=0.10802][QuantReg:0.00855][saved best model in this epoch]
[Yelp] Starting epoch 13...
[Yelp] Elapsed training time:1.93s
[Yelp] Starting validation...
[Yelp] Elapsed validation time:2.57s
[Yelp] [Epoch=013] Train Loss=[QuantLoss=0.00039]Val loss = [QuantLoss=0.10671][QuantReg:0.00863][saved best model in this epoch]
[Yelp] Starting epoch 14...
[Yelp] Elapsed training time:2.27s
[Yelp] Starting validation...
[Yelp] Elapsed validation time:2.44s
[Yelp] [Epoch=014] Train Loss=[QuantLoss=0.00039]Val loss = [QuantLoss=0.10168][QuantReg:0.00868][saved best model in this epoch]
[Yelp] Starting epoch 15...
[Yelp] Elapsed training time:2.19s
[Yelp] Starting validation...
[Yelp] Elapsed validation time:2.37s
[Yelp] [Epoch=015] Train Loss=[QuantLoss=0.00037]Val loss = [QuantLoss=0.09127][QuantReg:0.00875][saved best model in this epoch]
[Yelp] Starting epoch 16...
[Yelp] Elapsed training time:2.16s
[Yelp] Starting validation...
[Yelp] Elapsed validation time:2.38s
[Yelp] [Epoch=016] Train Loss=[QuantLoss=0.00041]Val loss = [QuantLoss=0.09885][QuantReg:0.00872]
[Yelp] Starting epoch 17...
[Yelp] Elapsed training time:1.93s
[Yelp] Starting validation...
[Yelp] Elapsed validation time:2.60s
[Yelp] [Epoch=017] Train Loss=[QuantLoss=0.00043]Val loss = [QuantLoss=0.09605][QuantReg:0.00865]
[Yelp] Starting epoch 18...
[Yelp] Elapsed training time:2.08s
[Yelp] Starting validation...
[Yelp] Elapsed validation time:2.38s
[Yelp] [Epoch=018] Train Loss=[QuantLoss=0.00043]Val loss = [QuantLoss=0.09527][QuantReg:0.00868]
[Yelp] Starting epoch 19...
[Yelp] Elapsed training time:2.19s
[Yelp] Starting validation...
[Yelp] Elapsed validation time:2.43s
[Yelp] [Epoch=019] Train Loss=[QuantLoss=0.00040]Val loss = [QuantLoss=0.09427][QuantReg:0.00868]
[Yelp] Starting epoch 20...
[Yelp] Elapsed training time:2.21s
[Yelp] Starting validation...
[Yelp] Elapsed validation time:2.47s
[Yelp] [Epoch=020] Train Loss=[QuantLoss=0.00045]Val loss = [QuantLoss=0.09400][QuantReg:0.00864]
[Yelp] Starting epoch 21...
[Yelp] Elapsed training time:1.95s
[Yelp] Starting validation...
[Yelp] Elapsed validation time:2.49s
[Yelp] [Epoch=021] Train Loss=[QuantLoss=0.00042]Val loss = [QuantLoss=0.09867][QuantReg:0.00857]
[Yelp] Starting epoch 22...
[Yelp] Elapsed training time:2.03s
[Yelp] Starting validation...
[Yelp] Elapsed validation time:2.28s
[Yelp] [Epoch=022] Train Loss=[QuantLoss=0.00039]Val loss = [QuantLoss=0.09628][QuantReg:0.00848]
[Yelp] Starting epoch 23...
[Yelp] Elapsed training time:1.95s
[Yelp] Starting validation...
[Yelp] Elapsed validation time:2.34s
[Yelp] [Epoch=023] Train Loss=[QuantLoss=0.00046]Val loss = [QuantLoss=0.09306][QuantReg:0.00843]
[Yelp] Starting epoch 24...
[Yelp] Elapsed training time:1.93s
[Yelp] Starting validation...
[Yelp] Elapsed validation time:2.25s
[Yelp] [Epoch=024] Train Loss=[QuantLoss=0.00037]Val loss = [QuantLoss=0.10320][QuantReg:0.00835]
[Yelp] Starting epoch 25...
[Yelp] Elapsed training time:2.00s
[Yelp] Starting validation...
[Yelp] Elapsed validation time:2.42s
[Yelp] [Epoch=025] Train Loss=[QuantLoss=0.00041]Val loss = [QuantLoss=0.10163][QuantReg:0.00823]
[Yelp] Starting epoch 26...
[Yelp] Elapsed training time:2.03s
[Yelp] Starting validation...
[Yelp] Elapsed validation time:2.25s
[Yelp] [Epoch=026] Train Loss=[QuantLoss=0.00043]Val loss = [QuantLoss=0.10313][QuantReg:0.00814]
[Yelp] Starting epoch 27...
[Yelp] Elapsed training time:1.93s
[Yelp] Starting validation...
[Yelp] Elapsed validation time:2.29s
[Yelp] [Epoch=027] Train Loss=[QuantLoss=0.00042]Val loss = [QuantLoss=0.10466][QuantReg:0.00809]
[Yelp] Starting epoch 28...
[Yelp] Elapsed training time:1.93s
[Yelp] Starting validation...
[Yelp] Elapsed validation time:2.40s
[Yelp] [Epoch=028] Train Loss=[QuantLoss=0.00037]Val loss = [QuantLoss=0.09799][QuantReg:0.00798]
[Yelp] Starting epoch 29...
[Yelp] Elapsed training time:1.93s
[Yelp] Starting validation...
[Yelp] Elapsed validation time:2.46s
[Yelp] [Epoch=029] Train Loss=[QuantLoss=0.00042]Val loss = [QuantLoss=0.09777][QuantReg:0.00807]
[Yelp] Starting epoch 30...
[Yelp] Elapsed training time:2.05s
[Yelp] Starting validation...
[Yelp] Elapsed validation time:2.27s
[Yelp] [Epoch=030] Train Loss=[QuantLoss=0.00040]Val loss = [QuantLoss=0.09671][QuantReg:0.00812]
[Yelp] Starting epoch 31...
[Yelp] Elapsed training time:2.15s
[Yelp] Starting validation...
[Yelp] Elapsed validation time:2.35s
[Yelp] [Epoch=031] Train Loss=[QuantLoss=0.00037]Val loss = [QuantLoss=0.09557][QuantReg:0.00812]
[Yelp] Starting epoch 32...
[Yelp] Elapsed training time:2.07s
[Yelp] Starting validation...
[Yelp] Elapsed validation time:2.38s
[Yelp] [Epoch=032] Train Loss=[QuantLoss=0.00040]Val loss = [QuantLoss=0.09636][QuantReg:0.00821]
[Yelp] Starting epoch 33...
[Yelp] Elapsed training time:2.12s
[Yelp] Starting validation...
[Yelp] Elapsed validation time:2.41s
[Yelp] [Epoch=033] Train Loss=[QuantLoss=0.00045]Val loss = [QuantLoss=0.09011][QuantReg:0.00808][saved best model in this epoch]
[Yelp] Starting epoch 34...
[Yelp] Elapsed training time:1.93s
[Yelp] Starting validation...
[Yelp] Elapsed validation time:2.57s
[Yelp] [Epoch=034] Train Loss=[QuantLoss=0.00037]Val loss = [QuantLoss=0.08901][QuantReg:0.00811][saved best model in this epoch]
[Yelp] Starting epoch 35...
[Yelp] Elapsed training time:2.09s
[Yelp] Starting validation...
[Yelp] Elapsed validation time:2.45s
[Yelp] [Epoch=035] Train Loss=[QuantLoss=0.00033]Val loss = [QuantLoss=0.09417][QuantReg:0.00810]
[Yelp] Starting epoch 36...
[Yelp] Elapsed training time:1.94s
[Yelp] Starting validation...
[Yelp] Elapsed validation time:2.37s
[Yelp] [Epoch=036] Train Loss=[QuantLoss=0.00035]Val loss = [QuantLoss=0.09505][QuantReg:0.00815]
[Yelp] Starting epoch 37...
[Yelp] Elapsed training time:2.03s
[Yelp] Starting validation...
[Yelp] Elapsed validation time:2.27s
[Yelp] [Epoch=037] Train Loss=[QuantLoss=0.00040]Val loss = [QuantLoss=0.09783][QuantReg:0.00821]
[Yelp] Starting epoch 38...
[Yelp] Elapsed training time:1.99s
[Yelp] Starting validation...
[Yelp] Elapsed validation time:2.61s
[Yelp] [Epoch=038] Train Loss=[QuantLoss=0.00045]Val loss = [QuantLoss=0.10152][QuantReg:0.00811]
[Yelp] Starting epoch 39...
[Yelp] Elapsed training time:2.11s
[Yelp] Starting validation...
[Yelp] Elapsed validation time:2.30s
[Yelp] [Epoch=039] Train Loss=[QuantLoss=0.00045]Val loss = [QuantLoss=0.10326][QuantReg:0.00816]
[Yelp] Starting epoch 40...
[Yelp] Elapsed training time:1.95s
[Yelp] Starting validation...
[Yelp] Elapsed validation time:2.46s
[Yelp] [Epoch=040] Train Loss=[QuantLoss=0.00040]Val loss = [QuantLoss=0.09670][QuantReg:0.00813]
[Yelp] Starting epoch 41...
[Yelp] Elapsed training time:2.20s
[Yelp] Starting validation...
[Yelp] Elapsed validation time:2.47s
[Yelp] [Epoch=041] Train Loss=[QuantLoss=0.00037]Val loss = [QuantLoss=0.10237][QuantReg:0.00831]
[Yelp] Starting epoch 42...
[Yelp] Elapsed training time:2.11s
[Yelp] Starting validation...
[Yelp] Elapsed validation time:2.52s
[Yelp] [Epoch=042] Train Loss=[QuantLoss=0.00043]Val loss = [QuantLoss=0.10017][QuantReg:0.00830]
[Yelp] Starting epoch 43...
[Yelp] Elapsed training time:1.92s
[Yelp] Starting validation...
[Yelp] Elapsed validation time:2.45s
[Yelp] [Epoch=043] Train Loss=[QuantLoss=0.00041]Val loss = [QuantLoss=0.10031][QuantReg:0.00839]
[Yelp] Starting epoch 44...
[Yelp] Elapsed training time:2.04s
[Yelp] Starting validation...
[Yelp] Elapsed validation time:2.39s
[Yelp] [Epoch=044] Train Loss=[QuantLoss=0.00038]Val loss = [QuantLoss=0.10335][QuantReg:0.00840]
[Yelp] Starting epoch 45...
[Yelp] Elapsed training time:1.92s
[Yelp] Starting validation...
[Yelp] Elapsed validation time:2.32s
[Yelp] [Epoch=045] Train Loss=[QuantLoss=0.00040]Val loss = [QuantLoss=0.09932][QuantReg:0.00845]
[Yelp] Starting epoch 46...
[Yelp] Elapsed training time:2.07s
[Yelp] Starting validation...
[Yelp] Elapsed validation time:2.27s
[Yelp] [Epoch=046] Train Loss=[QuantLoss=0.00049]Val loss = [QuantLoss=0.10808][QuantReg:0.00850]
[Yelp] Starting epoch 47...
[Yelp] Elapsed training time:1.93s
[Yelp] Starting validation...
[Yelp] Elapsed validation time:2.38s
[Yelp] [Epoch=047] Train Loss=[QuantLoss=0.00037]Val loss = [QuantLoss=0.10099][QuantReg:0.00848]
[Yelp] Starting epoch 48...
[Yelp] Elapsed training time:1.93s
[Yelp] Starting validation...
[Yelp] Elapsed validation time:2.37s
[Yelp] [Epoch=048] Train Loss=[QuantLoss=0.00043]Val loss = [QuantLoss=0.10193][QuantReg:0.00857]
[Yelp] Starting epoch 49...
[Yelp] Elapsed training time:1.94s
[Yelp] Starting validation...
[Yelp] Elapsed validation time:2.36s
[Yelp] [Epoch=049] Train Loss=[QuantLoss=0.00046]Val loss = [QuantLoss=0.09988][QuantReg:0.00855]
[Yelp] Starting epoch 50...
[Yelp] Elapsed training time:1.93s
[Yelp] Starting validation...
[Yelp] Elapsed validation time:2.29s
[Yelp] [Epoch=050] Train Loss=[QuantLoss=0.00036]Val loss = [QuantLoss=0.09942][QuantReg:0.00860]
[Yelp] Starting epoch 51...
[Yelp] Elapsed training time:1.93s
[Yelp] Starting validation...
[Yelp] Elapsed validation time:2.27s
[Yelp] [Epoch=051] Train Loss=[QuantLoss=0.00042]Val loss = [QuantLoss=0.09150][QuantReg:0.00868]
[Yelp] Starting epoch 52...
[Yelp] Elapsed training time:2.01s
[Yelp] Starting validation...
[Yelp] Elapsed validation time:2.26s
[Yelp] [Epoch=052] Train Loss=[QuantLoss=0.00046]Val loss = [QuantLoss=0.10128][QuantReg:0.00877]
[Yelp] Starting epoch 53...
[Yelp] Elapsed training time:1.95s
[Yelp] Starting validation...
[Yelp] Elapsed validation time:2.38s
[Yelp] [Epoch=053] Train Loss=[QuantLoss=0.00049]Val loss = [QuantLoss=0.09115][QuantReg:0.00876]
[Yelp] Starting epoch 54...
[Yelp] Elapsed training time:1.94s
[Yelp] Starting validation...
[Yelp] Elapsed validation time:2.35s
[Yelp] [Epoch=054] Train Loss=[QuantLoss=0.00038]Val loss = [QuantLoss=0.08748][QuantReg:0.00877][saved best model in this epoch]
[Yelp] Starting epoch 55...
[Yelp] Elapsed training time:1.93s
[Yelp] Starting validation...
[Yelp] Elapsed validation time:2.33s
[Yelp] [Epoch=055] Train Loss=[QuantLoss=0.00039]Val loss = [QuantLoss=0.08948][QuantReg:0.00882]
[Yelp] Starting epoch 56...
[Yelp] Elapsed training time:1.94s
[Yelp] Starting validation...
[Yelp] Elapsed validation time:2.41s
[Yelp] [Epoch=056] Train Loss=[QuantLoss=0.00048]Val loss = [QuantLoss=0.08911][QuantReg:0.00882]
[Yelp] Starting epoch 57...
[Yelp] Elapsed training time:1.93s
[Yelp] Starting validation...
[Yelp] Elapsed validation time:2.39s
[Yelp] [Epoch=057] Train Loss=[QuantLoss=0.00042]Val loss = [QuantLoss=0.09309][QuantReg:0.00886]
[Yelp] Starting epoch 58...
[Yelp] Elapsed training time:1.93s
[Yelp] Starting validation...
[Yelp] Elapsed validation time:2.31s
[Yelp] [Epoch=058] Train Loss=[QuantLoss=0.00048]Val loss = [QuantLoss=0.09201][QuantReg:0.00885]
[Yelp] Starting epoch 59...
[Yelp] Elapsed training time:1.98s
[Yelp] Starting validation...
[Yelp] Elapsed validation time:2.36s
[Yelp] [Epoch=059] Train Loss=[QuantLoss=0.00044]Val loss = [QuantLoss=0.09834][QuantReg:0.00882]
[Yelp] Starting epoch 60...
[Yelp] Elapsed training time:2.10s
[Yelp] Starting validation...
[Yelp] Elapsed validation time:2.23s
[Yelp] [Epoch=060] Train Loss=[QuantLoss=0.00043]Val loss = [QuantLoss=0.09374][QuantReg:0.00886]
[Yelp] Starting epoch 61...
[Yelp] Elapsed training time:2.05s
[Yelp] Starting validation...
[Yelp] Elapsed validation time:2.34s
[Yelp] [Epoch=061] Train Loss=[QuantLoss=0.00039]Val loss = [QuantLoss=0.09410][QuantReg:0.00884]
[Yelp] Starting epoch 62...
[Yelp] Elapsed training time:2.04s
[Yelp] Starting validation...
[Yelp] Elapsed validation time:2.28s
[Yelp] [Epoch=062] Train Loss=[QuantLoss=0.00043]Val loss = [QuantLoss=0.09070][QuantReg:0.00892]
[Yelp] Starting epoch 63...
[Yelp] Elapsed training time:2.01s
[Yelp] Starting validation...
[Yelp] Elapsed validation time:2.48s
[Yelp] [Epoch=063] Train Loss=[QuantLoss=0.00034]Val loss = [QuantLoss=0.09355][QuantReg:0.00892]
[Yelp] Starting epoch 64...
[Yelp] Elapsed training time:1.93s
[Yelp] Starting validation...
[Yelp] Elapsed validation time:2.25s
[Yelp] [Epoch=064] Train Loss=[QuantLoss=0.00038]Val loss = [QuantLoss=0.09205][QuantReg:0.00899]
[Yelp] Starting epoch 65...
[Yelp] Elapsed training time:2.07s
[Yelp] Starting validation...
[Yelp] Elapsed validation time:2.29s
[Yelp] [Epoch=065] Train Loss=[QuantLoss=0.00040]Val loss = [QuantLoss=0.09497][QuantReg:0.00899]
[Yelp] Starting epoch 66...
[Yelp] Elapsed training time:2.02s
[Yelp] Starting validation...
[Yelp] Elapsed validation time:2.31s
[Yelp] [Epoch=066] Train Loss=[QuantLoss=0.00044]Val loss = [QuantLoss=0.09208][QuantReg:0.00900]
[Yelp] Starting epoch 67...
[Yelp] Elapsed training time:2.05s
[Yelp] Starting validation...
[Yelp] Elapsed validation time:2.55s
[Yelp] [Epoch=067] Train Loss=[QuantLoss=0.00041]Val loss = [QuantLoss=0.09470][QuantReg:0.00900]
[Yelp] Starting epoch 68...
[Yelp] Elapsed training time:1.94s
[Yelp] Starting validation...
[Yelp] Elapsed validation time:2.24s
[Yelp] [Epoch=068] Train Loss=[QuantLoss=0.00044]Val loss = [QuantLoss=0.09328][QuantReg:0.00903]
[Yelp] Starting epoch 69...
[Yelp] Elapsed training time:2.19s
[Yelp] Starting validation...
[Yelp] Elapsed validation time:2.57s
[Yelp] [Epoch=069] Train Loss=[QuantLoss=0.00042]Val loss = [QuantLoss=0.09422][QuantReg:0.00909]
[Yelp] Starting epoch 70...
[Yelp] Elapsed training time:2.15s
[Yelp] Starting validation...
[Yelp] Elapsed validation time:2.41s
[Yelp] [Epoch=070] Train Loss=[QuantLoss=0.00041]Val loss = [QuantLoss=0.08419][QuantReg:0.00911][saved best model in this epoch]
[Yelp] Starting epoch 71...
[Yelp] Elapsed training time:2.20s
[Yelp] Starting validation...
[Yelp] Elapsed validation time:2.29s
[Yelp] [Epoch=071] Train Loss=[QuantLoss=0.00040]Val loss = [QuantLoss=0.08952][QuantReg:0.00905]
[Yelp] Starting epoch 72...
[Yelp] Elapsed training time:2.28s
[Yelp] Starting validation...
[Yelp] Elapsed validation time:2.43s
[Yelp] [Epoch=072] Train Loss=[QuantLoss=0.00040]Val loss = [QuantLoss=0.08524][QuantReg:0.00906]
[Yelp] Starting epoch 73...
[Yelp] Elapsed training time:2.26s
[Yelp] Starting validation...
[Yelp] Elapsed validation time:2.54s
[Yelp] [Epoch=073] Train Loss=[QuantLoss=0.00039]Val loss = [QuantLoss=0.08341][QuantReg:0.00905][saved best model in this epoch]
[Yelp] Starting epoch 74...
[Yelp] Elapsed training time:2.01s
[Yelp] Starting validation...
[Yelp] Elapsed validation time:2.29s
[Yelp] [Epoch=074] Train Loss=[QuantLoss=0.00045]Val loss = [QuantLoss=0.08709][QuantReg:0.00899]
[Yelp] Starting epoch 75...
[Yelp] Elapsed training time:2.16s
[Yelp] Starting validation...
[Yelp] Elapsed validation time:2.35s
[Yelp] [Epoch=075] Train Loss=[QuantLoss=0.00050]Val loss = [QuantLoss=0.08738][QuantReg:0.00894]
[Yelp] Starting epoch 76...
[Yelp] Elapsed training time:2.10s
[Yelp] Starting validation...
[Yelp] Elapsed validation time:2.42s
[Yelp] [Epoch=076] Train Loss=[QuantLoss=0.00041]Val loss = [QuantLoss=0.09264][QuantReg:0.00892]
[Yelp] Starting epoch 77...
[Yelp] Elapsed training time:1.95s
[Yelp] Starting validation...
[Yelp] Elapsed validation time:2.35s
[Yelp] [Epoch=077] Train Loss=[QuantLoss=0.00045]Val loss = [QuantLoss=0.09221][QuantReg:0.00892]
[Yelp] Starting epoch 78...
[Yelp] Elapsed training time:2.33s
[Yelp] Starting validation...
[Yelp] Elapsed validation time:2.54s
[Yelp] [Epoch=078] Train Loss=[QuantLoss=0.00044]Val loss = [QuantLoss=0.09662][QuantReg:0.00883]
[Yelp] Starting epoch 79...
[Yelp] Elapsed training time:2.08s
[Yelp] Starting validation...
[Yelp] Elapsed validation time:2.45s
[Yelp] [Epoch=079] Train Loss=[QuantLoss=0.00035]Val loss = [QuantLoss=0.09739][QuantReg:0.00880]
[Yelp] Starting epoch 80...
[Yelp] Elapsed training time:2.03s
[Yelp] Starting validation...
[Yelp] Elapsed validation time:2.38s
[Yelp] [Epoch=080] Train Loss=[QuantLoss=0.00043]Val loss = [QuantLoss=0.10161][QuantReg:0.00872]
[Yelp] Starting epoch 81...
[Yelp] Elapsed training time:2.01s
[Yelp] Starting validation...
[Yelp] Elapsed validation time:2.31s
[Yelp] [Epoch=081] Train Loss=[QuantLoss=0.00039]Val loss = [QuantLoss=0.09209][QuantReg:0.00859]
[Yelp] Starting epoch 82...
[Yelp] Elapsed training time:2.11s
[Yelp] Starting validation...
[Yelp] Elapsed validation time:2.29s
[Yelp] [Epoch=082] Train Loss=[QuantLoss=0.00038]Val loss = [QuantLoss=0.10264][QuantReg:0.00854]
[Yelp] Starting epoch 83...
[Yelp] Elapsed training time:1.94s
[Yelp] Starting validation...
[Yelp] Elapsed validation time:2.30s
[Yelp] [Epoch=083] Train Loss=[QuantLoss=0.00043]Val loss = [QuantLoss=0.09331][QuantReg:0.00847]
[Yelp] Starting epoch 84...
[Yelp] Elapsed training time:2.04s
[Yelp] Starting validation...
[Yelp] Elapsed validation time:2.37s
[Yelp] [Epoch=084] Train Loss=[QuantLoss=0.00038]Val loss = [QuantLoss=0.10388][QuantReg:0.00841]
[Yelp] Starting epoch 85...
[Yelp] Elapsed training time:1.94s
[Yelp] Starting validation...
[Yelp] Elapsed validation time:2.27s
[Yelp] [Epoch=085] Train Loss=[QuantLoss=0.00042]Val loss = [QuantLoss=0.09895][QuantReg:0.00819]
[Yelp] Starting epoch 86...
[Yelp] Elapsed training time:2.17s
[Yelp] Starting validation...
[Yelp] Elapsed validation time:2.35s
[Yelp] [Epoch=086] Train Loss=[QuantLoss=0.00041]Val loss = [QuantLoss=0.09358][QuantReg:0.00818]
[Yelp] Starting epoch 87...
[Yelp] Elapsed training time:2.18s
[Yelp] Starting validation...
[Yelp] Elapsed validation time:2.51s
[Yelp] [Epoch=087] Train Loss=[QuantLoss=0.00040]Val loss = [QuantLoss=0.09044][QuantReg:0.00816]
[Yelp] Starting epoch 88...
[Yelp] Elapsed training time:1.92s
[Yelp] Starting validation...
[Yelp] Elapsed validation time:2.40s
[Yelp] [Epoch=088] Train Loss=[QuantLoss=0.00044]Val loss = [QuantLoss=0.09212][QuantReg:0.00806]
[Yelp] Starting epoch 89...
[Yelp] Elapsed training time:2.17s
[Yelp] Starting validation...
[Yelp] Elapsed validation time:2.39s
[Yelp] [Epoch=089] Train Loss=[QuantLoss=0.00042]Val loss = [QuantLoss=0.08927][QuantReg:0.00800]
[Yelp] Starting epoch 90...
[Yelp] Elapsed training time:2.03s
[Yelp] Starting validation...
[Yelp] Elapsed validation time:2.31s
[Yelp] [Epoch=090] Train Loss=[QuantLoss=0.00044]Val loss = [QuantLoss=0.09291][QuantReg:0.00797]
[Yelp] Starting epoch 91...
[Yelp] Elapsed training time:2.14s
[Yelp] Starting validation...
[Yelp] Elapsed validation time:2.24s
[Yelp] [Epoch=091] Train Loss=[QuantLoss=0.00041]Val loss = [QuantLoss=0.09151][QuantReg:0.00796]
[Yelp] Starting epoch 92...
[Yelp] Elapsed training time:1.94s
[Yelp] Starting validation...
[Yelp] Elapsed validation time:2.36s
[Yelp] [Epoch=092] Train Loss=[QuantLoss=0.00043]Val loss = [QuantLoss=0.08525][QuantReg:0.00791]
[Yelp] Starting epoch 93...
[Yelp] Elapsed training time:2.05s
[Yelp] Starting validation...
[Yelp] Elapsed validation time:2.44s
[Yelp] [Epoch=093] Train Loss=[QuantLoss=0.00043]Val loss = [QuantLoss=0.09011][QuantReg:0.00796]
[Yelp] Starting epoch 94...
[Yelp] Elapsed training time:2.25s
[Yelp] Starting validation...
[Yelp] Elapsed validation time:2.32s
[Yelp] [Epoch=094] Train Loss=[QuantLoss=0.00041]Val loss = [QuantLoss=0.08484][QuantReg:0.00798]
[Yelp] Starting epoch 95...
[Yelp] Elapsed training time:1.94s
[Yelp] Starting validation...
[Yelp] Elapsed validation time:2.39s
[Yelp] [Epoch=095] Train Loss=[QuantLoss=0.00041]Val loss = [QuantLoss=0.09017][QuantReg:0.00801]
[Yelp] Starting epoch 96...
[Yelp] Elapsed training time:2.11s
[Yelp] Starting validation...
[Yelp] Elapsed validation time:2.36s
[Yelp] [Epoch=096] Train Loss=[QuantLoss=0.00040]Val loss = [QuantLoss=0.09107][QuantReg:0.00802]
[Yelp] Starting epoch 97...
[Yelp] Elapsed training time:1.94s
[Yelp] Starting validation...
[Yelp] Elapsed validation time:2.27s
[Yelp] [Epoch=097] Train Loss=[QuantLoss=0.00041]Val loss = [QuantLoss=0.08854][QuantReg:0.00801]
[Yelp] Starting epoch 98...
[Yelp] Elapsed training time:1.93s
[Yelp] Starting validation...
[Yelp] Elapsed validation time:2.36s
[Yelp] [Epoch=098] Train Loss=[QuantLoss=0.00042]Val loss = [QuantLoss=0.09027][QuantReg:0.00803]
[Yelp] Starting epoch 99...
[Yelp] Elapsed training time:2.14s
[Yelp] Starting validation...
[Yelp] Elapsed validation time:2.26s
[Yelp] [Epoch=099] Train Loss=[QuantLoss=0.00039]Val loss = [QuantLoss=0.08406][QuantReg:0.00806]
[Yelp] Starting epoch 100...
[Yelp] Elapsed training time:2.17s
[Yelp] Starting validation...
[Yelp] Elapsed validation time:2.42s
[Yelp] [Epoch=100] Train Loss=[QuantLoss=0.00036]Val loss = [QuantLoss=0.09060][QuantReg:0.00802]
[Yelp] Starting epoch 101...
[Yelp] Elapsed training time:2.12s
[Yelp] Starting validation...
[Yelp] Elapsed validation time:2.34s
[Yelp] [Epoch=101] Train Loss=[QuantLoss=0.00045]Val loss = [QuantLoss=0.08798][QuantReg:0.00805]
[Yelp] Starting epoch 102...
[Yelp] Elapsed training time:2.08s
[Yelp] Starting validation...
[Yelp] Elapsed validation time:2.25s
[Yelp] [Epoch=102] Train Loss=[QuantLoss=0.00042]Val loss = [QuantLoss=0.08556][QuantReg:0.00805]
[Yelp] Starting epoch 103...
[Yelp] Elapsed training time:2.02s
[Yelp] Starting validation...
[Yelp] Elapsed validation time:2.45s
[Yelp] [Epoch=103] Train Loss=[QuantLoss=0.00038]Val loss = [QuantLoss=0.08772][QuantReg:0.00806]
[Yelp] Starting epoch 104...
[Yelp] Elapsed training time:1.95s
[Yelp] Starting validation...
[Yelp] Elapsed validation time:2.40s
[Yelp] [Epoch=104] Train Loss=[QuantLoss=0.00047]Val loss = [QuantLoss=0.08610][QuantReg:0.00804]
[Yelp] Starting epoch 105...
[Yelp] Elapsed training time:2.02s
[Yelp] Starting validation...
[Yelp] Elapsed validation time:2.39s
[Yelp] [Epoch=105] Train Loss=[QuantLoss=0.00041]Val loss = [QuantLoss=0.08478][QuantReg:0.00805]
[Yelp] Starting epoch 106...
[Yelp] Elapsed training time:2.05s
[Yelp] Starting validation...
[Yelp] Elapsed validation time:2.32s
[Yelp] [Epoch=106] Train Loss=[QuantLoss=0.00041]Val loss = [QuantLoss=0.08265][QuantReg:0.00806][saved best model in this epoch]
[Yelp] Starting epoch 107...
[Yelp] Elapsed training time:2.23s
[Yelp] Starting validation...
[Yelp] Elapsed validation time:2.46s
[Yelp] [Epoch=107] Train Loss=[QuantLoss=0.00032]Val loss = [QuantLoss=0.09118][QuantReg:0.00803]
[Yelp] Starting epoch 108...
[Yelp] Elapsed training time:2.02s
[Yelp] Starting validation...
[Yelp] Elapsed validation time:2.37s
[Yelp] [Epoch=108] Train Loss=[QuantLoss=0.00040]Val loss = [QuantLoss=0.08490][QuantReg:0.00807]
[Yelp] Starting epoch 109...
[Yelp] Elapsed training time:2.01s
[Yelp] Starting validation...
[Yelp] Elapsed validation time:2.55s
[Yelp] [Epoch=109] Train Loss=[QuantLoss=0.00043]Val loss = [QuantLoss=0.09027][QuantReg:0.00803]
[Yelp] Starting epoch 110...
[Yelp] Elapsed training time:2.00s
[Yelp] Starting validation...
[Yelp] Elapsed validation time:2.36s
[Yelp] [Epoch=110] Train Loss=[QuantLoss=0.00038]Val loss = [QuantLoss=0.09038][QuantReg:0.00798]
[Yelp] Starting epoch 111...
[Yelp] Elapsed training time:2.19s
[Yelp] Starting validation...
[Yelp] Elapsed validation time:2.45s
[Yelp] [Epoch=111] Train Loss=[QuantLoss=0.00039]Val loss = [QuantLoss=0.08809][QuantReg:0.00797]
[Yelp] Starting epoch 112...
[Yelp] Elapsed training time:2.22s
[Yelp] Starting validation...
[Yelp] Elapsed validation time:2.39s
[Yelp] [Epoch=112] Train Loss=[QuantLoss=0.00042]Val loss = [QuantLoss=0.08504][QuantReg:0.00808]
[Yelp] Starting epoch 113...
[Yelp] Elapsed training time:1.99s
[Yelp] Starting validation...
[Yelp] Elapsed validation time:2.25s
[Yelp] [Epoch=113] Train Loss=[QuantLoss=0.00036]Val loss = [QuantLoss=0.08168][QuantReg:0.00798][saved best model in this epoch]
[Yelp] Starting epoch 114...
[Yelp] Elapsed training time:2.03s
[Yelp] Starting validation...
[Yelp] Elapsed validation time:2.44s
[Yelp] [Epoch=114] Train Loss=[QuantLoss=0.00046]Val loss = [QuantLoss=0.08764][QuantReg:0.00797]
[Yelp] Starting epoch 115...
[Yelp] Elapsed training time:2.01s
[Yelp] Starting validation...
[Yelp] Elapsed validation time:2.33s
[Yelp] [Epoch=115] Train Loss=[QuantLoss=0.00035]Val loss = [QuantLoss=0.08764][QuantReg:0.00802]
[Yelp] Starting epoch 116...
[Yelp] Elapsed training time:2.00s
[Yelp] Starting validation...
[Yelp] Elapsed validation time:2.38s
[Yelp] [Epoch=116] Train Loss=[QuantLoss=0.00050]Val loss = [QuantLoss=0.08902][QuantReg:0.00798]
[Yelp] Starting epoch 117...
[Yelp] Elapsed training time:2.21s
[Yelp] Starting validation...
[Yelp] Elapsed validation time:2.32s
[Yelp] [Epoch=117] Train Loss=[QuantLoss=0.00037]Val loss = [QuantLoss=0.08446][QuantReg:0.00797]
[Yelp] Starting epoch 118...
[Yelp] Elapsed training time:2.02s
[Yelp] Starting validation...
[Yelp] Elapsed validation time:2.36s
[Yelp] [Epoch=118] Train Loss=[QuantLoss=0.00041]Val loss = [QuantLoss=0.08425][QuantReg:0.00798]
[Yelp] Starting epoch 119...
[Yelp] Elapsed training time:2.02s
[Yelp] Starting validation...
[Yelp] Elapsed validation time:2.36s
[Yelp] [Epoch=119] Train Loss=[QuantLoss=0.00037]Val loss = [QuantLoss=0.08567][QuantReg:0.00796]
[Yelp] Starting epoch 120...
[Yelp] Elapsed training time:2.08s
[Yelp] Starting validation...
[Yelp] Elapsed validation time:2.55s
[Yelp] [Epoch=120] Train Loss=[QuantLoss=0.00043]Val loss = [QuantLoss=0.09215][QuantReg:0.00800]
[Yelp] Starting epoch 121...
[Yelp] Elapsed training time:2.02s
[Yelp] Starting validation...
[Yelp] Elapsed validation time:2.30s
[Yelp] [Epoch=121] Train Loss=[QuantLoss=0.00043]Val loss = [QuantLoss=0.08381][QuantReg:0.00800]
[Yelp] Starting epoch 122...
[Yelp] Elapsed training time:2.14s
[Yelp] Starting validation...
[Yelp] Elapsed validation time:2.29s
[Yelp] [Epoch=122] Train Loss=[QuantLoss=0.00035]Val loss = [QuantLoss=0.08572][QuantReg:0.00802]
[Yelp] Starting epoch 123...
[Yelp] Elapsed training time:1.97s
[Yelp] Starting validation...
[Yelp] Elapsed validation time:2.24s
[Yelp] [Epoch=123] Train Loss=[QuantLoss=0.00041]Val loss = [QuantLoss=0.08718][QuantReg:0.00796]
[Yelp] Starting epoch 124...
[Yelp] Elapsed training time:2.24s
[Yelp] Starting validation...
[Yelp] Elapsed validation time:2.57s
[Yelp] [Epoch=124] Train Loss=[QuantLoss=0.00034]Val loss = [QuantLoss=0.08074][QuantReg:0.00797][saved best model in this epoch]
[Yelp] Starting epoch 125...
[Yelp] Elapsed training time:2.00s
[Yelp] Starting validation...
[Yelp] Elapsed validation time:2.47s
[Yelp] [Epoch=125] Train Loss=[QuantLoss=0.00039]Val loss = [QuantLoss=0.08362][QuantReg:0.00795]
[Yelp] Starting epoch 126...
[Yelp] Elapsed training time:2.05s
[Yelp] Starting validation...
[Yelp] Elapsed validation time:2.47s
[Yelp] [Epoch=126] Train Loss=[QuantLoss=0.00042]Val loss = [QuantLoss=0.08381][QuantReg:0.00799]
[Yelp] Starting epoch 127...
[Yelp] Elapsed training time:2.00s
[Yelp] Starting validation...
[Yelp] Elapsed validation time:2.33s
[Yelp] [Epoch=127] Train Loss=[QuantLoss=0.00040]Val loss = [QuantLoss=0.08568][QuantReg:0.00794]
[Yelp] Starting epoch 128...
[Yelp] Elapsed training time:2.02s
[Yelp] Starting validation...
[Yelp] Elapsed validation time:2.35s
[Yelp] [Epoch=128] Train Loss=[QuantLoss=0.00042]Val loss = [QuantLoss=0.08410][QuantReg:0.00788]
[Yelp] Starting epoch 129...
[Yelp] Elapsed training time:2.17s
[Yelp] Starting validation...
[Yelp] Elapsed validation time:2.39s
[Yelp] [Epoch=129] Train Loss=[QuantLoss=0.00035]Val loss = [QuantLoss=0.08389][QuantReg:0.00797]
[Yelp] Starting epoch 130...
[Yelp] Elapsed training time:2.10s
[Yelp] Starting validation...
[Yelp] Elapsed validation time:2.31s
[Yelp] [Epoch=130] Train Loss=[QuantLoss=0.00037]Val loss = [QuantLoss=0.08722][QuantReg:0.00796]
[Yelp] Starting epoch 131...
[Yelp] Elapsed training time:2.12s
[Yelp] Starting validation...
[Yelp] Elapsed validation time:2.42s
[Yelp] [Epoch=131] Train Loss=[QuantLoss=0.00039]Val loss = [QuantLoss=0.08113][QuantReg:0.00794]
[Yelp] Starting epoch 132...
[Yelp] Elapsed training time:2.06s
[Yelp] Starting validation...
[Yelp] Elapsed validation time:2.42s
[Yelp] [Epoch=132] Train Loss=[QuantLoss=0.00044]Val loss = [QuantLoss=0.08443][QuantReg:0.00799]
[Yelp] Starting epoch 133...
[Yelp] Elapsed training time:2.15s
[Yelp] Starting validation...
[Yelp] Elapsed validation time:2.37s
[Yelp] [Epoch=133] Train Loss=[QuantLoss=0.00032]Val loss = [QuantLoss=0.08753][QuantReg:0.00797]
[Yelp] Starting epoch 134...
[Yelp] Elapsed training time:2.00s
[Yelp] Starting validation...
[Yelp] Elapsed validation time:2.37s
[Yelp] [Epoch=134] Train Loss=[QuantLoss=0.00039]Val loss = [QuantLoss=0.08176][QuantReg:0.00788]
[Yelp] Starting epoch 135...
[Yelp] Elapsed training time:2.10s
[Yelp] Starting validation...
[Yelp] Elapsed validation time:2.33s
[Yelp] [Epoch=135] Train Loss=[QuantLoss=0.00041]Val loss = [QuantLoss=0.08762][QuantReg:0.00795]
[Yelp] Starting epoch 136...
[Yelp] Elapsed training time:2.13s
[Yelp] Starting validation...
[Yelp] Elapsed validation time:2.36s
[Yelp] [Epoch=136] Train Loss=[QuantLoss=0.00039]Val loss = [QuantLoss=0.08344][QuantReg:0.00790]
[Yelp] Starting epoch 137...
[Yelp] Elapsed training time:2.03s
[Yelp] Starting validation...
[Yelp] Elapsed validation time:2.41s
[Yelp] [Epoch=137] Train Loss=[QuantLoss=0.00036]Val loss = [QuantLoss=0.08537][QuantReg:0.00794]
[Yelp] Starting epoch 138...
[Yelp] Elapsed training time:2.10s
[Yelp] Starting validation...
[Yelp] Elapsed validation time:2.49s
[Yelp] [Epoch=138] Train Loss=[QuantLoss=0.00043]Val loss = [QuantLoss=0.08388][QuantReg:0.00796]
[Yelp] Starting epoch 139...
[Yelp] Elapsed training time:2.15s
[Yelp] Starting validation...
[Yelp] Elapsed validation time:2.37s
[Yelp] [Epoch=139] Train Loss=[QuantLoss=0.00043]Val loss = [QuantLoss=0.07987][QuantReg:0.00791][saved best model in this epoch]
[Yelp] Starting epoch 140...
[Yelp] Elapsed training time:2.05s
[Yelp] Starting validation...
[Yelp] Elapsed validation time:2.31s
[Yelp] [Epoch=140] Train Loss=[QuantLoss=0.00039]Val loss = [QuantLoss=0.08430][QuantReg:0.00788]
[Yelp] Starting epoch 141...
[Yelp] Elapsed training time:2.18s
[Yelp] Starting validation...
[Yelp] Elapsed validation time:2.28s
[Yelp] [Epoch=141] Train Loss=[QuantLoss=0.00038]Val loss = [QuantLoss=0.07937][QuantReg:0.00790][saved best model in this epoch]
[Yelp] Starting epoch 142...
[Yelp] Elapsed training time:1.99s
[Yelp] Starting validation...
[Yelp] Elapsed validation time:2.52s
[Yelp] [Epoch=142] Train Loss=[QuantLoss=0.00035]Val loss = [QuantLoss=0.07811][QuantReg:0.00791][saved best model in this epoch]
[Yelp] Starting epoch 143...
[Yelp] Elapsed training time:2.10s
[Yelp] Starting validation...
[Yelp] Elapsed validation time:2.34s
[Yelp] [Epoch=143] Train Loss=[QuantLoss=0.00033]Val loss = [QuantLoss=0.08361][QuantReg:0.00799]
[Yelp] Starting epoch 144...
[Yelp] Elapsed training time:2.01s
[Yelp] Starting validation...
[Yelp] Elapsed validation time:2.28s
[Yelp] [Epoch=144] Train Loss=[QuantLoss=0.00041]Val loss = [QuantLoss=0.08494][QuantReg:0.00796]
[Yelp] Starting epoch 145...
[Yelp] Elapsed training time:1.99s
[Yelp] Starting validation...
[Yelp] Elapsed validation time:2.38s
[Yelp] [Epoch=145] Train Loss=[QuantLoss=0.00041]Val loss = [QuantLoss=0.08396][QuantReg:0.00789]
[Yelp] Starting epoch 146...
[Yelp] Elapsed training time:2.04s
[Yelp] Starting validation...
[Yelp] Elapsed validation time:2.51s
[Yelp] [Epoch=146] Train Loss=[QuantLoss=0.00034]Val loss = [QuantLoss=0.07635][QuantReg:0.00791][saved best model in this epoch]
[Yelp] Starting epoch 147...
[Yelp] Elapsed training time:2.35s
[Yelp] Starting validation...
[Yelp] Elapsed validation time:2.32s
[Yelp] [Epoch=147] Train Loss=[QuantLoss=0.00042]Val loss = [QuantLoss=0.08142][QuantReg:0.00793]
[Yelp] Starting epoch 148...
[Yelp] Elapsed training time:2.09s
[Yelp] Starting validation...
[Yelp] Elapsed validation time:2.36s
[Yelp] [Epoch=148] Train Loss=[QuantLoss=0.00042]Val loss = [QuantLoss=0.08244][QuantReg:0.00798]
[Yelp] Starting epoch 149...
[Yelp] Elapsed training time:2.04s
[Yelp] Starting validation...
[Yelp] Elapsed validation time:2.41s
[Yelp] [Epoch=149] Train Loss=[QuantLoss=0.00035]Val loss = [QuantLoss=0.08368][QuantReg:0.00793]
[Yelp] Starting epoch 150...
[Yelp] Elapsed training time:2.04s
[Yelp] Starting validation...
[Yelp] Elapsed validation time:2.36s
[Yelp] [Epoch=150] Train Loss=[QuantLoss=0.00040]Val loss = [QuantLoss=0.08179][QuantReg:0.00795]
[Yelp] Starting epoch 151...
[Yelp] Elapsed training time:2.26s
[Yelp] Starting validation...
[Yelp] Elapsed validation time:2.39s
[Yelp] [Epoch=151] Train Loss=[QuantLoss=0.00038]Val loss = [QuantLoss=0.07649][QuantReg:0.00793]
[Yelp] Starting epoch 152...
[Yelp] Elapsed training time:2.11s
[Yelp] Starting validation...
[Yelp] Elapsed validation time:2.33s
[Yelp] [Epoch=152] Train Loss=[QuantLoss=0.00040]Val loss = [QuantLoss=0.08631][QuantReg:0.00796]
[Yelp] Starting epoch 153...
[Yelp] Elapsed training time:2.10s
[Yelp] Starting validation...
[Yelp] Elapsed validation time:2.54s
[Yelp] [Epoch=153] Train Loss=[QuantLoss=0.00038]Val loss = [QuantLoss=0.08232][QuantReg:0.00794]
[Yelp] Starting epoch 154...
[Yelp] Elapsed training time:2.08s
[Yelp] Starting validation...
[Yelp] Elapsed validation time:2.26s
[Yelp] [Epoch=154] Train Loss=[QuantLoss=0.00042]Val loss = [QuantLoss=0.08056][QuantReg:0.00795]
[Yelp] Starting epoch 155...
[Yelp] Elapsed training time:2.01s
[Yelp] Starting validation...
[Yelp] Elapsed validation time:2.48s
[Yelp] [Epoch=155] Train Loss=[QuantLoss=0.00042]Val loss = [QuantLoss=0.08872][QuantReg:0.00798]
[Yelp] Starting epoch 156...
[Yelp] Elapsed training time:2.15s
[Yelp] Starting validation...
[Yelp] Elapsed validation time:2.48s
[Yelp] [Epoch=156] Train Loss=[QuantLoss=0.00037]Val loss = [QuantLoss=0.07777][QuantReg:0.00796]
[Yelp] Starting epoch 157...
[Yelp] Elapsed training time:2.02s
[Yelp] Starting validation...
[Yelp] Elapsed validation time:2.47s
[Yelp] [Epoch=157] Train Loss=[QuantLoss=0.00039]Val loss = [QuantLoss=0.07886][QuantReg:0.00797]
[Yelp] Starting epoch 158...
[Yelp] Elapsed training time:2.18s
[Yelp] Starting validation...
[Yelp] Elapsed validation time:2.48s
[Yelp] [Epoch=158] Train Loss=[QuantLoss=0.00037]Val loss = [QuantLoss=0.08516][QuantReg:0.00800]
[Yelp] Starting epoch 159...
[Yelp] Elapsed training time:2.02s
[Yelp] Starting validation...
[Yelp] Elapsed validation time:2.39s
[Yelp] [Epoch=159] Train Loss=[QuantLoss=0.00040]Val loss = [QuantLoss=0.08067][QuantReg:0.00798]
[Yelp] Starting epoch 160...
[Yelp] Elapsed training time:2.08s
[Yelp] Starting validation...
[Yelp] Elapsed validation time:2.25s
[Yelp] [Epoch=160] Train Loss=[QuantLoss=0.00041]Val loss = [QuantLoss=0.08427][QuantReg:0.00798]
[Yelp] Starting epoch 161...
[Yelp] Elapsed training time:2.11s
[Yelp] Starting validation...
[Yelp] Elapsed validation time:2.41s
[Yelp] [Epoch=161] Train Loss=[QuantLoss=0.00041]Val loss = [QuantLoss=0.08388][QuantReg:0.00797]
[Yelp] Starting epoch 162...
[Yelp] Elapsed training time:2.14s
[Yelp] Starting validation...
[Yelp] Elapsed validation time:2.38s
[Yelp] [Epoch=162] Train Loss=[QuantLoss=0.00036]Val loss = [QuantLoss=0.08138][QuantReg:0.00794]
[Yelp] Starting epoch 163...
[Yelp] Elapsed training time:2.05s
[Yelp] Starting validation...
[Yelp] Elapsed validation time:2.39s
[Yelp] [Epoch=163] Train Loss=[QuantLoss=0.00039]Val loss = [QuantLoss=0.07781][QuantReg:0.00797]
[Yelp] Starting epoch 164...
[Yelp] Elapsed training time:2.12s
[Yelp] Starting validation...
[Yelp] Elapsed validation time:2.34s
[Yelp] [Epoch=164] Train Loss=[QuantLoss=0.00036]Val loss = [QuantLoss=0.08379][QuantReg:0.00796]
[Yelp] Starting epoch 165...
[Yelp] Elapsed training time:2.10s
[Yelp] Starting validation...
[Yelp] Elapsed validation time:2.37s
[Yelp] [Epoch=165] Train Loss=[QuantLoss=0.00038]Val loss = [QuantLoss=0.07699][QuantReg:0.00796]
[Yelp] Starting epoch 166...
[Yelp] Elapsed training time:2.10s
[Yelp] Starting validation...
[Yelp] Elapsed validation time:2.45s
[Yelp] [Epoch=166] Train Loss=[QuantLoss=0.00039]Val loss = [QuantLoss=0.08103][QuantReg:0.00796]
[Yelp] Starting epoch 167...
[Yelp] Elapsed training time:2.09s
[Yelp] Starting validation...
[Yelp] Elapsed validation time:2.35s
[Yelp] [Epoch=167] Train Loss=[QuantLoss=0.00036]Val loss = [QuantLoss=0.08066][QuantReg:0.00794]
[Yelp] Early stopping in epoch 167!
[Yelp] Restoring best model...
MAE médio: 0.1070 ± 0.0627
